config utility/config-test.py
output_files_path https://raw.githubusercontent.com/OpenITI
corpus_path ../../OpenITI/Github_clone
exclude ['OpenITI.github.io', 'Annotation', 'maintenance', 'i.mech00', 'i.mech01', 'i.mech02', 'i.mech03', 'i.mech04', 'i.mech05', 'i.mech06', 'i.mech07', 'i.mech08', 'i.mech09', 'i.logic', 'i.cex', 'i.cex_Temp', 'i.mech', 'i.mech_Temp', '.git']
data_in_25_year_repos True
perform_yml_check False
check_token_counts True
incl_char_length True
output_path ./output/
meta_tsv_fp ./output/OpenITI_Github_clone_metadata_light.csv
meta_yml_fp ./output/OpenITI_Github_clone_metadata_complete.yml
meta_json_fp ./output/OpenITI_Github_clone_metadata_light.json
meta_header_fp ./output/OpenITI_Github_clone_header_metadata.json
silent True
data_in_25_year_repos True
flat_folder False
output_files_path https://raw.githubusercontent.com/OpenITI
================================================================================
Collecting metadata...
collecting metadata from OpenITI...
al-Qurān
al-Muṣḥaf
al-Qurān
al-Muṣḥaf
al-Qurān
al-Muṣḥaf
al-Risālaŧ al-Saǧǧādiyyaŧ
al-Risālaŧ al-Saǧǧādiyyaŧ
al-Risālaŧ al-Saǧǧādiyyaŧ
Faḍāʾil Makkaŧ

Ḥasān ål-Baṣrī
 Abū Saʿīd ål-Ḥasān b. Yasār al-Baṣrī
Faḍāʾil Makkaŧ

Ḥasān ål-Baṣrī
 Abū Saʿīd ål-Ḥasān b. Yasār al-Baṣrī
Faḍāʾil Makkaŧ

Ḥasān ål-Baṣrī
 Abū Saʿīd ål-Ḥasān b. Yasār al-Baṣrī
Ḥasān ål-Baṣrī
 Abū Saʿīd ål-Ḥasān b. Yasār al-Baṣrī
al-Fiqh al-Absaṭ

Abū Ḥanīfaŧ
 Abū Ḥanīfaŧ al-Nuʿmān b. Ṯābit b. Zūṭā al-Fārisī
al-Fiqh al-Absaṭ

Abū Ḥanīfaŧ
 Abū Ḥanīfaŧ al-Nuʿmān b. Ṯābit b. Zūṭā al-Fārisī
al-Fiqh al-Akbar

Abū Ḥanīfaŧ
 Abū Ḥanīfaŧ al-Nuʿmān b. Ṯābit b. Zūṭā al-Fārisī
al-Fiqh al-Akbar

Abū Ḥanīfaŧ
 Abū Ḥanīfaŧ al-Nuʿmān b. Ṯābit b. Zūṭā al-Fārisī
Abū Ḥanīfaŧ
 Abū Ḥanīfaŧ al-Nuʿmān b. Ṯābit b. Zūṭā al-Fārisī
Abū Ḥanīfaŧ
 Abū Ḥanīfaŧ al-Nuʿmān b. Ṯābit b. Zūṭā al-Fārisī
Sīraŧ  åbn Isḥāq

åbn Isḥāq
  Muḥammad åbn Isḥāq åbn Yasār åbn ḫiyār 
Sīraŧ  åbn Isḥāq

åbn Isḥāq
  Muḥammad åbn Isḥāq åbn Yasār åbn ḫiyār 
Sīraŧ  åbn Isḥāq

åbn Isḥāq
  Muḥammad åbn Isḥāq åbn Yasār åbn ḫiyār 
Sīraŧ  åbn Isḥāq

åbn Isḥāq
  Muḥammad åbn Isḥāq åbn Yasār åbn ḫiyār 
Kitāb Sībawayhi
Sībawayhi
 Abū Bišr ʿAmr b. ʿUṯmān b. Qanbar 
Kitāb Sībawayhi
Sībawayhi
 Abū Bišr ʿAmr b. ʿUṯmān b. Qanbar 
Kitāb al-āṯār

Abū Yūsuf
 Abū Yūsuf Yaʿqūb b. Ibrāhīm al-Anṣārī al-Kūfī
Kitāb al-āṯār

Abū Yūsuf
 Abū Yūsuf Yaʿqūb b. Ibrāhīm al-Anṣārī al-Kūfī
Iḫtilāf Abī Ḥanīfaŧ wa ibn Abī laylá

Abū Yūsuf
 Abū Yūsuf Yaʿqūb b. Ibrāhīm al-Anṣārī al-Kūfī
Abū Yūsuf
 Abū Yūsuf Yaʿqūb b. Ibrāhīm al-Anṣārī al-Kūfī
Abū Yūsuf
 Abū Yūsuf Yaʿqūb b. Ibrāhīm al-Anṣārī al-Kūfī
al-Radd ʿalá siyar al-Awzāʿī

Abū Yūsuf
 Abū Yūsuf Yaʿqūb b. Ibrāhīm al-Anṣārī al-Kūfī
al-Radd ʿalá siyar al-Awzāʿī

Abū Yūsuf
 Abū Yūsuf Yaʿqūb b. Ibrāhīm al-Anṣārī al-Kūfī
al-Šaybānī
 Abū ʿAbd Al-lãh Muḥammad b. al-Ḥasan al-Šaybānī
al-Šaybānī
 Abū ʿAbd Al-lãh Muḥammad b. al-Ḥasan al-Šaybānī
al-Šaybānī
 Abū ʿAbd Al-lãh Muḥammad b. al-Ḥasan al-Šaybānī
al-Šaybānī
 Abū ʿAbd Al-lãh Muḥammad b. al-Ḥasan al-Šaybānī
al-Šaybānī
 Abū ʿAbd Al-lãh Muḥammad b. al-Ḥasan al-Šaybānī
al-Ḥuǧǧaŧ ʿalá ahl al-Madīnaŧ

al-Šaybānī
 Abū ʿAbd Al-lãh Muḥammad b. al-Ḥasan al-Šaybānī
al-Ḥuǧǧaŧ ʿalá ahl al-Madīnaŧ

al-Šaybānī
 Abū ʿAbd Al-lãh Muḥammad b. al-Ḥasan al-Šaybānī
al-Ǧāmiʿ al-ṣaġīr

al-Šaybānī
 Abū ʿAbd Al-lãh Muḥammad b. al-Ḥasan al-Šaybānī
al-Ǧāmiʿ al-ṣaġīr

al-Šaybānī
 Abū ʿAbd Al-lãh Muḥammad b. al-Ḥasan al-Šaybānī
al-Šaybānī
 Abū ʿAbd Al-lãh Muḥammad b. al-Ḥasan al-Šaybānī
al-Šaybānī
 Abū ʿAbd Al-lãh Muḥammad b. al-Ḥasan al-Šaybānī
al-Šaybānī
 Abū ʿAbd Al-lãh Muḥammad b. al-Ḥasan al-Šaybānī
al-Šaybānī
 Abū ʿAbd Al-lãh Muḥammad b. al-Ḥasan al-Šaybānī
al-Šaybānī
 Abū ʿAbd Al-lãh Muḥammad b. al-Ḥasan al-Šaybānī
al-Šaybānī
 Abū ʿAbd Al-lãh Muḥammad b. al-Ḥasan al-Šaybānī
ḥaḏf min nasab qurayš
nasab qurayš
ḥaḏf min nasab qurayš
nasab qurayš
Kitāb al-Fuṣūl li-Abuqrāṭ al-latī tusammá al-taʿlīmāt

Yaḥyá b. al-Biṭrīq
  Yaḥyá b. al-Biṭrīq 
Kitāb al-Ġiḏāʾ li-Abuqrāṭ

Yaḥyá b. al-Biṭrīq
  Yaḥyá b. al-Biṭrīq 
Kitāb Sirr al-Asrār
Kitāb al-Siyāsaŧ fī tadbīr al-riyāsaŧ
Yaḥyá b. al-Biṭrīq
  Yaḥyá b. al-Biṭrīq 
Mā istaḫraǧahu al-Iskandar al-Afrūdīsī min Kitāb¶    Arisṭūṭālīs¶    al-musammá Ṯūlūǧiyā wa-maʿnāhu al-kalām fī al-rubūbiyyaŧ
Qawl istaḫraǧahu al-Iskandar min Kitāb Ṯālūǧiyā ayy¶    al-rubūbiyyaŧ
Yaḥyá b. al-Biṭrīq
  Yaḥyá b. al-Biṭrīq 
ansāb al-ḫayl fī al-ǧāhiliyyŧ wa-al-islām wa-aḫbarihā
ansāb al-ḫayl
Ibn al-kalbī
 Abū al-munḏir Hišām b. muḥammad abī al-naḍir b. al-sāʾib b. bašar al-kalbī
ansāb al-ḫayl fī al-ǧāhiliyyŧ wa-al-islām wa-aḫbarihā
ansāb al-ḫayl
Ibn al-kalbī
 Abū al-munḏir Hišām b. muḥammad abī al-naḍir b. al-sāʾib b. bašar al-kalbī
ansāb al-ḫayl fī al-ǧāhiliyyŧ wa-al-islām wa-aḫbarihā
ansāb al-ḫayl
Ibn al-kalbī
 Abū al-munḏir Hišām b. muḥammad abī al-naḍir b. al-sāʾib b. bašar al-kalbī
Ibn al-kalbī
 Abū al-munḏir Hišām b. muḥammad abī al-naḍir b. al-sāʾib b. bašar al-kalbī
Ibn al-kalbī
 Abū al-munḏir Hišām b. muḥammad abī al-naḍir b. al-sāʾib b. bašar al-kalbī
Ibn al-kalbī
 Abū al-munḏir Hišām b. muḥammad abī al-naḍir b. al-sāʾib b. bašar al-kalbī
Ibn al-kalbī
 Abū al-munḏir Hišām b. muḥammad abī al-naḍir b. al-sāʾib b. bašar al-kalbī
Ibn al-kalbī
 Abū al-munḏir Hišām b. muḥammad abī al-naḍir b. al-sāʾib b. bašar al-kalbī
Ibn al-kalbī
 Abū al-munḏir Hišām b. muḥammad abī al-naḍir b. al-sāʾib b. bašar al-kalbī
al-Wāqidī
  Muḥammad b. ʿAmr b. Wāqid al-Sahmī al-Islāmī
al-Wāqidī
  Muḥammad b. ʿAmr b. Wāqid al-Sahmī al-Islāmī
al-Wāqidī
  Muḥammad b. ʿAmr b. Wāqid al-Sahmī al-Islāmī
al-Maġāzi

al-Wāqidī
  Muḥammad b. ʿAmr b. Wāqid al-Sahmī al-Islāmī
al-Maġāzi

al-Wāqidī
  Muḥammad b. ʿAmr b. Wāqid al-Sahmī al-Islāmī
al-Maġāzi

al-Wāqidī
  Muḥammad b. ʿAmr b. Wāqid al-Sahmī al-Islāmī
kitāb al-riddŧ
al-riddŧ
al-Wāqidī
  Muḥammad b. ʿAmr b. Wāqid al-Sahmī al-Islāmī
Kitāb al-dībāǧ
al-dībāǧ
Abū ʿUbaydŧ
 Abū ʿUbaydŧ Muʿamar b. al-Muṯanná 
Kitāb al-dībāǧ
al-dībāǧ
Abū ʿUbaydŧ
 Abū ʿUbaydŧ Muʿamar b. al-Muṯanná 
Kitāb al-ḫayl
al-ḫayl
Abū ʿUbaydŧ
 Abū ʿUbaydŧ Muʿamar b. al-Muṯanná 
Kitāb al-ḫayl
al-ḫayl
Abū ʿUbaydŧ
 Abū ʿUbaydŧ Muʿamar b. al-Muṯanná 
Abū ʿUbaydŧ
 Abū ʿUbaydŧ Muʿamar b. al-Muṯanná 
Abū ʿUbaydŧ
 Abū ʿUbaydŧ Muʿamar b. al-Muṯanná 
Abū ʿUbaydŧ
 Abū ʿUbaydŧ Muʿamar b. al-Muṯanná 
Aḫbār ʿUbayd b. Šaryaŧ al-Ǧuhrumī fī aḫbār al-Yaman wa-ašʿārhā wa-ansābhā
Ibn Hišām
Ǧamāl al-dīn Abū Muḥammad ʿAbd al-Malik b. Hišām b. Ayyūb al-ḥimyarī, al-Maʿāfirī
Ibn Hišām
Ǧamāl al-dīn Abū Muḥammad ʿAbd al-Malik b. Hišām b. Ayyūb al-ḥimyarī, al-Maʿāfirī
Ibn Hišām
Ǧamāl al-dīn Abū Muḥammad ʿAbd al-Malik b. Hišām b. Ayyūb al-ḥimyarī, al-Maʿāfirī
Ibn Hišām
Ǧamāl al-dīn Abū Muḥammad ʿAbd al-Malik b. Hišām b. Ayyūb al-ḥimyarī, al-Maʿāfirī
Ibn Hišām
Ǧamāl al-dīn Abū Muḥammad ʿAbd al-Malik b. Hišām b. Ayyūb al-ḥimyarī, al-Maʿāfirī
Ibn Hišām
Ǧamāl al-dīn Abū Muḥammad ʿAbd al-Malik b. Hišām b. Ayyūb al-ḥimyarī, al-Maʿāfirī
Ibn Hišām
Ǧamāl al-dīn Abū Muḥammad ʿAbd al-Malik b. Hišām b. Ayyūb al-ḥimyarī, al-Maʿāfirī
al-Tīǧān fī mulūk Ḥimyar
Ibn Hišām
Ǧamāl al-dīn Abū Muḥammad ʿAbd al-Malik b. Hišām b. Ayyūb al-ḥimyarī, al-Maʿāfirī
Ibn ʿabd al-ḥakam al-Miṣrī
 abū muḥammad ʿabd allāh b. ʿabd al-ḥakam al-Miṣrī
sīrŧ ʿumar b. ʿabd al-ʿazīz ʿalá mā rawāh al-imām¶    mālik b. anas wa-aṣḥābuh
sīrŧ ʿumar b. ʿabd al-ʿazīz
Ibn ʿabd al-ḥakam al-Miṣrī
 abū muḥammad ʿabd allāh b. ʿabd al-ḥakam al-Miṣrī
sīrŧ ʿumar b. ʿabd al-ʿazīz ʿalá mā rawāh al-imām¶    mālik b. anas wa-aṣḥābuh
sīrŧ ʿumar b. ʿabd al-ʿazīz
Ibn ʿabd al-ḥakam al-Miṣrī
 abū muḥammad ʿabd allāh b. ʿabd al-ḥakam al-Miṣrī
al-Aṣmaʿiyyāt
al-Aṣmaʿī
 Abū Saʿīd ʿAbd al-malik b. Qurayb b. ʿAlī b. Aṣmaʿ al-Bāhilī
al-Aṣmaʿiyyāt
al-Aṣmaʿī
 Abū Saʿīd ʿAbd al-malik b. Qurayb b. ʿAlī b. Aṣmaʿ al-Bāhilī
al-Aṣmaʿī
 Abū Saʿīd ʿAbd al-malik b. Qurayb b. ʿAlī b. Aṣmaʿ al-Bāhilī
al-Aṣmaʿī
 Abū Saʿīd ʿAbd al-malik b. Qurayb b. ʿAlī b. Aṣmaʿ al-Bāhilī
al-Aṣmaʿī
 Abū Saʿīd ʿAbd al-malik b. Qurayb b. ʿAlī b. Aṣmaʿ al-Bāhilī
al-Aṣmaʿī
 Abū Saʿīd ʿAbd al-malik b. Qurayb b. ʿAlī b. Aṣmaʿ al-Bāhilī
al-Ḫayl
al-Aṣmaʿī
 Abū Saʿīd ʿAbd al-malik b. Qurayb b. ʿAlī b. Aṣmaʿ al-Bāhilī
al-Aṣmaʿī
 Abū Saʿīd ʿAbd al-malik b. Qurayb b. ʿAlī b. Aṣmaʿ al-Bāhilī
al-Aṣmaʿī
 Abū Saʿīd ʿAbd al-malik b. Qurayb b. ʿAlī b. Aṣmaʿ al-Bāhilī
Īḍāḥ li-Arisṭūṭālīs fī al-ḫayr al-maḥḍ

(muʾallif maǧhūl)
    
al-Adab al-ṣaġīr
ṭabaqāt fuḥūl al-šuʿarāʾ

Ibn salām al-ǧumḥī
  muḥammad b. sallām al-ǧumḥī
ṭabaqāt fuḥūl al-šuʿarāʾ

Ibn salām al-ǧumḥī
  muḥammad b. sallām al-ǧumḥī
Kitāb adab al-nisāʾ
Kitāb al-ġāyaŧ wa al-nihāyaŧ
Ibn Ḥabīb, al-Qurṭubī
 Abū Marwān ʿAbd al-Malik b. Ḥabīb b. Ḥabīb b. Sulaymān b. Hārūn al-Sulamī, al-Ilbīrī, al-Qurṭubī
Ibn Ḥabīb, al-Qurṭubī
 Abū Marwān ʿAbd al-Malik b. Ḥabīb b. Ḥabīb b. Sulaymān b. Hārūn al-Sulamī, al-Ilbīrī, al-Qurṭubī
Ibn Ḥabīb, al-Qurṭubī
 Abū Marwān ʿAbd al-Malik b. Ḥabīb b. Ḥabīb b. Sulaymān b. Hārūn al-Sulamī, al-Ilbīrī, al-Qurṭubī
Ibn Ḥabīb, al-Qurṭubī
 Abū Marwān ʿAbd al-Malik b. Ḥabīb b. Ḥabīb b. Sulaymān b. Hārūn al-Sulamī, al-Ilbīrī, al-Qurṭubī
Ibn Ḥabīb, al-Qurṭubī
 Abū Marwān ʿAbd al-Malik b. Ḥabīb b. Ḥabīb b. Sulaymān b. Hārūn al-Sulamī, al-Ilbīrī, al-Qurṭubī
Ibn Ḥabīb, al-Qurṭubī
 Abū Marwān ʿAbd al-Malik b. Ḥabīb b. Ḥabīb b. Sulaymān b. Hārūn al-Sulamī, al-Ilbīrī, al-Qurṭubī
Ibn Ḥabīb, al-Qurṭubī
 Abū Marwān ʿAbd al-Malik b. Ḥabīb b. Ḥabīb b. Sulaymān b. Hārūn al-Sulamī, al-Ilbīrī, al-Qurṭubī
aḥkam al-nisāʾ

aḥmad b. ḥanbal
 Abū ʿabd allāh Aḥmad b. muḥammad b. ḥanbal al-šaybānī
al-Asāmī wa-l-kuná
aḥmad b. ḥanbal
 Abū ʿabd allāh Aḥmad b. muḥammad b. ḥanbal al-šaybānī
al-Asāmī wa-l-kuná
aḥmad b. ḥanbal
 Abū ʿabd allāh Aḥmad b. muḥammad b. ḥanbal al-šaybānī
al-Ašribaŧ
aḥmad b. ḥanbal
 Abū ʿabd allāh Aḥmad b. muḥammad b. ḥanbal al-šaybānī
al-Ašribaŧ
aḥmad b. ḥanbal
 Abū ʿabd allāh Aḥmad b. muḥammad b. ḥanbal al-šaybānī
al-Ašribaŧ
aḥmad b. ḥanbal
 Abū ʿabd allāh Aḥmad b. muḥammad b. ḥanbal al-šaybānī
aḥmad b. ḥanbal
 Abū ʿabd allāh Aḥmad b. muḥammad b. ḥanbal al-šaybānī
aḥmad b. ḥanbal
 Abū ʿabd allāh Aḥmad b. muḥammad b. ḥanbal al-šaybānī
al-ʿIlal wa maʿrifaŧ al-riǧāl
aḥmad b. ḥanbal
 Abū ʿabd allāh Aḥmad b. muḥammad b. ḥanbal al-šaybānī
al-ʿIlal wa maʿrifaŧ al-riǧāl
aḥmad b. ḥanbal
 Abū ʿabd allāh Aḥmad b. muḥammad b. ḥanbal al-šaybānī
al-ʿIlal wa maʿrifaŧ al-riǧāl
aḥmad b. ḥanbal
 Abū ʿabd allāh Aḥmad b. muḥammad b. ḥanbal al-šaybānī
al-ʿIlal wa maʿrifaŧ al-riǧāl
aḥmad b. ḥanbal
 Abū ʿabd allāh Aḥmad b. muḥammad b. ḥanbal al-šaybānī
faḍāʾil al-saḥabŧ

aḥmad b. ḥanbal
 Abū ʿabd allāh Aḥmad b. muḥammad b. ḥanbal al-šaybānī
faḍāʾil al-saḥabŧ

aḥmad b. ḥanbal
 Abū ʿabd allāh Aḥmad b. muḥammad b. ḥanbal al-šaybānī
Min kalām al-imām ʿAbd Allāh Aḥmad b. Ḥanbal fī ʿilal¶    al-ḥadīṯ wa-maʿrifŧ al-riǧāl

aḥmad b. ḥanbal
 Abū ʿabd allāh Aḥmad b. muḥammad b. ḥanbal al-šaybānī
Min kalām al-imām ʿAbd Allāh Aḥmad b. Ḥanbal fī ʿilal¶    al-ḥadīṯ wa-maʿrifŧ al-riǧāl

aḥmad b. ḥanbal
 Abū ʿabd allāh Aḥmad b. muḥammad b. ḥanbal al-šaybānī
Min kalām al-imām ʿAbd Allāh Aḥmad b. Ḥanbal fī ʿilal¶    al-ḥadīṯ wa-maʿrifŧ al-riǧāl

aḥmad b. ḥanbal
 Abū ʿabd allāh Aḥmad b. muḥammad b. ḥanbal al-šaybānī
masāʾil al-imām aḥmad b. ḥanbal riwāyaŧ ibnih ʿabd¶    allāh b. aḥmad
masāʾil al-imām aḥmad b. ḥanbal
aḥmad b. ḥanbal
 Abū ʿabd allāh Aḥmad b. muḥammad b. ḥanbal al-šaybānī
masāʾil al-imām aḥmad b. ḥanbal riwāyaŧ ibnih ʿabd¶    allāh b. aḥmad
masāʾil al-imām aḥmad b. ḥanbal
aḥmad b. ḥanbal
 Abū ʿabd allāh Aḥmad b. muḥammad b. ḥanbal al-šaybānī
aḥmad b. ḥanbal
 Abū ʿabd allāh Aḥmad b. muḥammad b. ḥanbal al-šaybānī
masāʾil al-imām aḥmad b. ḥanbal riwāyaŧ ibn abī al-¶    fuḍl ṣāliḥ
masāʾil rawāyaŧ ṣāliḥ
aḥmad b. ḥanbal
 Abū ʿabd allāh Aḥmad b. muḥammad b. ḥanbal al-šaybānī
masāʾil al-imām aḥmad b. ḥanbal riwāyaŧ ibn abī al-¶    fuḍl ṣāliḥ
masāʾil rawāyaŧ ṣāliḥ
aḥmad b. ḥanbal
 Abū ʿabd allāh Aḥmad b. muḥammad b. ḥanbal al-šaybānī
masāʾil al-imām aḥmad b. ḥanbal riwāyaŧ ibn abī al-¶    fuḍl ṣāliḥ
masāʾil rawāyaŧ ṣāliḥ
aḥmad b. ḥanbal
 Abū ʿabd allāh Aḥmad b. muḥammad b. ḥanbal al-šaybānī
suʾalāt abī bakr al-aṯram

aḥmad b. ḥanbal
 Abū ʿabd allāh Aḥmad b. muḥammad b. ḥanbal al-šaybānī
Musnad
aḥmad b. ḥanbal
 Abū ʿabd allāh Aḥmad b. muḥammad b. ḥanbal al-šaybānī
Musnad
aḥmad b. ḥanbal
 Abū ʿabd allāh Aḥmad b. muḥammad b. ḥanbal al-šaybānī
Musnad
aḥmad b. ḥanbal
 Abū ʿabd allāh Aḥmad b. muḥammad b. ḥanbal al-šaybānī
Musnad
aḥmad b. ḥanbal
 Abū ʿabd allāh Aḥmad b. muḥammad b. ḥanbal al-šaybānī
Musnad
aḥmad b. ḥanbal
 Abū ʿabd allāh Aḥmad b. muḥammad b. ḥanbal al-šaybānī
Musnad
aḥmad b. ḥanbal
 Abū ʿabd allāh Aḥmad b. muḥammad b. ḥanbal al-šaybānī
Musnad
aḥmad b. ḥanbal
 Abū ʿabd allāh Aḥmad b. muḥammad b. ḥanbal al-šaybānī
Musnad
aḥmad b. ḥanbal
 Abū ʿabd allāh Aḥmad b. muḥammad b. ḥanbal al-šaybānī
aḥmad b. ḥanbal
 Abū ʿabd allāh Aḥmad b. muḥammad b. ḥanbal al-šaybānī
aḥmad b. ḥanbal
 Abū ʿabd allāh Aḥmad b. muḥammad b. ḥanbal al-šaybānī
aḥmad b. ḥanbal
 Abū ʿabd allāh Aḥmad b. muḥammad b. ḥanbal al-šaybānī
suʾalāt abī dāwud li-l-imām aḥmad b. ḥanbal
suʾalāt abī dāwud
aḥmad b. ḥanbal
 Abū ʿabd allāh Aḥmad b. muḥammad b. ḥanbal al-šaybānī
suʾalāt abī dāwud li-l-imām aḥmad b. ḥanbal
suʾalāt abī dāwud
aḥmad b. ḥanbal
 Abū ʿabd allāh Aḥmad b. muḥammad b. ḥanbal al-šaybānī
aḥmad b. ḥanbal
 Abū ʿabd allāh Aḥmad b. muḥammad b. ḥanbal al-šaybānī
aḥmad b. ḥanbal
 Abū ʿabd allāh Aḥmad b. muḥammad b. ḥanbal al-šaybānī
Kitāb al-waraʿ
al-waraʿ
aḥmad b. ḥanbal
 Abū ʿabd allāh Aḥmad b. muḥammad b. ḥanbal al-šaybānī
Kitāb al-waraʿ
al-waraʿ
aḥmad b. ḥanbal
 Abū ʿabd allāh Aḥmad b. muḥammad b. ḥanbal al-šaybānī
Kitāb al-waraʿ
al-waraʿ
aḥmad b. ḥanbal
 Abū ʿabd allāh Aḥmad b. muḥammad b. ḥanbal al-šaybānī
al-Zuhd
aḥmad b. ḥanbal
 Abū ʿabd allāh Aḥmad b. muḥammad b. ḥanbal al-šaybānī
al-Zuhd
aḥmad b. ḥanbal
 Abū ʿabd allāh Aḥmad b. muḥammad b. ḥanbal al-šaybānī
al-Zuhd
aḥmad b. ḥanbal
 Abū ʿabd allāh Aḥmad b. muḥammad b. ḥanbal al-šaybānī
Māʾiyyaŧ al-ʿaql wa-maʿnāhu wa-iḫtilāf al-nās fīhi
Māhiyyaŧ al-ʿaql wa-maʿnāhu wa-iḫtilāf al-nās fīhi
Māʾiyyaŧ al-ʿaql wa-maʿnāhu wa-iḫtilāf al-nās fīhi
Māhiyyaŧ al-ʿaql wa-maʿnāhu wa-iḫtilāf al-nās fīhi
Ḫalq al-insān fī al-luġaŧ

Muḥammad  b. Ḥabīb
 Abū Ǧaʿfar Muḥammad b. Ḥabīb b. Umayyaŧ b. ʿAmrů al-Hāšimī, al-Baġdādī
Muḥammad  b. Ḥabīb
 Abū Ǧaʿfar Muḥammad b. Ḥabīb b. Umayyaŧ b. ʿAmrů al-Hāšimī, al-Baġdādī
kitāb al-muḥabbar
al-muḥabbar
Muḥammad  b. Ḥabīb
 Abū Ǧaʿfar Muḥammad b. Ḥabīb b. Umayyaŧ b. ʿAmrů al-Hāšimī, al-Baġdādī
kitāb al-muḥabbar
al-muḥabbar
Muḥammad  b. Ḥabīb
 Abū Ǧaʿfar Muḥammad b. Ḥabīb b. Umayyaŧ b. ʿAmrů al-Hāšimī, al-Baġdādī
kitāb al-muḥabbar
al-muḥabbar
Muḥammad  b. Ḥabīb
 Abū Ǧaʿfar Muḥammad b. Ḥabīb b. Umayyaŧ b. ʿAmrů al-Hāšimī, al-Baġdādī
Muḥammad  b. Ḥabīb
 Abū Ǧaʿfar Muḥammad b. Ḥabīb b. Umayyaŧ b. ʿAmrů al-Hāšimī, al-Baġdādī
Muḥammad  b. Ḥabīb
 Abū Ǧaʿfar Muḥammad b. Ḥabīb b. Umayyaŧ b. ʿAmrů al-Hāšimī, al-Baġdādī
Muḥammad  b. Ḥabīb
 Abū Ǧaʿfar Muḥammad b. Ḥabīb b. Umayyaŧ b. ʿAmrů al-Hāšimī, al-Baġdādī
Muḥammad  b. Ḥabīb
 Abū Ǧaʿfar Muḥammad b. Ḥabīb b. Umayyaŧ b. ʿAmrů al-Hāšimī, al-Baġdādī
Muḥammad  b. Ḥabīb
 Abū Ǧaʿfar Muḥammad b. Ḥabīb b. Umayyaŧ b. ʿAmrů al-Hāšimī, al-Baġdādī
Muḥammad  b. Ḥabīb
 Abū Ǧaʿfar Muḥammad b. Ḥabīb b. Umayyaŧ b. ʿAmrů al-Hāšimī, al-Baġdādī
Sūfisṭīqā li-Arisṭūṭālīs

ʿAbd al-Masīḥ al-Nāʿimī
  ʿAbd al-Masīḥ b. ʿAbd Allāh al-Ḥimsī al-Nāʿimī
al-ǧāḥiẓ
 abū ʿUṯmān ʿamrů b. baḥr al-fuqāmī al-baṣrī
al-ǧāḥiẓ
 abū ʿUṯmān ʿamrů b. baḥr al-fuqāmī al-baṣrī
al-ǧāḥiẓ
 abū ʿUṯmān ʿamrů b. baḥr al-fuqāmī al-baṣrī
al-ǧāḥiẓ
 abū ʿUṯmān ʿamrů b. baḥr al-fuqāmī al-baṣrī
al-ǧāḥiẓ
 abū ʿUṯmān ʿamrů b. baḥr al-fuqāmī al-baṣrī
al-ǧāḥiẓ
 abū ʿUṯmān ʿamrů b. baḥr al-fuqāmī al-baṣrī
al-ǧāḥiẓ
 abū ʿUṯmān ʿamrů b. baḥr al-fuqāmī al-baṣrī
al-ǧāḥiẓ
 abū ʿUṯmān ʿamrů b. baḥr al-fuqāmī al-baṣrī
al-ǧāḥiẓ
 abū ʿUṯmān ʿamrů b. baḥr al-fuqāmī al-baṣrī
al-ǧāḥiẓ
 abū ʿUṯmān ʿamrů b. baḥr al-fuqāmī al-baṣrī
al-ǧāḥiẓ
 abū ʿUṯmān ʿamrů b. baḥr al-fuqāmī al-baṣrī
al-ǧāḥiẓ
 abū ʿUṯmān ʿamrů b. baḥr al-fuqāmī al-baṣrī
kitāb al-baġāl

al-ǧāḥiẓ
 abū ʿUṯmān ʿamrů b. baḥr al-fuqāmī al-baṣrī
kitāb al-baġāl

al-ǧāḥiẓ
 abū ʿUṯmān ʿamrů b. baḥr al-fuqāmī al-baṣrī
kitāb al-baġāl

al-ǧāḥiẓ
 abū ʿUṯmān ʿamrů b. baḥr al-fuqāmī al-baṣrī
al-buḫlāʾ

al-ǧāḥiẓ
 abū ʿUṯmān ʿamrů b. baḥr al-fuqāmī al-baṣrī
al-buḫlāʾ

al-ǧāḥiẓ
 abū ʿUṯmān ʿamrů b. baḥr al-fuqāmī al-baṣrī
al-buḫlāʾ

al-ǧāḥiẓ
 abū ʿUṯmān ʿamrů b. baḥr al-fuqāmī al-baṣrī
al-buḫlāʾ

al-ǧāḥiẓ
 abū ʿUṯmān ʿamrů b. baḥr al-fuqāmī al-baṣrī
al-buḫlāʾ

al-ǧāḥiẓ
 abū ʿUṯmān ʿamrů b. baḥr al-fuqāmī al-baṣrī
kitāb al-burṣān wa-l-ʿurǧān wa-l-ʿumyān wa-l-ḥulān

al-ǧāḥiẓ
 abū ʿUṯmān ʿamrů b. baḥr al-fuqāmī al-baṣrī
kitāb al-burṣān wa-l-ʿurǧān wa-l-ʿumyān wa-l-ḥulān

al-ǧāḥiẓ
 abū ʿUṯmān ʿamrů b. baḥr al-fuqāmī al-baṣrī
kitāb al-burṣān wa-l-ʿurǧān wa-l-ʿumyān wa-l-ḥulān

al-ǧāḥiẓ
 abū ʿUṯmān ʿamrů b. baḥr al-fuqāmī al-baṣrī
al-ǧāḥiẓ
 abū ʿUṯmān ʿamrů b. baḥr al-fuqāmī al-baṣrī
al-ǧāḥiẓ
 abū ʿUṯmān ʿamrů b. baḥr al-fuqāmī al-baṣrī
al-ǧāḥiẓ
 abū ʿUṯmān ʿamrů b. baḥr al-fuqāmī al-baṣrī
al-ǧāḥiẓ
 abū ʿUṯmān ʿamrů b. baḥr al-fuqāmī al-baṣrī
al-ǧāḥiẓ
 abū ʿUṯmān ʿamrů b. baḥr al-fuqāmī al-baṣrī
al-ǧāḥiẓ
 abū ʿUṯmān ʿamrů b. baḥr al-fuqāmī al-baṣrī
al-ǧāḥiẓ
 abū ʿUṯmān ʿamrů b. baḥr al-fuqāmī al-baṣrī
al-ǧāḥiẓ
 abū ʿUṯmān ʿamrů b. baḥr al-fuqāmī al-baṣrī
al-ǧāḥiẓ
 abū ʿUṯmān ʿamrů b. baḥr al-fuqāmī al-baṣrī
al-ǧāḥiẓ
 abū ʿUṯmān ʿamrů b. baḥr al-fuqāmī al-baṣrī
al-ǧāḥiẓ
 abū ʿUṯmān ʿamrů b. baḥr al-fuqāmī al-baṣrī
al-ǧāḥiẓ
 abū ʿUṯmān ʿamrů b. baḥr al-fuqāmī al-baṣrī
al-Ḥanīn ilá al-awṭān

al-ǧāḥiẓ
 abū ʿUṯmān ʿamrů b. baḥr al-fuqāmī al-baṣrī
al-ǧāḥiẓ
 abū ʿUṯmān ʿamrů b. baḥr al-fuqāmī al-baṣrī
al-ǧāḥiẓ
 abū ʿUṯmān ʿamrů b. baḥr al-fuqāmī al-baṣrī
al-ǧāḥiẓ
 abū ʿUṯmān ʿamrů b. baḥr al-fuqāmī al-baṣrī
al-ǧāḥiẓ
 abū ʿUṯmān ʿamrů b. baḥr al-fuqāmī al-baṣrī
al-ǧāḥiẓ
 abū ʿUṯmān ʿamrů b. baḥr al-fuqāmī al-baṣrī
al-ǧāḥiẓ
 abū ʿUṯmān ʿamrů b. baḥr al-fuqāmī al-baṣrī
Risālaŧ al-Ḥiǧāb
Kitāb al-Ḥiǧāb, Kitāb al-Ḥiǧāb wa-ḏammihi
al-ǧāḥiẓ
 abū ʿUṯmān ʿamrů b. baḥr al-fuqāmī al-baṣrī
Risālaŧ al-Ḥiǧāb
Kitāb al-Ḥiǧāb, Kitāb al-Ḥiǧāb wa-ḏammihi
al-ǧāḥiẓ
 abū ʿUṯmān ʿamrů b. baḥr al-fuqāmī al-baṣrī
al-ǧāḥiẓ
 abū ʿUṯmān ʿamrů b. baḥr al-fuqāmī al-baṣrī
al-ǧāḥiẓ
 abū ʿUṯmān ʿamrů b. baḥr al-fuqāmī al-baṣrī
al-ǧāḥiẓ
 abū ʿUṯmān ʿamrů b. baḥr al-fuqāmī al-baṣrī
al-ǧāḥiẓ
 abū ʿUṯmān ʿamrů b. baḥr al-fuqāmī al-baṣrī
al-ǧāḥiẓ
 abū ʿUṯmān ʿamrů b. baḥr al-fuqāmī al-baṣrī
al-ǧāḥiẓ
 abū ʿUṯmān ʿamrů b. baḥr al-fuqāmī al-baṣrī
al-ǧāḥiẓ
 abū ʿUṯmān ʿamrů b. baḥr al-fuqāmī al-baṣrī
al-ǧāḥiẓ
 abū ʿUṯmān ʿamrů b. baḥr al-fuqāmī al-baṣrī
al-ǧāḥiẓ
 abū ʿUṯmān ʿamrů b. baḥr al-fuqāmī al-baṣrī
al-ǧāḥiẓ
 abū ʿUṯmān ʿamrů b. baḥr al-fuqāmī al-baṣrī
al-ǧāḥiẓ
 abū ʿUṯmān ʿamrů b. baḥr al-fuqāmī al-baṣrī
al-ǧāḥiẓ
 abū ʿUṯmān ʿamrů b. baḥr al-fuqāmī al-baṣrī
al-ǧāḥiẓ
 abū ʿUṯmān ʿamrů b. baḥr al-fuqāmī al-baṣrī
al-ǧāḥiẓ
 abū ʿUṯmān ʿamrů b. baḥr al-fuqāmī al-baṣrī
al-ǧāḥiẓ
 abū ʿUṯmān ʿamrů b. baḥr al-fuqāmī al-baṣrī
al-ǧāḥiẓ
 abū ʿUṯmān ʿamrů b. baḥr al-fuqāmī al-baṣrī
al-ǧāḥiẓ
 abū ʿUṯmān ʿamrů b. baḥr al-fuqāmī al-baṣrī
al-ǧāḥiẓ
 abū ʿUṯmān ʿamrů b. baḥr al-fuqāmī al-baṣrī
al-ǧāḥiẓ
 abū ʿUṯmān ʿamrů b. baḥr al-fuqāmī al-baṣrī
al-Maḥāsin wa-l-aḍdād
al-ǧāḥiẓ
 abū ʿUṯmān ʿamrů b. baḥr al-fuqāmī al-baṣrī
al-Maḥāsin wa-l-aḍdād
al-ǧāḥiẓ
 abū ʿUṯmān ʿamrů b. baḥr al-fuqāmī al-baṣrī
al-Maḥāsin wa-l-aḍdād
al-ǧāḥiẓ
 abū ʿUṯmān ʿamrů b. baḥr al-fuqāmī al-baṣrī
al-Maḥāsin wa-l-aḍdād
al-ǧāḥiẓ
 abū ʿUṯmān ʿamrů b. baḥr al-fuqāmī al-baṣrī
al-ǧāḥiẓ
 abū ʿUṯmān ʿamrů b. baḥr al-fuqāmī al-baṣrī
al-ǧāḥiẓ
 abū ʿUṯmān ʿamrů b. baḥr al-fuqāmī al-baṣrī
al-ǧāḥiẓ
 abū ʿUṯmān ʿamrů b. baḥr al-fuqāmī al-baṣrī
al-ǧāḥiẓ
 abū ʿUṯmān ʿamrů b. baḥr al-fuqāmī al-baṣrī
al-ǧāḥiẓ
 abū ʿUṯmān ʿamrů b. baḥr al-fuqāmī al-baṣrī
al-ǧāḥiẓ
 abū ʿUṯmān ʿamrů b. baḥr al-fuqāmī al-baṣrī
al-ǧāḥiẓ
 abū ʿUṯmān ʿamrů b. baḥr al-fuqāmī al-baṣrī
al-ǧāḥiẓ
 abū ʿUṯmān ʿamrů b. baḥr al-fuqāmī al-baṣrī
al-ǧāḥiẓ
 abū ʿUṯmān ʿamrů b. baḥr al-fuqāmī al-baṣrī
al-ǧāḥiẓ
 abū ʿUṯmān ʿamrů b. baḥr al-fuqāmī al-baṣrī
al-ǧāḥiẓ
 abū ʿUṯmān ʿamrů b. baḥr al-fuqāmī al-baṣrī
al-ǧāḥiẓ
 abū ʿUṯmān ʿamrů b. baḥr al-fuqāmī al-baṣrī
al-ǧāḥiẓ
 abū ʿUṯmān ʿamrů b. baḥr al-fuqāmī al-baṣrī
al-ǧāḥiẓ
 abū ʿUṯmān ʿamrů b. baḥr al-fuqāmī al-baṣrī
al-ǧāḥiẓ
 abū ʿUṯmān ʿamrů b. baḥr al-fuqāmī al-baṣrī
al-ǧāḥiẓ
 abū ʿUṯmān ʿamrů b. baḥr al-fuqāmī al-baṣrī
al-Radd ʿalá al-naṣārá
Kitāb ʿalá al-naṣārá wa-al-yahūd
al-ǧāḥiẓ
 abū ʿUṯmān ʿamrů b. baḥr al-fuqāmī al-baṣrī
al-Radd ʿalá al-naṣārá
Kitāb ʿalá al-naṣārá wa-al-yahūd
al-ǧāḥiẓ
 abū ʿUṯmān ʿamrů b. baḥr al-fuqāmī al-baṣrī
al-ǧāḥiẓ
 abū ʿUṯmān ʿamrů b. baḥr al-fuqāmī al-baṣrī
al-ǧāḥiẓ
 abū ʿUṯmān ʿamrů b. baḥr al-fuqāmī al-baṣrī
al-ǧāḥiẓ
 abū ʿUṯmān ʿamrů b. baḥr al-fuqāmī al-baṣrī
al-ǧāḥiẓ
 abū ʿUṯmān ʿamrů b. baḥr al-fuqāmī al-baṣrī
al-ǧāḥiẓ
 abū ʿUṯmān ʿamrů b. baḥr al-fuqāmī al-baṣrī
al-ǧāḥiẓ
 abū ʿUṯmān ʿamrů b. baḥr al-fuqāmī al-baṣrī
al-ǧāḥiẓ
 abū ʿUṯmān ʿamrů b. baḥr al-fuqāmī al-baṣrī
al-ǧāḥiẓ
 abū ʿUṯmān ʿamrů b. baḥr al-fuqāmī al-baṣrī
al-ǧāḥiẓ
 abū ʿUṯmān ʿamrů b. baḥr al-fuqāmī al-baṣrī
al-ǧāḥiẓ
 abū ʿUṯmān ʿamrů b. baḥr al-fuqāmī al-baṣrī
al-ǧāḥiẓ
 abū ʿUṯmān ʿamrů b. baḥr al-fuqāmī al-baṣrī
al-tabṣirŧ bi-l-tiǧārŧ

al-ǧāḥiẓ
 abū ʿUṯmān ʿamrů b. baḥr al-fuqāmī al-baṣrī
al-tabṣirŧ bi-l-tiǧārŧ

al-ǧāḥiẓ
 abū ʿUṯmān ʿamrů b. baḥr al-fuqāmī al-baṣrī
al-ǧāḥiẓ
 abū ʿUṯmān ʿamrů b. baḥr al-fuqāmī al-baṣrī
al-ǧāḥiẓ
 abū ʿUṯmān ʿamrů b. baḥr al-fuqāmī al-baṣrī
al-ǧāḥiẓ
 abū ʿUṯmān ʿamrů b. baḥr al-fuqāmī al-baṣrī
al-ǧāḥiẓ
 abū ʿUṯmān ʿamrů b. baḥr al-fuqāmī al-baṣrī
kitāb al-tāǧ fī iḫlāq al-mulūk
kitāb al-tāǧ
al-ǧāḥiẓ
 abū ʿUṯmān ʿamrů b. baḥr al-fuqāmī al-baṣrī
kitāb al-tāǧ fī iḫlāq al-mulūk
kitāb al-tāǧ
al-ǧāḥiẓ
 abū ʿUṯmān ʿamrů b. baḥr al-fuqāmī al-baṣrī
al-ǧāḥiẓ
 abū ʿUṯmān ʿamrů b. baḥr al-fuqāmī al-baṣrī
al-ǧāḥiẓ
 abū ʿUṯmān ʿamrů b. baḥr al-fuqāmī al-baṣrī
al-ǧāḥiẓ
 abū ʿUṯmān ʿamrů b. baḥr al-fuqāmī al-baṣrī
al-ǧāḥiẓ
 abū ʿUṯmān ʿamrů b. baḥr al-fuqāmī al-baṣrī
al-ǧāḥiẓ
 abū ʿUṯmān ʿamrů b. baḥr al-fuqāmī al-baṣrī
al-buḫārī
 abū ʿabd allāh muḥammad b. ismāʿīl b. ibrāhīm b. al-muġīrŧ al-ǧuʿfī al-buḫārī
al-buḫārī
 abū ʿabd allāh muḥammad b. ismāʿīl b. ibrāhīm b. al-muġīrŧ al-ǧuʿfī al-buḫārī
al-buḫārī
 abū ʿabd allāh muḥammad b. ismāʿīl b. ibrāhīm b. al-muġīrŧ al-ǧuʿfī al-buḫārī
al-buḫārī
 abū ʿabd allāh muḥammad b. ismāʿīl b. ibrāhīm b. al-muġīrŧ al-ǧuʿfī al-buḫārī
al-buḫārī
 abū ʿabd allāh muḥammad b. ismāʿīl b. ibrāhīm b. al-muġīrŧ al-ǧuʿfī al-buḫārī
kitāb al-ḍuʿafāʾ al-ṣaġīr

al-buḫārī
 abū ʿabd allāh muḥammad b. ismāʿīl b. ibrāhīm b. al-muġīrŧ al-ǧuʿfī al-buḫārī
kitāb al-ḍuʿafāʾ al-ṣaġīr

al-buḫārī
 abū ʿabd allāh muḥammad b. ismāʿīl b. ibrāhīm b. al-muġīrŧ al-ǧuʿfī al-buḫārī
kitāb al-ḍuʿafāʾ al-ṣaġīr

al-buḫārī
 abū ʿabd allāh muḥammad b. ismāʿīl b. ibrāhīm b. al-muġīrŧ al-ǧuʿfī al-buḫārī
kitāb al-ḍuʿafāʾ al-ṣaġīr

al-buḫārī
 abū ʿabd allāh muḥammad b. ismāʿīl b. ibrāhīm b. al-muġīrŧ al-ǧuʿfī al-buḫārī
al-buḫārī
 abū ʿabd allāh muḥammad b. ismāʿīl b. ibrāhīm b. al-muġīrŧ al-ǧuʿfī al-buḫārī
al-buḫārī
 abū ʿabd allāh muḥammad b. ismāʿīl b. ibrāhīm b. al-muġīrŧ al-ǧuʿfī al-buḫārī
al-buḫārī
 abū ʿabd allāh muḥammad b. ismāʿīl b. ibrāhīm b. al-muġīrŧ al-ǧuʿfī al-buḫārī
al-buḫārī
 abū ʿabd allāh muḥammad b. ismāʿīl b. ibrāhīm b. al-muġīrŧ al-ǧuʿfī al-buḫārī
al-buḫārī
 abū ʿabd allāh muḥammad b. ismāʿīl b. ibrāhīm b. al-muġīrŧ al-ǧuʿfī al-buḫārī
al-buḫārī
 abū ʿabd allāh muḥammad b. ismāʿīl b. ibrāhīm b. al-muġīrŧ al-ǧuʿfī al-buḫārī
al-buḫārī
 abū ʿabd allāh muḥammad b. ismāʿīl b. ibrāhīm b. al-muġīrŧ al-ǧuʿfī al-buḫārī
al-buḫārī
 abū ʿabd allāh muḥammad b. ismāʿīl b. ibrāhīm b. al-muġīrŧ al-ǧuʿfī al-buḫārī
al-buḫārī
 abū ʿabd allāh muḥammad b. ismāʿīl b. ibrāhīm b. al-muġīrŧ al-ǧuʿfī al-buḫārī
al-buḫārī
 abū ʿabd allāh muḥammad b. ismāʿīl b. ibrāhīm b. al-muġīrŧ al-ǧuʿfī al-buḫārī
al-buḫārī
 abū ʿabd allāh muḥammad b. ismāʿīl b. ibrāhīm b. al-muġīrŧ al-ǧuʿfī al-buḫārī
al-buḫārī
 abū ʿabd allāh muḥammad b. ismāʿīl b. ibrāhīm b. al-muġīrŧ al-ǧuʿfī al-buḫārī
al-buḫārī
 abū ʿabd allāh muḥammad b. ismāʿīl b. ibrāhīm b. al-muġīrŧ al-ǧuʿfī al-buḫārī
al-buḫārī
 abū ʿabd allāh muḥammad b. ismāʿīl b. ibrāhīm b. al-muġīrŧ al-ǧuʿfī al-buḫārī
al-buḫārī
 abū ʿabd allāh muḥammad b. ismāʿīl b. ibrāhīm b. al-muġīrŧ al-ǧuʿfī al-buḫārī
al-buḫārī
 abū ʿabd allāh muḥammad b. ismāʿīl b. ibrāhīm b. al-muġīrŧ al-ǧuʿfī al-buḫārī
al-buḫārī
 abū ʿabd allāh muḥammad b. ismāʿīl b. ibrāhīm b. al-muġīrŧ al-ǧuʿfī al-buḫārī
al-buḫārī
 abū ʿabd allāh muḥammad b. ismāʿīl b. ibrāhīm b. al-muġīrŧ al-ǧuʿfī al-buḫārī
al-buḫārī
 abū ʿabd allāh muḥammad b. ismāʿīl b. ibrāhīm b. al-muġīrŧ al-ǧuʿfī al-buḫārī
al-buḫārī
 abū ʿabd allāh muḥammad b. ismāʿīl b. ibrāhīm b. al-muġīrŧ al-ǧuʿfī al-buḫārī
al-buḫārī
 abū ʿabd allāh muḥammad b. ismāʿīl b. ibrāhīm b. al-muġīrŧ al-ǧuʿfī al-buḫārī
al-zubayr b. bakkār
 abū ʿabd allāh al-zubayr b. bakkār b. ʿabd allāh b. muṣʿab 
al-zubayr b. bakkār
 abū ʿabd allāh al-zubayr b. bakkār b. ʿabd allāh b. muṣʿab 
al-zubayr b. bakkār
 abū ʿabd allāh al-zubayr b. bakkār b. ʿabd allāh b. muṣʿab 
al-muntaḫab min kitāb azwāǧ al-nabī
al-muntaḫab
al-zubayr b. bakkār
 abū ʿabd allāh al-zubayr b. bakkār b. ʿabd allāh b. muṣʿab 
al-muntaḫab min kitāb azwāǧ al-nabī
al-muntaḫab
al-zubayr b. bakkār
 abū ʿabd allāh al-zubayr b. bakkār b. ʿabd allāh b. muṣʿab 
Kitāb Abuqrāṭ fī al-amrāḍ al-bilādiyyaŧ

Ḥunayn b. Isḥāq
  Ḥunayn b. Isḥāq al-ʿIbādī
Kitāb Abuqrāṭ fī ḥabl ʿalá habl

Ḥunayn b. Isḥāq
  Ḥunayn b. Isḥāq al-ʿIbādī
Kitāb Abuqrāṭ fī ṭabīʿaŧ al-insān

Ḥunayn b. Isḥāq
  Ḥunayn b. Isḥāq al-ʿIbādī
Kitāb Abuqrāṭ fī tadbīr al-amrāḍ al-ḥāddaŧ

Ḥunayn b. Isḥāq
  Ḥunayn b. Isḥāq al-ʿIbādī
Kitāb Abuqrāṭ fī tadbīr al-aṣiḥḥāʾ
al-Maqālaŧ al-ṯāliṯaŧ min Kitāb Ṭabīʿaŧ al-insān fī¶    tadbīr al-aṣiḥḥāʾ
Ḥunayn b. Isḥāq
  Ḥunayn b. Isḥāq al-ʿIbādī
Kitāb al-Ahwiyaŧ wa-al-buldān li-Abuqrāṭ

Ḥunayn b. Isḥāq
  Ḥunayn b. Isḥāq al-ʿIbādī
Kitāb al-Fuṣūl li-Abuqrāṭ

Ḥunayn b. Isḥāq
  Ḥunayn b. Isḥāq al-ʿIbādī
Kitāb Ǧālīnūs fī al-asbāb al-mākisaŧ

Ḥunayn b. Isḥāq
  Ḥunayn b. Isḥāq al-ʿIbādī
Kitāb Ǧālīnūs fī ʿamal al-tašrīḥ

Ḥunayn b. Isḥāq
  Ḥunayn b. Isḥāq al-ʿIbādī
Kitāb Ǧālīnūs fī ʿamal al-tašrīḥ

Ḥunayn b. Isḥāq
  Ḥunayn b. Isḥāq al-ʿIbādī
Kitāb Ǧālīnūs fī firaq al-ṭibb

Ḥunayn b. Isḥāq
  Ḥunayn b. Isḥāq al-ʿIbādī
Maqālaŧ Ǧālīnūs fī al-mawlūd li-sabʿaŧ ašhur

Ḥunayn b. Isḥāq
  Ḥunayn b. Isḥāq al-ʿIbādī
Kitāb Ǧālīnūs miḥnaŧ afḍal al-aṭibbāʾ
Kitāb Ǧālīnūs fī al-miḥnaŧ al-latī yuʿraf bihā afḍal¶    al-aṭibbāʾ
Ḥunayn b. Isḥāq
  Ḥunayn b. Isḥāq al-ʿIbādī
Kitāb Ǧālīnūs fī al-nabḍ

Ḥunayn b. Isḥāq
  Ḥunayn b. Isḥāq al-ʿIbādī
Maqālaŧ Ǧālīnūs fī annahu yaǧibu an yakūna al-ṭabīb¶    al-fāḍil faylusūfan

Ḥunayn b. Isḥāq
  Ḥunayn b. Isḥāq al-ʿIbādī
Kitāb Ǧālīnūs fī tadbīr al-amrāḍ al-ḥādda ʿalá raʾy¶    Buqrāṭ

Ḥunayn b. Isḥāq
  Ḥunayn b. Isḥāq al-ʿIbādī
Kitāb Ǧālīnūs fī usṭuqussāt ʿalá raʾy Abūqrāṭ

Ḥunayn b. Isḥāq
  Ḥunayn b. Isḥāq al-ʿIbādī
Risālaŧ Ḥunayn ibn Isḥāq ilā ʿAlī b. Yaḥyā fī ḏikr mā¶    turǧima min kutub Ǧālīnūs bi-ʿilmihi wa-baʿḍ mā lam yutarǧam

Ḥunayn b. Isḥāq
  Ḥunayn b. Isḥāq al-ʿIbādī
Šarḥ Ǧālīnūs li kitāb Abuqrāṭ al-musammá Ifīḏīmiyā

Ḥunayn b. Isḥāq
  Ḥunayn b. Isḥāq al-ʿIbādī
Šarḥ Ǧālīnūs li kitāb Abuqrāṭ al-musammá Ifīḏīmiyā

Ḥunayn b. Isḥāq
  Ḥunayn b. Isḥāq al-ʿIbādī
al-Ṣināʿaŧ al-ṣaġīraŧ li-Ǧālīnūs

Ḥunayn b. Isḥāq
  Ḥunayn b. Isḥāq al-ʿIbādī
Kitāb Taqdimaŧ al-maʿrifaŧ li-Abuqrāṭ

Ḥunayn b. Isḥāq
  Ḥunayn b. Isḥāq al-ʿIbādī
maʿrifŧ al-ṯaqāt min riǧāl ahl al-ʿilm wa-l-ḥadīṯ wa-¶    min al-ḍuʿafāʾ wa-ḏikr maḏāhibihim wa-aḫbārihim
maʿrifŧ al-ṯaqāt
al-ʿiǧlī
 abū al-ḥassan aḥmad b. ʿabd allāh b. ṣāliḥ b. muslim al-ʿiǧlī al-kūfī
maʿrifŧ al-ṯaqāt min riǧāl ahl al-ʿilm wa-l-ḥadīṯ wa-¶    min al-ḍuʿafāʾ wa-ḏikr maḏāhibihim wa-aḫbārihim
maʿrifŧ al-ṯaqāt
al-ʿiǧlī
 abū al-ḥassan aḥmad b. ʿabd allāh b. ṣāliḥ b. muslim al-ʿiǧlī al-kūfī
maʿrifŧ al-ṯaqāt min riǧāl ahl al-ʿilm wa-l-ḥadīṯ wa-¶    min al-ḍuʿafāʾ wa-ḏikr maḏāhibihim wa-aḫbārihim
maʿrifŧ al-ṯaqāt
al-ʿiǧlī
 abū al-ḥassan aḥmad b. ʿabd allāh b. ṣāliḥ b. muslim al-ʿiǧlī al-kūfī
maʿrifŧ al-ṯaqāt min riǧāl ahl al-ʿilm wa-l-ḥadīṯ wa-¶    min al-ḍuʿafāʾ wa-ḏikr maḏāhibihim wa-aḫbārihim
maʿrifŧ al-ṯaqāt
al-ʿiǧlī
 abū al-ḥassan aḥmad b. ʿabd allāh b. ṣāliḥ b. muslim al-ʿiǧlī al-kūfī
al-kuná wa-l-asmāʾ

 Abū al-Ḥusayn Muslim b. al-Ḥaǧǧāǧ b. Muslim al-Qušayrī al-Naysābūrī
al-kuná wa-l-asmāʾ

 Abū al-Ḥusayn Muslim b. al-Ḥaǧǧāǧ b. Muslim al-Qušayrī al-Naysābūrī
al-munfaridāt wa-l-waḥadān

 Abū al-Ḥusayn Muslim b. al-Ḥaǧǧāǧ b. Muslim al-Qušayrī al-Naysābūrī
al-munfaridāt wa-l-waḥadān

 Abū al-Ḥusayn Muslim b. al-Ḥaǧǧāǧ b. Muslim al-Qušayrī al-Naysābūrī
al-munfaridāt wa-l-waḥadān

 Abū al-Ḥusayn Muslim b. al-Ḥaǧǧāǧ b. Muslim al-Qušayrī al-Naysābūrī
Ṣaḥīḥ

 Abū al-Ḥusayn Muslim b. al-Ḥaǧǧāǧ b. Muslim al-Qušayrī al-Naysābūrī
Ṣaḥīḥ

 Abū al-Ḥusayn Muslim b. al-Ḥaǧǧāǧ b. Muslim al-Qušayrī al-Naysābūrī
Ṣaḥīḥ

 Abū al-Ḥusayn Muslim b. al-Ḥaǧǧāǧ b. Muslim al-Qušayrī al-Naysābūrī
Ṣaḥīḥ

 Abū al-Ḥusayn Muslim b. al-Ḥaǧǧāǧ b. Muslim al-Qušayrī al-Naysābūrī
 Abū al-Ḥusayn Muslim b. al-Ḥaǧǧāǧ b. Muslim al-Qušayrī al-Naysābūrī
 Abū al-Ḥusayn Muslim b. al-Ḥaǧǧāǧ b. Muslim al-Qušayrī al-Naysābūrī
 Abū al-Ḥusayn Muslim b. al-Ḥaǧǧāǧ b. Muslim al-Qušayrī al-Naysābūrī
al-Muzanī
 Abū Ibrāhīm Ismāʿīl b. Yaḥyá b. Ismāʿīl b. ʿAmrů b. Muslim al-Muzanī al-Miṣrī
al-Muzanī
 Abū Ibrāhīm Ismāʿīl b. Yaḥyá b. Ismāʿīl b. ʿAmrů b. Muslim al-Muzanī al-Miṣrī
al-Muzanī
 Abū Ibrāhīm Ismāʿīl b. Yaḥyá b. Ismāʿīl b. ʿAmrů b. Muslim al-Muzanī al-Miṣrī
Šarḥ al-Sunnaŧ

al-Muzanī
 Abū Ibrāhīm Ismāʿīl b. Yaḥyá b. Ismāʿīl b. ʿAmrů b. Muslim al-Muzanī al-Miṣrī
Šarḥ al-Sunnaŧ

al-Muzanī
 Abū Ibrāhīm Ismāʿīl b. Yaḥyá b. Ismāʿīl b. ʿAmrů b. Muslim al-Muzanī al-Miṣrī
al-Muzanī
 Abū Ibrāhīm Ismāʿīl b. Yaḥyá b. Ismāʿīl b. ʿAmrů b. Muslim al-Muzanī al-Miṣrī
Aḫbār Makkaŧ fī qadīm al-dahr wa-ḥadīṯihi

Muḥammad Ibn Isḥāq al-Fākihī
 Abū ʿAbdallāh  Ibn  Ibn al-ʿAbbās Muḥammad b. Isḥāq b. al-ʿAbbās al-Makkī al-Fākihī
Aḫbār Makkaŧ fī qadīm al-dahr wa-ḥadīṯihi

Muḥammad Ibn Isḥāq al-Fākihī
 Abū ʿAbdallāh  Ibn  Ibn al-ʿAbbās Muḥammad b. Isḥāq b. al-ʿAbbās al-Makkī al-Fākihī
Aḫbār Makkaŧ fī qadīm al-dahr wa-ḥadīṯihi

Muḥammad Ibn Isḥāq al-Fākihī
 Abū ʿAbdallāh  Ibn  Ibn al-ʿAbbās Muḥammad b. Isḥāq b. al-ʿAbbās al-Makkī al-Fākihī
Muḥammad Ibn Isḥāq al-Fākihī
 Abū ʿAbdallāh  Ibn  Ibn al-ʿAbbās Muḥammad b. Isḥāq b. al-ʿAbbās al-Makkī al-Fākihī
Abū al-Ḥawārī al-Aʿmá
al-Aʿmá Abū al-Ḥawārī Muḥammad b. al-Ḥawārī b. ʿUṯmān al-Ḥawārī
Ḥayāŧ Fīṯāġūras

(mutarǧim maǧhūl)
    
[Aqwāl Mīnāndar]

Iṣṭifan ibn Basīl
  Iṣṭifan b. Basīl 
Anūlūṭīqā al-ūlā

Ṯayādūrus Ibn Basīl
  Ṯayādūrus, Ṯadārä b. Basīl aḫ Iṣṭifan 
Usṭāṯ (Eustathius)
  Usṭāṯ  
Usṭāṯ (Eustathius)
  Usṭāṯ  
Kitāb Arisṭūṭālīs  fī maʿrifat ṭibāʿ al-Ḥayāwān

Usṭāṯ (Eustathius)
  Usṭāṯ  
Ibn Qutaybaŧ, al-Dīnawarī
 Abū Muḥammad ʿAbd Allāh b. Muslim b. Qutaybaŧ al-Dīnawarī, al-Kūfī, al-Marwazī
Ibn Qutaybaŧ, al-Dīnawarī
 Abū Muḥammad ʿAbd Allāh b. Muslim b. Qutaybaŧ al-Dīnawarī, al-Kūfī, al-Marwazī
Ibn Qutaybaŧ, al-Dīnawarī
 Abū Muḥammad ʿAbd Allāh b. Muslim b. Qutaybaŧ al-Dīnawarī, al-Kūfī, al-Marwazī
Ibn Qutaybaŧ, al-Dīnawarī
 Abū Muḥammad ʿAbd Allāh b. Muslim b. Qutaybaŧ al-Dīnawarī, al-Kūfī, al-Marwazī
al-Ašribaŧ wa ḏikr iḫtilāf al-nās fīhā
Ibn Qutaybaŧ, al-Dīnawarī
 Abū Muḥammad ʿAbd Allāh b. Muslim b. Qutaybaŧ al-Dīnawarī, al-Kūfī, al-Marwazī
al-Ašribaŧ wa ḏikr iḫtilāf al-nās fīhā
Ibn Qutaybaŧ, al-Dīnawarī
 Abū Muḥammad ʿAbd Allāh b. Muslim b. Qutaybaŧ al-Dīnawarī, al-Kūfī, al-Marwazī
Ibn Qutaybaŧ, al-Dīnawarī
 Abū Muḥammad ʿAbd Allāh b. Muslim b. Qutaybaŧ al-Dīnawarī, al-Kūfī, al-Marwazī
Ibn Qutaybaŧ, al-Dīnawarī
 Abū Muḥammad ʿAbd Allāh b. Muslim b. Qutaybaŧ al-Dīnawarī, al-Kūfī, al-Marwazī
Ġarīb al-ḥadīṯ
Ibn Qutaybaŧ, al-Dīnawarī
 Abū Muḥammad ʿAbd Allāh b. Muslim b. Qutaybaŧ al-Dīnawarī, al-Kūfī, al-Marwazī
Ġarīb al-ḥadīṯ
Ibn Qutaybaŧ, al-Dīnawarī
 Abū Muḥammad ʿAbd Allāh b. Muslim b. Qutaybaŧ al-Dīnawarī, al-Kūfī, al-Marwazī
Ġarīb al-ḥadīṯ
Ibn Qutaybaŧ, al-Dīnawarī
 Abū Muḥammad ʿAbd Allāh b. Muslim b. Qutaybaŧ al-Dīnawarī, al-Kūfī, al-Marwazī
Ibn Qutaybaŧ, al-Dīnawarī
 Abū Muḥammad ʿAbd Allāh b. Muslim b. Qutaybaŧ al-Dīnawarī, al-Kūfī, al-Marwazī
Ibn Qutaybaŧ, al-Dīnawarī
 Abū Muḥammad ʿAbd Allāh b. Muslim b. Qutaybaŧ al-Dīnawarī, al-Kūfī, al-Marwazī
al-Iḫtilāf fī al-lafẓ wa al-radd ʿalá al-ǧahmiyyaŧ wa al-¶    mušabbahaŧ
Ibn Qutaybaŧ, al-Dīnawarī
 Abū Muḥammad ʿAbd Allāh b. Muslim b. Qutaybaŧ al-Dīnawarī, al-Kūfī, al-Marwazī
Ibn Qutaybaŧ, al-Dīnawarī
 Abū Muḥammad ʿAbd Allāh b. Muslim b. Qutaybaŧ al-Dīnawarī, al-Kūfī, al-Marwazī
Ibn Qutaybaŧ, al-Dīnawarī
 Abū Muḥammad ʿAbd Allāh b. Muslim b. Qutaybaŧ al-Dīnawarī, al-Kūfī, al-Marwazī
Ibn Qutaybaŧ, al-Dīnawarī
 Abū Muḥammad ʿAbd Allāh b. Muslim b. Qutaybaŧ al-Dīnawarī, al-Kūfī, al-Marwazī
Ibn Qutaybaŧ, al-Dīnawarī
 Abū Muḥammad ʿAbd Allāh b. Muslim b. Qutaybaŧ al-Dīnawarī, al-Kūfī, al-Marwazī
Ibn Qutaybaŧ, al-Dīnawarī
 Abū Muḥammad ʿAbd Allāh b. Muslim b. Qutaybaŧ al-Dīnawarī, al-Kūfī, al-Marwazī
al-Ǧarāṯīm
Ibn Qutaybaŧ, al-Dīnawarī
 Abū Muḥammad ʿAbd Allāh b. Muslim b. Qutaybaŧ al-Dīnawarī, al-Kūfī, al-Marwazī
al-Maʿānī al-kabīr fī abyāt al-maʿānī
Ibn Qutaybaŧ, al-Dīnawarī
 Abū Muḥammad ʿAbd Allāh b. Muslim b. Qutaybaŧ al-Dīnawarī, al-Kūfī, al-Marwazī
al-Maʿānī al-kabīr fī abyāt al-maʿānī
Ibn Qutaybaŧ, al-Dīnawarī
 Abū Muḥammad ʿAbd Allāh b. Muslim b. Qutaybaŧ al-Dīnawarī, al-Kūfī, al-Marwazī
al-Maʿārif
Ibn Qutaybaŧ, al-Dīnawarī
 Abū Muḥammad ʿAbd Allāh b. Muslim b. Qutaybaŧ al-Dīnawarī, al-Kūfī, al-Marwazī
al-Maʿārif
Ibn Qutaybaŧ, al-Dīnawarī
 Abū Muḥammad ʿAbd Allāh b. Muslim b. Qutaybaŧ al-Dīnawarī, al-Kūfī, al-Marwazī
al-Maʿārif
Ibn Qutaybaŧ, al-Dīnawarī
 Abū Muḥammad ʿAbd Allāh b. Muslim b. Qutaybaŧ al-Dīnawarī, al-Kūfī, al-Marwazī
Ibn Qutaybaŧ, al-Dīnawarī
 Abū Muḥammad ʿAbd Allāh b. Muslim b. Qutaybaŧ al-Dīnawarī, al-Kūfī, al-Marwazī
Risālaŧ al-ḫaṭṭ wa-l-ḳalam
Ibn Qutaybaŧ, al-Dīnawarī
 Abū Muḥammad ʿAbd Allāh b. Muslim b. Qutaybaŧ al-Dīnawarī, al-Kūfī, al-Marwazī
al-Šiʿr wa al-šuʿarāʾ
Ibn Qutaybaŧ, al-Dīnawarī
 Abū Muḥammad ʿAbd Allāh b. Muslim b. Qutaybaŧ al-Dīnawarī, al-Kūfī, al-Marwazī
al-Šiʿr wa al-šuʿarāʾ
Ibn Qutaybaŧ, al-Dīnawarī
 Abū Muḥammad ʿAbd Allāh b. Muslim b. Qutaybaŧ al-Dīnawarī, al-Kūfī, al-Marwazī
taʾwīl muḫtalaf al-ḥadī ṯ

Ibn Qutaybaŧ, al-Dīnawarī
 Abū Muḥammad ʿAbd Allāh b. Muslim b. Qutaybaŧ al-Dīnawarī, al-Kūfī, al-Marwazī
taʾwīl muḫtalaf al-ḥadī ṯ

Ibn Qutaybaŧ, al-Dīnawarī
 Abū Muḥammad ʿAbd Allāh b. Muslim b. Qutaybaŧ al-Dīnawarī, al-Kūfī, al-Marwazī
taʾwīl muḫtalaf al-ḥadī ṯ

Ibn Qutaybaŧ, al-Dīnawarī
 Abū Muḥammad ʿAbd Allāh b. Muslim b. Qutaybaŧ al-Dīnawarī, al-Kūfī, al-Marwazī
Ibn Qutaybaŧ, al-Dīnawarī
 Abū Muḥammad ʿAbd Allāh b. Muslim b. Qutaybaŧ al-Dīnawarī, al-Kūfī, al-Marwazī
b. sufyān al-fasawī
al-ḥāfiẓ abū yūsuf yaʿqūb b. sufyān b. ḥawān al-fārsī al-fasawī
b. sufyān al-fasawī
al-ḥāfiẓ abū yūsuf yaʿqūb b. sufyān b. ḥawān al-fārsī al-fasawī
b. sufyān al-fasawī
al-ḥāfiẓ abū yūsuf yaʿqūb b. sufyān b. ḥawān al-fārsī al-fasawī
mašayḫŧ

b. sufyān al-fasawī
al-ḥāfiẓ abū yūsuf yaʿqūb b. sufyān b. ḥawān al-fārsī al-fasawī
mašayḫŧ

b. sufyān al-fasawī
al-ḥāfiẓ abū yūsuf yaʿqūb b. sufyān b. ḥawān al-fārsī al-fasawī
Ansāb al-ašrāf
Ǧumal min Ansāb al-ašrāf
Balāḏurī
 Abū al-Ḥasan Aḥmad b. Yaḥyá b. Ǧābir b. Dāwůd 
Ansāb al-ašrāf
Ǧumal min Ansāb al-ašrāf
Balāḏurī
 Abū al-Ḥasan Aḥmad b. Yaḥyá b. Ǧābir b. Dāwůd 
Ansāb al-ašrāf
Ǧumal min Ansāb al-ašrāf
Balāḏurī
 Abū al-Ḥasan Aḥmad b. Yaḥyá b. Ǧābir b. Dāwůd 
Futūḥ al-buldān
Balāḏurī
 Abū al-Ḥasan Aḥmad b. Yaḥyá b. Ǧābir b. Dāwůd 
Futūḥ al-buldān
Balāḏurī
 Abū al-Ḥasan Aḥmad b. Yaḥyá b. Ǧābir b. Dāwůd 
Futūḥ al-buldān
Balāḏurī
 Abū al-Ḥasan Aḥmad b. Yaḥyá b. Ǧābir b. Dāwůd 
Futūḥ al-buldān
Balāḏurī
 Abū al-Ḥasan Aḥmad b. Yaḥyá b. Ǧābir b. Dāwůd 
Futūḥ al-buldān
Balāḏurī
 Abū al-Ḥasan Aḥmad b. Yaḥyá b. Ǧābir b. Dāwůd 
Futūḥ al-buldān
Balāḏurī
 Abū al-Ḥasan Aḥmad b. Yaḥyá b. Ǧābir b. Dāwůd 
ʿUṯmān b. Saʿīd al-Dārimī
 Abū Saʿīd ʿUṯmān b. Saʿīd b. Ḫālid b. Saʿīd al-Siǧistānī al-Dārimī
ʿUṯmān b. Saʿīd al-Dārimī
 Abū Saʿīd ʿUṯmān b. Saʿīd b. Ḫālid b. Saʿīd al-Siǧistānī al-Dārimī
ʿUṯmān b. Saʿīd al-Dārimī
 Abū Saʿīd ʿUṯmān b. Saʿīd b. Ḫālid b. Saʿīd al-Siǧistānī al-Dārimī
al-Radd ʿalá al-Ǧahmiyyaŧ

ʿUṯmān b. Saʿīd al-Dārimī
 Abū Saʿīd ʿUṯmān b. Saʿīd b. Ḫālid b. Saʿīd al-Siǧistānī al-Dārimī
al-Radd ʿalá al-Ǧahmiyyaŧ

ʿUṯmān b. Saʿīd al-Dārimī
 Abū Saʿīd ʿUṯmān b. Saʿīd b. Ḫālid b. Saʿīd al-Siǧistānī al-Dārimī
al-Radd ʿalá al-Ǧahmiyyaŧ

ʿUṯmān b. Saʿīd al-Dārimī
 Abū Saʿīd ʿUṯmān b. Saʿīd b. Ḫālid b. Saʿīd al-Siǧistānī al-Dārimī
ʿUṯmān b. Saʿīd al-Dārimī
 Abū Saʿīd ʿUṯmān b. Saʿīd b. Ḫālid b. Saʿīd al-Siǧistānī al-Dārimī
Ibn Abī al-Dunyā
al-Ḥāfiẓ Abū Bakr ʿAbd Allāh b. Muḥammad b. ʿUbayd b. Sufyān b. Qays al-Baġdādī, al-Umawī, al-Qurašī
Ibn Abī al-Dunyā
al-Ḥāfiẓ Abū Bakr ʿAbd Allāh b. Muḥammad b. ʿUbayd b. Sufyān b. Qays al-Baġdādī, al-Umawī, al-Qurašī
Ibn Abī al-Dunyā
al-Ḥāfiẓ Abū Bakr ʿAbd Allāh b. Muḥammad b. ʿUbayd b. Sufyān b. Qays al-Baġdādī, al-Umawī, al-Qurašī
al-Amr bi-al-maʿrūf wa-al-nahy ʿan al-munkar
Ibn Abī al-Dunyā
al-Ḥāfiẓ Abū Bakr ʿAbd Allāh b. Muḥammad b. ʿUbayd b. Sufyān b. Qays al-Baġdādī, al-Umawī, al-Qurašī
al-Amr bi-al-maʿrūf wa-al-nahy ʿan al-munkar
Ibn Abī al-Dunyā
al-Ḥāfiẓ Abū Bakr ʿAbd Allāh b. Muḥammad b. ʿUbayd b. Sufyān b. Qays al-Baġdādī, al-Umawī, al-Qurašī
al-Amr bi-al-maʿrūf wa-al-nahy ʿan al-munkar
Ibn Abī al-Dunyā
al-Ḥāfiẓ Abū Bakr ʿAbd Allāh b. Muḥammad b. ʿUbayd b. Sufyān b. Qays al-Baġdādī, al-Umawī, al-Qurašī
al-Awliyāʾ
Ibn Abī al-Dunyā
al-Ḥāfiẓ Abū Bakr ʿAbd Allāh b. Muḥammad b. ʿUbayd b. Sufyān b. Qays al-Baġdādī, al-Umawī, al-Qurašī
al-Awliyāʾ
Ibn Abī al-Dunyā
al-Ḥāfiẓ Abū Bakr ʿAbd Allāh b. Muḥammad b. ʿUbayd b. Sufyān b. Qays al-Baġdādī, al-Umawī, al-Qurašī
al-Awliyāʾ
Ibn Abī al-Dunyā
al-Ḥāfiẓ Abū Bakr ʿAbd Allāh b. Muḥammad b. ʿUbayd b. Sufyān b. Qays al-Baġdādī, al-Umawī, al-Qurašī
kitāb al-ʿaql wa-faḍlih

Ibn Abī al-Dunyā
al-Ḥāfiẓ Abū Bakr ʿAbd Allāh b. Muḥammad b. ʿUbayd b. Sufyān b. Qays al-Baġdādī, al-Umawī, al-Qurašī
kitāb al-ʿaql wa-faḍlih

Ibn Abī al-Dunyā
al-Ḥāfiẓ Abū Bakr ʿAbd Allāh b. Muḥammad b. ʿUbayd b. Sufyān b. Qays al-Baġdādī, al-Umawī, al-Qurašī
kitāb al-ʿaql wa-faḍlih

Ibn Abī al-Dunyā
al-Ḥāfiẓ Abū Bakr ʿAbd Allāh b. Muḥammad b. ʿUbayd b. Sufyān b. Qays al-Baġdādī, al-Umawī, al-Qurašī
kitāb al-ʿaql wa-faḍlih

Ibn Abī al-Dunyā
al-Ḥāfiẓ Abū Bakr ʿAbd Allāh b. Muḥammad b. ʿUbayd b. Sufyān b. Qays al-Baġdādī, al-Umawī, al-Qurašī
kitāb al-ʿiyāl

Ibn Abī al-Dunyā
al-Ḥāfiẓ Abū Bakr ʿAbd Allāh b. Muḥammad b. ʿUbayd b. Sufyān b. Qays al-Baġdādī, al-Umawī, al-Qurašī
kitāb al-ʿiyāl

Ibn Abī al-Dunyā
al-Ḥāfiẓ Abū Bakr ʿAbd Allāh b. Muḥammad b. ʿUbayd b. Sufyān b. Qays al-Baġdādī, al-Umawī, al-Qurašī
kitāb al-ʿiyāl

Ibn Abī al-Dunyā
al-Ḥāfiẓ Abū Bakr ʿAbd Allāh b. Muḥammad b. ʿUbayd b. Sufyān b. Qays al-Baġdādī, al-Umawī, al-Qurašī
Kitāb al-ʿamr wa-l-šayb

Ibn Abī al-Dunyā
al-Ḥāfiẓ Abū Bakr ʿAbd Allāh b. Muḥammad b. ʿUbayd b. Sufyān b. Qays al-Baġdādī, al-Umawī, al-Qurašī
Kitāb al-ʿamr wa-l-šayb

Ibn Abī al-Dunyā
al-Ḥāfiẓ Abū Bakr ʿAbd Allāh b. Muḥammad b. ʿUbayd b. Sufyān b. Qays al-Baġdādī, al-Umawī, al-Qurašī
Kitāb al-ʿamr wa-l-šayb

Ibn Abī al-Dunyā
al-Ḥāfiẓ Abū Bakr ʿAbd Allāh b. Muḥammad b. ʿUbayd b. Sufyān b. Qays al-Baġdādī, al-Umawī, al-Qurašī
Kitāb al-ʿamr wa-l-šayb

Ibn Abī al-Dunyā
al-Ḥāfiẓ Abū Bakr ʿAbd Allāh b. Muḥammad b. ʿUbayd b. Sufyān b. Qays al-Baġdādī, al-Umawī, al-Qurašī
al-ʿuqūbāt

Ibn Abī al-Dunyā
al-Ḥāfiẓ Abū Bakr ʿAbd Allāh b. Muḥammad b. ʿUbayd b. Sufyān b. Qays al-Baġdādī, al-Umawī, al-Qurašī
al-ʿuqūbāt

Ibn Abī al-Dunyā
al-Ḥāfiẓ Abū Bakr ʿAbd Allāh b. Muḥammad b. ʿUbayd b. Sufyān b. Qays al-Baġdādī, al-Umawī, al-Qurašī
al-ʿuzlŧ wa-l-infirād

Ibn Abī al-Dunyā
al-Ḥāfiẓ Abū Bakr ʿAbd Allāh b. Muḥammad b. ʿUbayd b. Sufyān b. Qays al-Baġdādī, al-Umawī, al-Qurašī
al-ʿuzlŧ wa-l-infirād

Ibn Abī al-Dunyā
al-Ḥāfiẓ Abū Bakr ʿAbd Allāh b. Muḥammad b. ʿUbayd b. Sufyān b. Qays al-Baġdādī, al-Umawī, al-Qurašī
al-ʿuzlŧ wa-l-infirād

Ibn Abī al-Dunyā
al-Ḥāfiẓ Abū Bakr ʿAbd Allāh b. Muḥammad b. ʿUbayd b. Sufyān b. Qays al-Baġdādī, al-Umawī, al-Qurašī
al-ʿuzlŧ wa-l-infirād

Ibn Abī al-Dunyā
al-Ḥāfiẓ Abū Bakr ʿAbd Allāh b. Muḥammad b. ʿUbayd b. Sufyān b. Qays al-Baġdādī, al-Umawī, al-Qurašī
kitāb ḏamm  wa-l-baġī

Ibn Abī al-Dunyā
al-Ḥāfiẓ Abū Bakr ʿAbd Allāh b. Muḥammad b. ʿUbayd b. Sufyān b. Qays al-Baġdādī, al-Umawī, al-Qurašī
kitāb ḏamm  wa-l-baġī

Ibn Abī al-Dunyā
al-Ḥāfiẓ Abū Bakr ʿAbd Allāh b. Muḥammad b. ʿUbayd b. Sufyān b. Qays al-Baġdādī, al-Umawī, al-Qurašī
kitāb ḏamm  wa-l-baġī

Ibn Abī al-Dunyā
al-Ḥāfiẓ Abū Bakr ʿAbd Allāh b. Muḥammad b. ʿUbayd b. Sufyān b. Qays al-Baġdādī, al-Umawī, al-Qurašī
Ibn Abī al-Dunyā
al-Ḥāfiẓ Abū Bakr ʿAbd Allāh b. Muḥammad b. ʿUbayd b. Sufyān b. Qays al-Baġdādī, al-Umawī, al-Qurašī
Ibn Abī al-Dunyā
al-Ḥāfiẓ Abū Bakr ʿAbd Allāh b. Muḥammad b. ʿUbayd b. Sufyān b. Qays al-Baġdādī, al-Umawī, al-Qurašī
Ibn Abī al-Dunyā
al-Ḥāfiẓ Abū Bakr ʿAbd Allāh b. Muḥammad b. ʿUbayd b. Sufyān b. Qays al-Baġdādī, al-Umawī, al-Qurašī
Ibn Abī al-Dunyā
al-Ḥāfiẓ Abū Bakr ʿAbd Allāh b. Muḥammad b. ʿUbayd b. Sufyān b. Qays al-Baġdādī, al-Umawī, al-Qurašī
Ibn Abī al-Dunyā
al-Ḥāfiẓ Abū Bakr ʿAbd Allāh b. Muḥammad b. ʿUbayd b. Sufyān b. Qays al-Baġdādī, al-Umawī, al-Qurašī
ḏamm al-malāhī

Ibn Abī al-Dunyā
al-Ḥāfiẓ Abū Bakr ʿAbd Allāh b. Muḥammad b. ʿUbayd b. Sufyān b. Qays al-Baġdādī, al-Umawī, al-Qurašī
ḏamm al-muskir

Ibn Abī al-Dunyā
al-Ḥāfiẓ Abū Bakr ʿAbd Allāh b. Muḥammad b. ʿUbayd b. Sufyān b. Qays al-Baġdādī, al-Umawī, al-Qurašī
ḏamm al-muskir

Ibn Abī al-Dunyā
al-Ḥāfiẓ Abū Bakr ʿAbd Allāh b. Muḥammad b. ʿUbayd b. Sufyān b. Qays al-Baġdādī, al-Umawī, al-Qurašī
ḏamm al-muskir

Ibn Abī al-Dunyā
al-Ḥāfiẓ Abū Bakr ʿAbd Allāh b. Muḥammad b. ʿUbayd b. Sufyān b. Qays al-Baġdādī, al-Umawī, al-Qurašī
ḏamm al-muskir

Ibn Abī al-Dunyā
al-Ḥāfiẓ Abū Bakr ʿAbd Allāh b. Muḥammad b. ʿUbayd b. Sufyān b. Qays al-Baġdādī, al-Umawī, al-Qurašī
Ibn Abī al-Dunyā
al-Ḥāfiẓ Abū Bakr ʿAbd Allāh b. Muḥammad b. ʿUbayd b. Sufyān b. Qays al-Baġdādī, al-Umawī, al-Qurašī
faḍāʾil ramaḍān

Ibn Abī al-Dunyā
al-Ḥāfiẓ Abū Bakr ʿAbd Allāh b. Muḥammad b. ʿUbayd b. Sufyān b. Qays al-Baġdādī, al-Umawī, al-Qurašī
faḍāʾil ramaḍān

Ibn Abī al-Dunyā
al-Ḥāfiẓ Abū Bakr ʿAbd Allāh b. Muḥammad b. ʿUbayd b. Sufyān b. Qays al-Baġdādī, al-Umawī, al-Qurašī
faḍāʾil ramaḍān

Ibn Abī al-Dunyā
al-Ḥāfiẓ Abū Bakr ʿAbd Allāh b. Muḥammad b. ʿUbayd b. Sufyān b. Qays al-Baġdādī, al-Umawī, al-Qurašī
Ibn Abī al-Dunyā
al-Ḥāfiẓ Abū Bakr ʿAbd Allāh b. Muḥammad b. ʿUbayd b. Sufyān b. Qays al-Baġdādī, al-Umawī, al-Qurašī
al-faraǧ baʿda al-šiddŧ

Ibn Abī al-Dunyā
al-Ḥāfiẓ Abū Bakr ʿAbd Allāh b. Muḥammad b. ʿUbayd b. Sufyān b. Qays al-Baġdādī, al-Umawī, al-Qurašī
al-faraǧ baʿda al-šiddŧ

Ibn Abī al-Dunyā
al-Ḥāfiẓ Abū Bakr ʿAbd Allāh b. Muḥammad b. ʿUbayd b. Sufyān b. Qays al-Baġdādī, al-Umawī, al-Qurašī
al-faraǧ baʿda al-šiddŧ

Ibn Abī al-Dunyā
al-Ḥāfiẓ Abū Bakr ʿAbd Allāh b. Muḥammad b. ʿUbayd b. Sufyān b. Qays al-Baġdādī, al-Umawī, al-Qurašī
al-hamm wa-l-ḥuzn

Ibn Abī al-Dunyā
al-Ḥāfiẓ Abū Bakr ʿAbd Allāh b. Muḥammad b. ʿUbayd b. Sufyān b. Qays al-Baġdādī, al-Umawī, al-Qurašī
al-hamm wa-l-ḥuzn

Ibn Abī al-Dunyā
al-Ḥāfiẓ Abū Bakr ʿAbd Allāh b. Muḥammad b. ʿUbayd b. Sufyān b. Qays al-Baġdādī, al-Umawī, al-Qurašī
al-hamm wa-l-ḥuzn

Ibn Abī al-Dunyā
al-Ḥāfiẓ Abū Bakr ʿAbd Allāh b. Muḥammad b. ʿUbayd b. Sufyān b. Qays al-Baġdādī, al-Umawī, al-Qurašī
al-hamm wa-l-ḥuzn

Ibn Abī al-Dunyā
al-Ḥāfiẓ Abū Bakr ʿAbd Allāh b. Muḥammad b. ʿUbayd b. Sufyān b. Qays al-Baġdādī, al-Umawī, al-Qurašī
kitāb al-hawātif
al-hawātif
Ibn Abī al-Dunyā
al-Ḥāfiẓ Abū Bakr ʿAbd Allāh b. Muḥammad b. ʿUbayd b. Sufyān b. Qays al-Baġdādī, al-Umawī, al-Qurašī
kitāb al-hawātif
al-hawātif
Ibn Abī al-Dunyā
al-Ḥāfiẓ Abū Bakr ʿAbd Allāh b. Muḥammad b. ʿUbayd b. Sufyān b. Qays al-Baġdādī, al-Umawī, al-Qurašī
kitāb al-hawātif
al-hawātif
Ibn Abī al-Dunyā
al-Ḥāfiẓ Abū Bakr ʿAbd Allāh b. Muḥammad b. ʿUbayd b. Sufyān b. Qays al-Baġdādī, al-Umawī, al-Qurašī
kitāb al-hawātif
al-hawātif
Ibn Abī al-Dunyā
al-Ḥāfiẓ Abū Bakr ʿAbd Allāh b. Muḥammad b. ʿUbayd b. Sufyān b. Qays al-Baġdādī, al-Umawī, al-Qurašī
Ibn Abī al-Dunyā
al-Ḥāfiẓ Abū Bakr ʿAbd Allāh b. Muḥammad b. ʿUbayd b. Sufyān b. Qays al-Baġdādī, al-Umawī, al-Qurašī
Ibn Abī al-Dunyā
al-Ḥāfiẓ Abū Bakr ʿAbd Allāh b. Muḥammad b. ʿUbayd b. Sufyān b. Qays al-Baġdādī, al-Umawī, al-Qurašī
Ibn Abī al-Dunyā
al-Ḥāfiẓ Abū Bakr ʿAbd Allāh b. Muḥammad b. ʿUbayd b. Sufyān b. Qays al-Baġdādī, al-Umawī, al-Qurašī
kitāb ḥilm muʿāwiyyŧ
ḥilm muʿāwiyyŧ
Ibn Abī al-Dunyā
al-Ḥāfiẓ Abū Bakr ʿAbd Allāh b. Muḥammad b. ʿUbayd b. Sufyān b. Qays al-Baġdādī, al-Umawī, al-Qurašī
ḥusn al-ẓann bi-allāh

Ibn Abī al-Dunyā
al-Ḥāfiẓ Abū Bakr ʿAbd Allāh b. Muḥammad b. ʿUbayd b. Sufyān b. Qays al-Baġdādī, al-Umawī, al-Qurašī
ḥusn al-ẓann bi-allāh

Ibn Abī al-Dunyā
al-Ḥāfiẓ Abū Bakr ʿAbd Allāh b. Muḥammad b. ʿUbayd b. Sufyān b. Qays al-Baġdādī, al-Umawī, al-Qurašī
ḥusn al-ẓann bi-allāh

Ibn Abī al-Dunyā
al-Ḥāfiẓ Abū Bakr ʿAbd Allāh b. Muḥammad b. ʿUbayd b. Sufyān b. Qays al-Baġdādī, al-Umawī, al-Qurašī
ḥusn al-ẓann bi-allāh

Ibn Abī al-Dunyā
al-Ḥāfiẓ Abū Bakr ʿAbd Allāh b. Muḥammad b. ʿUbayd b. Sufyān b. Qays al-Baġdādī, al-Umawī, al-Qurašī
kitāb al-iʿtibār wa-aʿqāb al-surūr wa-l-iḥzān
kitāb al-iʿtibār
Ibn Abī al-Dunyā
al-Ḥāfiẓ Abū Bakr ʿAbd Allāh b. Muḥammad b. ʿUbayd b. Sufyān b. Qays al-Baġdādī, al-Umawī, al-Qurašī
kitāb al-iʿtibār wa-aʿqāb al-surūr wa-l-iḥzān
kitāb al-iʿtibār
Ibn Abī al-Dunyā
al-Ḥāfiẓ Abū Bakr ʿAbd Allāh b. Muḥammad b. ʿUbayd b. Sufyān b. Qays al-Baġdādī, al-Umawī, al-Qurašī
kitāb al-iʿtibār wa-aʿqāb al-surūr wa-l-iḥzān
kitāb al-iʿtibār
Ibn Abī al-Dunyā
al-Ḥāfiẓ Abū Bakr ʿAbd Allāh b. Muḥammad b. ʿUbayd b. Sufyān b. Qays al-Baġdādī, al-Umawī, al-Qurašī
kitāb al-iʿtibār wa-aʿqāb al-surūr wa-l-iḥzān
kitāb al-iʿtibār
Ibn Abī al-Dunyā
al-Ḥāfiẓ Abū Bakr ʿAbd Allāh b. Muḥammad b. ʿUbayd b. Sufyān b. Qays al-Baġdādī, al-Umawī, al-Qurašī
Ibn Abī al-Dunyā
al-Ḥāfiẓ Abū Bakr ʿAbd Allāh b. Muḥammad b. ʿUbayd b. Sufyān b. Qays al-Baġdādī, al-Umawī, al-Qurašī
Ibn Abī al-Dunyā
al-Ḥāfiẓ Abū Bakr ʿAbd Allāh b. Muḥammad b. ʿUbayd b. Sufyān b. Qays al-Baġdādī, al-Umawī, al-Qurašī
al-iḫwān

Ibn Abī al-Dunyā
al-Ḥāfiẓ Abū Bakr ʿAbd Allāh b. Muḥammad b. ʿUbayd b. Sufyān b. Qays al-Baġdādī, al-Umawī, al-Qurašī
al-iḫwān

Ibn Abī al-Dunyā
al-Ḥāfiẓ Abū Bakr ʿAbd Allāh b. Muḥammad b. ʿUbayd b. Sufyān b. Qays al-Baġdādī, al-Umawī, al-Qurašī
al-iḫwān

Ibn Abī al-Dunyā
al-Ḥāfiẓ Abū Bakr ʿAbd Allāh b. Muḥammad b. ʿUbayd b. Sufyān b. Qays al-Baġdādī, al-Umawī, al-Qurašī
al-iḫwān

Ibn Abī al-Dunyā
al-Ḥāfiẓ Abū Bakr ʿAbd Allāh b. Muḥammad b. ʿUbayd b. Sufyān b. Qays al-Baġdādī, al-Umawī, al-Qurašī
al-išrāf fī manāzil al-ašrāf

Ibn Abī al-Dunyā
al-Ḥāfiẓ Abū Bakr ʿAbd Allāh b. Muḥammad b. ʿUbayd b. Sufyān b. Qays al-Baġdādī, al-Umawī, al-Qurašī
al-išrāf fī manāzil al-ašrāf

Ibn Abī al-Dunyā
al-Ḥāfiẓ Abū Bakr ʿAbd Allāh b. Muḥammad b. ʿUbayd b. Sufyān b. Qays al-Baġdādī, al-Umawī, al-Qurašī
al-išrāf fī manāzil al-ašrāf

Ibn Abī al-Dunyā
al-Ḥāfiẓ Abū Bakr ʿAbd Allāh b. Muḥammad b. ʿUbayd b. Sufyān b. Qays al-Baġdādī, al-Umawī, al-Qurašī
iṣlāḥ al-māl

Ibn Abī al-Dunyā
al-Ḥāfiẓ Abū Bakr ʿAbd Allāh b. Muḥammad b. ʿUbayd b. Sufyān b. Qays al-Baġdādī, al-Umawī, al-Qurašī
iṣlāḥ al-māl

Ibn Abī al-Dunyā
al-Ḥāfiẓ Abū Bakr ʿAbd Allāh b. Muḥammad b. ʿUbayd b. Sufyān b. Qays al-Baġdādī, al-Umawī, al-Qurašī
iṣlāḥ al-māl

Ibn Abī al-Dunyā
al-Ḥāfiẓ Abū Bakr ʿAbd Allāh b. Muḥammad b. ʿUbayd b. Sufyān b. Qays al-Baġdādī, al-Umawī, al-Qurašī
iṣṭināʿ al-maʿrūf

Ibn Abī al-Dunyā
al-Ḥāfiẓ Abū Bakr ʿAbd Allāh b. Muḥammad b. ʿUbayd b. Sufyān b. Qays al-Baġdādī, al-Umawī, al-Qurašī
iṣṭināʿ al-maʿrūf

Ibn Abī al-Dunyā
al-Ḥāfiẓ Abū Bakr ʿAbd Allāh b. Muḥammad b. ʿUbayd b. Sufyān b. Qays al-Baġdādī, al-Umawī, al-Qurašī
al-ǧūʿ

Ibn Abī al-Dunyā
al-Ḥāfiẓ Abū Bakr ʿAbd Allāh b. Muḥammad b. ʿUbayd b. Sufyān b. Qays al-Baġdādī, al-Umawī, al-Qurašī
al-ǧūʿ

Ibn Abī al-Dunyā
al-Ḥāfiẓ Abū Bakr ʿAbd Allāh b. Muḥammad b. ʿUbayd b. Sufyān b. Qays al-Baġdādī, al-Umawī, al-Qurašī
Kalām al-layālī wa-l-ayyām
Ibn Abī al-Dunyā
al-Ḥāfiẓ Abū Bakr ʿAbd Allāh b. Muḥammad b. ʿUbayd b. Sufyān b. Qays al-Baġdādī, al-Umawī, al-Qurašī
Kalām al-layālī wa-l-ayyām
Ibn Abī al-Dunyā
al-Ḥāfiẓ Abū Bakr ʿAbd Allāh b. Muḥammad b. ʿUbayd b. Sufyān b. Qays al-Baġdādī, al-Umawī, al-Qurašī
Ibn Abī al-Dunyā
al-Ḥāfiẓ Abū Bakr ʿAbd Allāh b. Muḥammad b. ʿUbayd b. Sufyān b. Qays al-Baġdādī, al-Umawī, al-Qurašī
Makāʾd al-Šayṭān

Ibn Abī al-Dunyā
al-Ḥāfiẓ Abū Bakr ʿAbd Allāh b. Muḥammad b. ʿUbayd b. Sufyān b. Qays al-Baġdādī, al-Umawī, al-Qurašī
Makārim al-aḫlāq
Ibn Abī al-Dunyā
al-Ḥāfiẓ Abū Bakr ʿAbd Allāh b. Muḥammad b. ʿUbayd b. Sufyān b. Qays al-Baġdādī, al-Umawī, al-Qurašī
Makārim al-aḫlāq
Ibn Abī al-Dunyā
al-Ḥāfiẓ Abū Bakr ʿAbd Allāh b. Muḥammad b. ʿUbayd b. Sufyān b. Qays al-Baġdādī, al-Umawī, al-Qurašī
Makārim al-aḫlāq
Ibn Abī al-Dunyā
al-Ḥāfiẓ Abū Bakr ʿAbd Allāh b. Muḥammad b. ʿUbayd b. Sufyān b. Qays al-Baġdādī, al-Umawī, al-Qurašī
Makārim al-aḫlāq
Ibn Abī al-Dunyā
al-Ḥāfiẓ Abū Bakr ʿAbd Allāh b. Muḥammad b. ʿUbayd b. Sufyān b. Qays al-Baġdādī, al-Umawī, al-Qurašī
kitāb man ʿāša baʿda al-mawt

Ibn Abī al-Dunyā
al-Ḥāfiẓ Abū Bakr ʿAbd Allāh b. Muḥammad b. ʿUbayd b. Sufyān b. Qays al-Baġdādī, al-Umawī, al-Qurašī
kitāb man ʿāša baʿda al-mawt

Ibn Abī al-Dunyā
al-Ḥāfiẓ Abū Bakr ʿAbd Allāh b. Muḥammad b. ʿUbayd b. Sufyān b. Qays al-Baġdādī, al-Umawī, al-Qurašī
kitāb man ʿāša baʿda al-mawt

Ibn Abī al-Dunyā
al-Ḥāfiẓ Abū Bakr ʿAbd Allāh b. Muḥammad b. ʿUbayd b. Sufyān b. Qays al-Baġdādī, al-Umawī, al-Qurašī
kitāb al-manāmāt
al-manāmāt
Ibn Abī al-Dunyā
al-Ḥāfiẓ Abū Bakr ʿAbd Allāh b. Muḥammad b. ʿUbayd b. Sufyān b. Qays al-Baġdādī, al-Umawī, al-Qurašī
kitāb al-manāmāt
al-manāmāt
Ibn Abī al-Dunyā
al-Ḥāfiẓ Abū Bakr ʿAbd Allāh b. Muḥammad b. ʿUbayd b. Sufyān b. Qays al-Baġdādī, al-Umawī, al-Qurašī
kitāb al-manāmāt
al-manāmāt
Ibn Abī al-Dunyā
al-Ḥāfiẓ Abū Bakr ʿAbd Allāh b. Muḥammad b. ʿUbayd b. Sufyān b. Qays al-Baġdādī, al-Umawī, al-Qurašī
kitāb al-maqtal amīr al-muʾminīn ʿalī b. abī ṭālib¶    ʿalayhi al-salām
al-maqtal ʿalī b. abī ṭālib
Ibn Abī al-Dunyā
al-Ḥāfiẓ Abū Bakr ʿAbd Allāh b. Muḥammad b. ʿUbayd b. Sufyān b. Qays al-Baġdādī, al-Umawī, al-Qurašī
kitāb al-maqtal amīr al-muʾminīn ʿalī b. abī ṭālib¶    ʿalayhi al-salām
al-maqtal ʿalī b. abī ṭālib
Ibn Abī al-Dunyā
al-Ḥāfiẓ Abū Bakr ʿAbd Allāh b. Muḥammad b. ʿUbayd b. Sufyān b. Qays al-Baġdādī, al-Umawī, al-Qurašī
kitāb al-maqtal amīr al-muʾminīn ʿalī b. abī ṭālib¶    ʿalayhi al-salām
al-maqtal ʿalī b. abī ṭālib
Ibn Abī al-Dunyā
al-Ḥāfiẓ Abū Bakr ʿAbd Allāh b. Muḥammad b. ʿUbayd b. Sufyān b. Qays al-Baġdādī, al-Umawī, al-Qurašī
kitāb al-maqtal amīr al-muʾminīn ʿalī b. abī ṭālib¶    ʿalayhi al-salām
al-maqtal ʿalī b. abī ṭālib
Ibn Abī al-Dunyā
al-Ḥāfiẓ Abū Bakr ʿAbd Allāh b. Muḥammad b. ʿUbayd b. Sufyān b. Qays al-Baġdādī, al-Umawī, al-Qurašī
kitāb al-maraḍ wa-l-kaffārāt

Ibn Abī al-Dunyā
al-Ḥāfiẓ Abū Bakr ʿAbd Allāh b. Muḥammad b. ʿUbayd b. Sufyān b. Qays al-Baġdādī, al-Umawī, al-Qurašī
kitāb al-maraḍ wa-l-kaffārāt

Ibn Abī al-Dunyā
al-Ḥāfiẓ Abū Bakr ʿAbd Allāh b. Muḥammad b. ʿUbayd b. Sufyān b. Qays al-Baġdādī, al-Umawī, al-Qurašī
kitāb al-maraḍ wa-l-kaffārāt

Ibn Abī al-Dunyā
al-Ḥāfiẓ Abū Bakr ʿAbd Allāh b. Muḥammad b. ʿUbayd b. Sufyān b. Qays al-Baġdādī, al-Umawī, al-Qurašī
kitāb al-maṭar wa-l-raʿd wa-l-barq wa-l-rīḥ

Ibn Abī al-Dunyā
al-Ḥāfiẓ Abū Bakr ʿAbd Allāh b. Muḥammad b. ʿUbayd b. Sufyān b. Qays al-Baġdādī, al-Umawī, al-Qurašī
kitāb al-maṭar wa-l-raʿd wa-l-barq wa-l-rīḥ

Ibn Abī al-Dunyā
al-Ḥāfiẓ Abū Bakr ʿAbd Allāh b. Muḥammad b. ʿUbayd b. Sufyān b. Qays al-Baġdādī, al-Umawī, al-Qurašī
Mudārāŧ al-nās
Ibn Abī al-Dunyā
al-Ḥāfiẓ Abū Bakr ʿAbd Allāh b. Muḥammad b. ʿUbayd b. Sufyān b. Qays al-Baġdādī, al-Umawī, al-Qurašī
Mudārāŧ al-nās
Ibn Abī al-Dunyā
al-Ḥāfiẓ Abū Bakr ʿAbd Allāh b. Muḥammad b. ʿUbayd b. Sufyān b. Qays al-Baġdādī, al-Umawī, al-Qurašī
Mudārāŧ al-nās
Ibn Abī al-Dunyā
al-Ḥāfiẓ Abū Bakr ʿAbd Allāh b. Muḥammad b. ʿUbayd b. Sufyān b. Qays al-Baġdādī, al-Umawī, al-Qurašī
Muḥāsabaŧ al-nafs wa-l-izrāʾ ʿalayhā
Ibn Abī al-Dunyā
al-Ḥāfiẓ Abū Bakr ʿAbd Allāh b. Muḥammad b. ʿUbayd b. Sufyān b. Qays al-Baġdādī, al-Umawī, al-Qurašī
Muḥāsabaŧ al-nafs wa-l-izrāʾ ʿalayhā
Ibn Abī al-Dunyā
al-Ḥāfiẓ Abū Bakr ʿAbd Allāh b. Muḥammad b. ʿUbayd b. Sufyān b. Qays al-Baġdādī, al-Umawī, al-Qurašī
Muḥāsabaŧ al-nafs wa-l-izrāʾ ʿalayhā
Ibn Abī al-Dunyā
al-Ḥāfiẓ Abū Bakr ʿAbd Allāh b. Muḥammad b. ʿUbayd b. Sufyān b. Qays al-Baġdādī, al-Umawī, al-Qurašī
kitāb al-muḥtaḍarīn
al-muḥtaḍarīn
Ibn Abī al-Dunyā
al-Ḥāfiẓ Abū Bakr ʿAbd Allāh b. Muḥammad b. ʿUbayd b. Sufyān b. Qays al-Baġdādī, al-Umawī, al-Qurašī
kitāb al-muḥtaḍarīn
al-muḥtaḍarīn
Ibn Abī al-Dunyā
al-Ḥāfiẓ Abū Bakr ʿAbd Allāh b. Muḥammad b. ʿUbayd b. Sufyān b. Qays al-Baġdādī, al-Umawī, al-Qurašī
kitāb al-muḥtaḍarīn
al-muḥtaḍarīn
Ibn Abī al-Dunyā
al-Ḥāfiẓ Abū Bakr ʿAbd Allāh b. Muḥammad b. ʿUbayd b. Sufyān b. Qays al-Baġdādī, al-Umawī, al-Qurašī
Kitāb muǧābī al-daʿwaŧ
Ibn Abī al-Dunyā
al-Ḥāfiẓ Abū Bakr ʿAbd Allāh b. Muḥammad b. ʿUbayd b. Sufyān b. Qays al-Baġdādī, al-Umawī, al-Qurašī
Kitāb muǧābī al-daʿwaŧ
Ibn Abī al-Dunyā
al-Ḥāfiẓ Abū Bakr ʿAbd Allāh b. Muḥammad b. ʿUbayd b. Sufyān b. Qays al-Baġdādī, al-Umawī, al-Qurašī
Kitāb muǧābī al-daʿwaŧ
Ibn Abī al-Dunyā
al-Ḥāfiẓ Abū Bakr ʿAbd Allāh b. Muḥammad b. ʿUbayd b. Sufyān b. Qays al-Baġdādī, al-Umawī, al-Qurašī
Kitāb al-mutamannīn
Ibn Abī al-Dunyā
al-Ḥāfiẓ Abū Bakr ʿAbd Allāh b. Muḥammad b. ʿUbayd b. Sufyān b. Qays al-Baġdādī, al-Umawī, al-Qurašī
Kitāb al-mutamannīn
Ibn Abī al-Dunyā
al-Ḥāfiẓ Abū Bakr ʿAbd Allāh b. Muḥammad b. ʿUbayd b. Sufyān b. Qays al-Baġdādī, al-Umawī, al-Qurašī
Kitāb al-mutamannīn
Ibn Abī al-Dunyā
al-Ḥāfiẓ Abū Bakr ʿAbd Allāh b. Muḥammad b. ʿUbayd b. Sufyān b. Qays al-Baġdādī, al-Umawī, al-Qurašī
Ibn Abī al-Dunyā
al-Ḥāfiẓ Abū Bakr ʿAbd Allāh b. Muḥammad b. ʿUbayd b. Sufyān b. Qays al-Baġdādī, al-Umawī, al-Qurašī
Ibn Abī al-Dunyā
al-Ḥāfiẓ Abū Bakr ʿAbd Allāh b. Muḥammad b. ʿUbayd b. Sufyān b. Qays al-Baġdādī, al-Umawī, al-Qurašī
Ibn Abī al-Dunyā
al-Ḥāfiẓ Abū Bakr ʿAbd Allāh b. Muḥammad b. ʿUbayd b. Sufyān b. Qays al-Baġdādī, al-Umawī, al-Qurašī
kitāb al-qanāʿŧ wa-l-taʿaffuf

Ibn Abī al-Dunyā
al-Ḥāfiẓ Abū Bakr ʿAbd Allāh b. Muḥammad b. ʿUbayd b. Sufyān b. Qays al-Baġdādī, al-Umawī, al-Qurašī
kitāb al-qanāʿŧ wa-l-taʿaffuf

Ibn Abī al-Dunyā
al-Ḥāfiẓ Abū Bakr ʿAbd Allāh b. Muḥammad b. ʿUbayd b. Sufyān b. Qays al-Baġdādī, al-Umawī, al-Qurašī
qaṣr al-amal

Ibn Abī al-Dunyā
al-Ḥāfiẓ Abū Bakr ʿAbd Allāh b. Muḥammad b. ʿUbayd b. Sufyān b. Qays al-Baġdādī, al-Umawī, al-Qurašī
qaṣr al-amal

Ibn Abī al-Dunyā
al-Ḥāfiẓ Abū Bakr ʿAbd Allāh b. Muḥammad b. ʿUbayd b. Sufyān b. Qays al-Baġdādī, al-Umawī, al-Qurašī
qaṣr al-amal

Ibn Abī al-Dunyā
al-Ḥāfiẓ Abū Bakr ʿAbd Allāh b. Muḥammad b. ʿUbayd b. Sufyān b. Qays al-Baġdādī, al-Umawī, al-Qurašī
qirá al-ḍayf

Ibn Abī al-Dunyā
al-Ḥāfiẓ Abū Bakr ʿAbd Allāh b. Muḥammad b. ʿUbayd b. Sufyān b. Qays al-Baġdādī, al-Umawī, al-Qurašī
qirá al-ḍayf

Ibn Abī al-Dunyā
al-Ḥāfiẓ Abū Bakr ʿAbd Allāh b. Muḥammad b. ʿUbayd b. Sufyān b. Qays al-Baġdādī, al-Umawī, al-Qurašī
Kitāb al-qubūr
Ibn Abī al-Dunyā
al-Ḥāfiẓ Abū Bakr ʿAbd Allāh b. Muḥammad b. ʿUbayd b. Sufyān b. Qays al-Baġdādī, al-Umawī, al-Qurašī
Kitāb al-qubūr
Ibn Abī al-Dunyā
al-Ḥāfiẓ Abū Bakr ʿAbd Allāh b. Muḥammad b. ʿUbayd b. Sufyān b. Qays al-Baġdādī, al-Umawī, al-Qurašī
Ibn Abī al-Dunyā
al-Ḥāfiẓ Abū Bakr ʿAbd Allāh b. Muḥammad b. ʿUbayd b. Sufyān b. Qays al-Baġdādī, al-Umawī, al-Qurašī
al-Riḍā ʿan Allāh bi-qaḍāʾih
Ibn Abī al-Dunyā
al-Ḥāfiẓ Abū Bakr ʿAbd Allāh b. Muḥammad b. ʿUbayd b. Sufyān b. Qays al-Baġdādī, al-Umawī, al-Qurašī
al-Riḍā ʿan Allāh bi-qaḍāʾih
Ibn Abī al-Dunyā
al-Ḥāfiẓ Abū Bakr ʿAbd Allāh b. Muḥammad b. ʿUbayd b. Sufyān b. Qays al-Baġdādī, al-Umawī, al-Qurašī
al-Riḍā ʿan Allāh bi-qaḍāʾih
Ibn Abī al-Dunyā
al-Ḥāfiẓ Abū Bakr ʿAbd Allāh b. Muḥammad b. ʿUbayd b. Sufyān b. Qays al-Baġdādī, al-Umawī, al-Qurašī
al-Riḍā ʿan Allāh bi-qaḍāʾih
Ibn Abī al-Dunyā
al-Ḥāfiẓ Abū Bakr ʿAbd Allāh b. Muḥammad b. ʿUbayd b. Sufyān b. Qays al-Baġdādī, al-Umawī, al-Qurašī
al-Riḍā ʿan Allāh bi-qaḍāʾih
Ibn Abī al-Dunyā
al-Ḥāfiẓ Abū Bakr ʿAbd Allāh b. Muḥammad b. ʿUbayd b. Sufyān b. Qays al-Baġdādī, al-Umawī, al-Qurašī
al-riqqŧ wa-l-bukāʾ

Ibn Abī al-Dunyā
al-Ḥāfiẓ Abū Bakr ʿAbd Allāh b. Muḥammad b. ʿUbayd b. Sufyān b. Qays al-Baġdādī, al-Umawī, al-Qurašī
al-riqqŧ wa-l-bukāʾ

Ibn Abī al-Dunyā
al-Ḥāfiẓ Abū Bakr ʿAbd Allāh b. Muḥammad b. ʿUbayd b. Sufyān b. Qays al-Baġdādī, al-Umawī, al-Qurašī
al-ṣabr wa-l-ṯawāb ʿalayh

Ibn Abī al-Dunyā
al-Ḥāfiẓ Abū Bakr ʿAbd Allāh b. Muḥammad b. ʿUbayd b. Sufyān b. Qays al-Baġdādī, al-Umawī, al-Qurašī
al-ṣabr wa-l-ṯawāb ʿalayh

Ibn Abī al-Dunyā
al-Ḥāfiẓ Abū Bakr ʿAbd Allāh b. Muḥammad b. ʿUbayd b. Sufyān b. Qays al-Baġdādī, al-Umawī, al-Qurašī
Kitāb al-ṣamt wa ādāb al-lisān
Ibn Abī al-Dunyā
al-Ḥāfiẓ Abū Bakr ʿAbd Allāh b. Muḥammad b. ʿUbayd b. Sufyān b. Qays al-Baġdādī, al-Umawī, al-Qurašī
Kitāb al-ṣamt wa ādāb al-lisān
Ibn Abī al-Dunyā
al-Ḥāfiẓ Abū Bakr ʿAbd Allāh b. Muḥammad b. ʿUbayd b. Sufyān b. Qays al-Baġdādī, al-Umawī, al-Qurašī
Kitāb al-ṣamt wa ādāb al-lisān
Ibn Abī al-Dunyā
al-Ḥāfiẓ Abū Bakr ʿAbd Allāh b. Muḥammad b. ʿUbayd b. Sufyān b. Qays al-Baġdādī, al-Umawī, al-Qurašī
Kitāb al-ṣamt wa ādāb al-lisān
Ibn Abī al-Dunyā
al-Ḥāfiẓ Abū Bakr ʿAbd Allāh b. Muḥammad b. ʿUbayd b. Sufyān b. Qays al-Baġdādī, al-Umawī, al-Qurašī
Kitāb al-ṣamt wa ādāb al-lisān
Ibn Abī al-Dunyā
al-Ḥāfiẓ Abū Bakr ʿAbd Allāh b. Muḥammad b. ʿUbayd b. Sufyān b. Qays al-Baġdādī, al-Umawī, al-Qurašī
al-šukr

Ibn Abī al-Dunyā
al-Ḥāfiẓ Abū Bakr ʿAbd Allāh b. Muḥammad b. ʿUbayd b. Sufyān b. Qays al-Baġdādī, al-Umawī, al-Qurašī
al-šukr

Ibn Abī al-Dunyā
al-Ḥāfiẓ Abū Bakr ʿAbd Allāh b. Muḥammad b. ʿUbayd b. Sufyān b. Qays al-Baġdādī, al-Umawī, al-Qurašī
al-šukr

Ibn Abī al-Dunyā
al-Ḥāfiẓ Abū Bakr ʿAbd Allāh b. Muḥammad b. ʿUbayd b. Sufyān b. Qays al-Baġdādī, al-Umawī, al-Qurašī
al-šukr

Ibn Abī al-Dunyā
al-Ḥāfiẓ Abū Bakr ʿAbd Allāh b. Muḥammad b. ʿUbayd b. Sufyān b. Qays al-Baġdādī, al-Umawī, al-Qurašī
kitāb al-šukr li-llah

Ibn Abī al-Dunyā
al-Ḥāfiẓ Abū Bakr ʿAbd Allāh b. Muḥammad b. ʿUbayd b. Sufyān b. Qays al-Baġdādī, al-Umawī, al-Qurašī
Ibn Abī al-Dunyā
al-Ḥāfiẓ Abū Bakr ʿAbd Allāh b. Muḥammad b. ʿUbayd b. Sufyān b. Qays al-Baġdādī, al-Umawī, al-Qurašī
Ibn Abī al-Dunyā
al-Ḥāfiẓ Abū Bakr ʿAbd Allāh b. Muḥammad b. ʿUbayd b. Sufyān b. Qays al-Baġdādī, al-Umawī, al-Qurašī
Ibn Abī al-Dunyā
al-Ḥāfiẓ Abū Bakr ʿAbd Allāh b. Muḥammad b. ʿUbayd b. Sufyān b. Qays al-Baġdādī, al-Umawī, al-Qurašī
Ibn Abī al-Dunyā
al-Ḥāfiẓ Abū Bakr ʿAbd Allāh b. Muḥammad b. ʿUbayd b. Sufyān b. Qays al-Baġdādī, al-Umawī, al-Qurašī
ṣiffŧ al-nār

Ibn Abī al-Dunyā
al-Ḥāfiẓ Abū Bakr ʿAbd Allāh b. Muḥammad b. ʿUbayd b. Sufyān b. Qays al-Baġdādī, al-Umawī, al-Qurašī
ṣiffŧ al-nār

Ibn Abī al-Dunyā
al-Ḥāfiẓ Abū Bakr ʿAbd Allāh b. Muḥammad b. ʿUbayd b. Sufyān b. Qays al-Baġdādī, al-Umawī, al-Qurašī
ṣiffŧ al-nār

Ibn Abī al-Dunyā
al-Ḥāfiẓ Abū Bakr ʿAbd Allāh b. Muḥammad b. ʿUbayd b. Sufyān b. Qays al-Baġdādī, al-Umawī, al-Qurašī
kitāb al-taḥaǧǧud wa-qiyām al-layl
al-taḥaǧǧud
Ibn Abī al-Dunyā
al-Ḥāfiẓ Abū Bakr ʿAbd Allāh b. Muḥammad b. ʿUbayd b. Sufyān b. Qays al-Baġdādī, al-Umawī, al-Qurašī
kitāb al-taḥaǧǧud wa-qiyām al-layl
al-taḥaǧǧud
Ibn Abī al-Dunyā
al-Ḥāfiẓ Abū Bakr ʿAbd Allāh b. Muḥammad b. ʿUbayd b. Sufyān b. Qays al-Baġdādī, al-Umawī, al-Qurašī
kitāb al-taḥaǧǧud wa-qiyām al-layl
al-taḥaǧǧud
Ibn Abī al-Dunyā
al-Ḥāfiẓ Abū Bakr ʿAbd Allāh b. Muḥammad b. ʿUbayd b. Sufyān b. Qays al-Baġdādī, al-Umawī, al-Qurašī
kitāb al-tawāḍuʿ wa-l-ḫumūm

Ibn Abī al-Dunyā
al-Ḥāfiẓ Abū Bakr ʿAbd Allāh b. Muḥammad b. ʿUbayd b. Sufyān b. Qays al-Baġdādī, al-Umawī, al-Qurašī
kitāb al-tawāḍuʿ wa-l-ḫumūm

Ibn Abī al-Dunyā
al-Ḥāfiẓ Abū Bakr ʿAbd Allāh b. Muḥammad b. ʿUbayd b. Sufyān b. Qays al-Baġdādī, al-Umawī, al-Qurašī
kitāb al-tawāḍuʿ wa-l-ḫumūm

Ibn Abī al-Dunyā
al-Ḥāfiẓ Abū Bakr ʿAbd Allāh b. Muḥammad b. ʿUbayd b. Sufyān b. Qays al-Baġdādī, al-Umawī, al-Qurašī
al-tawākul ʿalá allāh

Ibn Abī al-Dunyā
al-Ḥāfiẓ Abū Bakr ʿAbd Allāh b. Muḥammad b. ʿUbayd b. Sufyān b. Qays al-Baġdādī, al-Umawī, al-Qurašī
Kitāb al-tawbaŧ
Ibn Abī al-Dunyā
al-Ḥāfiẓ Abū Bakr ʿAbd Allāh b. Muḥammad b. ʿUbayd b. Sufyān b. Qays al-Baġdādī, al-Umawī, al-Qurašī
Kitāb al-tawbaŧ
Ibn Abī al-Dunyā
al-Ḥāfiẓ Abū Bakr ʿAbd Allāh b. Muḥammad b. ʿUbayd b. Sufyān b. Qays al-Baġdādī, al-Umawī, al-Qurašī
Kitāb al-tawbaŧ
Ibn Abī al-Dunyā
al-Ḥāfiẓ Abū Bakr ʿAbd Allāh b. Muḥammad b. ʿUbayd b. Sufyān b. Qays al-Baġdādī, al-Umawī, al-Qurašī
al-Waǧal wa-l-tawaṯṯuq bi-ål-ʿamal
Ibn Abī al-Dunyā
al-Ḥāfiẓ Abū Bakr ʿAbd Allāh b. Muḥammad b. ʿUbayd b. Sufyān b. Qays al-Baġdādī, al-Umawī, al-Qurašī
al-Waǧal wa-l-tawaṯṯuq bi-ål-ʿamal
Ibn Abī al-Dunyā
al-Ḥāfiẓ Abū Bakr ʿAbd Allāh b. Muḥammad b. ʿUbayd b. Sufyān b. Qays al-Baġdādī, al-Umawī, al-Qurašī
al-Waǧal wa-l-tawaṯṯuq bi-ål-ʿamal
Ibn Abī al-Dunyā
al-Ḥāfiẓ Abū Bakr ʿAbd Allāh b. Muḥammad b. ʿUbayd b. Sufyān b. Qays al-Baġdādī, al-Umawī, al-Qurašī
Ibn Abī al-Dunyā
al-Ḥāfiẓ Abū Bakr ʿAbd Allāh b. Muḥammad b. ʿUbayd b. Sufyān b. Qays al-Baġdādī, al-Umawī, al-Qurašī
Ibn Abī al-Dunyā
al-Ḥāfiẓ Abū Bakr ʿAbd Allāh b. Muḥammad b. ʿUbayd b. Sufyān b. Qays al-Baġdādī, al-Umawī, al-Qurašī
Ibn Abī al-Dunyā
al-Ḥāfiẓ Abū Bakr ʿAbd Allāh b. Muḥammad b. ʿUbayd b. Sufyān b. Qays al-Baġdādī, al-Umawī, al-Qurašī
Ibn Abī al-Dunyā
al-Ḥāfiẓ Abū Bakr ʿAbd Allāh b. Muḥammad b. ʿUbayd b. Sufyān b. Qays al-Baġdādī, al-Umawī, al-Qurašī
al-yakīn

Ibn Abī al-Dunyā
al-Ḥāfiẓ Abū Bakr ʿAbd Allāh b. Muḥammad b. ʿUbayd b. Sufyān b. Qays al-Baġdādī, al-Umawī, al-Qurašī
al-yakīn

Ibn Abī al-Dunyā
al-Ḥāfiẓ Abū Bakr ʿAbd Allāh b. Muḥammad b. ʿUbayd b. Sufyān b. Qays al-Baġdādī, al-Umawī, al-Qurašī
al-yakīn

Ibn Abī al-Dunyā
al-Ḥāfiẓ Abū Bakr ʿAbd Allāh b. Muḥammad b. ʿUbayd b. Sufyān b. Qays al-Baġdādī, al-Umawī, al-Qurašī
Ibn Abī al-Dunyā
al-Ḥāfiẓ Abū Bakr ʿAbd Allāh b. Muḥammad b. ʿUbayd b. Sufyān b. Qays al-Baġdādī, al-Umawī, al-Qurašī
Ibn Abī al-Dunyā
al-Ḥāfiẓ Abū Bakr ʿAbd Allāh b. Muḥammad b. ʿUbayd b. Sufyān b. Qays al-Baġdādī, al-Umawī, al-Qurašī
Ibn Yazīd al-Mubarrad
 Abū l-ʿAbbās Muḥammad b. Yazīd b. ʿAbd al-Akbar b. ʿUmayr b. Ḥasān b. Salīm b. Saʿd b. ʿAbdallāh b. Zayd b. Mālik b. al-Ḥāriṯ b. ʿĀmir b. ʿAbdallāh b. Bilāl b. ʿAwf b. Aslam b. Kaʿb b. al-Ḥāriṯ b. Kaʿb b. ʿAbdallāh b. Mālik b. al-Naḍr b. al-Azad b. al-Ġawṯ al-Azdī al-Ṯimālī al-Mubarrad
Ibn Yazīd al-Mubarrad
 Abū l-ʿAbbās Muḥammad b. Yazīd b. ʿAbd al-Akbar b. ʿUmayr b. Ḥasān b. Salīm b. Saʿd b. ʿAbdallāh b. Zayd b. Mālik b. al-Ḥāriṯ b. ʿĀmir b. ʿAbdallāh b. Bilāl b. ʿAwf b. Aslam b. Kaʿb b. al-Ḥāriṯ b. Kaʿb b. ʿAbdallāh b. Mālik b. al-Naḍr b. al-Azad b. al-Ġawṯ al-Azdī al-Ṯimālī al-Mubarrad
Ibn Yazīd al-Mubarrad
 Abū l-ʿAbbās Muḥammad b. Yazīd b. ʿAbd al-Akbar b. ʿUmayr b. Ḥasān b. Salīm b. Saʿd b. ʿAbdallāh b. Zayd b. Mālik b. al-Ḥāriṯ b. ʿĀmir b. ʿAbdallāh b. Bilāl b. ʿAwf b. Aslam b. Kaʿb b. al-Ḥāriṯ b. Kaʿb b. ʿAbdallāh b. Mālik b. al-Naḍr b. al-Azad b. al-Ġawṯ al-Azdī al-Ṯimālī al-Mubarrad
Ibn Yazīd al-Mubarrad
 Abū l-ʿAbbās Muḥammad b. Yazīd b. ʿAbd al-Akbar b. ʿUmayr b. Ḥasān b. Salīm b. Saʿd b. ʿAbdallāh b. Zayd b. Mālik b. al-Ḥāriṯ b. ʿĀmir b. ʿAbdallāh b. Bilāl b. ʿAwf b. Aslam b. Kaʿb b. al-Ḥāriṯ b. Kaʿb b. ʿAbdallāh b. Mālik b. al-Naḍr b. al-Azad b. al-Ġawṯ al-Azdī al-Ṯimālī al-Mubarrad
al-Kāmil fī l-luġaŧ wa-l-adab
al-Kāmil fī l-luġaŧ wa-l-adab
Ibn Yazīd al-Mubarrad
 Abū l-ʿAbbās Muḥammad b. Yazīd b. ʿAbd al-Akbar b. ʿUmayr b. Ḥasān b. Salīm b. Saʿd b. ʿAbdallāh b. Zayd b. Mālik b. al-Ḥāriṯ b. ʿĀmir b. ʿAbdallāh b. Bilāl b. ʿAwf b. Aslam b. Kaʿb b. al-Ḥāriṯ b. Kaʿb b. ʿAbdallāh b. Mālik b. al-Naḍr b. al-Azad b. al-Ġawṯ al-Azdī al-Ṯimālī al-Mubarrad
al-Kāmil fī l-luġaŧ wa-l-adab
al-Kāmil fī l-luġaŧ wa-l-adab
Ibn Yazīd al-Mubarrad
 Abū l-ʿAbbās Muḥammad b. Yazīd b. ʿAbd al-Akbar b. ʿUmayr b. Ḥasān b. Salīm b. Saʿd b. ʿAbdallāh b. Zayd b. Mālik b. al-Ḥāriṯ b. ʿĀmir b. ʿAbdallāh b. Bilāl b. ʿAwf b. Aslam b. Kaʿb b. al-Ḥāriṯ b. Kaʿb b. ʿAbdallāh b. Mālik b. al-Naḍr b. al-Azad b. al-Ġawṯ al-Azdī al-Ṯimālī al-Mubarrad
al-Kāmil fī l-luġaŧ wa-l-adab
al-Kāmil fī l-luġaŧ wa-l-adab
Ibn Yazīd al-Mubarrad
 Abū l-ʿAbbās Muḥammad b. Yazīd b. ʿAbd al-Akbar b. ʿUmayr b. Ḥasān b. Salīm b. Saʿd b. ʿAbdallāh b. Zayd b. Mālik b. al-Ḥāriṯ b. ʿĀmir b. ʿAbdallāh b. Bilāl b. ʿAwf b. Aslam b. Kaʿb b. al-Ḥāriṯ b. Kaʿb b. ʿAbdallāh b. Mālik b. al-Naḍr b. al-Azad b. al-Ġawṯ al-Azdī al-Ṯimālī al-Mubarrad
Ibn Yazīd al-Mubarrad
 Abū l-ʿAbbās Muḥammad b. Yazīd b. ʿAbd al-Akbar b. ʿUmayr b. Ḥasān b. Salīm b. Saʿd b. ʿAbdallāh b. Zayd b. Mālik b. al-Ḥāriṯ b. ʿĀmir b. ʿAbdallāh b. Bilāl b. ʿAwf b. Aslam b. Kaʿb b. al-Ḥāriṯ b. Kaʿb b. ʿAbdallāh b. Mālik b. al-Naḍr b. al-Azad b. al-Ġawṯ al-Azdī al-Ṯimālī al-Mubarrad
Kitāb al-Muqtaḍab
Kitāb al-Muqtaḍab
Ibn Yazīd al-Mubarrad
 Abū l-ʿAbbās Muḥammad b. Yazīd b. ʿAbd al-Akbar b. ʿUmayr b. Ḥasān b. Salīm b. Saʿd b. ʿAbdallāh b. Zayd b. Mālik b. al-Ḥāriṯ b. ʿĀmir b. ʿAbdallāh b. Bilāl b. ʿAwf b. Aslam b. Kaʿb b. al-Ḥāriṯ b. Kaʿb b. ʿAbdallāh b. Mālik b. al-Naḍr b. al-Azad b. al-Ġawṯ al-Azdī al-Ṯimālī al-Mubarrad
Kitāb al-Muqtaḍab
Kitāb al-Muqtaḍab
Ibn Yazīd al-Mubarrad
 Abū l-ʿAbbās Muḥammad b. Yazīd b. ʿAbd al-Akbar b. ʿUmayr b. Ḥasān b. Salīm b. Saʿd b. ʿAbdallāh b. Zayd b. Mālik b. al-Ḥāriṯ b. ʿĀmir b. ʿAbdallāh b. Bilāl b. ʿAwf b. Aslam b. Kaʿb b. al-Ḥāriṯ b. Kaʿb b. ʿAbdallāh b. Mālik b. al-Naḍr b. al-Azad b. al-Ġawṯ al-Azdī al-Ṯimālī al-Mubarrad
Kitāb al-Muqtaḍab
Kitāb al-Muqtaḍab
Ibn Yazīd al-Mubarrad
 Abū l-ʿAbbās Muḥammad b. Yazīd b. ʿAbd al-Akbar b. ʿUmayr b. Ḥasān b. Salīm b. Saʿd b. ʿAbdallāh b. Zayd b. Mālik b. al-Ḥāriṯ b. ʿĀmir b. ʿAbdallāh b. Bilāl b. ʿAwf b. Aslam b. Kaʿb b. al-Ḥāriṯ b. Kaʿb b. ʿAbdallāh b. Mālik b. al-Naḍr b. al-Azad b. al-Ġawṯ al-Azdī al-Ṯimālī al-Mubarrad
Nasab ʿAdnān wa Qaḥṭān
Ibn Yazīd al-Mubarrad
 Abū l-ʿAbbās Muḥammad b. Yazīd b. ʿAbd al-Akbar b. ʿUmayr b. Ḥasān b. Salīm b. Saʿd b. ʿAbdallāh b. Zayd b. Mālik b. al-Ḥāriṯ b. ʿĀmir b. ʿAbdallāh b. Bilāl b. ʿAwf b. Aslam b. Kaʿb b. al-Ḥāriṯ b. Kaʿb b. ʿAbdallāh b. Mālik b. al-Naḍr b. al-Azad b. al-Ġawṯ al-Azdī al-Ṯimālī al-Mubarrad
Nasab ʿAdnān wa Qaḥṭān
Ibn Yazīd al-Mubarrad
 Abū l-ʿAbbās Muḥammad b. Yazīd b. ʿAbd al-Akbar b. ʿUmayr b. Ḥasān b. Salīm b. Saʿd b. ʿAbdallāh b. Zayd b. Mālik b. al-Ḥāriṯ b. ʿĀmir b. ʿAbdallāh b. Bilāl b. ʿAwf b. Aslam b. Kaʿb b. al-Ḥāriṯ b. Kaʿb b. ʿAbdallāh b. Mālik b. al-Naḍr b. al-Azad b. al-Ġawṯ al-Azdī al-Ṯimālī al-Mubarrad
Nasab ʿAdnān wa Qaḥṭān
Ibn Yazīd al-Mubarrad
 Abū l-ʿAbbās Muḥammad b. Yazīd b. ʿAbd al-Akbar b. ʿUmayr b. Ḥasān b. Salīm b. Saʿd b. ʿAbdallāh b. Zayd b. Mālik b. al-Ḥāriṯ b. ʿĀmir b. ʿAbdallāh b. Bilāl b. ʿAwf b. Aslam b. Kaʿb b. al-Ḥāriṯ b. Kaʿb b. ʿAbdallāh b. Mālik b. al-Naḍr b. al-Azad b. al-Ġawṯ al-Azdī al-Ṯimālī al-Mubarrad
Ibn Yazīd al-Mubarrad
 Abū l-ʿAbbās Muḥammad b. Yazīd b. ʿAbd al-Akbar b. ʿUmayr b. Ḥasān b. Salīm b. Saʿd b. ʿAbdallāh b. Zayd b. Mālik b. al-Ḥāriṯ b. ʿĀmir b. ʿAbdallāh b. Bilāl b. ʿAwf b. Aslam b. Kaʿb b. al-Ḥāriṯ b. Kaʿb b. ʿAbdallāh b. Mālik b. al-Naḍr b. al-Azad b. al-Ġawṯ al-Azdī al-Ṯimālī al-Mubarrad
al-taʿāzī

Ibn Yazīd al-Mubarrad
 Abū l-ʿAbbās Muḥammad b. Yazīd b. ʿAbd al-Akbar b. ʿUmayr b. Ḥasān b. Salīm b. Saʿd b. ʿAbdallāh b. Zayd b. Mālik b. al-Ḥāriṯ b. ʿĀmir b. ʿAbdallāh b. Bilāl b. ʿAwf b. Aslam b. Kaʿb b. al-Ḥāriṯ b. Kaʿb b. ʿAbdallāh b. Mālik b. al-Naḍr b. al-Azad b. al-Ġawṯ al-Azdī al-Ṯimālī al-Mubarrad
al-taʿāzī

Ibn Yazīd al-Mubarrad
 Abū l-ʿAbbās Muḥammad b. Yazīd b. ʿAbd al-Akbar b. ʿUmayr b. Ḥasān b. Salīm b. Saʿd b. ʿAbdallāh b. Zayd b. Mālik b. al-Ḥāriṯ b. ʿĀmir b. ʿAbdallāh b. Bilāl b. ʿAwf b. Aslam b. Kaʿb b. al-Ḥāriṯ b. Kaʿb b. ʿAbdallāh b. Mālik b. al-Naḍr b. al-Azad b. al-Ġawṯ al-Azdī al-Ṯimālī al-Mubarrad
Ibn Yazīd al-Mubarrad
 Abū l-ʿAbbās Muḥammad b. Yazīd b. ʿAbd al-Akbar b. ʿUmayr b. Ḥasān b. Salīm b. Saʿd b. ʿAbdallāh b. Zayd b. Mālik b. al-Ḥāriṯ b. ʿĀmir b. ʿAbdallāh b. Bilāl b. ʿAwf b. Aslam b. Kaʿb b. al-Ḥāriṯ b. Kaʿb b. ʿAbdallāh b. Mālik b. al-Naḍr b. al-Azad b. al-Ġawṯ al-Azdī al-Ṯimālī al-Mubarrad
āl-āḥād wa al-maṯānī

Ibn Abī ʿĀṣim
  Aḥmad b. ʿAmrů b. al-Ḍaḥḥāk b. Maḫlad b. al-Ḍaḥḥāk b. Muslim b. al-Ḍaḥḥāk al-Šaybānī
āl-āḥād wa al-maṯānī

Ibn Abī ʿĀṣim
  Aḥmad b. ʿAmrů b. al-Ḍaḥḥāk b. Maḫlad b. al-Ḍaḥḥāk b. Muslim b. al-Ḍaḥḥāk al-Šaybānī
āl-āḥād wa al-maṯānī

Ibn Abī ʿĀṣim
  Aḥmad b. ʿAmrů b. al-Ḍaḥḥāk b. Maḫlad b. al-Ḍaḥḥāk b. Muslim b. al-Ḍaḥḥāk al-Šaybānī
Ibn Abī ʿĀṣim
  Aḥmad b. ʿAmrů b. al-Ḍaḥḥāk b. Maḫlad b. al-Ḍaḥḥāk b. Muslim b. al-Ḍaḥḥāk al-Šaybānī
Ibn Abī ʿĀṣim
  Aḥmad b. ʿAmrů b. al-Ḍaḥḥāk b. Maḫlad b. al-Ḍaḥḥāk b. Muslim b. al-Ḍaḥḥāk al-Šaybānī
Ibn Abī ʿĀṣim
  Aḥmad b. ʿAmrů b. al-Ḍaḥḥāk b. Maḫlad b. al-Ḍaḥḥāk b. Muslim b. al-Ḍaḥḥāk al-Šaybānī
Ibn Abī ʿĀṣim
  Aḥmad b. ʿAmrů b. al-Ḍaḥḥāk b. Maḫlad b. al-Ḍaḥḥāk b. Muslim b. al-Ḍaḥḥāk al-Šaybānī
Ibn Abī ʿĀṣim
  Aḥmad b. ʿAmrů b. al-Ḍaḥḥāk b. Maḫlad b. al-Ḍaḥḥāk b. Muslim b. al-Ḍaḥḥāk al-Šaybānī
Ibn Abī ʿĀṣim
  Aḥmad b. ʿAmrů b. al-Ḍaḥḥāk b. Maḫlad b. al-Ḍaḥḥāk b. Muslim b. al-Ḍaḥḥāk al-Šaybānī
Ibn Abī ʿĀṣim
  Aḥmad b. ʿAmrů b. al-Ḍaḥḥāk b. Maḫlad b. al-Ḍaḥḥāk b. Muslim b. al-Ḍaḥḥāk al-Šaybānī
Ibn Abī ʿĀṣim
  Aḥmad b. ʿAmrů b. al-Ḍaḥḥāk b. Maḫlad b. al-Ḍaḥḥāk b. Muslim b. al-Ḍaḥḥāk al-Šaybānī
Ibn Abī ʿĀṣim
  Aḥmad b. ʿAmrů b. al-Ḍaḥḥāk b. Maḫlad b. al-Ḍaḥḥāk b. Muslim b. al-Ḍaḥḥāk al-Šaybānī
Ibn Abī ʿĀṣim
  Aḥmad b. ʿAmrů b. al-Ḍaḥḥāk b. Maḫlad b. al-Ḍaḥḥāk b. Muslim b. al-Ḍaḥḥāk al-Šaybānī
Ibn Abī ʿĀṣim
  Aḥmad b. ʿAmrů b. al-Ḍaḥḥāk b. Maḫlad b. al-Ḍaḥḥāk b. Muslim b. al-Ḍaḥḥāk al-Šaybānī
Ibn Abī ʿĀṣim
  Aḥmad b. ʿAmrů b. al-Ḍaḥḥāk b. Maḫlad b. al-Ḍaḥḥāk b. Muslim b. al-Ḍaḥḥāk al-Šaybānī
Ibn Abī ʿĀṣim
  Aḥmad b. ʿAmrů b. al-Ḍaḥḥāk b. Maḫlad b. al-Ḍaḥḥāk b. Muslim b. al-Ḍaḥḥāk al-Šaybānī
Ibn Abī ʿĀṣim
  Aḥmad b. ʿAmrů b. al-Ḍaḥḥāk b. Maḫlad b. al-Ḍaḥḥāk b. Muslim b. al-Ḍaḥḥāk al-Šaybānī
Ibn Abī ʿĀṣim
  Aḥmad b. ʿAmrů b. al-Ḍaḥḥāk b. Maḫlad b. al-Ḍaḥḥāk b. Muslim b. al-Ḍaḥḥāk al-Šaybānī
Ibn Abī ʿĀṣim
  Aḥmad b. ʿAmrů b. al-Ḍaḥḥāk b. Maḫlad b. al-Ḍaḥḥāk b. Muslim b. al-Ḍaḥḥāk al-Šaybānī
Ibn Abī ʿĀṣim
  Aḥmad b. ʿAmrů b. al-Ḍaḥḥāk b. Maḫlad b. al-Ḍaḥḥāk b. Muslim b. al-Ḍaḥḥāk al-Šaybānī
Ibn Abī ʿĀṣim
  Aḥmad b. ʿAmrů b. al-Ḍaḥḥāk b. Maḫlad b. al-Ḍaḥḥāk b. Muslim b. al-Ḍaḥḥāk al-Šaybānī
Ibn Abī ʿĀṣim
  Aḥmad b. ʿAmrů b. al-Ḍaḥḥāk b. Maḫlad b. al-Ḍaḥḥāk b. Muslim b. al-Ḍaḥḥāk al-Šaybānī
Ibn Abī ʿĀṣim
  Aḥmad b. ʿAmrů b. al-Ḍaḥḥāk b. Maḫlad b. al-Ḍaḥḥāk b. Muslim b. al-Ḍaḥḥāk al-Šaybānī
Kitāb Ablūniyūs fī al-Maḫrūṭāt

Ṯābit ibn Qurraŧ
  Ṯābit b. Qurraŧ 
Kitāb Madḫal ilá ʿilm al-ʿadad al-laḏī waḍaʿahu¶    Nīqūmāḫus al-Ǧārāsīnī min šīʿaŧ Fīṯāġūras

Ṯābit ibn Qurraŧ
  Ṯābit b. Qurraŧ 
Ṯābit ibn Qurraŧ
  Ṯābit b. Qurraŧ 
Kitāb al-Rawābīʿ li-Aflāṭūn

Ṯābit ibn Qurraŧ
  Ṯābit b. Qurraŧ 
Ṯābit ibn Qurraŧ
  Ṯābit b. Qurraŧ 
faḍāʾil ʿUṯmān b. ʿAffān

 Abū ʿAbd al-Raḥmān ʿAbd Allāh b. Aḥmad b. Muḥammad b. Ḥanbal al-Šaybānī
faḍāʾil ʿUṯmān b. ʿAffān

 Abū ʿAbd al-Raḥmān ʿAbd Allāh b. Aḥmad b. Muḥammad b. Ḥanbal al-Šaybānī
al-Sunnaŧ
 Abū ʿAbd al-Raḥmān ʿAbd Allāh b. Aḥmad b. Muḥammad b. Ḥanbal al-Šaybānī
al-Sunnaŧ
 Abū ʿAbd al-Raḥmān ʿAbd Allāh b. Aḥmad b. Muḥammad b. Ḥanbal al-Šaybānī
al-Sunnaŧ
 Abū ʿAbd al-Raḥmān ʿAbd Allāh b. Aḥmad b. Muḥammad b. Ḥanbal al-Šaybānī
tarīḫ wāṣiṭ

baḥšal al-wāṣiṭī
 abū ḥassan aslam b. sahl b. ḥabīb al-razāz al-wāṣiṭī
tarīḫ wāṣiṭ

baḥšal al-wāṣiṭī
 abū ḥassan aslam b. sahl b. ḥabīb al-razāz al-wāṣiṭī
al-Yaʿqūbī, Ibn Wāḍiḥ al-Aḫbārī
al-Kātib al-ʿAbbāsī Abū-al-ʿAbbās Aḥmad b. Abī Yaʿqūb b. Ǧaʿfar b. Wahb b. Wāḍiḥ al-Yaʿqūbī
al-Yaʿqūbī, Ibn Wāḍiḥ al-Aḫbārī
al-Kātib al-ʿAbbāsī Abū-al-ʿAbbās Aḥmad b. Abī Yaʿqūb b. Ǧaʿfar b. Wahb b. Wāḍiḥ al-Yaʿqūbī
al-Yaʿqūbī, Ibn Wāḍiḥ al-Aḫbārī
al-Kātib al-ʿAbbāsī Abū-al-ʿAbbās Aḥmad b. Abī Yaʿqūb b. Ǧaʿfar b. Wahb b. Wāḍiḥ al-Yaʿqūbī
al-Yaʿqūbī, Ibn Wāḍiḥ al-Aḫbārī
al-Kātib al-ʿAbbāsī Abū-al-ʿAbbās Aḥmad b. Abī Yaʿqūb b. Ǧaʿfar b. Wahb b. Wāḍiḥ al-Yaʿqūbī
Mušākalaŧ al-nās li-zamānihim wa-mā yaġlib ʿalayhim fī kull ʿaṣr

al-Yaʿqūbī, Ibn Wāḍiḥ al-Aḫbārī
al-Kātib al-ʿAbbāsī Abū-al-ʿAbbās Aḥmad b. Abī Yaʿqūb b. Ǧaʿfar b. Wahb b. Wāḍiḥ al-Yaʿqūbī
Mušākalaŧ al-nās li-zamānihim wa-mā yaġlib ʿalayhim fī kull ʿaṣr

al-Yaʿqūbī, Ibn Wāḍiḥ al-Aḫbārī
al-Kātib al-ʿAbbāsī Abū-al-ʿAbbās Aḥmad b. Abī Yaʿqūb b. Ǧaʿfar b. Wahb b. Wāḍiḥ al-Yaʿqūbī
Tārīḫ al-Yaʿqūbī
al-Yaʿqūbī, Ibn Wāḍiḥ al-Aḫbārī
al-Kātib al-ʿAbbāsī Abū-al-ʿAbbās Aḥmad b. Abī Yaʿqūb b. Ǧaʿfar b. Wahb b. Wāḍiḥ al-Yaʿqūbī
Tārīḫ al-Yaʿqūbī
al-Yaʿqūbī, Ibn Wāḍiḥ al-Aḫbārī
al-Kātib al-ʿAbbāsī Abū-al-ʿAbbās Aḥmad b. Abī Yaʿqūb b. Ǧaʿfar b. Wahb b. Wāḍiḥ al-Yaʿqūbī
Tārīḫ al-Yaʿqūbī
al-Yaʿqūbī, Ibn Wāḍiḥ al-Aḫbārī
al-Kātib al-ʿAbbāsī Abū-al-ʿAbbās Aḥmad b. Abī Yaʿqūb b. Ǧaʿfar b. Wahb b. Wāḍiḥ al-Yaʿqūbī
 Abū ʿImrān Mūsá b. Hārūn b. ʿAbd Allāh al-Bazzāz
Kitāb Arisṭū fī al-ʿibāraŧ

Isḥāq b. Ḥunayn
  Isḥāq b. Ḥunayn b. Isḥāq 
Kitāb Arisṭū fī al-ʿibāraŧ

Isḥāq b. Ḥunayn
  Isḥāq b. Ḥunayn b. Isḥāq 
Huǧaǧ Buruqlis fī qidam al-ʿālam

Isḥāq b. Ḥunayn
  Isḥāq b. Ḥunayn b. Isḥāq 
Maqālaŧ al-Iskandar al-Afrūdīsī fī al-ʿaql

Isḥāq b. Ḥunayn
  Isḥāq b. Ḥunayn b. Isḥāq 
Maqālaŧ al-Iskandar al-Afrūdīsī fī al-ʿaql

Isḥāq b. Ḥunayn
  Isḥāq b. Ḥunayn b. Isḥāq 
Maqālaŧ al-Iskandar al-Afrūdīsī fī kayfa yakūn al-¶    ibṣār

Isḥāq b. Ḥunayn
  Isḥāq b. Ḥunayn b. Isḥāq 
Maqālaŧ Ǧālīnūs fī aǧzāʾ al-ṭibb

Isḥāq b. Ḥunayn
  Isḥāq b. Ḥunayn b. Isḥāq 
Kitāb al-Maqūlāt
Qāṭīġūriyā
Isḥāq b. Ḥunayn
  Isḥāq b. Ḥunayn b. Isḥāq 
Kitāb al-Maqūlāt
Qāṭīġūriyā
Isḥāq b. Ḥunayn
  Isḥāq b. Ḥunayn b. Isḥāq 
Kitāb al-Maqūlāt
Qāṭīġūriyā
Isḥāq b. Ḥunayn
  Isḥāq b. Ḥunayn b. Isḥāq 
Masāʾil Furuqlīs fī al-ašyāʾ al-ṭabīʿiyyaŧ

Isḥāq b. Ḥunayn
  Isḥāq b. Ḥunayn b. Isḥāq 
Kitāb Arisṭūṭālīs fī al-nabāt tafsīr Nīqūlāwus

Isḥāq b. Ḥunayn
  Isḥāq b. Ḥunayn b. Isḥāq 
Waṣiyyaŧ Arisṭālīs

Isḥāq b. Ḥunayn
  Isḥāq b. Ḥunayn b. Isḥāq 
Kitāb Muʿādalaŧ al-nafs li-Aflāṭūn

(mutarǧim maǧhūl)
    
Risālaŧ ʿAbd Allāh b. Ismāʿīl al-Hāšimī ilá ʿAbd al-¶    Masīḥ b. Isḥāq al-Kindī¶    yadʿūhu bihā ilá al-islām wa-risālaŧ al-Kindī ilá al-Hāšimī yaruddu¶    bihā ʿalayhi¶    wa-yadʿūhu ilá al-naṣrāniyyaŧ
Risālaŧ al-Kindī
Risālaŧ ʿAbd Allāh b. Ismāʿīl al-Hāšimī ilá ʿAbd al-¶    Masīḥ b. Isḥāq al-Kindī¶    yadʿūhu bihā ilá al-islām wa-risālaŧ al-Kindī ilá al-Hāšimī yaruddu¶    bihā ʿalayhi¶    wa-yadʿūhu ilá al-naṣrāniyyaŧ
Risālaŧ al-Kindī
Kitāb Abuqrāṭ fī al-aḫlāṭ

ʿĪsá b. Yaḥyá
  ʿĪsá b. Yaḥyá b. Ibrāhīm 
Kitāb Ǧālīnūs fī iḫtilāf al-aʿḍāʾ al-mutašābahaŧ al-¶    aǧzāʾ

ʿĪsá b. Yaḥyá
  ʿĪsá b. Yaḥyá b. Ibrāhīm 
[Ǧālīnūs fī kitāb Aflāṭūn al-musammá Ṭīmāwus]

ʿĪsá b. Yaḥyá
  ʿĪsá b. Yaḥyá b. Ibrāhīm 
ʿAhd Abuqrāṭ

Ḥubayš b. al-Ḥasan
 Abū al-Ḫayr Ḥubayš b. al-Ḥasan b. al-Aʿsam al-Dimašqī
Kitāb Ǧālīnūs fī al-asmāʾ al-ṭibbiyyaŧ

Ḥubayš b. al-Ḥasan
 Abū al-Ḫayr Ḥubayš b. al-Ḥasan b. al-Aʿsam al-Dimašqī
Maqālaŧ Ǧālīnūs fī al-ʿādāt

Ḥubayš b. al-Ḥasan
 Abū al-Ḫayr Ḥubayš b. al-Ḥasan b. al-Aʿsam al-Dimašqī
Kitāb Ǧālīnūs fī ʿamal al-tašrīḥ

Ḥubayš b. al-Ḥasan
 Abū al-Ḫayr Ḥubayš b. al-Ḥasan b. al-Aʿsam al-Dimašqī
Kitāb Ǧālīnūs fī ʿamal al-tašrīḥ

Ḥubayš b. al-Ḥasan
 Abū al-Ḫayr Ḥubayš b. al-Ḥasan b. al-Aʿsam al-Dimašqī
al-ʿĀdil al-muftariḍ fī mudāwāŧ al-kasr

Ḥubayš b. al-Ḥasan
 Abū al-Ḫayr Ḥubayš b. al-Ḥasan b. al-Aʿsam al-Dimašqī
Kitāb Ǧālīnūs fī anna quwá al-nafs tābiʿaŧ li-mizāǧ¶    al-badan

Ḥubayš b. al-Ḥasan
 Abū al-Ḫayr Ḥubayš b. al-Ḥasan b. al-Aʿsam al-Dimašqī
Kitāb Abuqrāṭ al-maʿrūf bi-Qāṭīṭriyūn ay Ḥānūt al-¶    ṭabīb

Ḥubayš b. al-Ḥasan
 Abū al-Ḫayr Ḥubayš b. al-Ḥasan b. al-Aʿsam al-Dimašqī
Kitāb al-Aǧinnaŧ li-Abuqrāṭ

Ibn Šahdā al-Karḫī
    al-Karḫī
Kitāb al-Miná li-Abuqrāṭ

Ibn Šahdā al-Karḫī
    al-Karḫī
Kitāb Adab al-Ṭabīb

Isḥāq b. ʿAlī al-Ruhāwī
  Isḥāq b. ʿAlī al-Ruhāwī
Kitāb Fulūṭārḫus fī al-arāʾ al-ṭabīʿiyyaŧ al-latī¶    taqūl bihā al-ḥukamāʾ

Qusṭā b. Lūqā
  Qusṭā b. Lūqā al-Baʿlabakkī
Kitāb Fulūṭārḫus fī al-arāʾ al-ṭabīʿiyyaŧ al-latī¶    taqūl bihā al-ḥukamāʾ

Qusṭā b. Lūqā
  Qusṭā b. Lūqā al-Baʿlabakkī
Kitāb Fulūṭārḫus fī al-arāʾ al-ṭabīʿiyyaŧ al-latī¶    taqūl bihā al-ḥukamāʾ

Qusṭā b. Lūqā
  Qusṭā b. Lūqā al-Baʿlabakkī
Ibn Sufyān al-Nasawī
 Abū al-ʿAbbās al-Ḥasan b. Sufyān b. ʿĀmir b. ʿAbd al-ʿAzīz b. al-Nuʿmān al-Šaybānī, al-Ḫurāsānī, al-Nasawī
Ibn Sufyān al-Nasawī
 Abū al-ʿAbbās al-Ḥasan b. Sufyān b. ʿĀmir b. ʿAbd al-ʿAzīz b. al-Nuʿmān al-Šaybānī, al-Ḫurāsānī, al-Nasawī
Ibn Sufyān al-Nasawī
 Abū al-ʿAbbās al-Ḥasan b. Sufyān b. ʿĀmir b. ʿAbd al-ʿAzīz b. al-Nuʿmān al-Šaybānī, al-Ḫurāsānī, al-Nasawī
Ibn Sufyān al-Nasawī
 Abū al-ʿAbbās al-Ḥasan b. Sufyān b. ʿĀmir b. ʿAbd al-ʿAzīz b. al-Nuʿmān al-Šaybānī, al-Ḫurāsānī, al-Nasawī
Ibn Sufyān al-Nasawī
 Abū al-ʿAbbās al-Ḥasan b. Sufyān b. ʿĀmir b. ʿAbd al-ʿAzīz b. al-Nuʿmān al-Šaybānī, al-Ḫurāsānī, al-Nasawī
Aḥsan asānīd al-latī tarwī ʿan rasūl Allāh

al-Nasāʾī
al-Qāḍī Abū ʿAbd al-Raḥmān Aḥmad b. Šuʿayb b. ʿAlī b. Sinān b. Baḥr b. Dīnār
Aḥsan asānīd al-latī tarwī ʿan rasūl Allāh

al-Nasāʾī
al-Qāḍī Abū ʿAbd al-Raḥmān Aḥmad b. Šuʿayb b. ʿAlī b. Sinān b. Baḥr b. Dīnār
Aḥsan asānīd al-latī tarwī ʿan rasūl Allāh

al-Nasāʾī
al-Qāḍī Abū ʿAbd al-Raḥmān Aḥmad b. Šuʿayb b. ʿAlī b. Sinān b. Baḥr b. Dīnār
Aḥsan asānīd al-latī tarwī ʿan rasūl Allāh

al-Nasāʾī
al-Qāḍī Abū ʿAbd al-Raḥmān Aḥmad b. Šuʿayb b. ʿAlī b. Sinān b. Baḥr b. Dīnār
Aḥsan asānīd al-latī tarwī ʿan rasūl Allāh

al-Nasāʾī
al-Qāḍī Abū ʿAbd al-Raḥmān Aḥmad b. Šuʿayb b. ʿAlī b. Sinān b. Baḥr b. Dīnār
Aḥsan asānīd al-latī tarwī ʿan rasūl Allāh

al-Nasāʾī
al-Qāḍī Abū ʿAbd al-Raḥmān Aḥmad b. Šuʿayb b. ʿAlī b. Sinān b. Baḥr b. Dīnār
Aḥsan asānīd al-latī tarwī ʿan rasūl Allāh

al-Nasāʾī
al-Qāḍī Abū ʿAbd al-Raḥmān Aḥmad b. Šuʿayb b. ʿAlī b. Sinān b. Baḥr b. Dīnār
Tasmiyaŧ al-ḍuʿafāʾ wa-al-matrūkīn wa-al-ṯiqāt mimman¶    ḥamala ʿanhum al-ḥadīṯ min aṣḥāb Abī Ḥanīfa

al-Nasāʾī
al-Qāḍī Abū ʿAbd al-Raḥmān Aḥmad b. Šuʿayb b. ʿAlī b. Sinān b. Baḥr b. Dīnār
Tasmiyaŧ al-ḍuʿafāʾ wa-al-matrūkīn wa-al-ṯiqāt mimman¶    ḥamala ʿanhum al-ḥadīṯ min aṣḥāb Abī Ḥanīfa

al-Nasāʾī
al-Qāḍī Abū ʿAbd al-Raḥmān Aḥmad b. Šuʿayb b. ʿAlī b. Sinān b. Baḥr b. Dīnār
Tasmiyaŧ al-ḍuʿafāʾ wa-al-matrūkīn wa-al-ṯiqāt mimman¶    ḥamala ʿanhum al-ḥadīṯ min aṣḥāb Abī Ḥanīfa

al-Nasāʾī
al-Qāḍī Abū ʿAbd al-Raḥmān Aḥmad b. Šuʿayb b. ʿAlī b. Sinān b. Baḥr b. Dīnār
Tasmiyaŧ al-ḍuʿafāʾ wa-al-matrūkīn wa-al-ṯiqāt mimman¶    ḥamala ʿanhum al-ḥadīṯ min aṣḥāb Abī Ḥanīfa

al-Nasāʾī
al-Qāḍī Abū ʿAbd al-Raḥmān Aḥmad b. Šuʿayb b. ʿAlī b. Sinān b. Baḥr b. Dīnār
Tasmiyaŧ al-ḍuʿafāʾ wa-al-matrūkīn wa-al-ṯiqāt mimman¶    ḥamala ʿanhum al-ḥadīṯ min aṣḥāb Abī Ḥanīfa

al-Nasāʾī
al-Qāḍī Abū ʿAbd al-Raḥmān Aḥmad b. Šuʿayb b. ʿAlī b. Sinān b. Baḥr b. Dīnār
Tasmiyaŧ al-ḍuʿafāʾ wa-al-matrūkīn wa-al-ṯiqāt mimman¶    ḥamala ʿanhum al-ḥadīṯ min aṣḥāb Abī Ḥanīfa

al-Nasāʾī
al-Qāḍī Abū ʿAbd al-Raḥmān Aḥmad b. Šuʿayb b. ʿAlī b. Sinān b. Baḥr b. Dīnār
Tasmiyaŧ al-ḍuʿafāʾ wa-al-matrūkīn wa-al-ṯiqāt mimman¶    ḥamala ʿanhum al-ḥadīṯ min aṣḥāb Abī Ḥanīfa

al-Nasāʾī
al-Qāḍī Abū ʿAbd al-Raḥmān Aḥmad b. Šuʿayb b. ʿAlī b. Sinān b. Baḥr b. Dīnār
Asʾilaŧ li-al-Nasāʾī fī al-riǧāl

al-Nasāʾī
al-Qāḍī Abū ʿAbd al-Raḥmān Aḥmad b. Šuʿayb b. ʿAlī b. Sinān b. Baḥr b. Dīnār
Asʾilaŧ li-al-Nasāʾī fī al-riǧāl

al-Nasāʾī
al-Qāḍī Abū ʿAbd al-Raḥmān Aḥmad b. Šuʿayb b. ʿAlī b. Sinān b. Baḥr b. Dīnār
Asʾilaŧ li-al-Nasāʾī fī al-riǧāl

al-Nasāʾī
al-Qāḍī Abū ʿAbd al-Raḥmān Aḥmad b. Šuʿayb b. ʿAlī b. Sinān b. Baḥr b. Dīnār
Asʾilaŧ li-al-Nasāʾī fī al-riǧāl

al-Nasāʾī
al-Qāḍī Abū ʿAbd al-Raḥmān Aḥmad b. Šuʿayb b. ʿAlī b. Sinān b. Baḥr b. Dīnār
Asʾilaŧ li-al-Nasāʾī fī al-riǧāl

al-Nasāʾī
al-Qāḍī Abū ʿAbd al-Raḥmān Aḥmad b. Šuʿayb b. ʿAlī b. Sinān b. Baḥr b. Dīnār
Asʾilaŧ li-al-Nasāʾī fī al-riǧāl

al-Nasāʾī
al-Qāḍī Abū ʿAbd al-Raḥmān Aḥmad b. Šuʿayb b. ʿAlī b. Sinān b. Baḥr b. Dīnār
Asʾilaŧ li-al-Nasāʾī fī al-riǧāl

al-Nasāʾī
al-Qāḍī Abū ʿAbd al-Raḥmān Aḥmad b. Šuʿayb b. ʿAlī b. Sinān b. Baḥr b. Dīnār
al-Nasāʾī
al-Qāḍī Abū ʿAbd al-Raḥmān Aḥmad b. Šuʿayb b. ʿAlī b. Sinān b. Baḥr b. Dīnār
al-Nasāʾī
al-Qāḍī Abū ʿAbd al-Raḥmān Aḥmad b. Šuʿayb b. ʿAlī b. Sinān b. Baḥr b. Dīnār
al-Nasāʾī
al-Qāḍī Abū ʿAbd al-Raḥmān Aḥmad b. Šuʿayb b. ʿAlī b. Sinān b. Baḥr b. Dīnār
Ḏikr al-Mudallisīn

al-Nasāʾī
al-Qāḍī Abū ʿAbd al-Raḥmān Aḥmad b. Šuʿayb b. ʿAlī b. Sinān b. Baḥr b. Dīnār
Kitāb al-Ḍuʿafāʾ wa-al-matrūkīn

al-Nasāʾī
al-Qāḍī Abū ʿAbd al-Raḥmān Aḥmad b. Šuʿayb b. ʿAlī b. Sinān b. Baḥr b. Dīnār
Kitāb al-Ḍuʿafāʾ wa-al-matrūkīn

al-Nasāʾī
al-Qāḍī Abū ʿAbd al-Raḥmān Aḥmad b. Šuʿayb b. ʿAlī b. Sinān b. Baḥr b. Dīnār
Kitāb al-Ḍuʿafāʾ wa-al-matrūkīn

al-Nasāʾī
al-Qāḍī Abū ʿAbd al-Raḥmān Aḥmad b. Šuʿayb b. ʿAlī b. Sinān b. Baḥr b. Dīnār
Kitāb al-Ḍuʿafāʾ wa-al-matrūkīn

al-Nasāʾī
al-Qāḍī Abū ʿAbd al-Raḥmān Aḥmad b. Šuʿayb b. ʿAlī b. Sinān b. Baḥr b. Dīnār
al-Nasāʾī
al-Qāḍī Abū ʿAbd al-Raḥmān Aḥmad b. Šuʿayb b. ʿAlī b. Sinān b. Baḥr b. Dīnār
al-Nasāʾī
al-Qāḍī Abū ʿAbd al-Raḥmān Aḥmad b. Šuʿayb b. ʿAlī b. Sinān b. Baḥr b. Dīnār
Kitāb Faḍāʾil al-ṣaḥāba
al-Nasāʾī
al-Qāḍī Abū ʿAbd al-Raḥmān Aḥmad b. Šuʿayb b. ʿAlī b. Sinān b. Baḥr b. Dīnār
Kitāb Faḍāʾil al-ṣaḥāba
al-Nasāʾī
al-Qāḍī Abū ʿAbd al-Raḥmān Aḥmad b. Šuʿayb b. ʿAlī b. Sinān b. Baḥr b. Dīnār
Kitāb Faḍāʾil al-ṣaḥāba
al-Nasāʾī
al-Qāḍī Abū ʿAbd al-Raḥmān Aḥmad b. Šuʿayb b. ʿAlī b. Sinān b. Baḥr b. Dīnār
Ḏikr man ḥadaṯa ʿanhu Ibn Abī ʿArūba wa-lam yasmaʿ¶    ʿanhu

al-Nasāʾī
al-Qāḍī Abū ʿAbd al-Raḥmān Aḥmad b. Šuʿayb b. ʿAlī b. Sinān b. Baḥr b. Dīnār
Ḏikr man ḥadaṯa ʿanhu Ibn Abī ʿArūba wa-lam yasmaʿ¶    ʿanhu

al-Nasāʾī
al-Qāḍī Abū ʿAbd al-Raḥmān Aḥmad b. Šuʿayb b. ʿAlī b. Sinān b. Baḥr b. Dīnār
Ḏikr man ḥadaṯa ʿanhu Ibn Abī ʿArūba wa-lam yasmaʿ¶    ʿanhu

al-Nasāʾī
al-Qāḍī Abū ʿAbd al-Raḥmān Aḥmad b. Šuʿayb b. ʿAlī b. Sinān b. Baḥr b. Dīnār
Ḏikr man ḥadaṯa ʿanhu Ibn Abī ʿArūba wa-lam yasmaʿ¶    ʿanhu

al-Nasāʾī
al-Qāḍī Abū ʿAbd al-Raḥmān Aḥmad b. Šuʿayb b. ʿAlī b. Sinān b. Baḥr b. Dīnār
Ḏikr man ḥadaṯa ʿanhu Ibn Abī ʿArūba wa-lam yasmaʿ¶    ʿanhu

al-Nasāʾī
al-Qāḍī Abū ʿAbd al-Raḥmān Aḥmad b. Šuʿayb b. ʿAlī b. Sinān b. Baḥr b. Dīnār
Ḏikr man ḥadaṯa ʿanhu Ibn Abī ʿArūba wa-lam yasmaʿ¶    ʿanhu

al-Nasāʾī
al-Qāḍī Abū ʿAbd al-Raḥmān Aḥmad b. Šuʿayb b. ʿAlī b. Sinān b. Baḥr b. Dīnār
Ḏikr man ḥadaṯa ʿanhu Ibn Abī ʿArūba wa-lam yasmaʿ¶    ʿanhu

al-Nasāʾī
al-Qāḍī Abū ʿAbd al-Raḥmān Aḥmad b. Šuʿayb b. ʿAlī b. Sinān b. Baḥr b. Dīnār
Kitāb al-Iġrāb
Ḥadīṯ Šuʿbaŧ Ibn al-Ḥaǧǧāǧ wa-Sufyān al-Ṯawrī mimmā¶    aġraba baʿḍuhum ʿalá baʿḍ,  Iġrāb Šuʿbaŧ ʿalá Sufyān wa-Sufyān ʿalá¶    Šuʿbaŧ, Iġrāb Šuʿbaŧ
al-Nasāʾī
al-Qāḍī Abū ʿAbd al-Raḥmān Aḥmad b. Šuʿayb b. ʿAlī b. Sinān b. Baḥr b. Dīnār
Kitāb al-Iġrāb
Ḥadīṯ Šuʿbaŧ Ibn al-Ḥaǧǧāǧ wa-Sufyān al-Ṯawrī mimmā¶    aġraba baʿḍuhum ʿalá baʿḍ,  Iġrāb Šuʿbaŧ ʿalá Sufyān wa-Sufyān ʿalá¶    Šuʿbaŧ, Iġrāb Šuʿbaŧ
al-Nasāʾī
al-Qāḍī Abū ʿAbd al-Raḥmān Aḥmad b. Šuʿayb b. ʿAlī b. Sinān b. Baḥr b. Dīnār
al-Ǧumʿaŧ
al-Nasāʾī
al-Qāḍī Abū ʿAbd al-Raḥmān Aḥmad b. Šuʿayb b. ʿAlī b. Sinān b. Baḥr b. Dīnār
al-Ǧumʿaŧ
al-Nasāʾī
al-Qāḍī Abū ʿAbd al-Raḥmān Aḥmad b. Šuʿayb b. ʿAlī b. Sinān b. Baḥr b. Dīnār
Ḫaṣāʾiṣ Amīr al-muʾminīn ʿAlī b. Abī Ṭālib
Ḫaṣāʾiṣ ʿAlī
al-Nasāʾī
al-Qāḍī Abū ʿAbd al-Raḥmān Aḥmad b. Šuʿayb b. ʿAlī b. Sinān b. Baḥr b. Dīnār
Ḫaṣāʾiṣ Amīr al-muʾminīn ʿAlī b. Abī Ṭālib
Ḫaṣāʾiṣ ʿAlī
al-Nasāʾī
al-Qāḍī Abū ʿAbd al-Raḥmān Aḥmad b. Šuʿayb b. ʿAlī b. Sinān b. Baḥr b. Dīnār
Ḫaṣāʾiṣ Amīr al-muʾminīn ʿAlī b. Abī Ṭālib
Ḫaṣāʾiṣ ʿAlī
al-Nasāʾī
al-Qāḍī Abū ʿAbd al-Raḥmān Aḥmad b. Šuʿayb b. ʿAlī b. Sinān b. Baḥr b. Dīnār
Maǧlisān min imlāʾ al-Nasāʾī
Ǧuzʾ fīhi maǧlisān min imlāʾ al-Nasāʾī
al-Nasāʾī
al-Qāḍī Abū ʿAbd al-Raḥmān Aḥmad b. Šuʿayb b. ʿAlī b. Sinān b. Baḥr b. Dīnār
Maǧlisān min imlāʾ al-Nasāʾī
Ǧuzʾ fīhi maǧlisān min imlāʾ al-Nasāʾī
al-Nasāʾī
al-Qāḍī Abū ʿAbd al-Raḥmān Aḥmad b. Šuʿayb b. ʿAlī b. Sinān b. Baḥr b. Dīnār
Maǧlisān min imlāʾ al-Nasāʾī
Ǧuzʾ fīhi maǧlisān min imlāʾ al-Nasāʾī
al-Nasāʾī
al-Qāḍī Abū ʿAbd al-Raḥmān Aḥmad b. Šuʿayb b. ʿAlī b. Sinān b. Baḥr b. Dīnār
Maǧlisān min imlāʾ al-Nasāʾī
Ǧuzʾ fīhi maǧlisān min imlāʾ al-Nasāʾī
al-Nasāʾī
al-Qāḍī Abū ʿAbd al-Raḥmān Aḥmad b. Šuʿayb b. ʿAlī b. Sinān b. Baḥr b. Dīnār
Kitāb al-Nuʿūt al-asmāʾ wa-al-ṣifāt

al-Nasāʾī
al-Qāḍī Abū ʿAbd al-Raḥmān Aḥmad b. Šuʿayb b. ʿAlī b. Sinān b. Baḥr b. Dīnār
Kitāb al-Nuʿūt al-asmāʾ wa-al-ṣifāt

al-Nasāʾī
al-Qāḍī Abū ʿAbd al-Raḥmān Aḥmad b. Šuʿayb b. ʿAlī b. Sinān b. Baḥr b. Dīnār
Kitāb al-Sunan al-Kubrá
Kitāb al-Sunan
al-Nasāʾī
al-Qāḍī Abū ʿAbd al-Raḥmān Aḥmad b. Šuʿayb b. ʿAlī b. Sinān b. Baḥr b. Dīnār
Kitāb al-Sunan al-Kubrá
Kitāb al-Sunan
al-Nasāʾī
al-Qāḍī Abū ʿAbd al-Raḥmān Aḥmad b. Šuʿayb b. ʿAlī b. Sinān b. Baḥr b. Dīnār
Kitāb al-Sunan al-Kubrá
Kitāb al-Sunan
al-Nasāʾī
al-Qāḍī Abū ʿAbd al-Raḥmān Aḥmad b. Šuʿayb b. ʿAlī b. Sinān b. Baḥr b. Dīnār
Kitāb al-Sunan al-Kubrá
Kitāb al-Sunan
al-Nasāʾī
al-Qāḍī Abū ʿAbd al-Raḥmān Aḥmad b. Šuʿayb b. ʿAlī b. Sinān b. Baḥr b. Dīnār
Kitāb al-Sunan al-Kubrá
Kitāb al-Sunan
al-Nasāʾī
al-Qāḍī Abū ʿAbd al-Raḥmān Aḥmad b. Šuʿayb b. ʿAlī b. Sinān b. Baḥr b. Dīnār
Sunan
al-Nasāʾī
al-Qāḍī Abū ʿAbd al-Raḥmān Aḥmad b. Šuʿayb b. ʿAlī b. Sinān b. Baḥr b. Dīnār
Sunan
al-Nasāʾī
al-Qāḍī Abū ʿAbd al-Raḥmān Aḥmad b. Šuʿayb b. ʿAlī b. Sinān b. Baḥr b. Dīnār
Sunan
al-Nasāʾī
al-Qāḍī Abū ʿAbd al-Raḥmān Aḥmad b. Šuʿayb b. ʿAlī b. Sinān b. Baḥr b. Dīnār
Sunan
al-Nasāʾī
al-Qāḍī Abū ʿAbd al-Raḥmān Aḥmad b. Šuʿayb b. ʿAlī b. Sinān b. Baḥr b. Dīnār
al-Ṭabaqāt
Ṭabaqāt aṣḥāb Nāfiʿ wa-al-Aʿmaš
al-Nasāʾī
al-Qāḍī Abū ʿAbd al-Raḥmān Aḥmad b. Šuʿayb b. ʿAlī b. Sinān b. Baḥr b. Dīnār
al-Ṭabaqāt
Ṭabaqāt aṣḥāb Nāfiʿ wa-al-Aʿmaš
al-Nasāʾī
al-Qāḍī Abū ʿAbd al-Raḥmān Aḥmad b. Šuʿayb b. ʿAlī b. Sinān b. Baḥr b. Dīnār
al-Ṭabaqāt
Ṭabaqāt aṣḥāb Nāfiʿ wa-al-Aʿmaš
al-Nasāʾī
al-Qāḍī Abū ʿAbd al-Raḥmān Aḥmad b. Šuʿayb b. ʿAlī b. Sinān b. Baḥr b. Dīnār
al-Ṭabaqāt
Ṭabaqāt aṣḥāb Nāfiʿ wa-al-Aʿmaš
al-Nasāʾī
al-Qāḍī Abū ʿAbd al-Raḥmān Aḥmad b. Šuʿayb b. ʿAlī b. Sinān b. Baḥr b. Dīnār
al-Ṭabaqāt
Ṭabaqāt aṣḥāb Nāfiʿ wa-al-Aʿmaš
al-Nasāʾī
al-Qāḍī Abū ʿAbd al-Raḥmān Aḥmad b. Šuʿayb b. ʿAlī b. Sinān b. Baḥr b. Dīnār
al-Ṭabaqāt
Ṭabaqāt aṣḥāb Nāfiʿ wa-al-Aʿmaš
al-Nasāʾī
al-Qāḍī Abū ʿAbd al-Raḥmān Aḥmad b. Šuʿayb b. ʿAlī b. Sinān b. Baḥr b. Dīnār
al-Ṭabaqāt
Ṭabaqāt aṣḥāb Nāfiʿ wa-al-Aʿmaš
al-Nasāʾī
al-Qāḍī Abū ʿAbd al-Raḥmān Aḥmad b. Šuʿayb b. ʿAlī b. Sinān b. Baḥr b. Dīnār
al-Ṭabaqāt
Ṭabaqāt aṣḥāb Nāfiʿ wa-al-Aʿmaš
al-Nasāʾī
al-Qāḍī Abū ʿAbd al-Raḥmān Aḥmad b. Šuʿayb b. ʿAlī b. Sinān b. Baḥr b. Dīnār
al-Ṭabaqāt
Ṭabaqāt aṣḥāb Nāfiʿ wa-al-Aʿmaš
al-Nasāʾī
al-Qāḍī Abū ʿAbd al-Raḥmān Aḥmad b. Šuʿayb b. ʿAlī b. Sinān b. Baḥr b. Dīnār
al-Ṭabaqāt
Ṭabaqāt aṣḥāb Nāfiʿ wa-al-Aʿmaš
al-Nasāʾī
al-Qāḍī Abū ʿAbd al-Raḥmān Aḥmad b. Šuʿayb b. ʿAlī b. Sinān b. Baḥr b. Dīnār
al-Nasāʾī
al-Qāḍī Abū ʿAbd al-Raḥmān Aḥmad b. Šuʿayb b. ʿAlī b. Sinān b. Baḥr b. Dīnār
Tasmiyaŧ fuqahāʾ al-amṣār
Tasmiyaŧ fuqahāʾ al-amṣār min aṣḥāb rasūl Allāh wa-¶    man baʿdahum
al-Nasāʾī
al-Qāḍī Abū ʿAbd al-Raḥmān Aḥmad b. Šuʿayb b. ʿAlī b. Sinān b. Baḥr b. Dīnār
Tasmiyaŧ fuqahāʾ al-amṣār
Tasmiyaŧ fuqahāʾ al-amṣār min aṣḥāb rasūl Allāh wa-¶    man baʿdahum
al-Nasāʾī
al-Qāḍī Abū ʿAbd al-Raḥmān Aḥmad b. Šuʿayb b. ʿAlī b. Sinān b. Baḥr b. Dīnār
Tasmiyaŧ fuqahāʾ al-amṣār
Tasmiyaŧ fuqahāʾ al-amṣār min aṣḥāb rasūl Allāh wa-¶    man baʿdahum
al-Nasāʾī
al-Qāḍī Abū ʿAbd al-Raḥmān Aḥmad b. Šuʿayb b. ʿAlī b. Sinān b. Baḥr b. Dīnār
Tasmiyaŧ fuqahāʾ al-amṣār
Tasmiyaŧ fuqahāʾ al-amṣār min aṣḥāb rasūl Allāh wa-¶    man baʿdahum
al-Nasāʾī
al-Qāḍī Abū ʿAbd al-Raḥmān Aḥmad b. Šuʿayb b. ʿAlī b. Sinān b. Baḥr b. Dīnār
Tasmiyaŧ fuqahāʾ al-amṣār
Tasmiyaŧ fuqahāʾ al-amṣār min aṣḥāb rasūl Allāh wa-¶    man baʿdahum
al-Nasāʾī
al-Qāḍī Abū ʿAbd al-Raḥmān Aḥmad b. Šuʿayb b. ʿAlī b. Sinān b. Baḥr b. Dīnār
Tasmiyaŧ fuqahāʾ al-amṣār
Tasmiyaŧ fuqahāʾ al-amṣār min aṣḥāb rasūl Allāh wa-¶    man baʿdahum
al-Nasāʾī
al-Qāḍī Abū ʿAbd al-Raḥmān Aḥmad b. Šuʿayb b. ʿAlī b. Sinān b. Baḥr b. Dīnār
Tasmiyaŧ fuqahāʾ al-amṣār
Tasmiyaŧ fuqahāʾ al-amṣār min aṣḥāb rasūl Allāh wa-¶    man baʿdahum
al-Nasāʾī
al-Qāḍī Abū ʿAbd al-Raḥmān Aḥmad b. Šuʿayb b. ʿAlī b. Sinān b. Baḥr b. Dīnār
Tasmiyaŧ fuqahāʾ al-amṣār
Tasmiyaŧ fuqahāʾ al-amṣār min aṣḥāb rasūl Allāh wa-¶    man baʿdahum
al-Nasāʾī
al-Qāḍī Abū ʿAbd al-Raḥmān Aḥmad b. Šuʿayb b. ʿAlī b. Sinān b. Baḥr b. Dīnār
Tasmiyaŧ fuqahāʾ al-amṣār
Tasmiyaŧ fuqahāʾ al-amṣār min aṣḥāb rasūl Allāh wa-¶    man baʿdahum
al-Nasāʾī
al-Qāḍī Abū ʿAbd al-Raḥmān Aḥmad b. Šuʿayb b. ʿAlī b. Sinān b. Baḥr b. Dīnār
Tasmiyaŧ fuqahāʾ al-amṣār
Tasmiyaŧ fuqahāʾ al-amṣār min aṣḥāb rasūl Allāh wa-¶    man baʿdahum
al-Nasāʾī
al-Qāḍī Abū ʿAbd al-Raḥmān Aḥmad b. Šuʿayb b. ʿAlī b. Sinān b. Baḥr b. Dīnār
Tasmiyaŧ man lam yarwi ʿanhu ġayr raǧul wāḥid

al-Nasāʾī
al-Qāḍī Abū ʿAbd al-Raḥmān Aḥmad b. Šuʿayb b. ʿAlī b. Sinān b. Baḥr b. Dīnār
Tasmiyaŧ man lam yarwi ʿanhu ġayr raǧul wāḥid

al-Nasāʾī
al-Qāḍī Abū ʿAbd al-Raḥmān Aḥmad b. Šuʿayb b. ʿAlī b. Sinān b. Baḥr b. Dīnār
Tasmiyaŧ man lam yarwi ʿanhu ġayr raǧul wāḥid

al-Nasāʾī
al-Qāḍī Abū ʿAbd al-Raḥmān Aḥmad b. Šuʿayb b. ʿAlī b. Sinān b. Baḥr b. Dīnār
Tasmiyaŧ man lam yarwi ʿanhu ġayr raǧul wāḥid

al-Nasāʾī
al-Qāḍī Abū ʿAbd al-Raḥmān Aḥmad b. Šuʿayb b. ʿAlī b. Sinān b. Baḥr b. Dīnār
Tasmiyaŧ man lam yarwi ʿanhu ġayr raǧul wāḥid

al-Nasāʾī
al-Qāḍī Abū ʿAbd al-Raḥmān Aḥmad b. Šuʿayb b. ʿAlī b. Sinān b. Baḥr b. Dīnār
Tasmiyaŧ man lam yarwi ʿanhu ġayr raǧul wāḥid

al-Nasāʾī
al-Qāḍī Abū ʿAbd al-Raḥmān Aḥmad b. Šuʿayb b. ʿAlī b. Sinān b. Baḥr b. Dīnār
Tasmiyaŧ man lam yarwi ʿanhu ġayr raǧul wāḥid

al-Nasāʾī
al-Qāḍī Abū ʿAbd al-Raḥmān Aḥmad b. Šuʿayb b. ʿAlī b. Sinān b. Baḥr b. Dīnār
Tasmiyaŧ Mašāyiḫ al-Nasāʾī
Tasmiyaŧ Mašāyiḫ Abī ʿAbd al-Raḥmãn Aḥmad ibn Šuʿayb¶    b. ʿAlī al-Nasāʾī al-laḏīna samiʿa minhum
al-Nasāʾī
al-Qāḍī Abū ʿAbd al-Raḥmān Aḥmad b. Šuʿayb b. ʿAlī b. Sinān b. Baḥr b. Dīnār
Tasmiyaŧ Mašāyiḫ al-Nasāʾī
Tasmiyaŧ Mašāyiḫ Abī ʿAbd al-Raḥmãn Aḥmad ibn Šuʿayb¶    b. ʿAlī al-Nasāʾī al-laḏīna samiʿa minhum
al-Nasāʾī
al-Qāḍī Abū ʿAbd al-Raḥmān Aḥmad b. Šuʿayb b. ʿAlī b. Sinān b. Baḥr b. Dīnār
Kitāb al-Wafāŧ
Kitāb Wafāŧ al-nabī
al-Nasāʾī
al-Qāḍī Abū ʿAbd al-Raḥmān Aḥmad b. Šuʿayb b. ʿAlī b. Sinān b. Baḥr b. Dīnār
Kitāb al-Wafāŧ
Kitāb Wafāŧ al-nabī
al-Nasāʾī
al-Qāḍī Abū ʿAbd al-Raḥmān Aḥmad b. Šuʿayb b. ʿAlī b. Sinān b. Baḥr b. Dīnār
Kitāb al-Wafāŧ
Kitāb Wafāŧ al-nabī
al-Nasāʾī
al-Qāḍī Abū ʿAbd al-Raḥmān Aḥmad b. Šuʿayb b. ʿAlī b. Sinān b. Baḥr b. Dīnār
Kitāb Babus fī al-Aʿẓām al-munṭaqa wa-al-summ

Abū ʿUṯmān al-Dimašqī
 Abū ʿUṯmān Saʿīd b. Yaʿqūb al-Dimašqī
Īsāġūǧī

Abū ʿUṯmān al-Dimašqī
 Abū ʿUṯmān Saʿīd b. Yaʿqūb al-Dimašqī
Īsāġūǧī

Abū ʿUṯmān al-Dimašqī
 Abū ʿUṯmān Saʿīd b. Yaʿqūb al-Dimašqī
Maqālaŧ al-Iskandar al-Afrūdīsī fī al-ašyāʾ al-¶    ʿāmmiyya al-kulliyya

Abū ʿUṯmān al-Dimašqī
 Abū ʿUṯmān Saʿīd b. Yaʿqūb al-Dimašqī
Maqālaŧ al-Iskandar al-Afrūdīsī fī al-istiṭāʿaŧ

Abū ʿUṯmān al-Dimašqī
 Abū ʿUṯmān Saʿīd b. Yaʿqūb al-Dimašqī
Maqālaŧ al-Iskandar al-Afrūdīsī fī al-lawn

Abū ʿUṯmān al-Dimašqī
 Abū ʿUṯmān Saʿīd b. Yaʿqūb al-Dimašqī
Ṭūpīqā li-Arisṭūṭālīs

Abū ʿUṯmān al-Dimašqī
 Abū ʿUṯmān Saʿīd b. Yaʿqūb al-Dimašqī
Kurāʿ al-Naml
 Abū al-Ḥasan ʿAlī b. al-Ḥasan al-Hunāʾī, al-Azdī
Kurāʿ al-Naml
 Abū al-Ḥasan ʿAlī b. al-Ḥasan al-Hunāʾī, al-Azdī
Šarḥ Kitāb al-uṣūl li-Ūqlīdis

Abū al-ʿAbbās al-Nayrīzī
 Abū al-ʿAbbās al-Faḍl b. Ḥātim al-Nayrīzī
Šarḥ Kitāb al-uṣūl li-Ūqlīdis

Abū al-ʿAbbās al-Nayrīzī
 Abū al-ʿAbbās al-Faḍl b. Ḥātim al-Nayrīzī
Šarḥ Kitāb al-uṣūl li-Ūqlīdis

Abū al-ʿAbbās al-Nayrīzī
 Abū al-ʿAbbās al-Faḍl b. Ḥātim al-Nayrīzī
al-Ṭabarī
Abū Ǧaʿfar Muḥammad b. Ǧarīr b. Yazīd b. Kaṯīr b. Ġālib al-Ṭabarī, al-Āmulī
al-Ṭabarī
Abū Ǧaʿfar Muḥammad b. Ǧarīr b. Yazīd b. Kaṯīr b. Ġālib al-Ṭabarī, al-Āmulī
al-Ṭabarī
Abū Ǧaʿfar Muḥammad b. Ǧarīr b. Yazīd b. Kaṯīr b. Ġālib al-Ṭabarī, al-Āmulī
al-Ṭabarī
Abū Ǧaʿfar Muḥammad b. Ǧarīr b. Yazīd b. Kaṯīr b. Ġālib al-Ṭabarī, al-Āmulī
al-Ṭabarī
Abū Ǧaʿfar Muḥammad b. Ǧarīr b. Yazīd b. Kaṯīr b. Ġālib al-Ṭabarī, al-Āmulī
al-Ṭabarī
Abū Ǧaʿfar Muḥammad b. Ǧarīr b. Yazīd b. Kaṯīr b. Ġālib al-Ṭabarī, al-Āmulī
al-Ṭabarī
Abū Ǧaʿfar Muḥammad b. Ǧarīr b. Yazīd b. Kaṯīr b. Ġālib al-Ṭabarī, al-Āmulī
al-Ṭabarī
Abū Ǧaʿfar Muḥammad b. Ǧarīr b. Yazīd b. Kaṯīr b. Ġālib al-Ṭabarī, al-Āmulī
al-Ṭabarī
Abū Ǧaʿfar Muḥammad b. Ǧarīr b. Yazīd b. Kaṯīr b. Ġālib al-Ṭabarī, al-Āmulī
al-Ṭabarī
Abū Ǧaʿfar Muḥammad b. Ǧarīr b. Yazīd b. Kaṯīr b. Ġālib al-Ṭabarī, al-Āmulī
al-Ṭabarī
Abū Ǧaʿfar Muḥammad b. Ǧarīr b. Yazīd b. Kaṯīr b. Ġālib al-Ṭabarī, al-Āmulī
Ṣarīḥ al-sunnaŧ
al-Ṭabarī
Abū Ǧaʿfar Muḥammad b. Ǧarīr b. Yazīd b. Kaṯīr b. Ġālib al-Ṭabarī, al-Āmulī
Ṣarīḥ al-sunnaŧ
al-Ṭabarī
Abū Ǧaʿfar Muḥammad b. Ǧarīr b. Yazīd b. Kaṯīr b. Ġālib al-Ṭabarī, al-Āmulī
Ṣarīḥ al-sunnaŧ
al-Ṭabarī
Abū Ǧaʿfar Muḥammad b. Ǧarīr b. Yazīd b. Kaṯīr b. Ġālib al-Ṭabarī, al-Āmulī
al-Ṭabarī
Abū Ǧaʿfar Muḥammad b. Ǧarīr b. Yazīd b. Kaṯīr b. Ġālib al-Ṭabarī, al-Āmulī
Tahḏīb al-Āṯār
Tahḏīb al-āṯār wa-tafṣīl al-ṯābit ʿan rasūl Allāh¶    min al-aḫbār
al-Ṭabarī
Abū Ǧaʿfar Muḥammad b. Ǧarīr b. Yazīd b. Kaṯīr b. Ġālib al-Ṭabarī, al-Āmulī
Tahḏīb al-Āṯār
Tahḏīb al-āṯār wa-tafṣīl al-ṯābit ʿan rasūl Allāh¶    min al-aḫbār
al-Ṭabarī
Abū Ǧaʿfar Muḥammad b. Ǧarīr b. Yazīd b. Kaṯīr b. Ġālib al-Ṭabarī, al-Āmulī
Tārīḫ al-Ṭabarī
Tārīḫ al-rusul wa-l-mulūk
al-Ṭabarī
Abū Ǧaʿfar Muḥammad b. Ǧarīr b. Yazīd b. Kaṯīr b. Ġālib al-Ṭabarī, al-Āmulī
Tārīḫ al-Ṭabarī
Tārīḫ al-rusul wa-l-mulūk
al-Ṭabarī
Abū Ǧaʿfar Muḥammad b. Ǧarīr b. Yazīd b. Kaṯīr b. Ġālib al-Ṭabarī, al-Āmulī
Tārīḫ al-Ṭabarī
Tārīḫ al-rusul wa-l-mulūk
al-Ṭabarī
Abū Ǧaʿfar Muḥammad b. Ǧarīr b. Yazīd b. Kaṯīr b. Ġālib al-Ṭabarī, al-Āmulī
Tārīḫ al-Ṭabarī
Tārīḫ al-rusul wa-l-mulūk
al-Ṭabarī
Abū Ǧaʿfar Muḥammad b. Ǧarīr b. Yazīd b. Kaṯīr b. Ġālib al-Ṭabarī, al-Āmulī
Tārīḫ al-Ṭabarī
Tārīḫ al-rusul wa-l-mulūk
al-Ṭabarī
Abū Ǧaʿfar Muḥammad b. Ǧarīr b. Yazīd b. Kaṯīr b. Ġālib al-Ṭabarī, al-Āmulī
al-Ṭaḥāwī
 Abū Ǧaʿfar Aḥmad b. Muḥammad b. Salāmaŧ b. ʿAbd al-malik al-Azdī al-Ḥaǧrī al-Ṭaḥāwī
al-Ṭaḥāwī
 Abū Ǧaʿfar Aḥmad b. Muḥammad b. Salāmaŧ b. ʿAbd al-malik al-Azdī al-Ḥaǧrī al-Ṭaḥāwī
al-Ṭaḥāwī
 Abū Ǧaʿfar Aḥmad b. Muḥammad b. Salāmaŧ b. ʿAbd al-malik al-Azdī al-Ḥaǧrī al-Ṭaḥāwī
al-Ṭaḥāwī
 Abū Ǧaʿfar Aḥmad b. Muḥammad b. Salāmaŧ b. ʿAbd al-malik al-Azdī al-Ḥaǧrī al-Ṭaḥāwī
al-Ṭaḥāwī
 Abū Ǧaʿfar Aḥmad b. Muḥammad b. Salāmaŧ b. ʿAbd al-malik al-Azdī al-Ḥaǧrī al-Ṭaḥāwī
al-Ṭaḥāwī
 Abū Ǧaʿfar Aḥmad b. Muḥammad b. Salāmaŧ b. ʿAbd al-malik al-Azdī al-Ḥaǧrī al-Ṭaḥāwī
al-Ṭaḥāwī
 Abū Ǧaʿfar Aḥmad b. Muḥammad b. Salāmaŧ b. ʿAbd al-malik al-Azdī al-Ḥaǧrī al-Ṭaḥāwī
al-Ṭaḥāwī
 Abū Ǧaʿfar Aḥmad b. Muḥammad b. Salāmaŧ b. ʿAbd al-malik al-Azdī al-Ḥaǧrī al-Ṭaḥāwī
al-Ṭaḥāwī
 Abū Ǧaʿfar Aḥmad b. Muḥammad b. Salāmaŧ b. ʿAbd al-malik al-Azdī al-Ḥaǧrī al-Ṭaḥāwī
al-Ṭaḥāwī
 Abū Ǧaʿfar Aḥmad b. Muḥammad b. Salāmaŧ b. ʿAbd al-malik al-Azdī al-Ḥaǧrī al-Ṭaḥāwī
al-Ṭaḥāwī
 Abū Ǧaʿfar Aḥmad b. Muḥammad b. Salāmaŧ b. ʿAbd al-malik al-Azdī al-Ḥaǧrī al-Ṭaḥāwī
al-Taswiyaŧ bayn ḥaddaṯanā wa bayn aḫbaranā wa ḏikr al-ḥuǧǧaŧ¶    fīh
al-Ṭaḥāwī
 Abū Ǧaʿfar Aḥmad b. Muḥammad b. Salāmaŧ b. ʿAbd al-malik al-Azdī al-Ḥaǧrī al-Ṭaḥāwī
Maqālaŧ al-Iskandar al-Afrūdīsī fī al-ašyāʾ al-¶    ʿāmmiyya al-kulliyya

Maqālaŧ al-Iskandar al-Afrūdīsī fī al-ḥiss

Maqālaŧ al-Iskandar al-Afrūdīsī fī anna al-nušūʾ wa-¶    al-namāʾ fī al-ṣūra lā fī al-hayūlā

Kitāb Anūlūṭīqā al-awāḫir wa-huwa al-maʿrūf bi Kitāb¶    al-Burhān li-Arisṭūṭālis

Abū Bišr Mattá b. Yūnus
 Abū Bišr Mattá b. Yūnus al-Qunnāʾī
Kitāb Arisṭūṭalis fī al-šiʿr

Abū Bišr Mattá b. Yūnus
 Abū Bišr Mattá b. Yūnus al-Qunnāʾī
Kitāb Arisṭūṭalis fī al-šiʿr

Abū Bišr Mattá b. Yūnus
 Abū Bišr Mattá b. Yūnus al-Qunnāʾī
Kitāb Arisṭūṭalis fī al-šiʿr

Abū Bišr Mattá b. Yūnus
 Abū Bišr Mattá b. Yūnus al-Qunnāʾī
Kitāb Arisṭūṭalis fī al-šiʿr

Abū Bišr Mattá b. Yūnus
 Abū Bišr Mattá b. Yūnus al-Qunnāʾī
Maqālaŧ al-Iskandar al-Afrūdīsī fī al-ʿināyaŧ

Abū Bišr Mattá b. Yūnus
 Abū Bišr Mattá b. Yūnus al-Qunnāʾī
Maǧhūl al-ʿunwān fī laṭīf al-kalām
Aḥkām al-ǧawāhir wa-al-aʿrāḍ
ʿAbd Allāh Ibn al-Labbād
  ʿAbd Allāh b. Saʿīd 
ʿAbd Allāh Ibn al-Labbād
  ʿAbd Allāh b. Saʿīd 
ʾAl-muǧālasaŧ wa ǧawāhirủ al-ʿilm

Ibn Marwān al-Dīnawarī
 ʾAbī Bakr ʾAḥmad b. Marwān b. Muḥammad al-Dīnawarī, al-Qāḍī, al-Mālikī, al-Faqīh, al-ʿAllāmaŧ, al- muḥaddiṯ
ʾAl-muǧālasaŧ wa ǧawāhirủ al-ʿilm

Ibn Marwān al-Dīnawarī
 ʾAbī Bakr ʾAḥmad b. Marwān b. Muḥammad al-Dīnawarī, al-Qāḍī, al-Mālikī, al-Faqīh, al-ʿAllāmaŧ, al- muḥaddiṯ
ʾAl-muǧālasaŧ wa ǧawāhirủ al-ʿilm

Ibn Marwān al-Dīnawarī
 ʾAbī Bakr ʾAḥmad b. Marwān b. Muḥammad al-Dīnawarī, al-Qāḍī, al-Mālikī, al-Faqīh, al-ʿAllāmaŧ, al- muḥaddiṯ
Ibn Marwān al-Dīnawarī
 ʾAbī Bakr ʾAḥmad b. Marwān b. Muḥammad al-Dīnawarī, al-Qāḍī, al-Mālikī, al-Faqīh, al-ʿAllāmaŧ, al- muḥaddiṯ
Ibn Marwān al-Dīnawarī
 ʾAbī Bakr ʾAḥmad b. Marwān b. Muḥammad al-Dīnawarī, al-Qāḍī, al-Mālikī, al-Faqīh, al-ʿAllāmaŧ, al- muḥaddiṯ
Ibn Marwān al-Dīnawarī
 ʾAbī Bakr ʾAḥmad b. Marwān b. Muḥammad al-Dīnawarī, al-Qāḍī, al-Mālikī, al-Faqīh, al-ʿAllāmaŧ, al- muḥaddiṯ
al-Ṣūlī
 Abū Bakr Muḥammad b. Yaḥyá b. al-ʿAbbās b. Muḥammad b. Ṣūl 
al-Ṣūlī
 Abū Bakr Muḥammad b. Yaḥyá b. al-ʿAbbās b. Muḥammad b. Ṣūl 
al-Ṣūlī
 Abū Bakr Muḥammad b. Yaḥyá b. al-ʿAbbās b. Muḥammad b. Ṣūl 
al-Ṣūlī
 Abū Bakr Muḥammad b. Yaḥyá b. al-ʿAbbās b. Muḥammad b. Ṣūl 
al-Ṣūlī
 Abū Bakr Muḥammad b. Yaḥyá b. al-ʿAbbās b. Muḥammad b. Ṣūl 
al-Ṣūlī
 Abū Bakr Muḥammad b. Yaḥyá b. al-ʿAbbās b. Muḥammad b. Ṣūl 
al-Ṣūlī
 Abū Bakr Muḥammad b. Yaḥyá b. al-ʿAbbās b. Muḥammad b. Ṣūl 
al-Ṣūlī
 Abū Bakr Muḥammad b. Yaḥyá b. al-ʿAbbās b. Muḥammad b. Ṣūl 
al-Ṣūlī
 Abū Bakr Muḥammad b. Yaḥyá b. al-ʿAbbās b. Muḥammad b. Ṣūl 
Ǧuzʾ min aḥādīṯ Abī Bakr al-Ṣūlī
al-Ṣūlī
 Abū Bakr Muḥammad b. Yaḥyá b. al-ʿAbbās b. Muḥammad b. Ṣūl 
Qiṭʿaŧ nādiraŧ min Kitāb al-Awrāq

al-Ṣūlī
 Abū Bakr Muḥammad b. Yaḥyá b. al-ʿAbbās b. Muḥammad b. Ṣūl 
Risālaŧ fī qawānīn al-šiʿr
Maqālaŧ fī qawānīn ṣināʿaŧ al-šuʿarāʾ li-al-muʿallim¶    al-ṯānī
Taṯbīt al-imāmaŧ
al-Manṣūr bi-Allãh
al-Manṣūr bi-Allãh Abū Ṭāhir Ismāʿīl b. Muḥammad b. ʿUbayd Allãh
Kitāb al-Masālik wa-al-mamālik

al-Iṣṭaḫrī
 Abū Isḥāq Ibrāhīm b. Muḥammad al-Fārisī al-Iṣṭaḫrī
Kitāb al-Masālik wa-al-mamālik

al-Iṣṭaḫrī
 Abū Isḥāq Ibrāhīm b. Muḥammad al-Fārisī al-Iṣṭaḫrī
Kitāb al-Masālik wa-al-mamālik

al-Iṣṭaḫrī
 Abū Isḥāq Ibrāhīm b. Muḥammad al-Fārisī al-Iṣṭaḫrī
Kitāb al-Masālik wa-al-mamālik

al-Iṣṭaḫrī
 Abū Isḥāq Ibrāhīm b. Muḥammad al-Fārisī al-Iṣṭaḫrī
Kitāb al-Masālik wa-al-mamālik

al-Iṣṭaḫrī
 Abū Isḥāq Ibrāhīm b. Muḥammad al-Fārisī al-Iṣṭaḫrī
Kitāb al-Masālik wa-al-mamālik

al-Iṣṭaḫrī
 Abū Isḥāq Ibrāhīm b. Muḥammad al-Fārisī al-Iṣṭaḫrī
Aḫbār al-zamān wa man abādahu al-ḥidṯān wa ʿaǧāʾib al-buldān¶    wa-l-ġāmir bi-al-māʾ wa-l-ʿumrān
al-Masʿūdī
 Abū-al-Ḥasan ʿAlī b. al-Ḥusayn b. ʿAlī al-Masʿūdī
Aḫbār al-zamān wa man abādahu al-ḥidṯān wa ʿaǧāʾib al-buldān¶    wa-l-ġāmir bi-al-māʾ wa-l-ʿumrān
al-Masʿūdī
 Abū-al-Ḥasan ʿAlī b. al-Ḥusayn b. ʿAlī al-Masʿūdī
Aḫbār al-zamān wa man abādahu al-ḥidṯān wa ʿaǧāʾib al-buldān¶    wa-l-ġāmir bi-al-māʾ wa-l-ʿumrān
al-Masʿūdī
 Abū-al-Ḥasan ʿAlī b. al-Ḥusayn b. ʿAlī al-Masʿūdī
Aḫbār al-zamān wa man abādahu al-ḥidṯān wa ʿaǧāʾib al-buldān¶    wa-l-ġāmir bi-al-māʾ wa-l-ʿumrān
al-Masʿūdī
 Abū-al-Ḥasan ʿAlī b. al-Ḥusayn b. ʿAlī al-Masʿūdī
al-Masʿūdī
 Abū-al-Ḥasan ʿAlī b. al-Ḥusayn b. ʿAlī al-Masʿūdī
al-Tanbīh wa-l-išrāf
al-Masʿūdī
 Abū-al-Ḥasan ʿAlī b. al-Ḥusayn b. ʿAlī al-Masʿūdī
al-Tanbīh wa-l-išrāf
al-Masʿūdī
 Abū-al-Ḥasan ʿAlī b. al-Ḥusayn b. ʿAlī al-Masʿūdī
al-Tanbīh wa-l-išrāf
al-Masʿūdī
 Abū-al-Ḥasan ʿAlī b. al-Ḥusayn b. ʿAlī al-Masʿūdī
Tārīḫ Ibn Yūnus al-Ṣadafī
Ibn Yūnus al-Ṣadafī
 Abū Saʿīd ʿAbd al-Raḥmãn b. Aḥmad b. Yūnus b. ʿAbd al-Aʿlá al-Ṣadafī, al-Miṣrī
Tārīḫ Ibn Yūnus al-Ṣadafī
Ibn Yūnus al-Ṣadafī
 Abū Saʿīd ʿAbd al-Raḥmãn b. Aḥmad b. Yūnus b. ʿAbd al-Aʿlá al-Ṣadafī, al-Miṣrī
Kitāb Arisṭūṭālīs fī al-nafs

Maqālaŧ min kalām al-muʿallim al-awwal Arisṭūṭālīs fī¶    al-ruʾyā

Sīraŧ Aḥmad ibn Ṭūlūn

al-Balawī
 Abū Muḥammad ʿAbd Al-lãh b. Muḥammad b. ʿUmayr b. Maḥfūẓ al-Madīnī al-Balawī
Abū Saʿīd al-Kudamī
 Abū Saʿīd Muḥammad b. Saʿīd al-Kudamī
Abū Saʿīd al-Kudamī
 Abū Saʿīd Muḥammad b. Saʿīd al-Kudamī
Abū Saʿīd al-Kudamī
 Abū Saʿīd Muḥammad b. Saʿīd al-Kudamī
Abū Saʿīd al-Kudamī
 Abū Saʿīd Muḥammad b. Saʿīd al-Kudamī
Abū al-Ḥasan al-Basīwī
 Abū al-Ḥasan ʿAlī b. Muḥammad b. ʿAlī b. Muḥammad b. al-Ḥasan al-Basīwī, al-ʿUmānī
Abū al-Ḥasan al-Basīwī
 Abū al-Ḥasan ʿAlī b. Muḥammad b. ʿAlī b. Muḥammad b. al-Ḥasan al-Basīwī, al-ʿUmānī
Sūfisṭīqā li-Arisṭūṭālīs

Abū Zakariyā Yaḥyá b. ʿAdī
 Abū Zakariyā Yaḥyá b. ʿAdī 
Ibn ʿAdī, Ibn al-Qaṭṭān
 Abū Aḥmad ʿAbd Allāh b. ʿAdī b. ʿAbd Allāh b. Muḥammad b. al-Mubārak al-Ǧurǧānī
Ibn ʿAdī, Ibn al-Qaṭṭān
 Abū Aḥmad ʿAbd Allāh b. ʿAdī b. ʿAbd Allāh b. Muḥammad b. al-Mubārak al-Ǧurǧānī
al-Kāmil fī maʿrifat ḍuʿafāʾ al-muḥaddiṯīn wa-ʿilal¶    al-ḥadīṯ
al-Kāmil, al-Kāmil fī ḍuʿafāʾ al-riǧāl
Ibn ʿAdī, Ibn al-Qaṭṭān
 Abū Aḥmad ʿAbd Allāh b. ʿAdī b. ʿAbd Allāh b. Muḥammad b. al-Mubārak al-Ǧurǧānī
al-Kāmil fī maʿrifat ḍuʿafāʾ al-muḥaddiṯīn wa-ʿilal¶    al-ḥadīṯ
al-Kāmil, al-Kāmil fī ḍuʿafāʾ al-riǧāl
Ibn ʿAdī, Ibn al-Qaṭṭān
 Abū Aḥmad ʿAbd Allāh b. ʿAdī b. ʿAbd Allāh b. Muḥammad b. al-Mubārak al-Ǧurǧānī
al-Kāmil fī maʿrifat ḍuʿafāʾ al-muḥaddiṯīn wa-ʿilal¶    al-ḥadīṯ
al-Kāmil, al-Kāmil fī ḍuʿafāʾ al-riǧāl
Ibn ʿAdī, Ibn al-Qaṭṭān
 Abū Aḥmad ʿAbd Allāh b. ʿAdī b. ʿAbd Allāh b. Muḥammad b. al-Mubārak al-Ǧurǧānī
al-Kāmil fī maʿrifat ḍuʿafāʾ al-muḥaddiṯīn wa-ʿilal¶    al-ḥadīṯ
al-Kāmil, al-Kāmil fī ḍuʿafāʾ al-riǧāl
Ibn ʿAdī, Ibn al-Qaṭṭān
 Abū Aḥmad ʿAbd Allāh b. ʿAdī b. ʿAbd Allāh b. Muḥammad b. al-Mubārak al-Ǧurǧānī
al-Kāmil fī maʿrifat ḍuʿafāʾ al-muḥaddiṯīn wa-ʿilal¶    al-ḥadīṯ
al-Kāmil, al-Kāmil fī ḍuʿafāʾ al-riǧāl
Ibn ʿAdī, Ibn al-Qaṭṭān
 Abū Aḥmad ʿAbd Allāh b. ʿAdī b. ʿAbd Allāh b. Muḥammad b. al-Mubārak al-Ǧurǧānī
al-Kāmil fī maʿrifat ḍuʿafāʾ al-muḥaddiṯīn wa-ʿilal¶    al-ḥadīṯ
al-Kāmil, al-Kāmil fī ḍuʿafāʾ al-riǧāl
Ibn ʿAdī, Ibn al-Qaṭṭān
 Abū Aḥmad ʿAbd Allāh b. ʿAdī b. ʿAbd Allāh b. Muḥammad b. al-Mubārak al-Ǧurǧānī
al-Kāmil fī maʿrifat ḍuʿafāʾ al-muḥaddiṯīn wa-ʿilal¶    al-ḥadīṯ
al-Kāmil, al-Kāmil fī ḍuʿafāʾ al-riǧāl
Ibn ʿAdī, Ibn al-Qaṭṭān
 Abū Aḥmad ʿAbd Allāh b. ʿAdī b. ʿAbd Allāh b. Muḥammad b. al-Mubārak al-Ǧurǧānī
al-Niffarī
  Muḥammad b. ʿAbd al-Ǧabbār al-Niffarī
Kitāb Mawqif al-mawāqif
al-Niffarī
  Muḥammad b. ʿAbd al-Ǧabbār al-Niffarī
al-Niffarī
  Muḥammad b. ʿAbd al-Ǧabbār al-Niffarī
Kitāb Ṣūraŧ al-arḍ

Ibn Ḥawqal
 Abū al-Qāsim Muḥammad b. Ḥawqal al-Naṣībī
Kitāb Ṣūraŧ al-arḍ

Ibn Ḥawqal
 Abū al-Qāsim Muḥammad b. Ḥawqal al-Naṣībī
Kitāb Ṣūraŧ al-arḍ

Ibn Ḥawqal
 Abū al-Qāsim Muḥammad b. Ḥawqal al-Naṣībī
Kitāb Ṣūraŧ al-arḍ

Ibn Ḥawqal
 Abū al-Qāsim Muḥammad b. Ḥawqal al-Naṣībī
al-Āmidī
 Abū al-Qāsim Ḥasan b. Bišr b. Yaḥyá 
al-Āmidī
 Abū al-Qāsim Ḥasan b. Bišr b. Yaḥyá 
al-Muwāzanaŧ bayn šiʿr Abī Tammām wa al-Buḥturī
al-Āmidī
 Abū al-Qāsim Ḥasan b. Bišr b. Yaḥyá 
al-Muwāzanaŧ bayn šiʿr Abī Tammām wa al-Buḥturī
al-Āmidī
 Abū al-Qāsim Ḥasan b. Bišr b. Yaḥyá 
al-Muwāzanaŧ bayn šiʿr Abī Tammām wa al-Buḥturī
al-Āmidī
 Abū al-Qāsim Ḥasan b. Bišr b. Yaḥyá 
al-Qurṭubī
 Abū al-Ḥasan ʿArīb b. Saʿd al-Kātib al-Qurṭubī
al-Qurṭubī
 Abū al-Ḥasan ʿArīb b. Saʿd al-Kātib al-Qurṭubī
al-Qurṭubī
 Abū al-Ḥasan ʿArīb b. Saʿd al-Kātib al-Qurṭubī
al-Qurṭubī
 Abū al-Ḥasan ʿArīb b. Saʿd al-Kātib al-Qurṭubī
Kitāb fī tartīb al-Anwāʾ
Kitāb fī tafṣīl al-azmān wa-maṣāliḥ al-abdān
al-Qurṭubī
 Abū al-Ḥasan ʿArīb b. Saʿd al-Kātib al-Qurṭubī
al-Ǧassās
 Abū Bakr Aḥmad b. ʿAlī al-Ǧassās al-Rāzī
al-Ǧassās
 Abū Bakr Aḥmad b. ʿAlī al-Ǧassās al-Rāzī
al-Ǧassās
 Abū Bakr Aḥmad b. ʿAlī al-Ǧassās al-Rāzī
al-Ǧassās
 Abū Bakr Aḥmad b. ʿAlī al-Ǧassās al-Rāzī
al-Ǧassās
 Abū Bakr Aḥmad b. ʿAlī al-Ǧassās al-Rāzī
al-Ǧassās
 Abū Bakr Aḥmad b. ʿAlī al-Ǧassās al-Rāzī
al-Ǧassās
 Abū Bakr Aḥmad b. ʿAlī al-Ǧassās al-Rāzī
Muḫtaṣar iḫtilāf al-ʿulamāʾ

al-Ǧassās
 Abū Bakr Aḥmad b. ʿAlī al-Ǧassās al-Rāzī
Muḫtaṣar iḫtilāf al-ʿulamāʾ

al-Ǧassās
 Abū Bakr Aḥmad b. ʿAlī al-Ǧassās al-Rāzī
Muḫtaṣar iḫtilāf al-ʿulamāʾ

al-Ǧassās
 Abū Bakr Aḥmad b. ʿAlī al-Ǧassās al-Rāzī
al-Ǧassās
 Abū Bakr Aḥmad b. ʿAlī al-Ǧassās al-Rāzī
Ǧāmiʿaŧ al-ǧāmiʿaŧ
    
Qawl ʿalá al-sirr al-maḫzūn wa al-ʿilm al-maḍmūn
    
Rasāʾil Iḫwān al-ṣafāʾ wa ḫillān al-wafāʾ
    
    
Tārīḫ mūlid al-ʿulamāʾ wa wafayātihim
Tārīḫ mūlid al-ʿulamāʾ wa wafayātihim
Ibn Zabr al-Rabʿī
 Abū Sulaymān Muḥammad b. ʿAbd-Allāh b. Aḥmad b. Sulaymān b. Zabr al-Rabʿī, al-Dimašqī
Ibn Zabr al-Rabʿī
 Abū Sulaymān Muḥammad b. ʿAbd-Allāh b. Aḥmad b. Sulaymān b. Zabr al-Rabʿī, al-Dimašqī
Ibn Zabr al-Rabʿī
 Abū Sulaymān Muḥammad b. ʿAbd-Allāh b. Aḥmad b. Sulaymān b. Zabr al-Rabʿī, al-Dimašqī
Kitāb al-Masālik wa-al-Mamālik
Kitāb al-ʿAzīzī
Kitāb al-Masālik wa-al-Mamālik
Kitāb al-ʿAzīzī
Ibn Bābawayh, al-Šayḫ al-Ṣadūq
 Abū Ǧaʿfar Muḥammad b. ʿAlī b. al-Ḥusayn b. Mūsā b. Bābawayh al-Qummī
Ibn Bābawayh, al-Šayḫ al-Ṣadūq
 Abū Ǧaʿfar Muḥammad b. ʿAlī b. al-Ḥusayn b. Mūsā b. Bābawayh al-Qummī
Ibn Bābawayh, al-Šayḫ al-Ṣadūq
 Abū Ǧaʿfar Muḥammad b. ʿAlī b. al-Ḥusayn b. Mūsā b. Bābawayh al-Qummī
Ibn Bābawayh, al-Šayḫ al-Ṣadūq
 Abū Ǧaʿfar Muḥammad b. ʿAlī b. al-Ḥusayn b. Mūsā b. Bābawayh al-Qummī
Ibn Bābawayh, al-Šayḫ al-Ṣadūq
 Abū Ǧaʿfar Muḥammad b. ʿAlī b. al-Ḥusayn b. Mūsā b. Bābawayh al-Qummī
Ibn Bābawayh, al-Šayḫ al-Ṣadūq
 Abū Ǧaʿfar Muḥammad b. ʿAlī b. al-Ḥusayn b. Mūsā b. Bābawayh al-Qummī
Ibn Bābawayh, al-Šayḫ al-Ṣadūq
 Abū Ǧaʿfar Muḥammad b. ʿAlī b. al-Ḥusayn b. Mūsā b. Bābawayh al-Qummī
Ibn Bābawayh, al-Šayḫ al-Ṣadūq
 Abū Ǧaʿfar Muḥammad b. ʿAlī b. al-Ḥusayn b. Mūsā b. Bābawayh al-Qummī
Ibn Bābawayh, al-Šayḫ al-Ṣadūq
 Abū Ǧaʿfar Muḥammad b. ʿAlī b. al-Ḥusayn b. Mūsā b. Bābawayh al-Qummī
Ibn Bābawayh, al-Šayḫ al-Ṣadūq
 Abū Ǧaʿfar Muḥammad b. ʿAlī b. al-Ḥusayn b. Mūsā b. Bābawayh al-Qummī
Ibn Bābawayh, al-Šayḫ al-Ṣadūq
 Abū Ǧaʿfar Muḥammad b. ʿAlī b. al-Ḥusayn b. Mūsā b. Bābawayh al-Qummī
Ibn Bābawayh, al-Šayḫ al-Ṣadūq
 Abū Ǧaʿfar Muḥammad b. ʿAlī b. al-Ḥusayn b. Mūsā b. Bābawayh al-Qummī
Ibn Bābawayh, al-Šayḫ al-Ṣadūq
 Abū Ǧaʿfar Muḥammad b. ʿAlī b. al-Ḥusayn b. Mūsā b. Bābawayh al-Qummī
Ibn Bābawayh, al-Šayḫ al-Ṣadūq
 Abū Ǧaʿfar Muḥammad b. ʿAlī b. al-Ḥusayn b. Mūsā b. Bābawayh al-Qummī
Ibn Bābawayh, al-Šayḫ al-Ṣadūq
 Abū Ǧaʿfar Muḥammad b. ʿAlī b. al-Ḥusayn b. Mūsā b. Bābawayh al-Qummī
Ibn Bābawayh, al-Šayḫ al-Ṣadūq
 Abū Ǧaʿfar Muḥammad b. ʿAlī b. al-Ḥusayn b. Mūsā b. Bābawayh al-Qummī
Ibn Bābawayh, al-Šayḫ al-Ṣadūq
 Abū Ǧaʿfar Muḥammad b. ʿAlī b. al-Ḥusayn b. Mūsā b. Bābawayh al-Qummī
Ibn Bābawayh, al-Šayḫ al-Ṣadūq
 Abū Ǧaʿfar Muḥammad b. ʿAlī b. al-Ḥusayn b. Mūsā b. Bābawayh al-Qummī
Ibn Bābawayh, al-Šayḫ al-Ṣadūq
 Abū Ǧaʿfar Muḥammad b. ʿAlī b. al-Ḥusayn b. Mūsā b. Bābawayh al-Qummī
Ibn Bābawayh, al-Šayḫ al-Ṣadūq
 Abū Ǧaʿfar Muḥammad b. ʿAlī b. al-Ḥusayn b. Mūsā b. Bābawayh al-Qummī
Man lā yaḥḍuruhu al-faqīh

Ibn Bābawayh, al-Šayḫ al-Ṣadūq
 Abū Ǧaʿfar Muḥammad b. ʿAlī b. al-Ḥusayn b. Mūsā b. Bābawayh al-Qummī
Man lā yaḥḍuruhu al-faqīh

Ibn Bābawayh, al-Šayḫ al-Ṣadūq
 Abū Ǧaʿfar Muḥammad b. ʿAlī b. al-Ḥusayn b. Mūsā b. Bābawayh al-Qummī
al-Muqniʿ
al-Muqniʿ
Ibn Bābawayh, al-Šayḫ al-Ṣadūq
 Abū Ǧaʿfar Muḥammad b. ʿAlī b. al-Ḥusayn b. Mūsā b. Bābawayh al-Qummī
Ibn Bābawayh, al-Šayḫ al-Ṣadūq
 Abū Ǧaʿfar Muḥammad b. ʿAlī b. al-Ḥusayn b. Mūsā b. Bābawayh al-Qummī
Ibn Bābawayh, al-Šayḫ al-Ṣadūq
 Abū Ǧaʿfar Muḥammad b. ʿAlī b. al-Ḥusayn b. Mūsā b. Bābawayh al-Qummī
Ibn Bābawayh, al-Šayḫ al-Ṣadūq
 Abū Ǧaʿfar Muḥammad b. ʿAlī b. al-Ḥusayn b. Mūsā b. Bābawayh al-Qummī
Ibn Bābawayh, al-Šayḫ al-Ṣadūq
 Abū Ǧaʿfar Muḥammad b. ʿAlī b. al-Ḥusayn b. Mūsā b. Bābawayh al-Qummī
Ibn Bābawayh, al-Šayḫ al-Ṣadūq
 Abū Ǧaʿfar Muḥammad b. ʿAlī b. al-Ḥusayn b. Mūsā b. Bābawayh al-Qummī
al-Saʿādaŧ wa-l-isʿād fī al-sīraŧ al-insāniyyaŧ
al-ʿĀmirī
 Abū al-Ḥasan Muḥammad b. Yūsuf al-ʿĀmirī al-Naysābūrī
al-Rummānī
 Abū al-Ḥasan ʿAlī b. ʿĪsá b. ʿAlī b. ʿAbd Allāh al-Iḫšīdī, al-Warrāq, al-Ǧāmiʿ, al-Rummānī
Risālaŧ Manāzil al-ḥurūf
Risālaŧ Maʿānī al-ḥurūf, Kitāb al-ḥurūf
al-Rummānī
 Abū al-Ḥasan ʿAlī b. ʿĪsá b. ʿAlī b. ʿAbd Allāh al-Iḫšīdī, al-Warrāq, al-Ǧāmiʿ, al-Rummānī
Risālaŧ Manāzil al-ḥurūf
Risālaŧ Maʿānī al-ḥurūf, Kitāb al-ḥurūf
al-Rummānī
 Abū al-Ḥasan ʿAlī b. ʿĪsá b. ʿAlī b. ʿAbd Allāh al-Iḫšīdī, al-Warrāq, al-Ǧāmiʿ, al-Rummānī
Risālaŧ Manāzil al-ḥurūf
Risālaŧ Maʿānī al-ḥurūf, Kitāb al-ḥurūf
al-Rummānī
 Abū al-Ḥasan ʿAlī b. ʿĪsá b. ʿAlī b. ʿAbd Allāh al-Iḫšīdī, al-Warrāq, al-Ǧāmiʿ, al-Rummānī
al-Rummānī
 Abū al-Ḥasan ʿAlī b. ʿĪsá b. ʿAlī b. ʿAbd Allāh al-Iḫšīdī, al-Warrāq, al-Ǧāmiʿ, al-Rummānī
al-Rummānī
 Abū al-Ḥasan ʿAlī b. ʿĪsá b. ʿAlī b. ʿAbd Allāh al-Iḫšīdī, al-Warrāq, al-Ǧāmiʿ, al-Rummānī
Risālaŧ al-Ḥudūd
Kitāb  al-Ḥudūd fī al-naḥw
al-Rummānī
 Abū al-Ḥasan ʿAlī b. ʿĪsá b. ʿAlī b. ʿAbd Allāh al-Iḫšīdī, al-Warrāq, al-Ǧāmiʿ, al-Rummānī
Risālaŧ al-Ḥudūd
Kitāb  al-Ḥudūd fī al-naḥw
al-Rummānī
 Abū al-Ḥasan ʿAlī b. ʿĪsá b. ʿAlī b. ʿAbd Allāh al-Iḫšīdī, al-Warrāq, al-Ǧāmiʿ, al-Rummānī
al-Rummānī
 Abū al-Ḥasan ʿAlī b. ʿĪsá b. ʿAlī b. ʿAbd Allāh al-Iḫšīdī, al-Warrāq, al-Ǧāmiʿ, al-Rummānī
al-Dāraquṭnī
 Abū al-Ḥasan ʿAlī b. ʿUmar b. Aḥmad b. Mahdī b. Masʿūd b. al-Nuʿmān b. Dīnār b. ʿAbd Allāh al-Dāraquṭnī
al-Dāraquṭnī
 Abū al-Ḥasan ʿAlī b. ʿUmar b. Aḥmad b. Mahdī b. Masʿūd b. al-Nuʿmān b. Dīnār b. ʿAbd Allāh al-Dāraquṭnī
al-Dāraquṭnī
 Abū al-Ḥasan ʿAlī b. ʿUmar b. Aḥmad b. Mahdī b. Masʿūd b. al-Nuʿmān b. Dīnār b. ʿAbd Allāh al-Dāraquṭnī
al-Dāraquṭnī
 Abū al-Ḥasan ʿAlī b. ʿUmar b. Aḥmad b. Mahdī b. Masʿūd b. al-Nuʿmān b. Dīnār b. ʿAbd Allāh al-Dāraquṭnī
al-Dāraquṭnī
 Abū al-Ḥasan ʿAlī b. ʿUmar b. Aḥmad b. Mahdī b. Masʿūd b. al-Nuʿmān b. Dīnār b. ʿAbd Allāh al-Dāraquṭnī
al-Dāraquṭnī
 Abū al-Ḥasan ʿAlī b. ʿUmar b. Aḥmad b. Mahdī b. Masʿūd b. al-Nuʿmān b. Dīnār b. ʿAbd Allāh al-Dāraquṭnī
al-Dāraquṭnī
 Abū al-Ḥasan ʿAlī b. ʿUmar b. Aḥmad b. Mahdī b. Masʿūd b. al-Nuʿmān b. Dīnār b. ʿAbd Allāh al-Dāraquṭnī
al-Dāraquṭnī
 Abū al-Ḥasan ʿAlī b. ʿUmar b. Aḥmad b. Mahdī b. Masʿūd b. al-Nuʿmān b. Dīnār b. ʿAbd Allāh al-Dāraquṭnī
al-Dāraquṭnī
 Abū al-Ḥasan ʿAlī b. ʿUmar b. Aḥmad b. Mahdī b. Masʿūd b. al-Nuʿmān b. Dīnār b. ʿAbd Allāh al-Dāraquṭnī
al-Dāraquṭnī
 Abū al-Ḥasan ʿAlī b. ʿUmar b. Aḥmad b. Mahdī b. Masʿūd b. al-Nuʿmān b. Dīnār b. ʿAbd Allāh al-Dāraquṭnī
al-Dāraquṭnī
 Abū al-Ḥasan ʿAlī b. ʿUmar b. Aḥmad b. Mahdī b. Masʿūd b. al-Nuʿmān b. Dīnār b. ʿAbd Allāh al-Dāraquṭnī
al-Dāraquṭnī
 Abū al-Ḥasan ʿAlī b. ʿUmar b. Aḥmad b. Mahdī b. Masʿūd b. al-Nuʿmān b. Dīnār b. ʿAbd Allāh al-Dāraquṭnī
al-Dāraquṭnī
 Abū al-Ḥasan ʿAlī b. ʿUmar b. Aḥmad b. Mahdī b. Masʿūd b. al-Nuʿmān b. Dīnār b. ʿAbd Allāh al-Dāraquṭnī
al-Dāraquṭnī
 Abū al-Ḥasan ʿAlī b. ʿUmar b. Aḥmad b. Mahdī b. Masʿūd b. al-Nuʿmān b. Dīnār b. ʿAbd Allāh al-Dāraquṭnī
al-Dāraquṭnī
 Abū al-Ḥasan ʿAlī b. ʿUmar b. Aḥmad b. Mahdī b. Masʿūd b. al-Nuʿmān b. Dīnār b. ʿAbd Allāh al-Dāraquṭnī
al-Dāraquṭnī
 Abū al-Ḥasan ʿAlī b. ʿUmar b. Aḥmad b. Mahdī b. Masʿūd b. al-Nuʿmān b. Dīnār b. ʿAbd Allāh al-Dāraquṭnī
al-Dāraquṭnī
 Abū al-Ḥasan ʿAlī b. ʿUmar b. Aḥmad b. Mahdī b. Masʿūd b. al-Nuʿmān b. Dīnār b. ʿAbd Allāh al-Dāraquṭnī
al-Dāraquṭnī
 Abū al-Ḥasan ʿAlī b. ʿUmar b. Aḥmad b. Mahdī b. Masʿūd b. al-Nuʿmān b. Dīnār b. ʿAbd Allāh al-Dāraquṭnī
al-Dāraquṭnī
 Abū al-Ḥasan ʿAlī b. ʿUmar b. Aḥmad b. Mahdī b. Masʿūd b. al-Nuʿmān b. Dīnār b. ʿAbd Allāh al-Dāraquṭnī
al-Dāraquṭnī
 Abū al-Ḥasan ʿAlī b. ʿUmar b. Aḥmad b. Mahdī b. Masʿūd b. al-Nuʿmān b. Dīnār b. ʿAbd Allāh al-Dāraquṭnī
al-Dāraquṭnī
 Abū al-Ḥasan ʿAlī b. ʿUmar b. Aḥmad b. Mahdī b. Masʿūd b. al-Nuʿmān b. Dīnār b. ʿAbd Allāh al-Dāraquṭnī
al-Dāraquṭnī
 Abū al-Ḥasan ʿAlī b. ʿUmar b. Aḥmad b. Mahdī b. Masʿūd b. al-Nuʿmān b. Dīnār b. ʿAbd Allāh al-Dāraquṭnī
al-Fawāʾid al-muntaqāŧ min al-uṣūl min ḥadīṯ al-qāḍī¶    Abī Ṭāhir  Muḥammad b. Aḥmad b. ʿAbd Allāh b. Naṣr b. Buǧayr b. ʿAbd¶    Allāh al-Ḏuhlī
Ḥadīṯ Abī al-Ṭāhir Muḥammad b. Aḥmad b. ʿAbd Allāh b.¶    Naṣr b. Buǧayr  b. ʿAbd Allāh b. Ṣāliḥ b. Usāmaŧ al-Ḏuhlī
al-Dāraquṭnī
 Abū al-Ḥasan ʿAlī b. ʿUmar b. Aḥmad b. Mahdī b. Masʿūd b. al-Nuʿmān b. Dīnār b. ʿAbd Allāh al-Dāraquṭnī
al-Fawāʾid al-muntaqāŧ min al-uṣūl min ḥadīṯ al-qāḍī¶    Abī Ṭāhir  Muḥammad b. Aḥmad b. ʿAbd Allāh b. Naṣr b. Buǧayr b. ʿAbd¶    Allāh al-Ḏuhlī
Ḥadīṯ Abī al-Ṭāhir Muḥammad b. Aḥmad b. ʿAbd Allāh b.¶    Naṣr b. Buǧayr  b. ʿAbd Allāh b. Ṣāliḥ b. Usāmaŧ al-Ḏuhlī
al-Dāraquṭnī
 Abū al-Ḥasan ʿAlī b. ʿUmar b. Aḥmad b. Mahdī b. Masʿūd b. al-Nuʿmān b. Dīnār b. ʿAbd Allāh al-Dāraquṭnī
al-Fawāʾid al-muntaqāŧ al-ḥisān li-Ibn Maʿrūf

al-Dāraquṭnī
 Abū al-Ḥasan ʿAlī b. ʿUmar b. Aḥmad b. Mahdī b. Masʿūd b. al-Nuʿmān b. Dīnār b. ʿAbd Allāh al-Dāraquṭnī
al-Dāraquṭnī
 Abū al-Ḥasan ʿAlī b. ʿUmar b. Aḥmad b. Mahdī b. Masʿūd b. al-Nuʿmān b. Dīnār b. ʿAbd Allāh al-Dāraquṭnī
al-Dāraquṭnī
 Abū al-Ḥasan ʿAlī b. ʿUmar b. Aḥmad b. Mahdī b. Masʿūd b. al-Nuʿmān b. Dīnār b. ʿAbd Allāh al-Dāraquṭnī
Kitāb al-nuzūl
al-Dāraquṭnī
 Abū al-Ḥasan ʿAlī b. ʿUmar b. Aḥmad b. Mahdī b. Masʿūd b. al-Nuʿmān b. Dīnār b. ʿAbd Allāh al-Dāraquṭnī
Kitāb al-nuzūl
al-Dāraquṭnī
 Abū al-Ḥasan ʿAlī b. ʿUmar b. Aḥmad b. Mahdī b. Masʿūd b. al-Nuʿmān b. Dīnār b. ʿAbd Allāh al-Dāraquṭnī
al-Dāraquṭnī
 Abū al-Ḥasan ʿAlī b. ʿUmar b. Aḥmad b. Mahdī b. Masʿūd b. al-Nuʿmān b. Dīnār b. ʿAbd Allāh al-Dāraquṭnī
al-Dāraquṭnī
 Abū al-Ḥasan ʿAlī b. ʿUmar b. Aḥmad b. Mahdī b. Masʿūd b. al-Nuʿmān b. Dīnār b. ʿAbd Allāh al-Dāraquṭnī
Kitāb al-ṣifāt
al-Dāraquṭnī
 Abū al-Ḥasan ʿAlī b. ʿUmar b. Aḥmad b. Mahdī b. Masʿūd b. al-Nuʿmān b. Dīnār b. ʿAbd Allāh al-Dāraquṭnī
Kitāb al-ṣifāt
al-Dāraquṭnī
 Abū al-Ḥasan ʿAlī b. ʿUmar b. Aḥmad b. Mahdī b. Masʿūd b. al-Nuʿmān b. Dīnār b. ʿAbd Allāh al-Dāraquṭnī
Kitāb al-ṣifāt
al-Dāraquṭnī
 Abū al-Ḥasan ʿAlī b. ʿUmar b. Aḥmad b. Mahdī b. Masʿūd b. al-Nuʿmān b. Dīnār b. ʿAbd Allāh al-Dāraquṭnī
al-Dāraquṭnī
 Abū al-Ḥasan ʿAlī b. ʿUmar b. Aḥmad b. Mahdī b. Masʿūd b. al-Nuʿmān b. Dīnār b. ʿAbd Allāh al-Dāraquṭnī
al-Dāraquṭnī
 Abū al-Ḥasan ʿAlī b. ʿUmar b. Aḥmad b. Mahdī b. Masʿūd b. al-Nuʿmān b. Dīnār b. ʿAbd Allāh al-Dāraquṭnī
al-Dāraquṭnī
 Abū al-Ḥasan ʿAlī b. ʿUmar b. Aḥmad b. Mahdī b. Masʿūd b. al-Nuʿmān b. Dīnār b. ʿAbd Allāh al-Dāraquṭnī
al-Dāraquṭnī
 Abū al-Ḥasan ʿAlī b. ʿUmar b. Aḥmad b. Mahdī b. Masʿūd b. al-Nuʿmān b. Dīnār b. ʿAbd Allāh al-Dāraquṭnī
al-Dāraquṭnī
 Abū al-Ḥasan ʿAlī b. ʿUmar b. Aḥmad b. Mahdī b. Masʿūd b. al-Nuʿmān b. Dīnār b. ʿAbd Allāh al-Dāraquṭnī
al-Dāraquṭnī
 Abū al-Ḥasan ʿAlī b. ʿUmar b. Aḥmad b. Mahdī b. Masʿūd b. al-Nuʿmān b. Dīnār b. ʿAbd Allāh al-Dāraquṭnī
al-Dāraquṭnī
 Abū al-Ḥasan ʿAlī b. ʿUmar b. Aḥmad b. Mahdī b. Masʿūd b. al-Nuʿmān b. Dīnār b. ʿAbd Allāh al-Dāraquṭnī
al-Dāraquṭnī
 Abū al-Ḥasan ʿAlī b. ʿUmar b. Aḥmad b. Mahdī b. Masʿūd b. al-Nuʿmān b. Dīnār b. ʿAbd Allāh al-Dāraquṭnī
al-Dāraquṭnī
 Abū al-Ḥasan ʿAlī b. ʿUmar b. Aḥmad b. Mahdī b. Masʿūd b. al-Nuʿmān b. Dīnār b. ʿAbd Allāh al-Dāraquṭnī
al-Dāraquṭnī
 Abū al-Ḥasan ʿAlī b. ʿUmar b. Aḥmad b. Mahdī b. Masʿūd b. al-Nuʿmān b. Dīnār b. ʿAbd Allāh al-Dāraquṭnī
al-Fihrist
Ibn al-Nadīm, al-Warrāq
Abū- al-Faraǧ Muḥammad b. Abī Yaʿqūb Isḥāq al-Baġdādī
al-Fihrist
Ibn al-Nadīm, al-Warrāq
Abū- al-Faraǧ Muḥammad b. Abī Yaʿqūb Isḥāq al-Baġdādī
al-Fihrist
Ibn al-Nadīm, al-Warrāq
Abū- al-Faraǧ Muḥammad b. Abī Yaʿqūb Isḥāq al-Baġdādī
al-Fihrist
Ibn al-Nadīm, al-Warrāq
Abū- al-Faraǧ Muḥammad b. Abī Yaʿqūb Isḥāq al-Baġdādī
Aḥsan al-taqāsīm fī maʿrifaŧ al-aqālīm
al-Maqdisī, al-Bašārī
 Abū ʿAbd Allāh Muḥammad b. Aḥmad 
Aḥsan al-taqāsīm fī maʿrifaŧ al-aqālīm
al-Maqdisī, al-Bašārī
 Abū ʿAbd Allāh Muḥammad b. Aḥmad 
Aḥsan al-taqāsīm fī maʿrifaŧ al-aqālīm
al-Maqdisī, al-Bašārī
 Abū ʿAbd Allāh Muḥammad b. Aḥmad 
Aḥsan al-taqāsīm fī maʿrifaŧ al-aqālīm
al-Maqdisī, al-Bašārī
 Abū ʿAbd Allāh Muḥammad b. Aḥmad 
Aḥsan al-taqāsīm fī maʿrifaŧ al-aqālīm
al-Maqdisī, al-Bašārī
 Abū ʿAbd Allāh Muḥammad b. Aḥmad 
al-Ḫaṣāʾiṣ
Kitāb al-Ḫaṣāʾiṣ al-ʿarabiyya
al-Ḫaṣāʾiṣ
Kitāb al-Ḫaṣāʾiṣ al-ʿarabiyya
Zād al-musāfir wa-qūt al-ḥāḍir

Ibn al-Ǧazzār
Abū Ǧaʿfar Aḥmad b. Ibrāhīm b. Abī Ḫālid al-Qayrawānī
Sūfisṭīqā li-Arisṭūṭālīs

Ibn Zurʿa
 Abū ʿAlī ʿĪsá b. Isḥāq b. Zurʿaŧ 
Maslamaŧ al-Maǧrīṭī
 Abū al-Qāsim Maslamaŧ b. Aḥmad b. Qāsim al-Maǧrīṭī, al-Fara=dī, al-Qurṭubī, al-Andalusī
Maslamaŧ al-Maǧrīṭī
 Abū al-Qāsim Maslamaŧ b. Aḥmad b. Qāsim al-Maǧrīṭī, al-Fara=dī, al-Qurṭubī, al-Andalusī
Min qawl al-qiddīs Ġrīġūriyus al-Ṯālūġus usquf¶    Nāziyanzū fī al-faḍīlaŧ ʿalá ḥurūf alfā fīṭā ilā kamālihā, aʿnī¶    asmāʾ¶    ḥurūf al-Yūnāniyyīn

(mutarǧim maǧhūl)
    
ʿUbayd Allãh b. Ḥassān
 b. Ḥassān ʿUbayd Allãh  
al-Šarīf al-Raḍī
 Abū al-Ḥasan Muḥammad b. al-Ḥusayn b. Mūsá 
al-Šarīf al-Raḍī
 Abū al-Ḥasan Muḥammad b. al-Ḥusayn b. Mūsá 
al-Šarīf al-Raḍī
 Abū al-Ḥasan Muḥammad b. al-Ḥusayn b. Mūsá 
al-Šarīf al-Raḍī
 Abū al-Ḥasan Muḥammad b. al-Ḥusayn b. Mūsá 
al-Šarīf al-Raḍī
 Abū al-Ḥasan Muḥammad b. al-Ḥusayn b. Mūsá 
al-Šarīf al-Raḍī
 Abū al-Ḥasan Muḥammad b. al-Ḥusayn b. Mūsá 
Nahǧ al-balāġaŧ
al-Šarīf al-Raḍī
 Abū al-Ḥasan Muḥammad b. al-Ḥusayn b. Mūsá 
Nahǧ al-balāġaŧ
al-Šarīf al-Raḍī
 Abū al-Ḥasan Muḥammad b. al-Ḥusayn b. Mūsá 
Nahǧ al-balāġaŧ
al-Šarīf al-Raḍī
 Abū al-Ḥasan Muḥammad b. al-Ḥusayn b. Mūsá 
Aḫlāq al-wazīrayn :: Maṯālib al-wazīrayn :: Aḫlāq al-¶    Ṣāḥib Ibn ʿAbbād wa-Ibn al-ʿAmīd
al-Tawḥīdī
 Abū Ḥayyān ʿAlī b. Muḥammad b. ʿAbbās 
Aḫlāq al-wazīrayn :: Maṯālib al-wazīrayn :: Aḫlāq al-¶    Ṣāḥib Ibn ʿAbbād wa-Ibn al-ʿAmīd
al-Tawḥīdī
 Abū Ḥayyān ʿAlī b. Muḥammad b. ʿAbbās 
al-Tawḥīdī
 Abū Ḥayyān ʿAlī b. Muḥammad b. ʿAbbās 
al-Tawḥīdī
 Abū Ḥayyān ʿAlī b. Muḥammad b. ʿAbbās 
al-Imtāʿ wa al-muʾānisaŧ
al-Tawḥīdī
 Abū Ḥayyān ʿAlī b. Muḥammad b. ʿAbbās 
al-Imtāʿ wa al-muʾānisaŧ
al-Tawḥīdī
 Abū Ḥayyān ʿAlī b. Muḥammad b. ʿAbbās 
al-Imtāʿ wa al-muʾānisaŧ
al-Tawḥīdī
 Abū Ḥayyān ʿAlī b. Muḥammad b. ʿAbbās 
al-Tawḥīdī
 Abū Ḥayyān ʿAlī b. Muḥammad b. ʿAbbās 
al-Tawḥīdī
 Abū Ḥayyān ʿAlī b. Muḥammad b. ʿAbbās 
al-Tawḥīdī
 Abū Ḥayyān ʿAlī b. Muḥammad b. ʿAbbās 
al-QāḍīʿAbd al-Ǧabbār
 Abū l-Ḥassan ʿAbd al-Ǧabbār b. Aḥmad b. ʿAbd al-Ǧabbār b. Aḥmad al-Ḫalīl b. ʿAbdallāh al-Muʿtazilī al-Asadābādī
al-QāḍīʿAbd al-Ǧabbār
 Abū l-Ḥassan ʿAbd al-Ǧabbār b. Aḥmad b. ʿAbd al-Ǧabbār b. Aḥmad al-Ḫalīl b. ʿAbdallāh al-Muʿtazilī al-Asadābādī
Šarḥ ʿAbd al-Ǧabbār al-Hamaḏānī li-kitāb maǧhūl al-ʿunwān min taʾlīf Abī Hāšim al-Ǧubbāʾī
al-QāḍīʿAbd al-Ǧabbār
 Abū l-Ḥassan ʿAbd al-Ǧabbār b. Aḥmad b. ʿAbd al-Ǧabbār b. Aḥmad al-Ḫalīl b. ʿAbdallāh al-Muʿtazilī al-Asadābādī
Šarḥ ʿAbd al-Ǧabbār al-Hamaḏānī li-kitāb maǧhūl al-ʿunwān min taʾlīf al-Ṣāḥib ibn ʿAbbād
al-QāḍīʿAbd al-Ǧabbār
 Abū l-Ḥassan ʿAbd al-Ǧabbār b. Aḥmad b. ʿAbd al-Ǧabbār b. Aḥmad al-Ḫalīl b. ʿAbdallāh al-Muʿtazilī al-Asadābādī
al-QāḍīʿAbd al-Ǧabbār
 Abū l-Ḥassan ʿAbd al-Ǧabbār b. Aḥmad b. ʿAbd al-Ǧabbār b. Aḥmad al-Ḫalīl b. ʿAbdallāh al-Muʿtazilī al-Asadābādī
al-QāḍīʿAbd al-Ǧabbār
 Abū l-Ḥassan ʿAbd al-Ǧabbār b. Aḥmad b. ʿAbd al-Ǧabbār b. Aḥmad al-Ḫalīl b. ʿAbdallāh al-Muʿtazilī al-Asadābādī
al-QāḍīʿAbd al-Ǧabbār
 Abū l-Ḥassan ʿAbd al-Ǧabbār b. Aḥmad b. ʿAbd al-Ǧabbār b. Aḥmad al-Ḫalīl b. ʿAbdallāh al-Muʿtazilī al-Asadābādī
Taṯbīt dalāʾil al-nubuwwa

al-QāḍīʿAbd al-Ǧabbār
 Abū l-Ḥassan ʿAbd al-Ǧabbār b. Aḥmad b. ʿAbd al-Ǧabbār b. Aḥmad al-Ḫalīl b. ʿAbdallāh al-Muʿtazilī al-Asadābādī
Taṯbīt dalāʾil al-nubuwwa

al-QāḍīʿAbd al-Ǧabbār
 Abū l-Ḥassan ʿAbd al-Ǧabbār b. Aḥmad b. ʿAbd al-Ǧabbār b. Aḥmad al-Ḫalīl b. ʿAbdallāh al-Muʿtazilī al-Asadābādī
Naṯr al-Durr
Naṯr al-Durar
Abū Saʿd al-Ābī
al-Wazīr Ḏū al-Maʿālī, Zayn al-Kufāt Abū Saʿd, Abū Saʿīd Manṣūr b. al-Ḥusayn al-Ābī
Naṯr al-Durr
Naṯr al-Durar
Abū Saʿd al-Ābī
al-Wazīr Ḏū al-Maʿālī, Zayn al-Kufāt Abū Saʿd, Abū Saʿīd Manṣūr b. al-Ḥusayn al-Ābī
Taʿlīqāt Ibn Suwār li-Isāġūġī Furfuriyūs al-Ṣūrī

Ibn Suwār
 Abū al-Ḫayr al-Ḥasan b. Suwār b. Bābā b. al-Ḫammār 
Suʾālāt Abī Bakr al-Barqānī lil-Dāraquṭnī fī al-ǧarḥ¶    wa-al-taʿdīl
Suʾālāt Abī Bakr al-Barqānī lil-imām Abī al-Ḥasan al-¶    Dāraquṭnī  fī al-ǧarḥ wa-al-taʿdīl wa-ʿilal al-ḥadīṯ
Suʾālāt Abī Bakr al-Barqānī lil-Dāraquṭnī fī al-ǧarḥ¶    wa-al-taʿdīl
Suʾālāt Abī Bakr al-Barqānī lil-imām Abī al-Ḥasan al-¶    Dāraquṭnī  fī al-ǧarḥ wa-al-taʿdīl wa-ʿilal al-ḥadīṯ
Suʾālāt Abī Bakr al-Barqānī lil-Dāraquṭnī fī al-ǧarḥ¶    wa-al-taʿdīl
Suʾālāt Abī Bakr al-Barqānī lil-imām Abī al-Ḥasan al-¶    Dāraquṭnī  fī al-ǧarḥ wa-al-taʿdīl wa-ʿilal al-ḥadīṯ
Suʾālāt Abī Bakr al-Barqānī lil-Dāraquṭnī fī al-ǧarḥ¶    wa-al-taʿdīl
Suʾālāt Abī Bakr al-Barqānī lil-imām Abī al-Ḥasan al-¶    Dāraquṭnī  fī al-ǧarḥ wa-al-taʿdīl wa-ʿilal al-ḥadīṯ
Suʾālāt Abī Bakr al-Barqānī lil-Dāraquṭnī fī al-ǧarḥ¶    wa-al-taʿdīl
Suʾālāt Abī Bakr al-Barqānī lil-imām Abī al-Ḥasan al-¶    Dāraquṭnī  fī al-ǧarḥ wa-al-taʿdīl wa-ʿilal al-ḥadīṯ
al-Kašf wa-l-bayān
Tafsīr al-Ṯaʿlabī
Abū Isḥāq al-Ṯaʿlabī
 Abū Isḥāq al-Ṯaʿlabī al-Naysabūrī Aḥmad b. Muḥammad b. Ibrāhīm al-Ṯaʿlabī al-Naysabūrī
al-Kašf wa-l-bayān
Tafsīr al-Ṯaʿlabī
Abū Isḥāq al-Ṯaʿlabī
 Abū Isḥāq al-Ṯaʿlabī al-Naysabūrī Aḥmad b. Muḥammad b. Ibrāhīm al-Ṯaʿlabī al-Naysabūrī
al-Kašf wa-l-bayān
Tafsīr al-Ṯaʿlabī
Abū Isḥāq al-Ṯaʿlabī
 Abū Isḥāq al-Ṯaʿlabī al-Naysabūrī Aḥmad b. Muḥammad b. Ibrāhīm al-Ṯaʿlabī al-Naysabūrī
al-Kašf wa-l-bayān
Tafsīr al-Ṯaʿlabī
Abū Isḥāq al-Ṯaʿlabī
 Abū Isḥāq al-Ṯaʿlabī al-Naysabūrī Aḥmad b. Muḥammad b. Ibrāhīm al-Ṯaʿlabī al-Naysabūrī
al-Kašf wa-l-bayān
Tafsīr al-Ṯaʿlabī
Abū Isḥāq al-Ṯaʿlabī
 Abū Isḥāq al-Ṯaʿlabī al-Naysabūrī Aḥmad b. Muḥammad b. Ibrāhīm al-Ṯaʿlabī al-Naysabūrī
al-Kašf wa-l-bayān
Tafsīr al-Ṯaʿlabī
Abū Isḥāq al-Ṯaʿlabī
 Abū Isḥāq al-Ṯaʿlabī al-Naysabūrī Aḥmad b. Muḥammad b. Ibrāhīm al-Ṯaʿlabī al-Naysabūrī
al-Kašf wa-l-bayān
Tafsīr al-Ṯaʿlabī
Abū Isḥāq al-Ṯaʿlabī
 Abū Isḥāq al-Ṯaʿlabī al-Naysabūrī Aḥmad b. Muḥammad b. Ibrāhīm al-Ṯaʿlabī al-Naysabūrī
Abū Isḥāq al-Ṯaʿlabī
 Abū Isḥāq al-Ṯaʿlabī al-Naysabūrī Aḥmad b. Muḥammad b. Ibrāhīm al-Ṯaʿlabī al-Naysabūrī
Ibn Sīnā
 Abū  ʿAlī al-Ḥusayn b. ʿAbd Al-lãh b. Sīnā 
Fann al-Šiʿr

Ibn Sīnā
 Abū  ʿAlī al-Ḥusayn b. ʿAbd Al-lãh b. Sīnā 
Fann al-Šiʿr

Ibn Sīnā
 Abū  ʿAlī al-Ḥusayn b. ʿAbd Al-lãh b. Sīnā 
Ibn Sīnā
 Abū  ʿAlī al-Ḥusayn b. ʿAbd Al-lãh b. Sīnā 
Ibn Sīnā
 Abū  ʿAlī al-Ḥusayn b. ʿAbd Al-lãh b. Sīnā 
Ibn Sīnā
 Abū  ʿAlī al-Ḥusayn b. ʿAbd Al-lãh b. Sīnā 
Ibn Sīnā
 Abū  ʿAlī al-Ḥusayn b. ʿAbd Al-lãh b. Sīnā 
Ibn Sīnā
 Abū  ʿAlī al-Ḥusayn b. ʿAbd Al-lãh b. Sīnā 
Ibn Sīnā
 Abū  ʿAlī al-Ḥusayn b. ʿAbd Al-lãh b. Sīnā 
Ibn Sīnā
 Abū  ʿAlī al-Ḥusayn b. ʿAbd Al-lãh b. Sīnā 
Ibn Sīnā
 Abū  ʿAlī al-Ḥusayn b. ʿAbd Al-lãh b. Sīnā 
Ibn Sīnā
 Abū  ʿAlī al-Ḥusayn b. ʿAbd Al-lãh b. Sīnā 
Ibn Sīnā
 Abū  ʿAlī al-Ḥusayn b. ʿAbd Al-lãh b. Sīnā 
Ibn Sīnā
 Abū  ʿAlī al-Ḥusayn b. ʿAbd Al-lãh b. Sīnā 
Ibn Sīnā
 Abū  ʿAlī al-Ḥusayn b. ʿAbd Al-lãh b. Sīnā 
Kitāb al-Šifāʾ

Ibn Sīnā
 Abū  ʿAlī al-Ḥusayn b. ʿAbd Al-lãh b. Sīnā 
Kitāb al-Šifāʾ

Ibn Sīnā
 Abū  ʿAlī al-Ḥusayn b. ʿAbd Al-lãh b. Sīnā 
Ibn Sīnā
 Abū  ʿAlī al-Ḥusayn b. ʿAbd Al-lãh b. Sīnā 
Ibn Sīnā
 Abū  ʿAlī al-Ḥusayn b. ʿAbd Al-lãh b. Sīnā 
Ibn Sīnā
 Abū  ʿAlī al-Ḥusayn b. ʿAbd Al-lãh b. Sīnā 
Aḥsan mā samiʿtu
al-Ṯaʿālibī
 Abū Manṣūr ʿAbd al-Malik b. Muḥammad b. Ismāʿīl al-Ṯaʿālibī
al-Ṯaʿālibī
 Abū Manṣūr ʿAbd al-Malik b. Muḥammad b. Ismāʿīl al-Ṯaʿālibī
al-Ṯaʿālibī
 Abū Manṣūr ʿAbd al-Malik b. Muḥammad b. Ismāʿīl al-Ṯaʿālibī
Durar al-ḥikam
al-Ṯaʿālibī
 Abū Manṣūr ʿAbd al-Malik b. Muḥammad b. Ismāʿīl al-Ṯaʿālibī
Fiqh al-luġaŧ wa sirr al-ʿarabiyyaŧ
al-Ṯaʿālibī
 Abū Manṣūr ʿAbd al-Malik b. Muḥammad b. Ismāʿīl al-Ṯaʿālibī
Fiqh al-luġaŧ wa sirr al-ʿarabiyyaŧ
al-Ṯaʿālibī
 Abū Manṣūr ʿAbd al-Malik b. Muḥammad b. Ismāʿīl al-Ṯaʿālibī
al-Ṯaʿālibī
 Abū Manṣūr ʿAbd al-Malik b. Muḥammad b. Ismāʿīl al-Ṯaʿālibī
al-Ṯaʿālibī
 Abū Manṣūr ʿAbd al-Malik b. Muḥammad b. Ismāʿīl al-Ṯaʿālibī
al-Ṯaʿālibī
 Abū Manṣūr ʿAbd al-Malik b. Muḥammad b. Ismāʿīl al-Ṯaʿālibī
al-Ṯaʿālibī
 Abū Manṣūr ʿAbd al-Malik b. Muḥammad b. Ismāʿīl al-Ṯaʿālibī
al-Ṯaʿālibī
 Abū Manṣūr ʿAbd al-Malik b. Muḥammad b. Ismāʿīl al-Ṯaʿālibī
al-Ṯaʿālibī
 Abū Manṣūr ʿAbd al-Malik b. Muḥammad b. Ismāʿīl al-Ṯaʿālibī
al-Kināyaŧ wa-al-taʿrīḍ

al-Ṯaʿālibī
 Abū Manṣūr ʿAbd al-Malik b. Muḥammad b. Ismāʿīl al-Ṯaʿālibī
al-Kināyaŧ wa-al-taʿrīḍ

al-Ṯaʿālibī
 Abū Manṣūr ʿAbd al-Malik b. Muḥammad b. Ismāʿīl al-Ṯaʿālibī
al-Ṯaʿālibī
 Abū Manṣūr ʿAbd al-Malik b. Muḥammad b. Ismāʿīl al-Ṯaʿālibī
al-Ṯaʿālibī
 Abū Manṣūr ʿAbd al-Malik b. Muḥammad b. Ismāʿīl al-Ṯaʿālibī
al-Ṯaʿālibī
 Abū Manṣūr ʿAbd al-Malik b. Muḥammad b. Ismāʿīl al-Ṯaʿālibī
Man ġāba ʿanhu al-muṭrib
al-Ṯaʿālibī
 Abū Manṣūr ʿAbd al-Malik b. Muḥammad b. Ismāʿīl al-Ṯaʿālibī
Man ġāba ʿanhu al-muṭrib
al-Ṯaʿālibī
 Abū Manṣūr ʿAbd al-Malik b. Muḥammad b. Ismāʿīl al-Ṯaʿālibī
al-Muntaḥal
al-Ṯaʿālibī
 Abū Manṣūr ʿAbd al-Malik b. Muḥammad b. Ismāʿīl al-Ṯaʿālibī
al-Muntaḥal
al-Ṯaʿālibī
 Abū Manṣūr ʿAbd al-Malik b. Muḥammad b. Ismāʿīl al-Ṯaʿālibī
al-Ṯaʿālibī
 Abū Manṣūr ʿAbd al-Malik b. Muḥammad b. Ismāʿīl al-Ṯaʿālibī
Kitāb Naṯr al-Naẓm wa-ḥall al-ʿaqd

al-Ṯaʿālibī
 Abū Manṣūr ʿAbd al-Malik b. Muḥammad b. Ismāʿīl al-Ṯaʿālibī
Kitāb Naṯr al-Naẓm wa-ḥall al-ʿaqd

al-Ṯaʿālibī
 Abū Manṣūr ʿAbd al-Malik b. Muḥammad b. Ismāʿīl al-Ṯaʿālibī
al-Ṯaʿālibī
 Abū Manṣūr ʿAbd al-Malik b. Muḥammad b. Ismāʿīl al-Ṯaʿālibī
Siḥr al-balāġaŧ wa sirr al-barāʿaŧ
al-Ṯaʿālibī
 Abū Manṣūr ʿAbd al-Malik b. Muḥammad b. Ismāʿīl al-Ṯaʿālibī
Siḥr al-balāġaŧ wa sirr al-barāʿaŧ
al-Ṯaʿālibī
 Abū Manṣūr ʿAbd al-Malik b. Muḥammad b. Ismāʿīl al-Ṯaʿālibī
al-Ṯaʿālibī
 Abū Manṣūr ʿAbd al-Malik b. Muḥammad b. Ismāʿīl al-Ṯaʿālibī
al-Ṯaʿālibī
 Abū Manṣūr ʿAbd al-Malik b. Muḥammad b. Ismāʿīl al-Ṯaʿālibī
al-Ṯaʿālibī
 Abū Manṣūr ʿAbd al-Malik b. Muḥammad b. Ismāʿīl al-Ṯaʿālibī
al-Ṯaʿālibī
 Abū Manṣūr ʿAbd al-Malik b. Muḥammad b. Ismāʿīl al-Ṯaʿālibī
Ṯimār al-qulūb fī al-muḍāf wa-l-mansūb
al-Ṯaʿālibī
 Abū Manṣūr ʿAbd al-Malik b. Muḥammad b. Ismāʿīl al-Ṯaʿālibī
Ṯimār al-qulūb fī al-muḍāf wa-l-mansūb
al-Ṯaʿālibī
 Abū Manṣūr ʿAbd al-Malik b. Muḥammad b. Ismāʿīl al-Ṯaʿālibī
Ṯimār al-qulūb fī al-muḍāf wa-l-mansūb
al-Ṯaʿālibī
 Abū Manṣūr ʿAbd al-Malik b. Muḥammad b. Ismāʿīl al-Ṯaʿālibī
al-Ṯaʿālibī
 Abū Manṣūr ʿAbd al-Malik b. Muḥammad b. Ismāʿīl al-Ṯaʿālibī
al-Ṯaʿālibī
 Abū Manṣūr ʿAbd al-Malik b. Muḥammad b. Ismāʿīl al-Ṯaʿālibī
al-Ṯaʿālibī
 Abū Manṣūr ʿAbd al-Malik b. Muḥammad b. Ismāʿīl al-Ṯaʿālibī
ʾAbū Nuʿaym al-Iṣbahānī
 ʾAbū Nuʿaym ʾAḥmad b. ʿAbd Āllāh b. Isḥāq b. Mūsá b. Mihrān al-Šāfiʿī, al-Iṣbahānī
ʾAbū Nuʿaym al-Iṣbahānī
 ʾAbū Nuʿaym ʾAḥmad b. ʿAbd Āllāh b. Isḥāq b. Mūsá b. Mihrān al-Šāfiʿī, al-Iṣbahānī
ʾAbū Nuʿaym al-Iṣbahānī
 ʾAbū Nuʿaym ʾAḥmad b. ʿAbd Āllāh b. Isḥāq b. Mūsá b. Mihrān al-Šāfiʿī, al-Iṣbahānī
ʾAbū Nuʿaym al-Iṣbahānī
 ʾAbū Nuʿaym ʾAḥmad b. ʿAbd Āllāh b. Isḥāq b. Mūsá b. Mihrān al-Šāfiʿī, al-Iṣbahānī
ʾAbū Nuʿaym al-Iṣbahānī
 ʾAbū Nuʿaym ʾAḥmad b. ʿAbd Āllāh b. Isḥāq b. Mūsá b. Mihrān al-Šāfiʿī, al-Iṣbahānī
ʾAbū Nuʿaym al-Iṣbahānī
 ʾAbū Nuʿaym ʾAḥmad b. ʿAbd Āllāh b. Isḥāq b. Mūsá b. Mihrān al-Šāfiʿī, al-Iṣbahānī
ʾAbū Nuʿaym al-Iṣbahānī
 ʾAbū Nuʿaym ʾAḥmad b. ʿAbd Āllāh b. Isḥāq b. Mūsá b. Mihrān al-Šāfiʿī, al-Iṣbahānī
ʾAbū Nuʿaym al-Iṣbahānī
 ʾAbū Nuʿaym ʾAḥmad b. ʿAbd Āllāh b. Isḥāq b. Mūsá b. Mihrān al-Šāfiʿī, al-Iṣbahānī
ʾAbū Nuʿaym al-Iṣbahānī
 ʾAbū Nuʿaym ʾAḥmad b. ʿAbd Āllāh b. Isḥāq b. Mūsá b. Mihrān al-Šāfiʿī, al-Iṣbahānī
ʾAbū Nuʿaym al-Iṣbahānī
 ʾAbū Nuʿaym ʾAḥmad b. ʿAbd Āllāh b. Isḥāq b. Mūsá b. Mihrān al-Šāfiʿī, al-Iṣbahānī
ʾAbū Nuʿaym al-Iṣbahānī
 ʾAbū Nuʿaym ʾAḥmad b. ʿAbd Āllāh b. Isḥāq b. Mūsá b. Mihrān al-Šāfiʿī, al-Iṣbahānī
ʾAbū Nuʿaym al-Iṣbahānī
 ʾAbū Nuʿaym ʾAḥmad b. ʿAbd Āllāh b. Isḥāq b. Mūsá b. Mihrān al-Šāfiʿī, al-Iṣbahānī
ʾAbū Nuʿaym al-Iṣbahānī
 ʾAbū Nuʿaym ʾAḥmad b. ʿAbd Āllāh b. Isḥāq b. Mūsá b. Mihrān al-Šāfiʿī, al-Iṣbahānī
ʾAbū Nuʿaym al-Iṣbahānī
 ʾAbū Nuʿaym ʾAḥmad b. ʿAbd Āllāh b. Isḥāq b. Mūsá b. Mihrān al-Šāfiʿī, al-Iṣbahānī
ʾAbū Nuʿaym al-Iṣbahānī
 ʾAbū Nuʿaym ʾAḥmad b. ʿAbd Āllāh b. Isḥāq b. Mūsá b. Mihrān al-Šāfiʿī, al-Iṣbahānī
ʾAbū Nuʿaym al-Iṣbahānī
 ʾAbū Nuʿaym ʾAḥmad b. ʿAbd Āllāh b. Isḥāq b. Mūsá b. Mihrān al-Šāfiʿī, al-Iṣbahānī
ʾAbū Nuʿaym al-Iṣbahānī
 ʾAbū Nuʿaym ʾAḥmad b. ʿAbd Āllāh b. Isḥāq b. Mūsá b. Mihrān al-Šāfiʿī, al-Iṣbahānī
ʾAbū Nuʿaym al-Iṣbahānī
 ʾAbū Nuʿaym ʾAḥmad b. ʿAbd Āllāh b. Isḥāq b. Mūsá b. Mihrān al-Šāfiʿī, al-Iṣbahānī
ʾAbū Nuʿaym al-Iṣbahānī
 ʾAbū Nuʿaym ʾAḥmad b. ʿAbd Āllāh b. Isḥāq b. Mūsá b. Mihrān al-Šāfiʿī, al-Iṣbahānī
ʾAbū Nuʿaym al-Iṣbahānī
 ʾAbū Nuʿaym ʾAḥmad b. ʿAbd Āllāh b. Isḥāq b. Mūsá b. Mihrān al-Šāfiʿī, al-Iṣbahānī
ʾAbū Nuʿaym al-Iṣbahānī
 ʾAbū Nuʿaym ʾAḥmad b. ʿAbd Āllāh b. Isḥāq b. Mūsá b. Mihrān al-Šāfiʿī, al-Iṣbahānī
ʾAbū Nuʿaym al-Iṣbahānī
 ʾAbū Nuʿaym ʾAḥmad b. ʿAbd Āllāh b. Isḥāq b. Mūsá b. Mihrān al-Šāfiʿī, al-Iṣbahānī
ʾAbū Nuʿaym al-Iṣbahānī
 ʾAbū Nuʿaym ʾAḥmad b. ʿAbd Āllāh b. Isḥāq b. Mūsá b. Mihrān al-Šāfiʿī, al-Iṣbahānī
ʾAbū Nuʿaym al-Iṣbahānī
 ʾAbū Nuʿaym ʾAḥmad b. ʿAbd Āllāh b. Isḥāq b. Mūsá b. Mihrān al-Šāfiʿī, al-Iṣbahānī
ʾAbū Nuʿaym al-Iṣbahānī
 ʾAbū Nuʿaym ʾAḥmad b. ʿAbd Āllāh b. Isḥāq b. Mūsá b. Mihrān al-Šāfiʿī, al-Iṣbahānī
ʾAbū Nuʿaym al-Iṣbahānī
 ʾAbū Nuʿaym ʾAḥmad b. ʿAbd Āllāh b. Isḥāq b. Mūsá b. Mihrān al-Šāfiʿī, al-Iṣbahānī
ʾAbū Nuʿaym al-Iṣbahānī
 ʾAbū Nuʿaym ʾAḥmad b. ʿAbd Āllāh b. Isḥāq b. Mūsá b. Mihrān al-Šāfiʿī, al-Iṣbahānī
ʾAbū Nuʿaym al-Iṣbahānī
 ʾAbū Nuʿaym ʾAḥmad b. ʿAbd Āllāh b. Isḥāq b. Mūsá b. Mihrān al-Šāfiʿī, al-Iṣbahānī
ʾAbū Nuʿaym al-Iṣbahānī
 ʾAbū Nuʿaym ʾAḥmad b. ʿAbd Āllāh b. Isḥāq b. Mūsá b. Mihrān al-Šāfiʿī, al-Iṣbahānī
ʾAbū Nuʿaym al-Iṣbahānī
 ʾAbū Nuʿaym ʾAḥmad b. ʿAbd Āllāh b. Isḥāq b. Mūsá b. Mihrān al-Šāfiʿī, al-Iṣbahānī
ʾAbū Nuʿaym al-Iṣbahānī
 ʾAbū Nuʿaym ʾAḥmad b. ʿAbd Āllāh b. Isḥāq b. Mūsá b. Mihrān al-Šāfiʿī, al-Iṣbahānī
ʾAbū Nuʿaym al-Iṣbahānī
 ʾAbū Nuʿaym ʾAḥmad b. ʿAbd Āllāh b. Isḥāq b. Mūsá b. Mihrān al-Šāfiʿī, al-Iṣbahānī
ʾAbū Nuʿaym al-Iṣbahānī
 ʾAbū Nuʿaym ʾAḥmad b. ʿAbd Āllāh b. Isḥāq b. Mūsá b. Mihrān al-Šāfiʿī, al-Iṣbahānī
ʾAbū Nuʿaym al-Iṣbahānī
 ʾAbū Nuʿaym ʾAḥmad b. ʿAbd Āllāh b. Isḥāq b. Mūsá b. Mihrān al-Šāfiʿī, al-Iṣbahānī
ʾAbū Nuʿaym al-Iṣbahānī
 ʾAbū Nuʿaym ʾAḥmad b. ʿAbd Āllāh b. Isḥāq b. Mūsá b. Mihrān al-Šāfiʿī, al-Iṣbahānī
ʾAbū Nuʿaym al-Iṣbahānī
 ʾAbū Nuʿaym ʾAḥmad b. ʿAbd Āllāh b. Isḥāq b. Mūsá b. Mihrān al-Šāfiʿī, al-Iṣbahānī
ʾAbū Nuʿaym al-Iṣbahānī
 ʾAbū Nuʿaym ʾAḥmad b. ʿAbd Āllāh b. Isḥāq b. Mūsá b. Mihrān al-Šāfiʿī, al-Iṣbahānī
ʾAbū Nuʿaym al-Iṣbahānī
 ʾAbū Nuʿaym ʾAḥmad b. ʿAbd Āllāh b. Isḥāq b. Mūsá b. Mihrān al-Šāfiʿī, al-Iṣbahānī
ʾAbū Nuʿaym al-Iṣbahānī
 ʾAbū Nuʿaym ʾAḥmad b. ʿAbd Āllāh b. Isḥāq b. Mūsá b. Mihrān al-Šāfiʿī, al-Iṣbahānī
ʾAbū Nuʿaym al-Iṣbahānī
 ʾAbū Nuʿaym ʾAḥmad b. ʿAbd Āllāh b. Isḥāq b. Mūsá b. Mihrān al-Šāfiʿī, al-Iṣbahānī
ʾAbū Nuʿaym al-Iṣbahānī
 ʾAbū Nuʿaym ʾAḥmad b. ʿAbd Āllāh b. Isḥāq b. Mūsá b. Mihrān al-Šāfiʿī, al-Iṣbahānī
ʾAbū Nuʿaym al-Iṣbahānī
 ʾAbū Nuʿaym ʾAḥmad b. ʿAbd Āllāh b. Isḥāq b. Mūsá b. Mihrān al-Šāfiʿī, al-Iṣbahānī
ʾAbū Nuʿaym al-Iṣbahānī
 ʾAbū Nuʿaym ʾAḥmad b. ʿAbd Āllāh b. Isḥāq b. Mūsá b. Mihrān al-Šāfiʿī, al-Iṣbahānī
ʾAbū Nuʿaym al-Iṣbahānī
 ʾAbū Nuʿaym ʾAḥmad b. ʿAbd Āllāh b. Isḥāq b. Mūsá b. Mihrān al-Šāfiʿī, al-Iṣbahānī
ʾAbū Nuʿaym al-Iṣbahānī
 ʾAbū Nuʿaym ʾAḥmad b. ʿAbd Āllāh b. Isḥāq b. Mūsá b. Mihrān al-Šāfiʿī, al-Iṣbahānī
ʾAbū Nuʿaym al-Iṣbahānī
 ʾAbū Nuʿaym ʾAḥmad b. ʿAbd Āllāh b. Isḥāq b. Mūsá b. Mihrān al-Šāfiʿī, al-Iṣbahānī
ʾAbū Nuʿaym al-Iṣbahānī
 ʾAbū Nuʿaym ʾAḥmad b. ʿAbd Āllāh b. Isḥāq b. Mūsá b. Mihrān al-Šāfiʿī, al-Iṣbahānī
Tārīḫ Isbahān
Kitāb ḏikr Aḫbār Isbahān
ʾAbū Nuʿaym al-Iṣbahānī
 ʾAbū Nuʿaym ʾAḥmad b. ʿAbd Āllāh b. Isḥāq b. Mūsá b. Mihrān al-Šāfiʿī, al-Iṣbahānī
Tārīḫ Isbahān
Kitāb ḏikr Aḫbār Isbahān
ʾAbū Nuʿaym al-Iṣbahānī
 ʾAbū Nuʿaym ʾAḥmad b. ʿAbd Āllāh b. Isḥāq b. Mūsá b. Mihrān al-Šāfiʿī, al-Iṣbahānī
Tārīḫ Isbahān
Kitāb ḏikr Aḫbār Isbahān
ʾAbū Nuʿaym al-Iṣbahānī
 ʾAbū Nuʿaym ʾAḥmad b. ʿAbd Āllāh b. Isḥāq b. Mūsá b. Mihrān al-Šāfiʿī, al-Iṣbahānī
Tārīḫ Isbahān
Kitāb ḏikr Aḫbār Isbahān
ʾAbū Nuʿaym al-Iṣbahānī
 ʾAbū Nuʿaym ʾAḥmad b. ʿAbd Āllāh b. Isḥāq b. Mūsá b. Mihrān al-Šāfiʿī, al-Iṣbahānī
Tārīḫ Isbahān
Kitāb ḏikr Aḫbār Isbahān
ʾAbū Nuʿaym al-Iṣbahānī
 ʾAbū Nuʿaym ʾAḥmad b. ʿAbd Āllāh b. Isḥāq b. Mūsá b. Mihrān al-Šāfiʿī, al-Iṣbahānī
ʾAbū Nuʿaym al-Iṣbahānī
 ʾAbū Nuʿaym ʾAḥmad b. ʿAbd Āllāh b. Isḥāq b. Mūsá b. Mihrān al-Šāfiʿī, al-Iṣbahānī
ʾAbū Nuʿaym al-Iṣbahānī
 ʾAbū Nuʿaym ʾAḥmad b. ʿAbd Āllāh b. Isḥāq b. Mūsá b. Mihrān al-Šāfiʿī, al-Iṣbahānī
ʾAbū Nuʿaym al-Iṣbahānī
 ʾAbū Nuʿaym ʾAḥmad b. ʿAbd Āllāh b. Isḥāq b. Mūsá b. Mihrān al-Šāfiʿī, al-Iṣbahānī
ʾAbū Nuʿaym al-Iṣbahānī
 ʾAbū Nuʿaym ʾAḥmad b. ʿAbd Āllāh b. Isḥāq b. Mūsá b. Mihrān al-Šāfiʿī, al-Iṣbahānī
ʾAbū Nuʿaym al-Iṣbahānī
 ʾAbū Nuʿaym ʾAḥmad b. ʿAbd Āllāh b. Isḥāq b. Mūsá b. Mihrān al-Šāfiʿī, al-Iṣbahānī
ʾAbū Nuʿaym al-Iṣbahānī
 ʾAbū Nuʿaym ʾAḥmad b. ʿAbd Āllāh b. Isḥāq b. Mūsá b. Mihrān al-Šāfiʿī, al-Iṣbahānī
ʾAbū Nuʿaym al-Iṣbahānī
 ʾAbū Nuʿaym ʾAḥmad b. ʿAbd Āllāh b. Isḥāq b. Mūsá b. Mihrān al-Šāfiʿī, al-Iṣbahānī
ʾAbū Nuʿaym al-Iṣbahānī
 ʾAbū Nuʿaym ʾAḥmad b. ʿAbd Āllāh b. Isḥāq b. Mūsá b. Mihrān al-Šāfiʿī, al-Iṣbahānī
ʾAbū Nuʿaym al-Iṣbahānī
 ʾAbū Nuʿaym ʾAḥmad b. ʿAbd Āllāh b. Isḥāq b. Mūsá b. Mihrān al-Šāfiʿī, al-Iṣbahānī
Makkī b. Ḥammūš al-Qaysī
 Abū Muḥammad Makkī b. Abī Ṭālib Ḥammūš b. Muḥammad b. Muḫtār al-Qaysī, al-Qayrawānī, al-Andalusī, al-Qurṭubī, al- Mālikī
Makkī b. Ḥammūš al-Qaysī
 Abū Muḥammad Makkī b. Abī Ṭālib Ḥammūš b. Muḥammad b. Muḫtār al-Qaysī, al-Qayrawānī, al-Andalusī, al-Qurṭubī, al- Mālikī
Makkī b. Ḥammūš al-Qaysī
 Abū Muḥammad Makkī b. Abī Ṭālib Ḥammūš b. Muḥammad b. Muḫtār al-Qaysī, al-Qayrawānī, al-Andalusī, al-Qurṭubī, al- Mālikī
Makkī b. Ḥammūš al-Qaysī
 Abū Muḥammad Makkī b. Abī Ṭālib Ḥammūš b. Muḥammad b. Muḫtār al-Qaysī, al-Qayrawānī, al-Andalusī, al-Qurṭubī, al- Mālikī
al-Māwardī
 Abū al-Ḥasan ʿAlī b. Muḥammad b. Ḥabīb al-Baṣrī, al-Baġdādī
al-Māwardī
 Abū al-Ḥasan ʿAlī b. Muḥammad b. Ḥabīb al-Baṣrī, al-Baġdādī
al-Māwardī
 Abū al-Ḥasan ʿAlī b. Muḥammad b. Ḥabīb al-Baṣrī, al-Baġdādī
al-Māwardī
 Abū al-Ḥasan ʿAlī b. Muḥammad b. Ḥabīb al-Baṣrī, al-Baġdādī
al-Māwardī
 Abū al-Ḥasan ʿAlī b. Muḥammad b. Ḥabīb al-Baṣrī, al-Baġdādī
al-Aḥkām al-sulṭāniyyaŧ
al-Māwardī
 Abū al-Ḥasan ʿAlī b. Muḥammad b. Ḥabīb al-Baṣrī, al-Baġdādī
al-Aḥkām al-sulṭāniyyaŧ
al-Māwardī
 Abū al-Ḥasan ʿAlī b. Muḥammad b. Ḥabīb al-Baṣrī, al-Baġdādī
al-Māwardī
 Abū al-Ḥasan ʿAlī b. Muḥammad b. Ḥabīb al-Baṣrī, al-Baġdādī
al-Māwardī
 Abū al-Ḥasan ʿAlī b. Muḥammad b. Ḥabīb al-Baṣrī, al-Baġdādī
al-Māwardī
 Abū al-Ḥasan ʿAlī b. Muḥammad b. Ḥabīb al-Baṣrī, al-Baġdādī
al-Māwardī
 Abū al-Ḥasan ʿAlī b. Muḥammad b. Ḥabīb al-Baṣrī, al-Baġdādī
al-Māwardī
 Abū al-Ḥasan ʿAlī b. Muḥammad b. Ḥabīb al-Baṣrī, al-Baġdādī
al-Māwardī
 Abū al-Ḥasan ʿAlī b. Muḥammad b. Ḥabīb al-Baṣrī, al-Baġdādī
al-Māwardī
 Abū al-Ḥasan ʿAlī b. Muḥammad b. Ḥabīb al-Baṣrī, al-Baġdādī
al-Māwardī
 Abū al-Ḥasan ʿAlī b. Muḥammad b. Ḥabīb al-Baṣrī, al-Baġdādī
al-Māwardī
 Abū al-Ḥasan ʿAlī b. Muḥammad b. Ḥabīb al-Baṣrī, al-Baġdādī
al-Māwardī
 Abū al-Ḥasan ʿAlī b. Muḥammad b. Ḥabīb al-Baṣrī, al-Baġdādī
al-Māwardī
 Abū al-Ḥasan ʿAlī b. Muḥammad b. Ḥabīb al-Baṣrī, al-Baġdādī
al-Māwardī
 Abū al-Ḥasan ʿAlī b. Muḥammad b. Ḥabīb al-Baṣrī, al-Baġdādī
al-Māwardī
 Abū al-Ḥasan ʿAlī b. Muḥammad b. Ḥabīb al-Baṣrī, al-Baġdādī
Nukat al-Muġnī
al-Arbaʿ wa-al-ʿišrūn kalimaŧ li-al-qiddīs Ġrīġūriyus¶    Nīṣaṣ aḫī mārī Bāsīliyūs al-kabīr naẓmuhu ʿalá ʿadad ḥurūf alfā bīṭā¶    bi-¶    al-Yūnāniyyaŧ
Ġrīġūriyus al-mutakallim ʿalá al-lāhūt
Laḏḏāt al-ḏāt
al-Faḍl Ibn Mufarraǧ
  al-Faḍl b. Mufarraǧ 
Riǧāl al-Naǧāšī
Fihrist asmāʾ muṣannifī al-šīʿaŧ
al-Naǧāšī
 Abū al-ʿAbbās Aḥmad b. ʿAlī b. Aḥmad b. ʿAbbās al-Asadī al-Kūfī
Riǧāl al-Naǧāšī
Fihrist asmāʾ muṣannifī al-šīʿaŧ
al-Naǧāšī
 Abū al-ʿAbbās Aḥmad b. ʿAlī b. Aḥmad b. ʿAbbās al-Asadī al-Kūfī
Taʿālīq ʿAlī b. Riḍwān li-Fawāʾid min Kitāb¶    Qāṭīṭriyūn tafsīr Ǧālīnūs

Ibn Riḍwān
  ʿAlī b. Riḍwān 
Ibn Ḥazm
 Abū Muḥammad ʿAlī b. Aḥmad b. Saʿīd b. Ḥazm al-Andalusī, al-Qurṭubī, al-Ẓāhirī
Ibn Ḥazm
 Abū Muḥammad ʿAlī b. Aḥmad b. Saʿīd b. Ḥazm al-Andalusī, al-Qurṭubī, al-Ẓāhirī
Ibn Ḥazm
 Abū Muḥammad ʿAlī b. Aḥmad b. Saʿīd b. Ḥazm al-Andalusī, al-Qurṭubī, al-Ẓāhirī
Ibn Ḥazm
 Abū Muḥammad ʿAlī b. Aḥmad b. Saʿīd b. Ḥazm al-Andalusī, al-Qurṭubī, al-Ẓāhirī
Risālaŧ fī faḍl al-Andalus wa-ḏikr riǧālhā

Ibn Ḥazm
 Abū Muḥammad ʿAlī b. Aḥmad b. Saʿīd b. Ḥazm al-Andalusī, al-Qurṭubī, al-Ẓāhirī
Risālaŧ fī faḍl al-Andalus wa-ḏikr riǧālhā

Ibn Ḥazm
 Abū Muḥammad ʿAlī b. Aḥmad b. Saʿīd b. Ḥazm al-Andalusī, al-Qurṭubī, al-Ẓāhirī
Risālaŧ fī faḍl al-Andalus wa-ḏikr riǧālhā

Ibn Ḥazm
 Abū Muḥammad ʿAlī b. Aḥmad b. Saʿīd b. Ḥazm al-Andalusī, al-Qurṭubī, al-Ẓāhirī
Risālaŧ fī faḍl al-Andalus wa-ḏikr riǧālhā

Ibn Ḥazm
 Abū Muḥammad ʿAlī b. Aḥmad b. Saʿīd b. Ḥazm al-Andalusī, al-Qurṭubī, al-Ẓāhirī
Ibn Ḥazm
 Abū Muḥammad ʿAlī b. Aḥmad b. Saʿīd b. Ḥazm al-Andalusī, al-Qurṭubī, al-Ẓāhirī
Ibn Ḥazm
 Abū Muḥammad ʿAlī b. Aḥmad b. Saʿīd b. Ḥazm al-Andalusī, al-Qurṭubī, al-Ẓāhirī
Ibn Ḥazm
 Abū Muḥammad ʿAlī b. Aḥmad b. Saʿīd b. Ḥazm al-Andalusī, al-Qurṭubī, al-Ẓāhirī
Ibn Ḥazm
 Abū Muḥammad ʿAlī b. Aḥmad b. Saʿīd b. Ḥazm al-Andalusī, al-Qurṭubī, al-Ẓāhirī
Ibn Ḥazm
 Abū Muḥammad ʿAlī b. Aḥmad b. Saʿīd b. Ḥazm al-Andalusī, al-Qurṭubī, al-Ẓāhirī
Ibn Ḥazm
 Abū Muḥammad ʿAlī b. Aḥmad b. Saʿīd b. Ḥazm al-Andalusī, al-Qurṭubī, al-Ẓāhirī
Ibn Ḥazm
 Abū Muḥammad ʿAlī b. Aḥmad b. Saʿīd b. Ḥazm al-Andalusī, al-Qurṭubī, al-Ẓāhirī
Ibn Ḥazm
 Abū Muḥammad ʿAlī b. Aḥmad b. Saʿīd b. Ḥazm al-Andalusī, al-Qurṭubī, al-Ẓāhirī
Ibn Ḥazm
 Abū Muḥammad ʿAlī b. Aḥmad b. Saʿīd b. Ḥazm al-Andalusī, al-Qurṭubī, al-Ẓāhirī
Ibn Ḥazm
 Abū Muḥammad ʿAlī b. Aḥmad b. Saʿīd b. Ḥazm al-Andalusī, al-Qurṭubī, al-Ẓāhirī
Ibn Ḥazm
 Abū Muḥammad ʿAlī b. Aḥmad b. Saʿīd b. Ḥazm al-Andalusī, al-Qurṭubī, al-Ẓāhirī
Ibn Ḥazm
 Abū Muḥammad ʿAlī b. Aḥmad b. Saʿīd b. Ḥazm al-Andalusī, al-Qurṭubī, al-Ẓāhirī
Ibn Ḥazm
 Abū Muḥammad ʿAlī b. Aḥmad b. Saʿīd b. Ḥazm al-Andalusī, al-Qurṭubī, al-Ẓāhirī
Ibn Ḥazm
 Abū Muḥammad ʿAlī b. Aḥmad b. Saʿīd b. Ḥazm al-Andalusī, al-Qurṭubī, al-Ẓāhirī
Ibn Ḥazm
 Abū Muḥammad ʿAlī b. Aḥmad b. Saʿīd b. Ḥazm al-Andalusī, al-Qurṭubī, al-Ẓāhirī
Ibn Ḥazm
 Abū Muḥammad ʿAlī b. Aḥmad b. Saʿīd b. Ḥazm al-Andalusī, al-Qurṭubī, al-Ẓāhirī
Ibn Ḥazm
 Abū Muḥammad ʿAlī b. Aḥmad b. Saʿīd b. Ḥazm al-Andalusī, al-Qurṭubī, al-Ẓāhirī
Ibn Ḥazm
 Abū Muḥammad ʿAlī b. Aḥmad b. Saʿīd b. Ḥazm al-Andalusī, al-Qurṭubī, al-Ẓāhirī
Ibn Ḥazm
 Abū Muḥammad ʿAlī b. Aḥmad b. Saʿīd b. Ḥazm al-Andalusī, al-Qurṭubī, al-Ẓāhirī
Ibn Ḥazm
 Abū Muḥammad ʿAlī b. Aḥmad b. Saʿīd b. Ḥazm al-Andalusī, al-Qurṭubī, al-Ẓāhirī
Ibn Ḥazm
 Abū Muḥammad ʿAlī b. Aḥmad b. Saʿīd b. Ḥazm al-Andalusī, al-Qurṭubī, al-Ẓāhirī
Ibn Ḥazm
 Abū Muḥammad ʿAlī b. Aḥmad b. Saʿīd b. Ḥazm al-Andalusī, al-Qurṭubī, al-Ẓāhirī
Ibn Ḥazm
 Abū Muḥammad ʿAlī b. Aḥmad b. Saʿīd b. Ḥazm al-Andalusī, al-Qurṭubī, al-Ẓāhirī
Ibn Ḥazm
 Abū Muḥammad ʿAlī b. Aḥmad b. Saʿīd b. Ḥazm al-Andalusī, al-Qurṭubī, al-Ẓāhirī
Ibn Ḥazm
 Abū Muḥammad ʿAlī b. Aḥmad b. Saʿīd b. Ḥazm al-Andalusī, al-Qurṭubī, al-Ẓāhirī
Ibn Ḥazm
 Abū Muḥammad ʿAlī b. Aḥmad b. Saʿīd b. Ḥazm al-Andalusī, al-Qurṭubī, al-Ẓāhirī
Ibn Ḥazm
 Abū Muḥammad ʿAlī b. Aḥmad b. Saʿīd b. Ḥazm al-Andalusī, al-Qurṭubī, al-Ẓāhirī
Ibn Ḥazm
 Abū Muḥammad ʿAlī b. Aḥmad b. Saʿīd b. Ḥazm al-Andalusī, al-Qurṭubī, al-Ẓāhirī
Ibn Ḥazm
 Abū Muḥammad ʿAlī b. Aḥmad b. Saʿīd b. Ḥazm al-Andalusī, al-Qurṭubī, al-Ẓāhirī
Ibn Ḥazm
 Abū Muḥammad ʿAlī b. Aḥmad b. Saʿīd b. Ḥazm al-Andalusī, al-Qurṭubī, al-Ẓāhirī
Ibn Ḥazm
 Abū Muḥammad ʿAlī b. Aḥmad b. Saʿīd b. Ḥazm al-Andalusī, al-Qurṭubī, al-Ẓāhirī
Ibn Ḥazm
 Abū Muḥammad ʿAlī b. Aḥmad b. Saʿīd b. Ḥazm al-Andalusī, al-Qurṭubī, al-Ẓāhirī
Ibn Ḥazm
 Abū Muḥammad ʿAlī b. Aḥmad b. Saʿīd b. Ḥazm al-Andalusī, al-Qurṭubī, al-Ẓāhirī
Ibn Ḥazm
 Abū Muḥammad ʿAlī b. Aḥmad b. Saʿīd b. Ḥazm al-Andalusī, al-Qurṭubī, al-Ẓāhirī
Ibn Ḥazm
 Abū Muḥammad ʿAlī b. Aḥmad b. Saʿīd b. Ḥazm al-Andalusī, al-Qurṭubī, al-Ẓāhirī
Ibn Ḥazm
 Abū Muḥammad ʿAlī b. Aḥmad b. Saʿīd b. Ḥazm al-Andalusī, al-Qurṭubī, al-Ẓāhirī
Ibn Ḥazm
 Abū Muḥammad ʿAlī b. Aḥmad b. Saʿīd b. Ḥazm al-Andalusī, al-Qurṭubī, al-Ẓāhirī
Ibn Ḥazm
 Abū Muḥammad ʿAlī b. Aḥmad b. Saʿīd b. Ḥazm al-Andalusī, al-Qurṭubī, al-Ẓāhirī
Ibn Ḥazm
 Abū Muḥammad ʿAlī b. Aḥmad b. Saʿīd b. Ḥazm al-Andalusī, al-Qurṭubī, al-Ẓāhirī
Ibn Ḥazm
 Abū Muḥammad ʿAlī b. Aḥmad b. Saʿīd b. Ḥazm al-Andalusī, al-Qurṭubī, al-Ẓāhirī
Ibn Ḥazm
 Abū Muḥammad ʿAlī b. Aḥmad b. Saʿīd b. Ḥazm al-Andalusī, al-Qurṭubī, al-Ẓāhirī
Ibn Ḥazm
 Abū Muḥammad ʿAlī b. Aḥmad b. Saʿīd b. Ḥazm al-Andalusī, al-Qurṭubī, al-Ẓāhirī
Ibn Ḥazm
 Abū Muḥammad ʿAlī b. Aḥmad b. Saʿīd b. Ḥazm al-Andalusī, al-Qurṭubī, al-Ẓāhirī
Ibn Ḥazm
 Abū Muḥammad ʿAlī b. Aḥmad b. Saʿīd b. Ḥazm al-Andalusī, al-Qurṭubī, al-Ẓāhirī
Ibn Ḥazm
 Abū Muḥammad ʿAlī b. Aḥmad b. Saʿīd b. Ḥazm al-Andalusī, al-Qurṭubī, al-Ẓāhirī
Ibn Ḥazm
 Abū Muḥammad ʿAlī b. Aḥmad b. Saʿīd b. Ḥazm al-Andalusī, al-Qurṭubī, al-Ẓāhirī
Ibn Ḥazm
 Abū Muḥammad ʿAlī b. Aḥmad b. Saʿīd b. Ḥazm al-Andalusī, al-Qurṭubī, al-Ẓāhirī
Ibn Ḥazm
 Abū Muḥammad ʿAlī b. Aḥmad b. Saʿīd b. Ḥazm al-Andalusī, al-Qurṭubī, al-Ẓāhirī
Ibn Ḥazm
 Abū Muḥammad ʿAlī b. Aḥmad b. Saʿīd b. Ḥazm al-Andalusī, al-Qurṭubī, al-Ẓāhirī
Ibn Ḥazm
 Abū Muḥammad ʿAlī b. Aḥmad b. Saʿīd b. Ḥazm al-Andalusī, al-Qurṭubī, al-Ẓāhirī
al-Aḥkām al-sulṭāniyyaŧ
Ibn al-Farrāʾ
 Abū Yaʿlá Muḥammad b. al-Ḥusayn b. Muḥammad  b. Ḫalaf b. al-Farrāʾ al-Ḥanbalī
Ibn al-Farrāʾ
 Abū Yaʿlá Muḥammad b. al-Ḥusayn b. Muḥammad  b. Ḫalaf b. al-Farrāʾ al-Ḥanbalī
Ibn al-Farrāʾ
 Abū Yaʿlá Muḥammad b. al-Ḥusayn b. Muḥammad  b. Ḫalaf b. al-Farrāʾ al-Ḥanbalī
Ibn al-Farrāʾ
 Abū Yaʿlá Muḥammad b. al-Ḥusayn b. Muḥammad  b. Ḫalaf b. al-Farrāʾ al-Ḥanbalī
Ibn al-Farrāʾ
 Abū Yaʿlá Muḥammad b. al-Ḥusayn b. Muḥammad  b. Ḫalaf b. al-Farrāʾ al-Ḥanbalī
Ibn al-Farrāʾ
 Abū Yaʿlá Muḥammad b. al-Ḥusayn b. Muḥammad  b. Ḫalaf b. al-Farrāʾ al-Ḥanbalī
Ibn al-Farrāʾ
 Abū Yaʿlá Muḥammad b. al-Ḥusayn b. Muḥammad  b. Ḫalaf b. al-Farrāʾ al-Ḥanbalī
Ibn al-Farrāʾ
 Abū Yaʿlá Muḥammad b. al-Ḥusayn b. Muḥammad  b. Ḫalaf b. al-Farrāʾ al-Ḥanbalī
Ibn al-Farrāʾ
 Abū Yaʿlá Muḥammad b. al-Ḥusayn b. Muḥammad  b. Ḫalaf b. al-Farrāʾ al-Ḥanbalī
Ibn al-Farrāʾ
 Abū Yaʿlá Muḥammad b. al-Ḥusayn b. Muḥammad  b. Ḫalaf b. al-Farrāʾ al-Ḥanbalī
Ibn al-Farrāʾ
 Abū Yaʿlá Muḥammad b. al-Ḥusayn b. Muḥammad  b. Ḫalaf b. al-Farrāʾ al-Ḥanbalī
Ibn al-Farrāʾ
 Abū Yaʿlá Muḥammad b. al-Ḥusayn b. Muḥammad  b. Ḫalaf b. al-Farrāʾ al-Ḥanbalī
Ibn al-Farrāʾ
 Abū Yaʿlá Muḥammad b. al-Ḥusayn b. Muḥammad  b. Ḫalaf b. al-Farrāʾ al-Ḥanbalī
Ibn al-Farrāʾ
 Abū Yaʿlá Muḥammad b. al-Ḥusayn b. Muḥammad  b. Ḫalaf b. al-Farrāʾ al-Ḥanbalī
al-Bayhaqī
 Abū-Bakr Aḥmad b. al-Ḥusayn b. ʿAlī b. Mūsá al-Bayhaqī, al-Ḫusrawǧirdī
al-Bayhaqī
 Abū-Bakr Aḥmad b. al-Ḥusayn b. ʿAlī b. Mūsá al-Bayhaqī, al-Ḫusrawǧirdī
al-Bayhaqī
 Abū-Bakr Aḥmad b. al-Ḥusayn b. ʿAlī b. Mūsá al-Bayhaqī, al-Ḫusrawǧirdī
al-Bayhaqī
 Abū-Bakr Aḥmad b. al-Ḥusayn b. ʿAlī b. Mūsá al-Bayhaqī, al-Ḫusrawǧirdī
al-Bayhaqī
 Abū-Bakr Aḥmad b. al-Ḥusayn b. ʿAlī b. Mūsá al-Bayhaqī, al-Ḫusrawǧirdī
al-Bayhaqī
 Abū-Bakr Aḥmad b. al-Ḥusayn b. ʿAlī b. Mūsá al-Bayhaqī, al-Ḫusrawǧirdī
al-Bayhaqī
 Abū-Bakr Aḥmad b. al-Ḥusayn b. ʿAlī b. Mūsá al-Bayhaqī, al-Ḫusrawǧirdī
al-Bayhaqī
 Abū-Bakr Aḥmad b. al-Ḥusayn b. ʿAlī b. Mūsá al-Bayhaqī, al-Ḫusrawǧirdī
al-Bayhaqī
 Abū-Bakr Aḥmad b. al-Ḥusayn b. ʿAlī b. Mūsá al-Bayhaqī, al-Ḫusrawǧirdī
al-Bayhaqī
 Abū-Bakr Aḥmad b. al-Ḥusayn b. ʿAlī b. Mūsá al-Bayhaqī, al-Ḫusrawǧirdī
al-Bayhaqī
 Abū-Bakr Aḥmad b. al-Ḥusayn b. ʿAlī b. Mūsá al-Bayhaqī, al-Ḫusrawǧirdī
al-Bayhaqī
 Abū-Bakr Aḥmad b. al-Ḥusayn b. ʿAlī b. Mūsá al-Bayhaqī, al-Ḫusrawǧirdī
al-Bayhaqī
 Abū-Bakr Aḥmad b. al-Ḥusayn b. ʿAlī b. Mūsá al-Bayhaqī, al-Ḫusrawǧirdī
al-Bayhaqī
 Abū-Bakr Aḥmad b. al-Ḥusayn b. ʿAlī b. Mūsá al-Bayhaqī, al-Ḫusrawǧirdī
al-Bayhaqī
 Abū-Bakr Aḥmad b. al-Ḥusayn b. ʿAlī b. Mūsá al-Bayhaqī, al-Ḫusrawǧirdī
al-Bayhaqī
 Abū-Bakr Aḥmad b. al-Ḥusayn b. ʿAlī b. Mūsá al-Bayhaqī, al-Ḫusrawǧirdī
al-Bayhaqī
 Abū-Bakr Aḥmad b. al-Ḥusayn b. ʿAlī b. Mūsá al-Bayhaqī, al-Ḫusrawǧirdī
al-Bayhaqī
 Abū-Bakr Aḥmad b. al-Ḥusayn b. ʿAlī b. Mūsá al-Bayhaqī, al-Ḫusrawǧirdī
al-Bayhaqī
 Abū-Bakr Aḥmad b. al-Ḥusayn b. ʿAlī b. Mūsá al-Bayhaqī, al-Ḫusrawǧirdī
al-Bayhaqī
 Abū-Bakr Aḥmad b. al-Ḥusayn b. ʿAlī b. Mūsá al-Bayhaqī, al-Ḫusrawǧirdī
Dalāʾil al-nubuwwaŧ wa maʿrifaŧ aḥwāl ṣāḥib al-šarīʿaŧ
al-Bayhaqī
 Abū-Bakr Aḥmad b. al-Ḥusayn b. ʿAlī b. Mūsá al-Bayhaqī, al-Ḫusrawǧirdī
Dalāʾil al-nubuwwaŧ wa maʿrifaŧ aḥwāl ṣāḥib al-šarīʿaŧ
al-Bayhaqī
 Abū-Bakr Aḥmad b. al-Ḥusayn b. ʿAlī b. Mūsá al-Bayhaqī, al-Ḫusrawǧirdī
Dalāʾil al-nubuwwaŧ wa maʿrifaŧ aḥwāl ṣāḥib al-šarīʿaŧ
al-Bayhaqī
 Abū-Bakr Aḥmad b. al-Ḥusayn b. ʿAlī b. Mūsá al-Bayhaqī, al-Ḫusrawǧirdī
Dalāʾil al-nubuwwaŧ wa maʿrifaŧ aḥwāl ṣāḥib al-šarīʿaŧ
al-Bayhaqī
 Abū-Bakr Aḥmad b. al-Ḥusayn b. ʿAlī b. Mūsá al-Bayhaqī, al-Ḫusrawǧirdī
al-Bayhaqī
 Abū-Bakr Aḥmad b. al-Ḥusayn b. ʿAlī b. Mūsá al-Bayhaqī, al-Ḫusrawǧirdī
al-Bayhaqī
 Abū-Bakr Aḥmad b. al-Ḥusayn b. ʿAlī b. Mūsá al-Bayhaqī, al-Ḫusrawǧirdī
al-Bayhaqī
 Abū-Bakr Aḥmad b. al-Ḥusayn b. ʿAlī b. Mūsá al-Bayhaqī, al-Ḫusrawǧirdī
al-Bayhaqī
 Abū-Bakr Aḥmad b. al-Ḥusayn b. ʿAlī b. Mūsá al-Bayhaqī, al-Ḫusrawǧirdī
Ḥayāŧ al-anbiyāʾ baʿda wafātihim
al-Bayhaqī
 Abū-Bakr Aḥmad b. al-Ḥusayn b. ʿAlī b. Mūsá al-Bayhaqī, al-Ḫusrawǧirdī
Ḥayāŧ al-anbiyāʾ baʿda wafātihim
al-Bayhaqī
 Abū-Bakr Aḥmad b. al-Ḥusayn b. ʿAlī b. Mūsá al-Bayhaqī, al-Ḫusrawǧirdī
al-Bayhaqī
 Abū-Bakr Aḥmad b. al-Ḥusayn b. ʿAlī b. Mūsá al-Bayhaqī, al-Ḫusrawǧirdī
al-Bayhaqī
 Abū-Bakr Aḥmad b. al-Ḥusayn b. ʿAlī b. Mūsá al-Bayhaqī, al-Ḫusrawǧirdī
al-Bayhaqī
 Abū-Bakr Aḥmad b. al-Ḥusayn b. ʿAlī b. Mūsá al-Bayhaqī, al-Ḫusrawǧirdī
al-Bayhaqī
 Abū-Bakr Aḥmad b. al-Ḥusayn b. ʿAlī b. Mūsá al-Bayhaqī, al-Ḫusrawǧirdī
al-Bayhaqī
 Abū-Bakr Aḥmad b. al-Ḥusayn b. ʿAlī b. Mūsá al-Bayhaqī, al-Ḫusrawǧirdī
al-Bayhaqī
 Abū-Bakr Aḥmad b. al-Ḥusayn b. ʿAlī b. Mūsá al-Bayhaqī, al-Ḫusrawǧirdī
al-Bayhaqī
 Abū-Bakr Aḥmad b. al-Ḥusayn b. ʿAlī b. Mūsá al-Bayhaqī, al-Ḫusrawǧirdī
al-Bayhaqī
 Abū-Bakr Aḥmad b. al-Ḥusayn b. ʿAlī b. Mūsá al-Bayhaqī, al-Ḫusrawǧirdī
al-Bayhaqī
 Abū-Bakr Aḥmad b. al-Ḥusayn b. ʿAlī b. Mūsá al-Bayhaqī, al-Ḫusrawǧirdī
al-Bayhaqī
 Abū-Bakr Aḥmad b. al-Ḥusayn b. ʿAlī b. Mūsá al-Bayhaqī, al-Ḫusrawǧirdī
al-Bayhaqī
 Abū-Bakr Aḥmad b. al-Ḥusayn b. ʿAlī b. Mūsá al-Bayhaqī, al-Ḫusrawǧirdī
al-Bayhaqī
 Abū-Bakr Aḥmad b. al-Ḥusayn b. ʿAlī b. Mūsá al-Bayhaqī, al-Ḫusrawǧirdī
al-Bayhaqī
 Abū-Bakr Aḥmad b. al-Ḥusayn b. ʿAlī b. Mūsá al-Bayhaqī, al-Ḫusrawǧirdī
al-Bayhaqī
 Abū-Bakr Aḥmad b. al-Ḥusayn b. ʿAlī b. Mūsá al-Bayhaqī, al-Ḫusrawǧirdī
al-Bayhaqī
 Abū-Bakr Aḥmad b. al-Ḥusayn b. ʿAlī b. Mūsá al-Bayhaqī, al-Ḫusrawǧirdī
al-Bayhaqī
 Abū-Bakr Aḥmad b. al-Ḥusayn b. ʿAlī b. Mūsá al-Bayhaqī, al-Ḫusrawǧirdī
al-Bayhaqī
 Abū-Bakr Aḥmad b. al-Ḥusayn b. ʿAlī b. Mūsá al-Bayhaqī, al-Ḫusrawǧirdī
al-Bayhaqī
 Abū-Bakr Aḥmad b. al-Ḥusayn b. ʿAlī b. Mūsá al-Bayhaqī, al-Ḫusrawǧirdī
al-Bayhaqī
 Abū-Bakr Aḥmad b. al-Ḥusayn b. ʿAlī b. Mūsá al-Bayhaqī, al-Ḫusrawǧirdī
al-Bayhaqī
 Abū-Bakr Aḥmad b. al-Ḥusayn b. ʿAlī b. Mūsá al-Bayhaqī, al-Ḫusrawǧirdī
al-Bayhaqī
 Abū-Bakr Aḥmad b. al-Ḥusayn b. ʿAlī b. Mūsá al-Bayhaqī, al-Ḫusrawǧirdī
al-Bayhaqī
 Abū-Bakr Aḥmad b. al-Ḥusayn b. ʿAlī b. Mūsá al-Bayhaqī, al-Ḫusrawǧirdī
al-Bayhaqī
 Abū-Bakr Aḥmad b. al-Ḥusayn b. ʿAlī b. Mūsá al-Bayhaqī, al-Ḫusrawǧirdī
al-Bayhaqī
 Abū-Bakr Aḥmad b. al-Ḥusayn b. ʿAlī b. Mūsá al-Bayhaqī, al-Ḫusrawǧirdī
al-Bayhaqī
 Abū-Bakr Aḥmad b. al-Ḥusayn b. ʿAlī b. Mūsá al-Bayhaqī, al-Ḫusrawǧirdī
al-Bayhaqī
 Abū-Bakr Aḥmad b. al-Ḥusayn b. ʿAlī b. Mūsá al-Bayhaqī, al-Ḫusrawǧirdī
al-Bayhaqī
 Abū-Bakr Aḥmad b. al-Ḥusayn b. ʿAlī b. Mūsá al-Bayhaqī, al-Ḫusrawǧirdī
al-Bayhaqī
 Abū-Bakr Aḥmad b. al-Ḥusayn b. ʿAlī b. Mūsá al-Bayhaqī, al-Ḫusrawǧirdī
al-Bayhaqī
 Abū-Bakr Aḥmad b. al-Ḥusayn b. ʿAlī b. Mūsá al-Bayhaqī, al-Ḫusrawǧirdī
al-Bayhaqī
 Abū-Bakr Aḥmad b. al-Ḥusayn b. ʿAlī b. Mūsá al-Bayhaqī, al-Ḫusrawǧirdī
al-Bayhaqī
 Abū-Bakr Aḥmad b. al-Ḥusayn b. ʿAlī b. Mūsá al-Bayhaqī, al-Ḫusrawǧirdī
al-Bayhaqī
 Abū-Bakr Aḥmad b. al-Ḥusayn b. ʿAlī b. Mūsá al-Bayhaqī, al-Ḫusrawǧirdī
al-Bayhaqī
 Abū-Bakr Aḥmad b. al-Ḥusayn b. ʿAlī b. Mūsá al-Bayhaqī, al-Ḫusrawǧirdī
al-Bayhaqī
 Abū-Bakr Aḥmad b. al-Ḥusayn b. ʿAlī b. Mūsá al-Bayhaqī, al-Ḫusrawǧirdī
al-Bayhaqī
 Abū-Bakr Aḥmad b. al-Ḥusayn b. ʿAlī b. Mūsá al-Bayhaqī, al-Ḫusrawǧirdī
al-Bayhaqī
 Abū-Bakr Aḥmad b. al-Ḥusayn b. ʿAlī b. Mūsá al-Bayhaqī, al-Ḫusrawǧirdī
al-Šayḫ al-Ṭūsī
 Abū Ǧaʿfar Muḥammad b. al-Ḥasan b. ʿAlī al-Ṭūsī
al-Šayḫ al-Ṭūsī
 Abū Ǧaʿfar Muḥammad b. al-Ḥasan b. ʿAlī al-Ṭūsī
al-Šayḫ al-Ṭūsī
 Abū Ǧaʿfar Muḥammad b. al-Ḥasan b. ʿAlī al-Ṭūsī
al-Šayḫ al-Ṭūsī
 Abū Ǧaʿfar Muḥammad b. al-Ḥasan b. ʿAlī al-Ṭūsī
al-Fihrist
al-Šayḫ al-Ṭūsī
 Abū Ǧaʿfar Muḥammad b. al-Ḥasan b. ʿAlī al-Ṭūsī
al-Fihrist
al-Šayḫ al-Ṭūsī
 Abū Ǧaʿfar Muḥammad b. al-Ḥasan b. ʿAlī al-Ṭūsī
al-Šayḫ al-Ṭūsī
 Abū Ǧaʿfar Muḥammad b. al-Ḥasan b. ʿAlī al-Ṭūsī
al-Šayḫ al-Ṭūsī
 Abū Ǧaʿfar Muḥammad b. al-Ḥasan b. ʿAlī al-Ṭūsī
al-Šayḫ al-Ṭūsī
 Abū Ǧaʿfar Muḥammad b. al-Ḥasan b. ʿAlī al-Ṭūsī
al-Šayḫ al-Ṭūsī
 Abū Ǧaʿfar Muḥammad b. al-Ḥasan b. ʿAlī al-Ṭūsī
al-Šayḫ al-Ṭūsī
 Abū Ǧaʿfar Muḥammad b. al-Ḥasan b. ʿAlī al-Ṭūsī
al-Šayḫ al-Ṭūsī
 Abū Ǧaʿfar Muḥammad b. al-Ḥasan b. ʿAlī al-Ṭūsī
al-Šayḫ al-Ṭūsī
 Abū Ǧaʿfar Muḥammad b. al-Ḥasan b. ʿAlī al-Ṭūsī
al-Šayḫ al-Ṭūsī
 Abū Ǧaʿfar Muḥammad b. al-Ḥasan b. ʿAlī al-Ṭūsī
al-Šayḫ al-Ṭūsī
 Abū Ǧaʿfar Muḥammad b. al-Ḥasan b. ʿAlī al-Ṭūsī
al-Šayḫ al-Ṭūsī
 Abū Ǧaʿfar Muḥammad b. al-Ḥasan b. ʿAlī al-Ṭūsī
al-Šayḫ al-Ṭūsī
 Abū Ǧaʿfar Muḥammad b. al-Ḥasan b. ʿAlī al-Ṭūsī
al-Šayḫ al-Ṭūsī
 Abū Ǧaʿfar Muḥammad b. al-Ḥasan b. ʿAlī al-Ṭūsī
al-Šayḫ al-Ṭūsī
 Abū Ǧaʿfar Muḥammad b. al-Ḥasan b. ʿAlī al-Ṭūsī
al-Šayḫ al-Ṭūsī
 Abū Ǧaʿfar Muḥammad b. al-Ḥasan b. ʿAlī al-Ṭūsī
al-Šayḫ al-Ṭūsī
 Abū Ǧaʿfar Muḥammad b. al-Ḥasan b. ʿAlī al-Ṭūsī
al-Šayḫ al-Ṭūsī
 Abū Ǧaʿfar Muḥammad b. al-Ḥasan b. ʿAlī al-Ṭūsī
al-Šayḫ al-Ṭūsī
 Abū Ǧaʿfar Muḥammad b. al-Ḥasan b. ʿAlī al-Ṭūsī
Riǧāl al-Ṭūsī
al-Šayḫ al-Ṭūsī
 Abū Ǧaʿfar Muḥammad b. al-Ḥasan b. ʿAlī al-Ṭūsī
Riǧāl al-Ṭūsī
al-Šayḫ al-Ṭūsī
 Abū Ǧaʿfar Muḥammad b. al-Ḥasan b. ʿAlī al-Ṭūsī
Tahḏīb al-aḥkām fī šarḥ al-Muqniʿaŧ

al-Šayḫ al-Ṭūsī
 Abū Ǧaʿfar Muḥammad b. al-Ḥasan b. ʿAlī al-Ṭūsī
Tahḏīb al-aḥkām fī šarḥ al-Muqniʿaŧ

al-Šayḫ al-Ṭūsī
 Abū Ǧaʿfar Muḥammad b. al-Ḥasan b. ʿAlī al-Ṭūsī
al-Šayḫ al-Ṭūsī
 Abū Ǧaʿfar Muḥammad b. al-Ḥasan b. ʿAlī al-Ṭūsī
al-Šayḫ al-Ṭūsī
 Abū Ǧaʿfar Muḥammad b. al-Ḥasan b. ʿAlī al-Ṭūsī
al-Šayḫ al-Ṭūsī
 Abū Ǧaʿfar Muḥammad b. al-Ḥasan b. ʿAlī al-Ṭūsī
Adab al-muǧālasaŧ wa-ḥamd al-lisān wa-faḍl al-bayān¶    wa-ḏamm al-ʿiyy wa-taʿlīm al-iʿrāb

Ibn ʿAbd al-Barr
 Abū ʿUmar Yūsuf b. ʿAbd Allāh b. Muḥammad b. ʿAbd al-Barr al-Qurṭubī al-Namarī
Adab al-muǧālasaŧ wa-ḥamd al-lisān wa-faḍl al-bayān¶    wa-ḏamm al-ʿiyy wa-taʿlīm al-iʿrāb

Ibn ʿAbd al-Barr
 Abū ʿUmar Yūsuf b. ʿAbd Allāh b. Muḥammad b. ʿAbd al-Barr al-Qurṭubī al-Namarī
Adab al-muǧālasaŧ wa-ḥamd al-lisān wa-faḍl al-bayān¶    wa-ḏamm al-ʿiyy wa-taʿlīm al-iʿrāb

Ibn ʿAbd al-Barr
 Abū ʿUmar Yūsuf b. ʿAbd Allāh b. Muḥammad b. ʿAbd al-Barr al-Qurṭubī al-Namarī
Ibn ʿAbd al-Barr
 Abū ʿUmar Yūsuf b. ʿAbd Allāh b. Muḥammad b. ʿAbd al-Barr al-Qurṭubī al-Namarī
Ibn ʿAbd al-Barr
 Abū ʿUmar Yūsuf b. ʿAbd Allāh b. Muḥammad b. ʿAbd al-Barr al-Qurṭubī al-Namarī
Ibn ʿAbd al-Barr
 Abū ʿUmar Yūsuf b. ʿAbd Allāh b. Muḥammad b. ʿAbd al-Barr al-Qurṭubī al-Namarī
Ibn ʿAbd al-Barr
 Abū ʿUmar Yūsuf b. ʿAbd Allāh b. Muḥammad b. ʿAbd al-Barr al-Qurṭubī al-Namarī
Ibn ʿAbd al-Barr
 Abū ʿUmar Yūsuf b. ʿAbd Allāh b. Muḥammad b. ʿAbd al-Barr al-Qurṭubī al-Namarī
Ibn ʿAbd al-Barr
 Abū ʿUmar Yūsuf b. ʿAbd Allāh b. Muḥammad b. ʿAbd al-Barr al-Qurṭubī al-Namarī
Ibn ʿAbd al-Barr
 Abū ʿUmar Yūsuf b. ʿAbd Allāh b. Muḥammad b. ʿAbd al-Barr al-Qurṭubī al-Namarī
Ibn ʿAbd al-Barr
 Abū ʿUmar Yūsuf b. ʿAbd Allāh b. Muḥammad b. ʿAbd al-Barr al-Qurṭubī al-Namarī
Ibn ʿAbd al-Barr
 Abū ʿUmar Yūsuf b. ʿAbd Allāh b. Muḥammad b. ʿAbd al-Barr al-Qurṭubī al-Namarī
Ibn ʿAbd al-Barr
 Abū ʿUmar Yūsuf b. ʿAbd Allāh b. Muḥammad b. ʿAbd al-Barr al-Qurṭubī al-Namarī
Ibn ʿAbd al-Barr
 Abū ʿUmar Yūsuf b. ʿAbd Allāh b. Muḥammad b. ʿAbd al-Barr al-Qurṭubī al-Namarī
Ibn ʿAbd al-Barr
 Abū ʿUmar Yūsuf b. ʿAbd Allāh b. Muḥammad b. ʿAbd al-Barr al-Qurṭubī al-Namarī
Ibn ʿAbd al-Barr
 Abū ʿUmar Yūsuf b. ʿAbd Allāh b. Muḥammad b. ʿAbd al-Barr al-Qurṭubī al-Namarī
Ibn ʿAbd al-Barr
 Abū ʿUmar Yūsuf b. ʿAbd Allāh b. Muḥammad b. ʿAbd al-Barr al-Qurṭubī al-Namarī
Ibn ʿAbd al-Barr
 Abū ʿUmar Yūsuf b. ʿAbd Allāh b. Muḥammad b. ʿAbd al-Barr al-Qurṭubī al-Namarī
Ibn ʿAbd al-Barr
 Abū ʿUmar Yūsuf b. ʿAbd Allāh b. Muḥammad b. ʿAbd al-Barr al-Qurṭubī al-Namarī
Ibn ʿAbd al-Barr
 Abū ʿUmar Yūsuf b. ʿAbd Allāh b. Muḥammad b. ʿAbd al-Barr al-Qurṭubī al-Namarī
Ibn ʿAbd al-Barr
 Abū ʿUmar Yūsuf b. ʿAbd Allāh b. Muḥammad b. ʿAbd al-Barr al-Qurṭubī al-Namarī
Ibn ʿAbd al-Barr
 Abū ʿUmar Yūsuf b. ʿAbd Allāh b. Muḥammad b. ʿAbd al-Barr al-Qurṭubī al-Namarī
Ibn ʿAbd al-Barr
 Abū ʿUmar Yūsuf b. ʿAbd Allāh b. Muḥammad b. ʿAbd al-Barr al-Qurṭubī al-Namarī
Ibn ʿAbd al-Barr
 Abū ʿUmar Yūsuf b. ʿAbd Allāh b. Muḥammad b. ʿAbd al-Barr al-Qurṭubī al-Namarī
Ibn ʿAbd al-Barr
 Abū ʿUmar Yūsuf b. ʿAbd Allāh b. Muḥammad b. ʿAbd al-Barr al-Qurṭubī al-Namarī
Ibn ʿAbd al-Barr
 Abū ʿUmar Yūsuf b. ʿAbd Allāh b. Muḥammad b. ʿAbd al-Barr al-Qurṭubī al-Namarī
Ibn ʿAbd al-Barr
 Abū ʿUmar Yūsuf b. ʿAbd Allāh b. Muḥammad b. ʿAbd al-Barr al-Qurṭubī al-Namarī
Ibn ʿAbd al-Barr
 Abū ʿUmar Yūsuf b. ʿAbd Allāh b. Muḥammad b. ʿAbd al-Barr al-Qurṭubī al-Namarī
Ibn ʿAbd al-Barr
 Abū ʿUmar Yūsuf b. ʿAbd Allāh b. Muḥammad b. ʿAbd al-Barr al-Qurṭubī al-Namarī
Ibn ʿAbd al-Barr
 Abū ʿUmar Yūsuf b. ʿAbd Allāh b. Muḥammad b. ʿAbd al-Barr al-Qurṭubī al-Namarī
Ibn ʿAbd al-Barr
 Abū ʿUmar Yūsuf b. ʿAbd Allāh b. Muḥammad b. ʿAbd al-Barr al-Qurṭubī al-Namarī
Ibn ʿAbd al-Barr
 Abū ʿUmar Yūsuf b. ʿAbd Allāh b. Muḥammad b. ʿAbd al-Barr al-Qurṭubī al-Namarī
Ibn ʿAbd al-Barr
 Abū ʿUmar Yūsuf b. ʿAbd Allāh b. Muḥammad b. ʿAbd al-Barr al-Qurṭubī al-Namarī
Ibn ʿAbd al-Barr
 Abū ʿUmar Yūsuf b. ʿAbd Allāh b. Muḥammad b. ʿAbd al-Barr al-Qurṭubī al-Namarī
Ibn ʿAbd al-Barr
 Abū ʿUmar Yūsuf b. ʿAbd Allāh b. Muḥammad b. ʿAbd al-Barr al-Qurṭubī al-Namarī
Ibn ʿAbd al-Barr
 Abū ʿUmar Yūsuf b. ʿAbd Allāh b. Muḥammad b. ʿAbd al-Barr al-Qurṭubī al-Namarī
Ibn ʿAbd al-Barr
 Abū ʿUmar Yūsuf b. ʿAbd Allāh b. Muḥammad b. ʿAbd al-Barr al-Qurṭubī al-Namarī
Ibn ʿAbd al-Barr
 Abū ʿUmar Yūsuf b. ʿAbd Allāh b. Muḥammad b. ʿAbd al-Barr al-Qurṭubī al-Namarī
Ibn ʿAbd al-Barr
 Abū ʿUmar Yūsuf b. ʿAbd Allāh b. Muḥammad b. ʿAbd al-Barr al-Qurṭubī al-Namarī
al-Ḫaṭīb al-Baġdādī
 Abū Bakr Aḥmad b. ʿAlī b. Ṯābit b. Aḥmad b. Mahdī al-Šāfiʿī, al-Baġdādī
al-Ḫaṭīb al-Baġdādī
 Abū Bakr Aḥmad b. ʿAlī b. Ṯābit b. Aḥmad b. Mahdī al-Šāfiʿī, al-Baġdādī
al-Ḫaṭīb al-Baġdādī
 Abū Bakr Aḥmad b. ʿAlī b. Ṯābit b. Aḥmad b. Mahdī al-Šāfiʿī, al-Baġdādī
al-Ḫaṭīb al-Baġdādī
 Abū Bakr Aḥmad b. ʿAlī b. Ṯābit b. Aḥmad b. Mahdī al-Šāfiʿī, al-Baġdādī
al-Ḫaṭīb al-Baġdādī
 Abū Bakr Aḥmad b. ʿAlī b. Ṯābit b. Aḥmad b. Mahdī al-Šāfiʿī, al-Baġdādī
al-Ḫaṭīb al-Baġdādī
 Abū Bakr Aḥmad b. ʿAlī b. Ṯābit b. Aḥmad b. Mahdī al-Šāfiʿī, al-Baġdādī
al-Ḫaṭīb al-Baġdādī
 Abū Bakr Aḥmad b. ʿAlī b. Ṯābit b. Aḥmad b. Mahdī al-Šāfiʿī, al-Baġdādī
al-Ḫaṭīb al-Baġdādī
 Abū Bakr Aḥmad b. ʿAlī b. Ṯābit b. Aḥmad b. Mahdī al-Šāfiʿī, al-Baġdādī
al-Ḫaṭīb al-Baġdādī
 Abū Bakr Aḥmad b. ʿAlī b. Ṯābit b. Aḥmad b. Mahdī al-Šāfiʿī, al-Baġdādī
al-Ḫaṭīb al-Baġdādī
 Abū Bakr Aḥmad b. ʿAlī b. Ṯābit b. Aḥmad b. Mahdī al-Šāfiʿī, al-Baġdādī
al-Ḫaṭīb al-Baġdādī
 Abū Bakr Aḥmad b. ʿAlī b. Ṯābit b. Aḥmad b. Mahdī al-Šāfiʿī, al-Baġdādī
al-Ḫaṭīb al-Baġdādī
 Abū Bakr Aḥmad b. ʿAlī b. Ṯābit b. Aḥmad b. Mahdī al-Šāfiʿī, al-Baġdādī
al-Ḫaṭīb al-Baġdādī
 Abū Bakr Aḥmad b. ʿAlī b. Ṯābit b. Aḥmad b. Mahdī al-Šāfiʿī, al-Baġdādī
al-Ḫaṭīb al-Baġdādī
 Abū Bakr Aḥmad b. ʿAlī b. Ṯābit b. Aḥmad b. Mahdī al-Šāfiʿī, al-Baġdādī
al-Ḫaṭīb al-Baġdādī
 Abū Bakr Aḥmad b. ʿAlī b. Ṯābit b. Aḥmad b. Mahdī al-Šāfiʿī, al-Baġdādī
al-Ḫaṭīb al-Baġdādī
 Abū Bakr Aḥmad b. ʿAlī b. Ṯābit b. Aḥmad b. Mahdī al-Šāfiʿī, al-Baġdādī
al-Ḫaṭīb al-Baġdādī
 Abū Bakr Aḥmad b. ʿAlī b. Ṯābit b. Aḥmad b. Mahdī al-Šāfiʿī, al-Baġdādī
al-Ḫaṭīb al-Baġdādī
 Abū Bakr Aḥmad b. ʿAlī b. Ṯābit b. Aḥmad b. Mahdī al-Šāfiʿī, al-Baġdādī
al-Ḫaṭīb al-Baġdādī
 Abū Bakr Aḥmad b. ʿAlī b. Ṯābit b. Aḥmad b. Mahdī al-Šāfiʿī, al-Baġdādī
al-Ḫaṭīb al-Baġdādī
 Abū Bakr Aḥmad b. ʿAlī b. Ṯābit b. Aḥmad b. Mahdī al-Šāfiʿī, al-Baġdādī
al-Ḫaṭīb al-Baġdādī
 Abū Bakr Aḥmad b. ʿAlī b. Ṯābit b. Aḥmad b. Mahdī al-Šāfiʿī, al-Baġdādī
al-Ḫaṭīb al-Baġdādī
 Abū Bakr Aḥmad b. ʿAlī b. Ṯābit b. Aḥmad b. Mahdī al-Šāfiʿī, al-Baġdādī
al-Ḫaṭīb al-Baġdādī
 Abū Bakr Aḥmad b. ʿAlī b. Ṯābit b. Aḥmad b. Mahdī al-Šāfiʿī, al-Baġdādī
al-Ḫaṭīb al-Baġdādī
 Abū Bakr Aḥmad b. ʿAlī b. Ṯābit b. Aḥmad b. Mahdī al-Šāfiʿī, al-Baġdādī
al-Ḫaṭīb al-Baġdādī
 Abū Bakr Aḥmad b. ʿAlī b. Ṯābit b. Aḥmad b. Mahdī al-Šāfiʿī, al-Baġdādī
al-Ḫaṭīb al-Baġdādī
 Abū Bakr Aḥmad b. ʿAlī b. Ṯābit b. Aḥmad b. Mahdī al-Šāfiʿī, al-Baġdādī
al-Ḫaṭīb al-Baġdādī
 Abū Bakr Aḥmad b. ʿAlī b. Ṯābit b. Aḥmad b. Mahdī al-Šāfiʿī, al-Baġdādī
al-Ḫaṭīb al-Baġdādī
 Abū Bakr Aḥmad b. ʿAlī b. Ṯābit b. Aḥmad b. Mahdī al-Šāfiʿī, al-Baġdādī
al-Ḫaṭīb al-Baġdādī
 Abū Bakr Aḥmad b. ʿAlī b. Ṯābit b. Aḥmad b. Mahdī al-Šāfiʿī, al-Baġdādī
al-Ḫaṭīb al-Baġdādī
 Abū Bakr Aḥmad b. ʿAlī b. Ṯābit b. Aḥmad b. Mahdī al-Šāfiʿī, al-Baġdādī
al-Ḫaṭīb al-Baġdādī
 Abū Bakr Aḥmad b. ʿAlī b. Ṯābit b. Aḥmad b. Mahdī al-Šāfiʿī, al-Baġdādī
al-Ḫaṭīb al-Baġdādī
 Abū Bakr Aḥmad b. ʿAlī b. Ṯābit b. Aḥmad b. Mahdī al-Šāfiʿī, al-Baġdādī
al-Ḫaṭīb al-Baġdādī
 Abū Bakr Aḥmad b. ʿAlī b. Ṯābit b. Aḥmad b. Mahdī al-Šāfiʿī, al-Baġdādī
al-Ḫaṭīb al-Baġdādī
 Abū Bakr Aḥmad b. ʿAlī b. Ṯābit b. Aḥmad b. Mahdī al-Šāfiʿī, al-Baġdādī
al-Ḫaṭīb al-Baġdādī
 Abū Bakr Aḥmad b. ʿAlī b. Ṯābit b. Aḥmad b. Mahdī al-Šāfiʿī, al-Baġdādī
al-Ḫaṭīb al-Baġdādī
 Abū Bakr Aḥmad b. ʿAlī b. Ṯābit b. Aḥmad b. Mahdī al-Šāfiʿī, al-Baġdādī
al-Ḫaṭīb al-Baġdādī
 Abū Bakr Aḥmad b. ʿAlī b. Ṯābit b. Aḥmad b. Mahdī al-Šāfiʿī, al-Baġdādī
al-Ḫaṭīb al-Baġdādī
 Abū Bakr Aḥmad b. ʿAlī b. Ṯābit b. Aḥmad b. Mahdī al-Šāfiʿī, al-Baġdādī
al-Ḫaṭīb al-Baġdādī
 Abū Bakr Aḥmad b. ʿAlī b. Ṯābit b. Aḥmad b. Mahdī al-Šāfiʿī, al-Baġdādī
al-Ḫaṭīb al-Baġdādī
 Abū Bakr Aḥmad b. ʿAlī b. Ṯābit b. Aḥmad b. Mahdī al-Šāfiʿī, al-Baġdādī
al-Ḫaṭīb al-Baġdādī
 Abū Bakr Aḥmad b. ʿAlī b. Ṯābit b. Aḥmad b. Mahdī al-Šāfiʿī, al-Baġdādī
al-Ḫaṭīb al-Baġdādī
 Abū Bakr Aḥmad b. ʿAlī b. Ṯābit b. Aḥmad b. Mahdī al-Šāfiʿī, al-Baġdādī
al-Ḫaṭīb al-Baġdādī
 Abū Bakr Aḥmad b. ʿAlī b. Ṯābit b. Aḥmad b. Mahdī al-Šāfiʿī, al-Baġdādī
al-Ḫaṭīb al-Baġdādī
 Abū Bakr Aḥmad b. ʿAlī b. Ṯābit b. Aḥmad b. Mahdī al-Šāfiʿī, al-Baġdādī
al-Ḫaṭīb al-Baġdādī
 Abū Bakr Aḥmad b. ʿAlī b. Ṯābit b. Aḥmad b. Mahdī al-Šāfiʿī, al-Baġdādī
al-Ḫaṭīb al-Baġdādī
 Abū Bakr Aḥmad b. ʿAlī b. Ṯābit b. Aḥmad b. Mahdī al-Šāfiʿī, al-Baġdādī
al-Ḫaṭīb al-Baġdādī
 Abū Bakr Aḥmad b. ʿAlī b. Ṯābit b. Aḥmad b. Mahdī al-Šāfiʿī, al-Baġdādī
al-Ḫaṭīb al-Baġdādī
 Abū Bakr Aḥmad b. ʿAlī b. Ṯābit b. Aḥmad b. Mahdī al-Šāfiʿī, al-Baġdādī
al-Ḫaṭīb al-Baġdādī
 Abū Bakr Aḥmad b. ʿAlī b. Ṯābit b. Aḥmad b. Mahdī al-Šāfiʿī, al-Baġdādī
al-Ḫaṭīb al-Baġdādī
 Abū Bakr Aḥmad b. ʿAlī b. Ṯābit b. Aḥmad b. Mahdī al-Šāfiʿī, al-Baġdādī
al-Ḫaṭīb al-Baġdādī
 Abū Bakr Aḥmad b. ʿAlī b. Ṯābit b. Aḥmad b. Mahdī al-Šāfiʿī, al-Baġdādī
al-Ḫaṭīb al-Baġdādī
 Abū Bakr Aḥmad b. ʿAlī b. Ṯābit b. Aḥmad b. Mahdī al-Šāfiʿī, al-Baġdādī
al-Ḫaṭīb al-Baġdādī
 Abū Bakr Aḥmad b. ʿAlī b. Ṯābit b. Aḥmad b. Mahdī al-Šāfiʿī, al-Baġdādī
al-Ḫaṭīb al-Baġdādī
 Abū Bakr Aḥmad b. ʿAlī b. Ṯābit b. Aḥmad b. Mahdī al-Šāfiʿī, al-Baġdādī
al-Ḫaṭīb al-Baġdādī
 Abū Bakr Aḥmad b. ʿAlī b. Ṯābit b. Aḥmad b. Mahdī al-Šāfiʿī, al-Baġdādī
Tārīḫ Madīnat al-Salām
Tārīḫ Baġdād
al-Ḫaṭīb al-Baġdādī
 Abū Bakr Aḥmad b. ʿAlī b. Ṯābit b. Aḥmad b. Mahdī al-Šāfiʿī, al-Baġdādī
Tārīḫ Madīnat al-Salām
Tārīḫ Baġdād
al-Ḫaṭīb al-Baġdādī
 Abū Bakr Aḥmad b. ʿAlī b. Ṯābit b. Aḥmad b. Mahdī al-Šāfiʿī, al-Baġdādī
Tārīḫ Madīnat al-Salām
Tārīḫ Baġdād
al-Ḫaṭīb al-Baġdādī
 Abū Bakr Aḥmad b. ʿAlī b. Ṯābit b. Aḥmad b. Mahdī al-Šāfiʿī, al-Baġdādī
Tārīḫ Madīnat al-Salām
Tārīḫ Baġdād
al-Ḫaṭīb al-Baġdādī
 Abū Bakr Aḥmad b. ʿAlī b. Ṯābit b. Aḥmad b. Mahdī al-Šāfiʿī, al-Baġdādī
Tārīḫ Madīnat al-Salām
Tārīḫ Baġdād
al-Ḫaṭīb al-Baġdādī
 Abū Bakr Aḥmad b. ʿAlī b. Ṯābit b. Aḥmad b. Mahdī al-Šāfiʿī, al-Baġdādī
Tārīḫ Madīnat al-Salām
Tārīḫ Baġdād
al-Ḫaṭīb al-Baġdādī
 Abū Bakr Aḥmad b. ʿAlī b. Ṯābit b. Aḥmad b. Mahdī al-Šāfiʿī, al-Baġdādī
Tārīḫ Madīnat al-Salām
Tārīḫ Baġdād
al-Ḫaṭīb al-Baġdādī
 Abū Bakr Aḥmad b. ʿAlī b. Ṯābit b. Aḥmad b. Mahdī al-Šāfiʿī, al-Baġdādī
Tārīḫ Madīnat al-Salām
Tārīḫ Baġdād
al-Ḫaṭīb al-Baġdādī
 Abū Bakr Aḥmad b. ʿAlī b. Ṯābit b. Aḥmad b. Mahdī al-Šāfiʿī, al-Baġdādī
Tārīḫ Madīnat al-Salām
Tārīḫ Baġdād
al-Ḫaṭīb al-Baġdādī
 Abū Bakr Aḥmad b. ʿAlī b. Ṯābit b. Aḥmad b. Mahdī al-Šāfiʿī, al-Baġdādī
al-Ḫaṭīb al-Baġdādī
 Abū Bakr Aḥmad b. ʿAlī b. Ṯābit b. Aḥmad b. Mahdī al-Šāfiʿī, al-Baġdādī
Riyāḍ al-nufūs fī ṭabaqāt ʿulamāʾ al-qayrawān wa-¶    ifriqiyyaŧ wa-zuhhādhum wa-nussākhum wa-siyyar min aḫbārihim wa-¶    faḍāʾilihim wa-awṣāfihim
Kitāb al-Riyāḍ
Abū Bakr al-Mālikī
 Abū Bakr ʿAbdallāh b. Muḥammad b. ʿAbdallāh b. Abī ʿAbdallāh Muḥammad b. ʿAbdallāh al-Qurašī al-Qayrawānī al-Mālikī
Ibn Ḫalaf al-Bāǧī
 Abū al-Walīd Sulaymān b. Ḫalaf b. Saʿd b. Ayyūb b. Wāriṯ Taǧībī al-Qurṭubī al-Bāǧī al-Andalusī
Ibn Ḫalaf al-Bāǧī
 Abū al-Walīd Sulaymān b. Ḫalaf b. Saʿd b. Ayyūb b. Wāriṯ Taǧībī al-Qurṭubī al-Bāǧī al-Andalusī
Ibn Ḫalaf al-Bāǧī
 Abū al-Walīd Sulaymān b. Ḫalaf b. Saʿd b. Ayyūb b. Wāriṯ Taǧībī al-Qurṭubī al-Bāǧī al-Andalusī
al-Muntaqá šarḥ Muwaṭṭaʾ

Ibn Ḫalaf al-Bāǧī
 Abū al-Walīd Sulaymān b. Ḫalaf b. Saʿd b. Ayyūb b. Wāriṯ Taǧībī al-Qurṭubī al-Bāǧī al-Andalusī
al-Muntaqá šarḥ Muwaṭṭaʾ

Ibn Ḫalaf al-Bāǧī
 Abū al-Walīd Sulaymān b. Ḫalaf b. Saʿd b. Ayyūb b. Wāriṯ Taǧībī al-Qurṭubī al-Bāǧī al-Andalusī
Ibn Ḫalaf al-Bāǧī
 Abū al-Walīd Sulaymān b. Ḫalaf b. Saʿd b. Ayyūb b. Wāriṯ Taǧībī al-Qurṭubī al-Bāǧī al-Andalusī
Ibn Ḫalaf al-Bāǧī
 Abū al-Walīd Sulaymān b. Ḫalaf b. Saʿd b. Ayyūb b. Wāriṯ Taǧībī al-Qurṭubī al-Bāǧī al-Andalusī
Ibn Ḫalaf al-Bāǧī
 Abū al-Walīd Sulaymān b. Ḫalaf b. Saʿd b. Ayyūb b. Wāriṯ Taǧībī al-Qurṭubī al-Bāǧī al-Andalusī
Ibn Ḫalaf al-Bāǧī
 Abū al-Walīd Sulaymān b. Ḫalaf b. Saʿd b. Ayyūb b. Wāriṯ Taǧībī al-Qurṭubī al-Bāǧī al-Andalusī
Ibn Ḫalaf al-Bāǧī
 Abū al-Walīd Sulaymān b. Ḫalaf b. Saʿd b. Ayyūb b. Wāriṯ Taǧībī al-Qurṭubī al-Bāǧī al-Andalusī
Ibn Ḫalaf al-Bāǧī
 Abū al-Walīd Sulaymān b. Ḫalaf b. Saʿd b. Ayyūb b. Wāriṯ Taǧībī al-Qurṭubī al-Bāǧī al-Andalusī
Ibn Ḫalaf al-Bāǧī
 Abū al-Walīd Sulaymān b. Ḫalaf b. Saʿd b. Ayyūb b. Wāriṯ Taǧībī al-Qurṭubī al-Bāǧī al-Andalusī
al-Uṣūl al-muhaḏḏabiyyaŧ
Sahl Ibn Faḍl al-Tustarī
  Sahl b. Faḍl al-Tustarī
al-Šīrāzī
 Abū Isḥāq Ibrāhīm b. ʿAlī b. Yūsuf al-Šāfiʿī al-Fīrūzābādī
al-Šīrāzī
 Abū Isḥāq Ibrāhīm b. ʿAlī b. Yūsuf al-Šāfiʿī al-Fīrūzābādī
al-Šīrāzī
 Abū Isḥāq Ibrāhīm b. ʿAlī b. Yūsuf al-Šāfiʿī al-Fīrūzābādī
al-Šīrāzī
 Abū Isḥāq Ibrāhīm b. ʿAlī b. Yūsuf al-Šāfiʿī al-Fīrūzābādī
al-Šīrāzī
 Abū Isḥāq Ibrāhīm b. ʿAlī b. Yūsuf al-Šāfiʿī al-Fīrūzābādī
al-Šīrāzī
 Abū Isḥāq Ibrāhīm b. ʿAlī b. Yūsuf al-Šāfiʿī al-Fīrūzābādī
al-Šīrāzī
 Abū Isḥāq Ibrāhīm b. ʿAlī b. Yūsuf al-Šāfiʿī al-Fīrūzābādī
al-Šīrāzī
 Abū Isḥāq Ibrāhīm b. ʿAlī b. Yūsuf al-Šāfiʿī al-Fīrūzābādī
Ṭabaqāt al-fuqahāʾ
al-Šīrāzī
 Abū Isḥāq Ibrāhīm b. ʿAlī b. Yūsuf al-Šāfiʿī al-Fīrūzābādī
Ṭabaqāt al-fuqahāʾ
al-Šīrāzī
 Abū Isḥāq Ibrāhīm b. ʿAlī b. Yūsuf al-Šāfiʿī al-Fīrūzābādī
al-Šīrāzī
 Abū Isḥāq Ibrāhīm b. ʿAlī b. Yūsuf al-Šāfiʿī al-Fīrūzābādī
al-Šīrāzī
 Abū Isḥāq Ibrāhīm b. ʿAlī b. Yūsuf al-Šāfiʿī al-Fīrūzābādī
al-Šīrāzī
 Abū Isḥāq Ibrāhīm b. ʿAlī b. Yūsuf al-Šāfiʿī al-Fīrūzābādī
al-Šīrāzī
 Abū Isḥāq Ibrāhīm b. ʿAlī b. Yūsuf al-Šāfiʿī al-Fīrūzābādī
Abū Ismāʿīl al-Harawī
 Abū Ismāʿīl ʿAbd al-Lāh b. Muḥammad b. ʿAlī b. Muḥammad b. Aḥmad b. ʿAlī b. Ǧaʿfar b. Manṣūr al-Anṣārī al-Harawī
Abū Ismāʿīl al-Harawī
 Abū Ismāʿīl ʿAbd al-Lāh b. Muḥammad b. ʿAlī b. Muḥammad b. Aḥmad b. ʿAlī b. Ǧaʿfar b. Manṣūr al-Anṣārī al-Harawī
Abū Ismāʿīl al-Harawī
 Abū Ismāʿīl ʿAbd al-Lāh b. Muḥammad b. ʿAlī b. Muḥammad b. Aḥmad b. ʿAlī b. Ǧaʿfar b. Manṣūr al-Anṣārī al-Harawī
Abū Ismāʿīl al-Harawī
 Abū Ismāʿīl ʿAbd al-Lāh b. Muḥammad b. ʿAlī b. Muḥammad b. Aḥmad b. ʿAlī b. Ǧaʿfar b. Manṣūr al-Anṣārī al-Harawī
Abū Ismāʿīl al-Harawī
 Abū Ismāʿīl ʿAbd al-Lāh b. Muḥammad b. ʿAlī b. Muḥammad b. Aḥmad b. ʿAlī b. Ǧaʿfar b. Manṣūr al-Anṣārī al-Harawī
Abū Ismāʿīl al-Harawī
 Abū Ismāʿīl ʿAbd al-Lāh b. Muḥammad b. ʿAlī b. Muḥammad b. Aḥmad b. ʿAlī b. Ǧaʿfar b. Manṣūr al-Anṣārī al-Harawī
Abū Ismāʿīl al-Harawī
 Abū Ismāʿīl ʿAbd al-Lāh b. Muḥammad b. ʿAlī b. Muḥammad b. Aḥmad b. ʿAlī b. Ǧaʿfar b. Manṣūr al-Anṣārī al-Harawī
Abū Ismāʿīl al-Harawī
 Abū Ismāʿīl ʿAbd al-Lāh b. Muḥammad b. ʿAlī b. Muḥammad b. Aḥmad b. ʿAlī b. Ǧaʿfar b. Manṣūr al-Anṣārī al-Harawī
Abū Ismāʿīl al-Harawī
 Abū Ismāʿīl ʿAbd al-Lāh b. Muḥammad b. ʿAlī b. Muḥammad b. Aḥmad b. ʿAlī b. Ǧaʿfar b. Manṣūr al-Anṣārī al-Harawī
Nāṣir Ḫusraw
Ḥamīd al-Dīn Abū Muʿīn Nāṣir b. Ḫusraw b. Ḥāriṯ Qubādiyānī Balḫī
Nāṣir Ḫusraw
Ḥamīd al-Dīn Abū Muʿīn Nāṣir b. Ḫusraw b. Ḥāriṯ Qubādiyānī Balḫī
Nāṣir Ḫusraw
Ḥamīd al-Dīn Abū Muʿīn Nāṣir b. Ḫusraw b. Ḥāriṯ Qubādiyānī Balḫī
 Abū ʿUbayd ʿAbdallāh b. ʿAbd al-ʿAzīz b. Muḥammad b. Ayyūb b. ʿAmr al-Bakrī
 Abū ʿUbayd ʿAbdallāh b. ʿAbd al-ʿAzīz b. Muḥammad b. Ayyūb b. ʿAmr al-Bakrī
Kitāb al-Masālik wa-l-mamālik

 Abū ʿUbayd ʿAbdallāh b. ʿAbd al-ʿAzīz b. Muḥammad b. Ayyūb b. ʿAmr al-Bakrī
Kitāb al-Masālik wa-l-mamālik

 Abū ʿUbayd ʿAbdallāh b. ʿAbd al-ʿAzīz b. Muḥammad b. Ayyūb b. ʿAmr al-Bakrī
 Abū ʿUbayd ʿAbdallāh b. ʿAbd al-ʿAzīz b. Muḥammad b. Ayyūb b. ʿAmr al-Bakrī
 Abū ʿUbayd ʿAbdallāh b. ʿAbd al-ʿAzīz b. Muḥammad b. Ayyūb b. ʿAmr al-Bakrī
 Abū ʿUbayd ʿAbdallāh b. ʿAbd al-ʿAzīz b. Muḥammad b. Ayyūb b. ʿAmr al-Bakrī
 Abū ʿUbayd ʿAbdallāh b. ʿAbd al-ʿAzīz b. Muḥammad b. Ayyūb b. ʿAmr al-Bakrī
 Abū ʿUbayd ʿAbdallāh b. ʿAbd al-ʿAzīz b. Muḥammad b. Ayyūb b. ʿAmr al-Bakrī
 Abū ʿUbayd ʿAbdallāh b. ʿAbd al-ʿAzīz b. Muḥammad b. Ayyūb b. ʿAmr al-Bakrī
 Abū ʿUbayd ʿAbdallāh b. ʿAbd al-ʿAzīz b. Muḥammad b. Ayyūb b. ʿAmr al-Bakrī
 Abū ʿUbayd ʿAbdallāh b. ʿAbd al-ʿAzīz b. Muḥammad b. Ayyūb b. ʿAmr al-Bakrī
 Abū ʿUbayd ʿAbdallāh b. ʿAbd al-ʿAzīz b. Muḥammad b. Ayyūb b. ʿAmr al-Bakrī
al-Filāḥaŧ
al-Qaṣd wa-l-bayān, Dīwān al-filāḥaŧ
Ibn Baṣṣāl
 Abū ʿAbd Al-lãh Muḥammad b. Ibrāhīm al-Andalusī al-Ṭulayṭulī
al-Laṭāʾif wa al-ẓarāʾif
al-Laṭāʾif wa al-ẓarāʾif wa-al-Yawāqīt fī baʿḍ al-mawāqīt
al-Ġazālī
Zayn al-Dīn Abū Ḥāmid Muḥammad b. Muḥammad b. Muḥammad b. Aḥmad al-Ġazālī al-Ṭūsī al-Nīsābūrī
al-Ġazālī
Zayn al-Dīn Abū Ḥāmid Muḥammad b. Muḥammad b. Muḥammad b. Aḥmad al-Ġazālī al-Ṭūsī al-Nīsābūrī
al-Ġazālī
Zayn al-Dīn Abū Ḥāmid Muḥammad b. Muḥammad b. Muḥammad b. Aḥmad al-Ġazālī al-Ṭūsī al-Nīsābūrī
al-Ġazālī
Zayn al-Dīn Abū Ḥāmid Muḥammad b. Muḥammad b. Muḥammad b. Aḥmad al-Ġazālī al-Ṭūsī al-Nīsābūrī
al-Ġazālī
Zayn al-Dīn Abū Ḥāmid Muḥammad b. Muḥammad b. Muḥammad b. Aḥmad al-Ġazālī al-Ṭūsī al-Nīsābūrī
al-Ġazālī
Zayn al-Dīn Abū Ḥāmid Muḥammad b. Muḥammad b. Muḥammad b. Aḥmad al-Ġazālī al-Ṭūsī al-Nīsābūrī
al-Ġazālī
Zayn al-Dīn Abū Ḥāmid Muḥammad b. Muḥammad b. Muḥammad b. Aḥmad al-Ġazālī al-Ṭūsī al-Nīsābūrī
al-Ġazālī
Zayn al-Dīn Abū Ḥāmid Muḥammad b. Muḥammad b. Muḥammad b. Aḥmad al-Ġazālī al-Ṭūsī al-Nīsābūrī
al-Ġazālī
Zayn al-Dīn Abū Ḥāmid Muḥammad b. Muḥammad b. Muḥammad b. Aḥmad al-Ġazālī al-Ṭūsī al-Nīsābūrī
al-Ġazālī
Zayn al-Dīn Abū Ḥāmid Muḥammad b. Muḥammad b. Muḥammad b. Aḥmad al-Ġazālī al-Ṭūsī al-Nīsābūrī
al-Ġazālī
Zayn al-Dīn Abū Ḥāmid Muḥammad b. Muḥammad b. Muḥammad b. Aḥmad al-Ġazālī al-Ṭūsī al-Nīsābūrī
al-Ġazālī
Zayn al-Dīn Abū Ḥāmid Muḥammad b. Muḥammad b. Muḥammad b. Aḥmad al-Ġazālī al-Ṭūsī al-Nīsābūrī
al-Ġazālī
Zayn al-Dīn Abū Ḥāmid Muḥammad b. Muḥammad b. Muḥammad b. Aḥmad al-Ġazālī al-Ṭūsī al-Nīsābūrī
al-Ġazālī
Zayn al-Dīn Abū Ḥāmid Muḥammad b. Muḥammad b. Muḥammad b. Aḥmad al-Ġazālī al-Ṭūsī al-Nīsābūrī
al-Ġazālī
Zayn al-Dīn Abū Ḥāmid Muḥammad b. Muḥammad b. Muḥammad b. Aḥmad al-Ġazālī al-Ṭūsī al-Nīsābūrī
al-Ġazālī
Zayn al-Dīn Abū Ḥāmid Muḥammad b. Muḥammad b. Muḥammad b. Aḥmad al-Ġazālī al-Ṭūsī al-Nīsābūrī
al-Ġazālī
Zayn al-Dīn Abū Ḥāmid Muḥammad b. Muḥammad b. Muḥammad b. Aḥmad al-Ġazālī al-Ṭūsī al-Nīsābūrī
al-Ġazālī
Zayn al-Dīn Abū Ḥāmid Muḥammad b. Muḥammad b. Muḥammad b. Aḥmad al-Ġazālī al-Ṭūsī al-Nīsābūrī
al-Ġazālī
Zayn al-Dīn Abū Ḥāmid Muḥammad b. Muḥammad b. Muḥammad b. Aḥmad al-Ġazālī al-Ṭūsī al-Nīsābūrī
al-Ġazālī
Zayn al-Dīn Abū Ḥāmid Muḥammad b. Muḥammad b. Muḥammad b. Aḥmad al-Ġazālī al-Ṭūsī al-Nīsābūrī
al-Ġazālī
Zayn al-Dīn Abū Ḥāmid Muḥammad b. Muḥammad b. Muḥammad b. Aḥmad al-Ġazālī al-Ṭūsī al-Nīsābūrī
al-Ġazālī
Zayn al-Dīn Abū Ḥāmid Muḥammad b. Muḥammad b. Muḥammad b. Aḥmad al-Ġazālī al-Ṭūsī al-Nīsābūrī
al-Ġazālī
Zayn al-Dīn Abū Ḥāmid Muḥammad b. Muḥammad b. Muḥammad b. Aḥmad al-Ġazālī al-Ṭūsī al-Nīsābūrī
al-Ġazālī
Zayn al-Dīn Abū Ḥāmid Muḥammad b. Muḥammad b. Muḥammad b. Aḥmad al-Ġazālī al-Ṭūsī al-Nīsābūrī
al-Ġazālī
Zayn al-Dīn Abū Ḥāmid Muḥammad b. Muḥammad b. Muḥammad b. Aḥmad al-Ġazālī al-Ṭūsī al-Nīsābūrī
al-Ġazālī
Zayn al-Dīn Abū Ḥāmid Muḥammad b. Muḥammad b. Muḥammad b. Aḥmad al-Ġazālī al-Ṭūsī al-Nīsābūrī
al-Ġazālī
Zayn al-Dīn Abū Ḥāmid Muḥammad b. Muḥammad b. Muḥammad b. Aḥmad al-Ġazālī al-Ṭūsī al-Nīsābūrī
al-Ġazālī
Zayn al-Dīn Abū Ḥāmid Muḥammad b. Muḥammad b. Muḥammad b. Aḥmad al-Ġazālī al-Ṭūsī al-Nīsābūrī
al-Ġazālī
Zayn al-Dīn Abū Ḥāmid Muḥammad b. Muḥammad b. Muḥammad b. Aḥmad al-Ġazālī al-Ṭūsī al-Nīsābūrī
al-Ġazālī
Zayn al-Dīn Abū Ḥāmid Muḥammad b. Muḥammad b. Muḥammad b. Aḥmad al-Ġazālī al-Ṭūsī al-Nīsābūrī
al-Ġazālī
Zayn al-Dīn Abū Ḥāmid Muḥammad b. Muḥammad b. Muḥammad b. Aḥmad al-Ġazālī al-Ṭūsī al-Nīsābūrī
al-Ġazālī
Zayn al-Dīn Abū Ḥāmid Muḥammad b. Muḥammad b. Muḥammad b. Aḥmad al-Ġazālī al-Ṭūsī al-Nīsābūrī
al-Ġazālī
Zayn al-Dīn Abū Ḥāmid Muḥammad b. Muḥammad b. Muḥammad b. Aḥmad al-Ġazālī al-Ṭūsī al-Nīsābūrī
al-Ġazālī
Zayn al-Dīn Abū Ḥāmid Muḥammad b. Muḥammad b. Muḥammad b. Aḥmad al-Ġazālī al-Ṭūsī al-Nīsābūrī
al-Ġazālī
Zayn al-Dīn Abū Ḥāmid Muḥammad b. Muḥammad b. Muḥammad b. Aḥmad al-Ġazālī al-Ṭūsī al-Nīsābūrī
al-Ġazālī
Zayn al-Dīn Abū Ḥāmid Muḥammad b. Muḥammad b. Muḥammad b. Aḥmad al-Ġazālī al-Ṭūsī al-Nīsābūrī
al-Ġazālī
Zayn al-Dīn Abū Ḥāmid Muḥammad b. Muḥammad b. Muḥammad b. Aḥmad al-Ġazālī al-Ṭūsī al-Nīsābūrī
al-Ġazālī
Zayn al-Dīn Abū Ḥāmid Muḥammad b. Muḥammad b. Muḥammad b. Aḥmad al-Ġazālī al-Ṭūsī al-Nīsābūrī
al-Ġazālī
Zayn al-Dīn Abū Ḥāmid Muḥammad b. Muḥammad b. Muḥammad b. Aḥmad al-Ġazālī al-Ṭūsī al-Nīsābūrī
al-Ġazālī
Zayn al-Dīn Abū Ḥāmid Muḥammad b. Muḥammad b. Muḥammad b. Aḥmad al-Ġazālī al-Ṭūsī al-Nīsābūrī
al-Ġazālī
Zayn al-Dīn Abū Ḥāmid Muḥammad b. Muḥammad b. Muḥammad b. Aḥmad al-Ġazālī al-Ṭūsī al-Nīsābūrī
al-Ġazālī
Zayn al-Dīn Abū Ḥāmid Muḥammad b. Muḥammad b. Muḥammad b. Aḥmad al-Ġazālī al-Ṭūsī al-Nīsābūrī
al-Ġazālī
Zayn al-Dīn Abū Ḥāmid Muḥammad b. Muḥammad b. Muḥammad b. Aḥmad al-Ġazālī al-Ṭūsī al-Nīsābūrī
al-Ġazālī
Zayn al-Dīn Abū Ḥāmid Muḥammad b. Muḥammad b. Muḥammad b. Aḥmad al-Ġazālī al-Ṭūsī al-Nīsābūrī
al-Ġazālī
Zayn al-Dīn Abū Ḥāmid Muḥammad b. Muḥammad b. Muḥammad b. Aḥmad al-Ġazālī al-Ṭūsī al-Nīsābūrī
al-Ġazālī
Zayn al-Dīn Abū Ḥāmid Muḥammad b. Muḥammad b. Muḥammad b. Aḥmad al-Ġazālī al-Ṭūsī al-Nīsābūrī
al-Ġazālī
Zayn al-Dīn Abū Ḥāmid Muḥammad b. Muḥammad b. Muḥammad b. Aḥmad al-Ġazālī al-Ṭūsī al-Nīsābūrī
al-Ġazālī
Zayn al-Dīn Abū Ḥāmid Muḥammad b. Muḥammad b. Muḥammad b. Aḥmad al-Ġazālī al-Ṭūsī al-Nīsābūrī
al-Ġazālī
Zayn al-Dīn Abū Ḥāmid Muḥammad b. Muḥammad b. Muḥammad b. Aḥmad al-Ġazālī al-Ṭūsī al-Nīsābūrī
al-Wasīṭ fī al-maḏhab
al-Ġazālī
Zayn al-Dīn Abū Ḥāmid Muḥammad b. Muḥammad b. Muḥammad b. Aḥmad al-Ġazālī al-Ṭūsī al-Nīsābūrī
al-Wasīṭ fī al-maḏhab
al-Ġazālī
Zayn al-Dīn Abū Ḥāmid Muḥammad b. Muḥammad b. Muḥammad b. Aḥmad al-Ġazālī al-Ṭūsī al-Nīsābūrī
al-ʿAwtabī, al-Ṣuḥārī
  Salamaŧ b. Muslim b. Ibrāhīm al-ʿAwtabī al-Ṣuḥārī al-Azdī
al-ʿAwtabī, al-Ṣuḥārī
  Salamaŧ b. Muslim b. Ibrāhīm al-ʿAwtabī al-Ṣuḥārī al-Azdī
al-ʿAwtabī, al-Ṣuḥārī
  Salamaŧ b. Muslim b. Ibrāhīm al-ʿAwtabī al-Ṣuḥārī al-Azdī
al-ʿAwtabī, al-Ṣuḥārī
  Salamaŧ b. Muslim b. Ibrāhīm al-ʿAwtabī al-Ṣuḥārī al-Azdī
al-ʿAwtabī, al-Ṣuḥārī
  Salamaŧ b. Muslim b. Ibrāhīm al-ʿAwtabī al-Ṣuḥārī al-Azdī
al-Ṭurṭūšī, Ibn Abī Randaqaŧ (or Rundaqaŧ)
 Abū Bakr Muḥammad b. al-Walīd b. Muḥammad b. Ḫalaf b. Sulaymān b. Ayyūb al-Qurašī, al-Fihrī, al-Mālikī, al-Ṭurṭūšī, al-Andalūsī
Sirāǧ al-mulūk
al-Ṭurṭūšī, Ibn Abī Randaqaŧ (or Rundaqaŧ)
 Abū Bakr Muḥammad b. al-Walīd b. Muḥammad b. Ḫalaf b. Sulaymān b. Ayyūb al-Qurašī, al-Fihrī, al-Mālikī, al-Ṭurṭūšī, al-Andalūsī
Sirāǧ al-mulūk
al-Ṭurṭūšī, Ibn Abī Randaqaŧ (or Rundaqaŧ)
 Abū Bakr Muḥammad b. al-Walīd b. Muḥammad b. Ḫalaf b. Sulaymān b. Ayyūb al-Qurašī, al-Fihrī, al-Mālikī, al-Ṭurṭūšī, al-Andalūsī
Ibn Abī Yaʿlá
 Abū al-Ḥusayn Muḥammad b. Muḥammad b. al-Ḥusayn b. Muḥammad b. Ḫalaf b. Aḥmad b. al-Farrāʾ al-Farrāʾ al-Baġdādī al-Ḥanbalī
Ibn Abī Yaʿlá
 Abū al-Ḥusayn Muḥammad b. Muḥammad b. al-Ḥusayn b. Muḥammad b. Ḫalaf b. Aḥmad b. al-Farrāʾ al-Farrāʾ al-Baġdādī al-Ḥanbalī
Ṭabaqāt al-ḥanābilaŧ
Ibn Abī Yaʿlá
 Abū al-Ḥusayn Muḥammad b. Muḥammad b. al-Ḥusayn b. Muḥammad b. Ḫalaf b. Aḥmad b. al-Farrāʾ al-Farrāʾ al-Baġdādī al-Ḥanbalī
Ṭabaqāt al-ḥanābilaŧ
Ibn Abī Yaʿlá
 Abū al-Ḥusayn Muḥammad b. Muḥammad b. al-Ḥusayn b. Muḥammad b. Ḫalaf b. Aḥmad b. al-Farrāʾ al-Farrāʾ al-Baġdādī al-Ḥanbalī
Aḥādīṯ al-šuyūḫ al-ṯiqāt
al-Mašyaḫaŧ al-Kubrá
Qāḍī al-Māristān
 Abū Bakr Muḥammad b. ʿAbd al-Bāqī b. Muḥammad al-Anṣārī al-Kaʿbī
Qawwām al-Sunnaŧ
Qawwām al-Sunnaŧ Abū al-Qāsim Ismāʿīl b. Muḥammad b. al-Faḍl b. ʿAlī b. Ṭāhir b. Aḥmad al-Qurašī al-Tayyamī thumma al- al-Iṣbahānī al-Ṭalḥī
Qawwām al-Sunnaŧ
Qawwām al-Sunnaŧ Abū al-Qāsim Ismāʿīl b. Muḥammad b. al-Faḍl b. ʿAlī b. Ṭāhir b. Aḥmad al-Qurašī al-Tayyamī thumma al- al-Iṣbahānī al-Ṭalḥī
Qawwām al-Sunnaŧ
Qawwām al-Sunnaŧ Abū al-Qāsim Ismāʿīl b. Muḥammad b. al-Faḍl b. ʿAlī b. Ṭāhir b. Aḥmad al-Qurašī al-Tayyamī thumma al- al-Iṣbahānī al-Ṭalḥī
Qawwām al-Sunnaŧ
Qawwām al-Sunnaŧ Abū al-Qāsim Ismāʿīl b. Muḥammad b. al-Faḍl b. ʿAlī b. Ṭāhir b. Aḥmad al-Qurašī al-Tayyamī thumma al- al-Iṣbahānī al-Ṭalḥī
Qawwām al-Sunnaŧ
Qawwām al-Sunnaŧ Abū al-Qāsim Ismāʿīl b. Muḥammad b. al-Faḍl b. ʿAlī b. Ṭāhir b. Aḥmad al-Qurašī al-Tayyamī thumma al- al-Iṣbahānī al-Ṭalḥī
Qawwām al-Sunnaŧ
Qawwām al-Sunnaŧ Abū al-Qāsim Ismāʿīl b. Muḥammad b. al-Faḍl b. ʿAlī b. Ṭāhir b. Aḥmad al-Qurašī al-Tayyamī thumma al- al-Iṣbahānī al-Ṭalḥī
Qawwām al-Sunnaŧ
Qawwām al-Sunnaŧ Abū al-Qāsim Ismāʿīl b. Muḥammad b. al-Faḍl b. ʿAlī b. Ṭāhir b. Aḥmad al-Qurašī al-Tayyamī thumma al- al-Iṣbahānī al-Ṭalḥī
Qawwām al-Sunnaŧ
Qawwām al-Sunnaŧ Abū al-Qāsim Ismāʿīl b. Muḥammad b. al-Faḍl b. ʿAlī b. Ṭāhir b. Aḥmad al-Qurašī al-Tayyamī thumma al- al-Iṣbahānī al-Ṭalḥī
Qawwām al-Sunnaŧ
Qawwām al-Sunnaŧ Abū al-Qāsim Ismāʿīl b. Muḥammad b. al-Faḍl b. ʿAlī b. Ṭāhir b. Aḥmad al-Qurašī al-Tayyamī thumma al- al-Iṣbahānī al-Ṭalḥī
Qawwām al-Sunnaŧ
Qawwām al-Sunnaŧ Abū al-Qāsim Ismāʿīl b. Muḥammad b. al-Faḍl b. ʿAlī b. Ṭāhir b. Aḥmad al-Qurašī al-Tayyamī thumma al- al-Iṣbahānī al-Ṭalḥī
Siyar al-salaf al-ṣāliḥīn
Qawwām al-Sunnaŧ
Qawwām al-Sunnaŧ Abū al-Qāsim Ismāʿīl b. Muḥammad b. al-Faḍl b. ʿAlī b. Ṭāhir b. Aḥmad al-Qurašī al-Tayyamī thumma al- al-Iṣbahānī al-Ṭalḥī
Qawwām al-Sunnaŧ
Qawwām al-Sunnaŧ Abū al-Qāsim Ismāʿīl b. Muḥammad b. al-Faḍl b. ʿAlī b. Ṭāhir b. Aḥmad al-Qurašī al-Tayyamī thumma al- al-Iṣbahānī al-Ṭalḥī
Mā lam yunšar min al-amālī al-šaǧariyyaŧ

al-Qāḍī ʿIyāḍ
 Abū al-Faḍl ʿIyāḍ b. Mūsá b. ʿIyāḍ al-Yaḥṣubī al-Sabtī
al-Qāḍī ʿIyāḍ
 Abū al-Faḍl ʿIyāḍ b. Mūsá b. ʿIyāḍ al-Yaḥṣubī al-Sabtī
al-ilmāʿ ilá maʿrifaŧ uṣūl al-riwāyaŧ wa-taqyīd al-¶    samāʿ

al-Qāḍī ʿIyāḍ
 Abū al-Faḍl ʿIyāḍ b. Mūsá b. ʿIyāḍ al-Yaḥṣubī al-Sabtī
al-ilmāʿ ilá maʿrifaŧ uṣūl al-riwāyaŧ wa-taqyīd al-¶    samāʿ

al-Qāḍī ʿIyāḍ
 Abū al-Faḍl ʿIyāḍ b. Mūsá b. ʿIyāḍ al-Yaḥṣubī al-Sabtī
al-Qāḍī ʿIyāḍ
 Abū al-Faḍl ʿIyāḍ b. Mūsá b. ʿIyāḍ al-Yaḥṣubī al-Sabtī
al-Qāḍī ʿIyāḍ
 Abū al-Faḍl ʿIyāḍ b. Mūsá b. ʿIyāḍ al-Yaḥṣubī al-Sabtī
al-Qāḍī ʿIyāḍ
 Abū al-Faḍl ʿIyāḍ b. Mūsá b. ʿIyāḍ al-Yaḥṣubī al-Sabtī
al-Qāḍī ʿIyāḍ
 Abū al-Faḍl ʿIyāḍ b. Mūsá b. ʿIyāḍ al-Yaḥṣubī al-Sabtī
al-Qāḍī ʿIyāḍ
 Abū al-Faḍl ʿIyāḍ b. Mūsá b. ʿIyāḍ al-Yaḥṣubī al-Sabtī
al-Qāḍī ʿIyāḍ
 Abū al-Faḍl ʿIyāḍ b. Mūsá b. ʿIyāḍ al-Yaḥṣubī al-Sabtī
al-Qāḍī ʿIyāḍ
 Abū al-Faḍl ʿIyāḍ b. Mūsá b. ʿIyāḍ al-Yaḥṣubī al-Sabtī
al-Qāḍī ʿIyāḍ
 Abū al-Faḍl ʿIyāḍ b. Mūsá b. ʿIyāḍ al-Yaḥṣubī al-Sabtī
al-Qāḍī ʿIyāḍ
 Abū al-Faḍl ʿIyāḍ b. Mūsá b. ʿIyāḍ al-Yaḥṣubī al-Sabtī
al-Qāḍī ʿIyāḍ
 Abū al-Faḍl ʿIyāḍ b. Mūsá b. ʿIyāḍ al-Yaḥṣubī al-Sabtī
al-Qāḍī ʿIyāḍ
 Abū al-Faḍl ʿIyāḍ b. Mūsá b. ʿIyāḍ al-Yaḥṣubī al-Sabtī
al-Šahrastānī
Tāǧ al-dīn Abū al-Fatḥ Muḥammad b. ʿAbd al-Karīm b. Abī Bakr Aḥmad al-Šahrastānī
Kitāb al-Milal wa-al-Niḥal

al-Šahrastānī
Tāǧ al-dīn Abū al-Fatḥ Muḥammad b. ʿAbd al-Karīm b. Abī Bakr Aḥmad al-Šahrastānī
Kitāb al-Milal wa-al-Niḥal

al-Šahrastānī
Tāǧ al-dīn Abū al-Fatḥ Muḥammad b. ʿAbd al-Karīm b. Abī Bakr Aḥmad al-Šahrastānī
Kitāb al-Milal wa-al-Niḥal

al-Šahrastānī
Tāǧ al-dīn Abū al-Fatḥ Muḥammad b. ʿAbd al-Karīm b. Abī Bakr Aḥmad al-Šahrastānī
Kitāb al-Milal wa-al-Niḥal

al-Šahrastānī
Tāǧ al-dīn Abū al-Fatḥ Muḥammad b. ʿAbd al-Karīm b. Abī Bakr Aḥmad al-Šahrastānī
Kitāb al-Milal wa-al-Niḥal

al-Šahrastānī
Tāǧ al-dīn Abū al-Fatḥ Muḥammad b. ʿAbd al-Karīm b. Abī Bakr Aḥmad al-Šahrastānī
al-Šahrastānī
Tāǧ al-dīn Abū al-Fatḥ Muḥammad b. ʿAbd al-Karīm b. Abī Bakr Aḥmad al-Šahrastānī
al-Šahrastānī
Tāǧ al-dīn Abū al-Fatḥ Muḥammad b. ʿAbd al-Karīm b. Abī Bakr Aḥmad al-Šahrastānī
al-Šahrastānī
Tāǧ al-dīn Abū al-Fatḥ Muḥammad b. ʿAbd al-Karīm b. Abī Bakr Aḥmad al-Šahrastānī
al-Šahrastānī
Tāǧ al-dīn Abū al-Fatḥ Muḥammad b. ʿAbd al-Karīm b. Abī Bakr Aḥmad al-Šahrastānī
al-Siǧillāt al-Mustanṣiriyyaŧ

Nuzhaŧ al-muštāq fī iḫtirāq al-āfāq
al-Šarīf al-Idrīsī
 Abū ʿAbd Allāh Muḥammad b. Muḥammad b. ʿAbd Allāh b. Idrīs al-Ḥammūdī al-Ḥusaynī
Nuzhaŧ al-muštāq fī iḫtirāq al-āfāq
al-Šarīf al-Idrīsī
 Abū ʿAbd Allāh Muḥammad b. Muḥammad b. ʿAbd Allāh b. Idrīs al-Ḥammūdī al-Ḥusaynī
Nuzhaŧ al-muštāq fī iḫtirāq al-āfāq
al-Šarīf al-Idrīsī
 Abū ʿAbd Allāh Muḥammad b. Muḥammad b. ʿAbd Allāh b. Idrīs al-Ḥammūdī al-Ḥusaynī
Nuzhaŧ al-muštāq fī iḫtirāq al-āfāq
al-Šarīf al-Idrīsī
 Abū ʿAbd Allāh Muḥammad b. Muḥammad b. ʿAbd Allāh b. Idrīs al-Ḥammūdī al-Ḥusaynī
al-Nukat al-ʿaṣriyyaŧ fī aḫbār al-wuzarāʾ al-¶    maṣriyyaŧ

ʿUmāraŧ al-Yamanī
Naǧm al-Dīn Abū Ḥamzaŧ ʿUmāraŧ b. ʿAlī al-Ḥakamī al-Yamanī
al-Nukat al-ʿaṣriyyaŧ fī aḫbār al-wuzarāʾ al-¶    maṣriyyaŧ

ʿUmāraŧ al-Yamanī
Naǧm al-Dīn Abū Ḥamzaŧ ʿUmāraŧ b. ʿAlī al-Ḥakamī al-Yamanī
Ibn ʿAsākir
 Abū al-Qāsim ʿAlī b. al-Ḥasan b. Hibaŧ Allāh b. ʿAbd Allāh al-Šāfiʿī
Ibn ʿAsākir
 Abū al-Qāsim ʿAlī b. al-Ḥasan b. Hibaŧ Allāh b. ʿAbd Allāh al-Šāfiʿī
Ibn ʿAsākir
 Abū al-Qāsim ʿAlī b. al-Ḥasan b. Hibaŧ Allāh b. ʿAbd Allāh al-Šāfiʿī
Ibn ʿAsākir
 Abū al-Qāsim ʿAlī b. al-Ḥasan b. Hibaŧ Allāh b. ʿAbd Allāh al-Šāfiʿī
Ibn ʿAsākir
 Abū al-Qāsim ʿAlī b. al-Ḥasan b. Hibaŧ Allāh b. ʿAbd Allāh al-Šāfiʿī
Ibn ʿAsākir
 Abū al-Qāsim ʿAlī b. al-Ḥasan b. Hibaŧ Allāh b. ʿAbd Allāh al-Šāfiʿī
Ibn ʿAsākir
 Abū al-Qāsim ʿAlī b. al-Ḥasan b. Hibaŧ Allāh b. ʿAbd Allāh al-Šāfiʿī
Ibn ʿAsākir
 Abū al-Qāsim ʿAlī b. al-Ḥasan b. Hibaŧ Allāh b. ʿAbd Allāh al-Šāfiʿī
Ibn ʿAsākir
 Abū al-Qāsim ʿAlī b. al-Ḥasan b. Hibaŧ Allāh b. ʿAbd Allāh al-Šāfiʿī
Ibn ʿAsākir
 Abū al-Qāsim ʿAlī b. al-Ḥasan b. Hibaŧ Allāh b. ʿAbd Allāh al-Šāfiʿī
Ibn ʿAsākir
 Abū al-Qāsim ʿAlī b. al-Ḥasan b. Hibaŧ Allāh b. ʿAbd Allāh al-Šāfiʿī
Ibn ʿAsākir
 Abū al-Qāsim ʿAlī b. al-Ḥasan b. Hibaŧ Allāh b. ʿAbd Allāh al-Šāfiʿī
Ibn ʿAsākir
 Abū al-Qāsim ʿAlī b. al-Ḥasan b. Hibaŧ Allāh b. ʿAbd Allāh al-Šāfiʿī
Ibn ʿAsākir
 Abū al-Qāsim ʿAlī b. al-Ḥasan b. Hibaŧ Allāh b. ʿAbd Allāh al-Šāfiʿī
Ibn ʿAsākir
 Abū al-Qāsim ʿAlī b. al-Ḥasan b. Hibaŧ Allāh b. ʿAbd Allāh al-Šāfiʿī
Ibn ʿAsākir
 Abū al-Qāsim ʿAlī b. al-Ḥasan b. Hibaŧ Allāh b. ʿAbd Allāh al-Šāfiʿī
Ibn ʿAsākir
 Abū al-Qāsim ʿAlī b. al-Ḥasan b. Hibaŧ Allāh b. ʿAbd Allāh al-Šāfiʿī
Ibn ʿAsākir
 Abū al-Qāsim ʿAlī b. al-Ḥasan b. Hibaŧ Allāh b. ʿAbd Allāh al-Šāfiʿī
Ibn ʿAsākir
 Abū al-Qāsim ʿAlī b. al-Ḥasan b. Hibaŧ Allāh b. ʿAbd Allāh al-Šāfiʿī
Ibn ʿAsākir
 Abū al-Qāsim ʿAlī b. al-Ḥasan b. Hibaŧ Allāh b. ʿAbd Allāh al-Šāfiʿī
Ibn ʿAsākir
 Abū al-Qāsim ʿAlī b. al-Ḥasan b. Hibaŧ Allāh b. ʿAbd Allāh al-Šāfiʿī
Ibn ʿAsākir
 Abū al-Qāsim ʿAlī b. al-Ḥasan b. Hibaŧ Allāh b. ʿAbd Allāh al-Šāfiʿī
Ibn ʿAsākir
 Abū al-Qāsim ʿAlī b. al-Ḥasan b. Hibaŧ Allāh b. ʿAbd Allāh al-Šāfiʿī
Ibn ʿAsākir
 Abū al-Qāsim ʿAlī b. al-Ḥasan b. Hibaŧ Allāh b. ʿAbd Allāh al-Šāfiʿī
Ibn ʿAsākir
 Abū al-Qāsim ʿAlī b. al-Ḥasan b. Hibaŧ Allāh b. ʿAbd Allāh al-Šāfiʿī
Ibn ʿAsākir
 Abū al-Qāsim ʿAlī b. al-Ḥasan b. Hibaŧ Allāh b. ʿAbd Allāh al-Šāfiʿī
Ibn ʿAsākir
 Abū al-Qāsim ʿAlī b. al-Ḥasan b. Hibaŧ Allāh b. ʿAbd Allāh al-Šāfiʿī
Ibn ʿAsākir
 Abū al-Qāsim ʿAlī b. al-Ḥasan b. Hibaŧ Allāh b. ʿAbd Allāh al-Šāfiʿī
Ibn ʿAsākir
 Abū al-Qāsim ʿAlī b. al-Ḥasan b. Hibaŧ Allāh b. ʿAbd Allāh al-Šāfiʿī
Ibn ʿAsākir
 Abū al-Qāsim ʿAlī b. al-Ḥasan b. Hibaŧ Allāh b. ʿAbd Allāh al-Šāfiʿī
Ibn ʿAsākir
 Abū al-Qāsim ʿAlī b. al-Ḥasan b. Hibaŧ Allāh b. ʿAbd Allāh al-Šāfiʿī
Ibn ʿAsākir
 Abū al-Qāsim ʿAlī b. al-Ḥasan b. Hibaŧ Allāh b. ʿAbd Allāh al-Šāfiʿī
Ibn ʿAsākir
 Abū al-Qāsim ʿAlī b. al-Ḥasan b. Hibaŧ Allāh b. ʿAbd Allāh al-Šāfiʿī
Ibn ʿAsākir
 Abū al-Qāsim ʿAlī b. al-Ḥasan b. Hibaŧ Allāh b. ʿAbd Allāh al-Šāfiʿī
Ibn ʿAsākir
 Abū al-Qāsim ʿAlī b. al-Ḥasan b. Hibaŧ Allāh b. ʿAbd Allāh al-Šāfiʿī
Tārīḫ madīnaŧ  Dimašq wa ḏikr faḍlihā wa tasmiyaŧ man ḥallahā¶    min al-amāṯil aw iǧtāza bi-nawāḥīhā min wāridīhā wa ahlihā
Ibn ʿAsākir
 Abū al-Qāsim ʿAlī b. al-Ḥasan b. Hibaŧ Allāh b. ʿAbd Allāh al-Šāfiʿī
Tārīḫ madīnaŧ  Dimašq wa ḏikr faḍlihā wa tasmiyaŧ man ḥallahā¶    min al-amāṯil aw iǧtāza bi-nawāḥīhā min wāridīhā wa ahlihā
Ibn ʿAsākir
 Abū al-Qāsim ʿAlī b. al-Ḥasan b. Hibaŧ Allāh b. ʿAbd Allāh al-Šāfiʿī
Tārīḫ madīnaŧ  Dimašq wa ḏikr faḍlihā wa tasmiyaŧ man ḥallahā¶    min al-amāṯil aw iǧtāza bi-nawāḥīhā min wāridīhā wa ahlihā
Ibn ʿAsākir
 Abū al-Qāsim ʿAlī b. al-Ḥasan b. Hibaŧ Allāh b. ʿAbd Allāh al-Šāfiʿī
Tārīḫ madīnaŧ  Dimašq wa ḏikr faḍlihā wa tasmiyaŧ man ḥallahā¶    min al-amāṯil aw iǧtāza bi-nawāḥīhā min wāridīhā wa ahlihā
Ibn ʿAsākir
 Abū al-Qāsim ʿAlī b. al-Ḥasan b. Hibaŧ Allāh b. ʿAbd Allāh al-Šāfiʿī
Tārīḫ madīnaŧ  Dimašq wa ḏikr faḍlihā wa tasmiyaŧ man ḥallahā¶    min al-amāṯil aw iǧtāza bi-nawāḥīhā min wāridīhā wa ahlihā
Ibn ʿAsākir
 Abū al-Qāsim ʿAlī b. al-Ḥasan b. Hibaŧ Allāh b. ʿAbd Allāh al-Šāfiʿī
Tārīḫ madīnaŧ  Dimašq wa ḏikr faḍlihā wa tasmiyaŧ man ḥallahā¶    min al-amāṯil aw iǧtāza bi-nawāḥīhā min wāridīhā wa ahlihā
Ibn ʿAsākir
 Abū al-Qāsim ʿAlī b. al-Ḥasan b. Hibaŧ Allāh b. ʿAbd Allāh al-Šāfiʿī
Tārīḫ madīnaŧ  Dimašq wa ḏikr faḍlihā wa tasmiyaŧ man ḥallahā¶    min al-amāṯil aw iǧtāza bi-nawāḥīhā min wāridīhā wa ahlihā
Ibn ʿAsākir
 Abū al-Qāsim ʿAlī b. al-Ḥasan b. Hibaŧ Allāh b. ʿAbd Allāh al-Šāfiʿī
Tārīḫ madīnaŧ  Dimašq wa ḏikr faḍlihā wa tasmiyaŧ man ḥallahā¶    min al-amāṯil aw iǧtāza bi-nawāḥīhā min wāridīhā wa ahlihā
Ibn ʿAsākir
 Abū al-Qāsim ʿAlī b. al-Ḥasan b. Hibaŧ Allāh b. ʿAbd Allāh al-Šāfiʿī
Ibn ʿAsākir
 Abū al-Qāsim ʿAlī b. al-Ḥasan b. Hibaŧ Allāh b. ʿAbd Allāh al-Šāfiʿī
Ibn ʿAsākir
 Abū al-Qāsim ʿAlī b. al-Ḥasan b. Hibaŧ Allāh b. ʿAbd Allāh al-Šāfiʿī
Ibn ʿAsākir
 Abū al-Qāsim ʿAlī b. al-Ḥasan b. Hibaŧ Allāh b. ʿAbd Allāh al-Šāfiʿī
Ibn ʿAsākir
 Abū al-Qāsim ʿAlī b. al-Ḥasan b. Hibaŧ Allāh b. ʿAbd Allāh al-Šāfiʿī
Ibn ʿAsākir
 Abū al-Qāsim ʿAlī b. al-Ḥasan b. Hibaŧ Allāh b. ʿAbd Allāh al-Šāfiʿī
Radd Ifḥām al-yahūd
Fahrasaŧ
Ibn Ḫayr al-Išbīlī
 Abū Bakr Muḥammad b. Ḫayr b. ʿUmar b. Ḫalīfaŧ al-Lamtūnī al-Amawī al-Išbīlī
Fahrasaŧ
Ibn Ḫayr al-Išbīlī
 Abū Bakr Muḥammad b. Ḫayr b. ʿUmar b. Ḫalīfaŧ al-Lamtūnī al-Amawī al-Išbīlī
Fahrasaŧ
Ibn Ḫayr al-Išbīlī
 Abū Bakr Muḥammad b. Ḫayr b. ʿUmar b. Ḫalīfaŧ al-Lamtūnī al-Amawī al-Išbīlī
al-Inbāʾ fī taʾrīḫ al-ḫulafāʾ
al-Inbāʾ fī taʾrīḫ al-ḫulafāʾ
Ibn al-ʿImrānī
  Muḥammad b. ʿAlī b. Muḥammad 
Kitāb al-Muʾaṯṯirāt wa-miftāḥ al-muškilāt

Muḫtaṣar fī iṯbāt al-aʿrāḍ

Usāmaŧ b. Munqiḏ
Muʾayyad al-Dawlaŧ Maǧd al-Dīn Abū al-Muẓaffar Usāmaŧ b. Muršid b. ʿAlī b. Muqlid b. Naṣr b. Munqiḏ al-Kinānī al-Kalbī al-Šayzarī
Usāmaŧ b. Munqiḏ
Muʾayyad al-Dawlaŧ Maǧd al-Dīn Abū al-Muẓaffar Usāmaŧ b. Muršid b. ʿAlī b. Muqlid b. Naṣr b. Munqiḏ al-Kinānī al-Kalbī al-Šayzarī
Usāmaŧ b. Munqiḏ
Muʾayyad al-Dawlaŧ Maǧd al-Dīn Abū al-Muẓaffar Usāmaŧ b. Muršid b. ʿAlī b. Muqlid b. Naṣr b. Munqiḏ al-Kinānī al-Kalbī al-Šayzarī
Usāmaŧ b. Munqiḏ
Muʾayyad al-Dawlaŧ Maǧd al-Dīn Abū al-Muẓaffar Usāmaŧ b. Muršid b. ʿAlī b. Muqlid b. Naṣr b. Munqiḏ al-Kinānī al-Kalbī al-Šayzarī
al-Iʿtibār
Usāmaŧ b. Munqiḏ
Muʾayyad al-Dawlaŧ Maǧd al-Dīn Abū al-Muẓaffar Usāmaŧ b. Muršid b. ʿAlī b. Muqlid b. Naṣr b. Munqiḏ al-Kinānī al-Kalbī al-Šayzarī
al-Iʿtibār
Usāmaŧ b. Munqiḏ
Muʾayyad al-Dawlaŧ Maǧd al-Dīn Abū al-Muẓaffar Usāmaŧ b. Muršid b. ʿAlī b. Muqlid b. Naṣr b. Munqiḏ al-Kinānī al-Kalbī al-Šayzarī
Usāmaŧ b. Munqiḏ
Muʾayyad al-Dawlaŧ Maǧd al-Dīn Abū al-Muẓaffar Usāmaŧ b. Muršid b. ʿAlī b. Muqlid b. Naṣr b. Munqiḏ al-Kinānī al-Kalbī al-Šayzarī
Usāmaŧ b. Munqiḏ
Muʾayyad al-Dawlaŧ Maǧd al-Dīn Abū al-Muẓaffar Usāmaŧ b. Muršid b. ʿAlī b. Muqlid b. Naṣr b. Munqiḏ al-Kinānī al-Kalbī al-Šayzarī
Usāmaŧ b. Munqiḏ
Muʾayyad al-Dawlaŧ Maǧd al-Dīn Abū al-Muẓaffar Usāmaŧ b. Muršid b. ʿAlī b. Muqlid b. Naṣr b. Munqiḏ al-Kinānī al-Kalbī al-Šayzarī
al-Manhaǧ al-maslūk fī siyāsaŧ al-mulūk
al-Manhaǧ al-maslūk fī siyāsaŧ al-mulūk
Nihāyaŧ al-rutbaŧ fī ṭalab al-ḥisbaŧ
Nihāyaŧ al-rutbaŧ fī ṭalab al-ḥisbaŧ
Talḫīṣ Kitāb al-Ḥāss wa-al-maḥsūs li-Arisṭū

Kitāb al-šiʿr
Talḫīṣ mā fī Kitāb Arisṭūṭālīs fī al-šiʿr
ʿImād al-Dīn al-kātib al-Iṣfahānī
ʿImād al-Dīn Abū ʿAbd Allāh b. Ṣafī al-Dīn Abū l-Faraǧ b. Nafīs al- Dīn Abū al-Raǧāʾ Muḥammad b. Muḥammad b. Ḥāmid b. Muḥammad b. ʿAbd Allāh b. ʿAlī b. Maḥmūd b. Hibat Allāh al-Iṣfahānī
ʿImād al-Dīn al-kātib al-Iṣfahānī
ʿImād al-Dīn Abū ʿAbd Allāh b. Ṣafī al-Dīn Abū l-Faraǧ b. Nafīs al- Dīn Abū al-Raǧāʾ Muḥammad b. Muḥammad b. Ḥāmid b. Muḥammad b. ʿAbd Allāh b. ʿAlī b. Maḥmūd b. Hibat Allāh al-Iṣfahānī
al-Bustān al-ǧāmiʿ li-ǧāmiʿ tawārīkh ahl al-zamān
al-Rawḍ al-nāḍir fī aḫbār al-awāʾil wa-l-awāḫir
ʿImād al-Dīn al-kātib al-Iṣfahānī
ʿImād al-Dīn Abū ʿAbd Allāh b. Ṣafī al-Dīn Abū l-Faraǧ b. Nafīs al- Dīn Abū al-Raǧāʾ Muḥammad b. Muḥammad b. Ḥāmid b. Muḥammad b. ʿAbd Allāh b. ʿAlī b. Maḥmūd b. Hibat Allāh al-Iṣfahānī
ʿImād al-Dīn al-kātib al-Iṣfahānī
ʿImād al-Dīn Abū ʿAbd Allāh b. Ṣafī al-Dīn Abū l-Faraǧ b. Nafīs al- Dīn Abū al-Raǧāʾ Muḥammad b. Muḥammad b. Ḥāmid b. Muḥammad b. ʿAbd Allāh b. ʿAlī b. Maḥmūd b. Hibat Allāh al-Iṣfahānī
ʿImād al-Dīn al-kātib al-Iṣfahānī
ʿImād al-Dīn Abū ʿAbd Allāh b. Ṣafī al-Dīn Abū l-Faraǧ b. Nafīs al- Dīn Abū al-Raǧāʾ Muḥammad b. Muḥammad b. Ḥāmid b. Muḥammad b. ʿAbd Allāh b. ʿAlī b. Maḥmūd b. Hibat Allāh al-Iṣfahānī
ʿImād al-Dīn al-kātib al-Iṣfahānī
ʿImād al-Dīn Abū ʿAbd Allāh b. Ṣafī al-Dīn Abū l-Faraǧ b. Nafīs al- Dīn Abū al-Raǧāʾ Muḥammad b. Muḥammad b. Ḥāmid b. Muḥammad b. ʿAbd Allāh b. ʿAlī b. Maḥmūd b. Hibat Allāh al-Iṣfahānī
ʿImād al-Dīn al-kātib al-Iṣfahānī
ʿImād al-Dīn Abū ʿAbd Allāh b. Ṣafī al-Dīn Abū l-Faraǧ b. Nafīs al- Dīn Abū al-Raǧāʾ Muḥammad b. Muḥammad b. Ḥāmid b. Muḥammad b. ʿAbd Allāh b. ʿAlī b. Maḥmūd b. Hibat Allāh al-Iṣfahānī
Ḫarīdaŧ al-qaṣr wa ǧarīdaŧ al-ʿaṣr
ʿImād al-Dīn al-kātib al-Iṣfahānī
ʿImād al-Dīn Abū ʿAbd Allāh b. Ṣafī al-Dīn Abū l-Faraǧ b. Nafīs al- Dīn Abū al-Raǧāʾ Muḥammad b. Muḥammad b. Ḥāmid b. Muḥammad b. ʿAbd Allāh b. ʿAlī b. Maḥmūd b. Hibat Allāh al-Iṣfahānī
Ḫarīdaŧ al-qaṣr wa ǧarīdaŧ al-ʿaṣr
ʿImād al-Dīn al-kātib al-Iṣfahānī
ʿImād al-Dīn Abū ʿAbd Allāh b. Ṣafī al-Dīn Abū l-Faraǧ b. Nafīs al- Dīn Abū al-Raǧāʾ Muḥammad b. Muḥammad b. Ḥāmid b. Muḥammad b. ʿAbd Allāh b. ʿAlī b. Maḥmūd b. Hibat Allāh al-Iṣfahānī
ʿImād al-Dīn al-kātib al-Iṣfahānī
ʿImād al-Dīn Abū ʿAbd Allāh b. Ṣafī al-Dīn Abū l-Faraǧ b. Nafīs al- Dīn Abū al-Raǧāʾ Muḥammad b. Muḥammad b. Ḥāmid b. Muḥammad b. ʿAbd Allāh b. ʿAlī b. Maḥmūd b. Hibat Allāh al-Iṣfahānī
Mašyaḫaŧ
al-Muntaẓam fī tārīḫ al-mulūk wa-l-umam
al-Muntaẓam fī tārīḫ al-mulūk wa-l-umam
al-Muntaẓam fī tārīḫ al-mulūk wa-l-umam
al-Muntaẓam fī tārīḫ al-mulūk wa-l-umam
al-Muntaẓam fī tārīḫ al-mulūk wa-l-umam
al-Muntaẓam fī tārīḫ al-mulūk wa-l-umam
al-Muntaẓam fī tārīḫ al-mulūk wa-l-umam
Ṣifaŧ al-ṣafwaŧ
Ṣifaŧ al-ṣafwaŧ
Ṣifaŧ al-ṣafwaŧ
Ibn Ṭabarzad
 Abū Ḥafṣ ʿUmar b. Aḥmad b. Muʿammar b. Ṭabarzad 
Ibn Ṭabarzad
 Abū Ḥafṣ ʿUmar b. Aḥmad b. Muʿammar b. Ṭabarzad 
Ǧuzʾ fīhi šurūṭ amīr al-muʾminīn ʿUmar b.al-Ḫaṭṭāb¶    wa-fīhi ḥadīṯ wāṣil al-dimašqī wa-munāẓarātuhu la-hum riwāyat Abī ʿAmr¶    wa-ʿUṯmān b. Aḥmad al-Sammāk
Ǧuzʾ fīhi šurūṭ amīr al-muʾminīn ʿUmar b.al-Ḫaṭṭāb¶    wa-fīhi ḥadīṯ wāṣil al-dimašqī wa-munāẓarātuhu la-hum riwāyat Abī ʿAmr¶    wa-ʿUṯmān b. Aḥmad al-Sammāk
Ibn Ṭabarzad
 Abū Ḥafṣ ʿUmar b. Aḥmad b. Muʿammar b. Ṭabarzad 
Ibn Ṭabarzad
 Abū Ḥafṣ ʿUmar b. Aḥmad b. Muʿammar b. Ṭabarzad 
Ibn Sanāʾ al-Mulk
al-Qāḍī al-Saʿīd Hibbaŧ Allāh Abū al-Qāsim Ǧaʿfar b. al-Rašīd Abī al-Faḍl Ǧaʿfar b. al-Muʿtamid Sanāʾ al-Mulk Abī ʿAbd Allāh Muḥammad b. Hibaŧ Allāh b. Muḥammad al-Saʿdī
Ibn Sanāʾ al-Mulk
al-Qāḍī al-Saʿīd Hibbaŧ Allāh Abū al-Qāsim Ǧaʿfar b. al-Rašīd Abī al-Faḍl Ǧaʿfar b. al-Muʿtamid Sanāʾ al-Mulk Abī ʿAbd Allāh Muḥammad b. Hibaŧ Allāh b. Muḥammad al-Saʿdī
Miḍmār al-ḥaqāʾiq wa sirr al-ḫalāʾiq
Nāṣir al-dīn, Abū al-maʿālī  al-Manṣūr Muḥammad b. Taqī al-dīn ʿUmar b. Šāhanšāh b. Ayyūb al-Ayyūbī
Miḍmār al-ḥaqāʾiq wa sirr al-ḫalāʾiq
Nāṣir al-dīn, Abū al-maʿālī  al-Manṣūr Muḥammad b. Taqī al-dīn ʿUmar b. Šāhanšāh b. Ayyūb al-Ayyūbī
Yāqūt al-Ḥalabī
Šihāb al-Dīn Abū ʿAbd Allāh Yāqūt b. ʿAbd Allāh al-Rūmī, al-Ḥalabī
Muʿǧam al-Buldān

Yāqūt al-Ḥalabī
Šihāb al-Dīn Abū ʿAbd Allāh Yāqūt b. ʿAbd Allāh al-Rūmī, al-Ḥalabī
Muʿǧam al-Buldān

Yāqūt al-Ḥalabī
Šihāb al-Dīn Abū ʿAbd Allāh Yāqūt b. ʿAbd Allāh al-Rūmī, al-Ḥalabī
Muʿǧam al-Buldān

Yāqūt al-Ḥalabī
Šihāb al-Dīn Abū ʿAbd Allāh Yāqūt b. ʿAbd Allāh al-Rūmī, al-Ḥalabī
Muʿǧam al-Buldān

Yāqūt al-Ḥalabī
Šihāb al-Dīn Abū ʿAbd Allāh Yāqūt b. ʿAbd Allāh al-Rūmī, al-Ḥalabī
Muʿǧam al-Buldān

Yāqūt al-Ḥalabī
Šihāb al-Dīn Abū ʿAbd Allāh Yāqūt b. ʿAbd Allāh al-Rūmī, al-Ḥalabī
Muʿǧam al-Buldān

Yāqūt al-Ḥalabī
Šihāb al-Dīn Abū ʿAbd Allāh Yāqūt b. ʿAbd Allāh al-Rūmī, al-Ḥalabī
Muʿǧam al-udabāʾ
Iršād al-arīb fī maʿrifaŧ al-adīb
Yāqūt al-Ḥalabī
Šihāb al-Dīn Abū ʿAbd Allāh Yāqūt b. ʿAbd Allāh al-Rūmī, al-Ḥalabī
Muʿǧam al-udabāʾ
Iršād al-arīb fī maʿrifaŧ al-adīb
Yāqūt al-Ḥalabī
Šihāb al-Dīn Abū ʿAbd Allāh Yāqūt b. ʿAbd Allāh al-Rūmī, al-Ḥalabī
Muʿǧam al-udabāʾ
Iršād al-arīb fī maʿrifaŧ al-adīb
Yāqūt al-Ḥalabī
Šihāb al-Dīn Abū ʿAbd Allāh Yāqūt b. ʿAbd Allāh al-Rūmī, al-Ḥalabī
Yāqūt al-Ḥalabī
Šihāb al-Dīn Abū ʿAbd Allāh Yāqūt b. ʿAbd Allāh al-Rūmī, al-Ḥalabī
Ǧuzʾ fīhi ʿašara aḥādīṯ muntaḫabaŧ min al-ǧuzʾ al-ṯāliṯ ʿašar min al-fawāʾid al-muntaqāŧ min al-uṣūl min ḥadīṯ al-qāḍī (...) al-ḏuhlī intiqāʾ al-Ḥāfiẓ (...) al-Dāraquṭnī
Zayn al-Umanāʾ Ibn ʿAsākir
Zayn al-Umanāʾ Abū al-Barakāt al-Ḥasan b. Muḥammad b. al-Ḥasan b. Hibaŧ Allāh Ibn ʿAsākir al-Dimašqī
al-Kāmil fī al-tārīḫ
Ibn al-Aṯīr
ʿIzz-al-dīn Abū-al-Ḥasan ʿAlī b. Abī-al-Karam Muḥammad b. Muḥammad b. ʿAbd-al-Karīm b. ʿAbd-al-wāḥid al-Šaybānī, al-Ǧazarī
al-Kāmil fī al-tārīḫ
Ibn al-Aṯīr
ʿIzz-al-dīn Abū-al-Ḥasan ʿAlī b. Abī-al-Karam Muḥammad b. Muḥammad b. ʿAbd-al-Karīm b. ʿAbd-al-wāḥid al-Šaybānī, al-Ǧazarī
al-Kāmil fī al-tārīḫ
Ibn al-Aṯīr
ʿIzz-al-dīn Abū-al-Ḥasan ʿAlī b. Abī-al-Karam Muḥammad b. Muḥammad b. ʿAbd-al-Karīm b. ʿAbd-al-wāḥid al-Šaybānī, al-Ǧazarī
al-Kāmil fī al-tārīḫ
Ibn al-Aṯīr
ʿIzz-al-dīn Abū-al-Ḥasan ʿAlī b. Abī-al-Karam Muḥammad b. Muḥammad b. ʿAbd-al-Karīm b. ʿAbd-al-wāḥid al-Šaybānī, al-Ǧazarī
al-Kāmil fī al-tārīḫ
Ibn al-Aṯīr
ʿIzz-al-dīn Abū-al-Ḥasan ʿAlī b. Abī-al-Karam Muḥammad b. Muḥammad b. ʿAbd-al-Karīm b. ʿAbd-al-wāḥid al-Šaybānī, al-Ǧazarī
al-Kāmil fī al-tārīḫ
Ibn al-Aṯīr
ʿIzz-al-dīn Abū-al-Ḥasan ʿAlī b. Abī-al-Karam Muḥammad b. Muḥammad b. ʿAbd-al-Karīm b. ʿAbd-al-wāḥid al-Šaybānī, al-Ǧazarī
al-Kāmil fī al-tārīḫ
Ibn al-Aṯīr
ʿIzz-al-dīn Abū-al-Ḥasan ʿAlī b. Abī-al-Karam Muḥammad b. Muḥammad b. ʿAbd-al-Karīm b. ʿAbd-al-wāḥid al-Šaybānī, al-Ǧazarī
al-Kāmil fī al-tārīḫ
Ibn al-Aṯīr
ʿIzz-al-dīn Abū-al-Ḥasan ʿAlī b. Abī-al-Karam Muḥammad b. Muḥammad b. ʿAbd-al-Karīm b. ʿAbd-al-wāḥid al-Šaybānī, al-Ǧazarī
al-Kāmil fī al-tārīḫ
Ibn al-Aṯīr
ʿIzz-al-dīn Abū-al-Ḥasan ʿAlī b. Abī-al-Karam Muḥammad b. Muḥammad b. ʿAbd-al-Karīm b. ʿAbd-al-wāḥid al-Šaybānī, al-Ǧazarī
al-Kāmil fī al-tārīḫ
Ibn al-Aṯīr
ʿIzz-al-dīn Abū-al-Ḥasan ʿAlī b. Abī-al-Karam Muḥammad b. Muḥammad b. ʿAbd-al-Karīm b. ʿAbd-al-wāḥid al-Šaybānī, al-Ǧazarī
al-Lubāb fī tahḏīb al-ansāb
Ibn al-Aṯīr
ʿIzz-al-dīn Abū-al-Ḥasan ʿAlī b. Abī-al-Karam Muḥammad b. Muḥammad b. ʿAbd-al-Karīm b. ʿAbd-al-wāḥid al-Šaybānī, al-Ǧazarī
al-Lubāb fī tahḏīb al-ansāb
Ibn al-Aṯīr
ʿIzz-al-dīn Abū-al-Ḥasan ʿAlī b. Abī-al-Karam Muḥammad b. Muḥammad b. ʿAbd-al-Karīm b. ʿAbd-al-wāḥid al-Šaybānī, al-Ǧazarī
al-Lubāb fī tahḏīb al-ansāb
Ibn al-Aṯīr
ʿIzz-al-dīn Abū-al-Ḥasan ʿAlī b. Abī-al-Karam Muḥammad b. Muḥammad b. ʿAbd-al-Karīm b. ʿAbd-al-wāḥid al-Šaybānī, al-Ǧazarī
Ibn al-Aṯīr
ʿIzz-al-dīn Abū-al-Ḥasan ʿAlī b. Abī-al-Karam Muḥammad b. Muḥammad b. ʿAbd-al-Karīm b. ʿAbd-al-wāḥid al-Šaybānī, al-Ǧazarī
Ibn al-Aṯīr
ʿIzz-al-dīn Abū-al-Ḥasan ʿAlī b. Abī-al-Karam Muḥammad b. Muḥammad b. ʿAbd-al-Karīm b. ʿAbd-al-wāḥid al-Šaybānī, al-Ǧazarī
Ibn al-Aṯīr
ʿIzz-al-dīn Abū-al-Ḥasan ʿAlī b. Abī-al-Karam Muḥammad b. Muḥammad b. ʿAbd-al-Karīm b. ʿAbd-al-wāḥid al-Šaybānī, al-Ǧazarī
Ibn al-Aṯīr
ʿIzz-al-dīn Abū-al-Ḥasan ʿAlī b. Abī-al-Karam Muḥammad b. Muḥammad b. ʿAbd-al-Karīm b. ʿAbd-al-wāḥid al-Šaybānī, al-Ǧazarī
Dīwān
Ibn ʿUnayn
Šaraf al-dīn, Abū al-maḥāsin  Muḥammad b. Naṣr b. ʿAlī b. Muḥammad b. Ġālib al-Anṣārī al-Dimašqī
Dīwān
Ibn ʿUnayn
Šaraf al-dīn, Abū al-maḥāsin  Muḥammad b. Naṣr b. ʿAlī b. Muḥammad b. Ġālib al-Anṣārī al-Dimašqī
al-Nawādir al-sulṭāniyyaŧ wa al-maḥāsin al-yūsufiyyaŧ
Bahāʾ al-dīn Ibn Šaddād
Bahāʾ al-dīn, Abū al-maḥāsin  Yūsuf b. Rāfiʿ b. Tamīm 
al-Nawādir al-sulṭāniyyaŧ wa al-maḥāsin al-yūsufiyyaŧ
Bahāʾ al-dīn Ibn Šaddād
Bahāʾ al-dīn, Abū al-maḥāsin  Yūsuf b. Rāfiʿ b. Tamīm 
Ḍiyāʾ al-dīn Ibn al-Aṯīr
Ḍiyāʾ al-dīn Abū al-Fatḥ Naṣr Allāh b. Muḥammad b. al-Aṯīr 
Ḍiyāʾ al-dīn Ibn al-Aṯīr
Ḍiyāʾ al-dīn Abū al-Fatḥ Naṣr Allāh b. Muḥammad b. al-Aṯīr 
al-Maṯal al-sāʾir fī adab al-kātib wa al-šāʿir
Ḍiyāʾ al-dīn Ibn al-Aṯīr
Ḍiyāʾ al-dīn Abū al-Fatḥ Naṣr Allāh b. Muḥammad b. al-Aṯīr 
al-Maṯal al-sāʾir fī adab al-kātib wa al-šāʿir
Ḍiyāʾ al-dīn Ibn al-Aṯīr
Ḍiyāʾ al-dīn Abū al-Fatḥ Naṣr Allāh b. Muḥammad b. al-Aṯīr 
al-Maṯal al-sāʾir fī adab al-kātib wa al-šāʿir
Ḍiyāʾ al-dīn Ibn al-Aṯīr
Ḍiyāʾ al-dīn Abū al-Fatḥ Naṣr Allāh b. Muḥammad b. al-Aṯīr 
Tārīḫ Irbil
Nabāhaŧ al-balad al-ḫāmil bi-man waradahu min al-amāṯil
Ibn al-Mustawfī
Šaraf al-dīn, Abū al-barakāt  al-Mubārak b. Aḥmad b. al-Mubārak b. Mawhūb al-Laḫmī, al-irbilī
Tārīḫ Irbil
Nabāhaŧ al-balad al-ḫāmil bi-man waradahu min al-amāṯil
Ibn al-Mustawfī
Šaraf al-dīn, Abū al-barakāt  al-Mubārak b. Aḥmad b. al-Mubārak b. Mawhūb al-Laḫmī, al-irbilī
Tārīḫ Irbil
Nabāhaŧ al-balad al-ḫāmil bi-man waradahu min al-amāṯil
Ibn al-Mustawfī
Šaraf al-dīn, Abū al-barakāt  al-Mubārak b. Aḥmad b. al-Mubārak b. Mawhūb al-Laḫmī, al-irbilī
Ibn ʿArabī al-Šayḫ al-akbar
Muḥyi al-dīn Abū ʿAbd Al-lãh Muḥammad b. ʿAlī b. Muḥammad b. ʿArabī al-Ḥātimī al-Ṭāʾī
Fuṣūṣ al-ḥikam

Ibn ʿArabī al-Šayḫ al-akbar
Muḥyi al-dīn Abū ʿAbd Al-lãh Muḥammad b. ʿAlī b. Muḥammad b. ʿArabī al-Ḥātimī al-Ṭāʾī
Ibn ʿArabī al-Šayḫ al-akbar
Muḥyi al-dīn Abū ʿAbd Al-lãh Muḥammad b. ʿAlī b. Muḥammad b. ʿArabī al-Ḥātimī al-Ṭāʾī
Ibn ʿArabī al-Šayḫ al-akbar
Muḥyi al-dīn Abū ʿAbd Al-lãh Muḥammad b. ʿAlī b. Muḥammad b. ʿArabī al-Ḥātimī al-Ṭāʾī
Ibn ʿArabī al-Šayḫ al-akbar
Muḥyi al-dīn Abū ʿAbd Al-lãh Muḥammad b. ʿAlī b. Muḥammad b. ʿArabī al-Ḥātimī al-Ṭāʾī
Ibn ʿArabī al-Šayḫ al-akbar
Muḥyi al-dīn Abū ʿAbd Al-lãh Muḥammad b. ʿAlī b. Muḥammad b. ʿArabī al-Ḥātimī al-Ṭāʾī
Ibn ʿArabī al-Šayḫ al-akbar
Muḥyi al-dīn Abū ʿAbd Al-lãh Muḥammad b. ʿAlī b. Muḥammad b. ʿArabī al-Ḥātimī al-Ṭāʾī
Ibn ʿArabī al-Šayḫ al-akbar
Muḥyi al-dīn Abū ʿAbd Al-lãh Muḥammad b. ʿAlī b. Muḥammad b. ʿArabī al-Ḥātimī al-Ṭāʾī
Ibn Ṣalāḥ
Taqī al-dīn Abū ʿAmrů ʿUṯmān b. ʿAbd al-Raḥmãn al-Šahrazūrī al-Kūrdī
Ibn Ṣalāḥ
Taqī al-dīn Abū ʿAmrů ʿUṯmān b. ʿAbd al-Raḥmãn al-Šahrazūrī al-Kūrdī
Ibn Ṣalāḥ
Taqī al-dīn Abū ʿAmrů ʿUṯmān b. ʿAbd al-Raḥmãn al-Šahrazūrī al-Kūrdī
Ibn Ṣalāḥ
Taqī al-dīn Abū ʿAmrů ʿUṯmān b. ʿAbd al-Raḥmãn al-Šahrazūrī al-Kūrdī
Ibn Ṣalāḥ
Taqī al-dīn Abū ʿAmrů ʿUṯmān b. ʿAbd al-Raḥmãn al-Šahrazūrī al-Kūrdī
Ibn Ṣalāḥ
Taqī al-dīn Abū ʿAmrů ʿUṯmān b. ʿAbd al-Raḥmãn al-Šahrazūrī al-Kūrdī
Ibn Ṣalāḥ
Taqī al-dīn Abū ʿAmrů ʿUṯmān b. ʿAbd al-Raḥmãn al-Šahrazūrī al-Kūrdī
Ibn Ṣalāḥ
Taqī al-dīn Abū ʿAmrů ʿUṯmān b. ʿAbd al-Raḥmãn al-Šahrazūrī al-Kūrdī
Ibn Ṣalāḥ
Taqī al-dīn Abū ʿAmrů ʿUṯmān b. ʿAbd al-Raḥmãn al-Šahrazūrī al-Kūrdī
Ibn Ṣalāḥ
Taqī al-dīn Abū ʿAmrů ʿUṯmān b. ʿAbd al-Raḥmãn al-Šahrazūrī al-Kūrdī
Ibn Ṣalāḥ
Taqī al-dīn Abū ʿAmrů ʿUṯmān b. ʿAbd al-Raḥmãn al-Šahrazūrī al-Kūrdī
Ibn Ṣalāḥ
Taqī al-dīn Abū ʿAmrů ʿUṯmān b. ʿAbd al-Raḥmãn al-Šahrazūrī al-Kūrdī
Ibn Ṣalāḥ
Taqī al-dīn Abū ʿAmrů ʿUṯmān b. ʿAbd al-Raḥmãn al-Šahrazūrī al-Kūrdī
Ibn Ṣalāḥ
Taqī al-dīn Abū ʿAmrů ʿUṯmān b. ʿAbd al-Raḥmãn al-Šahrazūrī al-Kūrdī
Ṭabaqāt al-fuqahāʾ al-šāfiʿiyyaŧ

Ibn Ṣalāḥ
Taqī al-dīn Abū ʿAmrů ʿUṯmān b. ʿAbd al-Raḥmãn al-Šahrazūrī al-Kūrdī
Ṭabaqāt al-fuqahāʾ al-šāfiʿiyyaŧ

Ibn Ṣalāḥ
Taqī al-dīn Abū ʿAmrů ʿUṯmān b. ʿAbd al-Raḥmãn al-Šahrazūrī al-Kūrdī
Ibn Ṣalāḥ
Taqī al-dīn Abū ʿAmrů ʿUṯmān b. ʿAbd al-Raḥmãn al-Šahrazūrī al-Kūrdī
Iḫbār al-ʿulamāʾ bi-aḫbār al-ḥukamāʾ
Ibn al-Qifṭī
Ǧamāl al-dīn Abū al-Ḥasan ʿAlī b. Yūsuf b. Ibrāhīm  b. ʿAbd al-wāḥid al-Qifṭī, al-Šaybānī
Iḫbār al-ʿulamāʾ bi-aḫbār al-ḥukamāʾ
Ibn al-Qifṭī
Ǧamāl al-dīn Abū al-Ḥasan ʿAlī b. Yūsuf b. Ibrāhīm  b. ʿAbd al-wāḥid al-Qifṭī, al-Šaybānī
Ibn al-Qifṭī
Ǧamāl al-dīn Abū al-Ḥasan ʿAlī b. Yūsuf b. Ibrāhīm  b. ʿAbd al-wāḥid al-Qifṭī, al-Šaybānī
Ibn al-Qifṭī
Ǧamāl al-dīn Abū al-Ḥasan ʿAlī b. Yūsuf b. Ibrāhīm  b. ʿAbd al-wāḥid al-Qifṭī, al-Šaybānī
Ibn al-Qifṭī
Ǧamāl al-dīn Abū al-Ḥasan ʿAlī b. Yūsuf b. Ibrāhīm  b. ʿAbd al-wāḥid al-Qifṭī, al-Šaybānī
Ibn al-Qifṭī
Ǧamāl al-dīn Abū al-Ḥasan ʿAlī b. Yūsuf b. Ibrāhīm  b. ʿAbd al-wāḥid al-Qifṭī, al-Šaybānī
Ibn al-Abbār
 Abū ʿAbd Al-lãh Muḥammad b. ʿAbd Al-lãh b. Abī Bakr b. ʿAbd Al-lãh b. ʿAbd al-Raḥmãn b. Aḥmad b. Abī Bakr al-Quḍāʿī al-Balansī
al-Ḥullaŧ al-siyarāʾ

Ibn al-Abbār
 Abū ʿAbd Al-lãh Muḥammad b. ʿAbd Al-lãh b. Abī Bakr b. ʿAbd Al-lãh b. ʿAbd al-Raḥmãn b. Aḥmad b. Abī Bakr al-Quḍāʿī al-Balansī
al-Ḥullaŧ al-siyarāʾ

Ibn al-Abbār
 Abū ʿAbd Al-lãh Muḥammad b. ʿAbd Al-lãh b. Abī Bakr b. ʿAbd Al-lãh b. ʿAbd al-Raḥmãn b. Aḥmad b. Abī Bakr al-Quḍāʿī al-Balansī
Ibn al-Abbār
 Abū ʿAbd Al-lãh Muḥammad b. ʿAbd Al-lãh b. Abī Bakr b. ʿAbd Al-lãh b. ʿAbd al-Raḥmãn b. Aḥmad b. Abī Bakr al-Quḍāʿī al-Balansī
Ibn al-Abbār
 Abū ʿAbd Al-lãh Muḥammad b. ʿAbd Al-lãh b. Abī Bakr b. ʿAbd Al-lãh b. ʿAbd al-Raḥmãn b. Aḥmad b. Abī Bakr al-Quḍāʿī al-Balansī
al-Muʿǧam fī aṣḥāb al-Qāḍī al-Ṣadafī

Ibn al-Abbār
 Abū ʿAbd Al-lãh Muḥammad b. ʿAbd Al-lãh b. Abī Bakr b. ʿAbd Al-lãh b. ʿAbd al-Raḥmãn b. Aḥmad b. Abī Bakr al-Quḍāʿī al-Balansī
al-Muʿǧam fī aṣḥāb al-Qāḍī al-Ṣadafī

Ibn al-Abbār
 Abū ʿAbd Al-lãh Muḥammad b. ʿAbd Al-lãh b. Abī Bakr b. ʿAbd Al-lãh b. ʿAbd al-Raḥmãn b. Aḥmad b. Abī Bakr al-Quḍāʿī al-Balansī
al-Takmilaŧ li-kitāb al-Ṣilaŧ

Ibn al-Abbār
 Abū ʿAbd Al-lãh Muḥammad b. ʿAbd Al-lãh b. Abī Bakr b. ʿAbd Al-lãh b. ʿAbd al-Raḥmãn b. Aḥmad b. Abī Bakr al-Quḍāʿī al-Balansī
al-Takmilaŧ li-kitāb al-Ṣilaŧ

Ibn al-Abbār
 Abū ʿAbd Al-lãh Muḥammad b. ʿAbd Al-lãh b. Abī Bakr b. ʿAbd Al-lãh b. ʿAbd al-Raḥmãn b. Aḥmad b. Abī Bakr al-Quḍāʿī al-Balansī
Tuḥfaŧ al-qādim

Ibn al-Abbār
 Abū ʿAbd Al-lãh Muḥammad b. ʿAbd Al-lãh b. Abī Bakr b. ʿAbd Al-lãh b. ʿAbd al-Raḥmãn b. Aḥmad b. Abī Bakr al-Quḍāʿī al-Balansī
Tuḥfaŧ al-qādim

Ibn al-Abbār
 Abū ʿAbd Al-lãh Muḥammad b. ʿAbd Al-lãh b. Abī Bakr b. ʿAbd Al-lãh b. ʿAbd al-Raḥmãn b. Aḥmad b. Abī Bakr al-Quḍāʿī al-Balansī
Mašyaḫaŧ
al-Naʿʿāl
Ṣāʾin al-dīn Abū al-Ḥasan Muḥammad b. al-Anǧab al-Baġdādī
Buġyaŧ al-ṭalab fī tārīḫ Ḥalab
Ibn al-ʿAdīm
Kamāl al-dīn Abū al-Qāsim ʿUmar b. Aḥmad b. Hibaŧ Al-lãh 
Buġyaŧ al-ṭalab fī tārīḫ Ḥalab
Ibn al-ʿAdīm
Kamāl al-dīn Abū al-Qāsim ʿUmar b. Aḥmad b. Hibaŧ Al-lãh 
Buġyaŧ al-ṭalab fī tārīḫ Ḥalab
Ibn al-ʿAdīm
Kamāl al-dīn Abū al-Qāsim ʿUmar b. Aḥmad b. Hibaŧ Al-lãh 
Buġyaŧ al-ṭalab fī tārīḫ Ḥalab
Ibn al-ʿAdīm
Kamāl al-dīn Abū al-Qāsim ʿUmar b. Aḥmad b. Hibaŧ Al-lãh 
Ibn al-ʿAdīm
Kamāl al-dīn Abū al-Qāsim ʿUmar b. Aḥmad b. Hibaŧ Al-lãh 
Ibn al-ʿAdīm
Kamāl al-dīn Abū al-Qāsim ʿUmar b. Aḥmad b. Hibaŧ Al-lãh 
Ibn al-ʿAdīm
Kamāl al-dīn Abū al-Qāsim ʿUmar b. Aḥmad b. Hibaŧ Al-lãh 
Zubdaŧ al-ḥalab min tārīḫ Ḥalab
Ibn al-ʿAdīm
Kamāl al-dīn Abū al-Qāsim ʿUmar b. Aḥmad b. Hibaŧ Al-lãh 
Zubdaŧ al-ḥalab min tārīḫ Ḥalab
Ibn al-ʿAdīm
Kamāl al-dīn Abū al-Qāsim ʿUmar b. Aḥmad b. Hibaŧ Al-lãh 
Zubdaŧ al-ḥalab min tārīḫ Ḥalab
Ibn al-ʿAdīm
Kamāl al-dīn Abū al-Qāsim ʿUmar b. Aḥmad b. Hibaŧ Al-lãh 
Zubdaŧ al-ḥalab min tārīḫ Ḥalab
Ibn al-ʿAdīm
Kamāl al-dīn Abū al-Qāsim ʿUmar b. Aḥmad b. Hibaŧ Al-lãh 
Abū Šāmaŧ
Šahāb al-dīn Abū al-Qāsim ʿAbd al-Raḥmãn b. Ismāʿīl b. Ibrāhīm al-Maqdisī al-Dimašqī
Abū Šāmaŧ
Šahāb al-dīn Abū al-Qāsim ʿAbd al-Raḥmãn b. Ismāʿīl b. Ibrāhīm al-Maqdisī al-Dimašqī
Abū Šāmaŧ
Šahāb al-dīn Abū al-Qāsim ʿAbd al-Raḥmãn b. Ismāʿīl b. Ibrāhīm al-Maqdisī al-Dimašqī
Abū Šāmaŧ
Šahāb al-dīn Abū al-Qāsim ʿAbd al-Raḥmãn b. Ismāʿīl b. Ibrāhīm al-Maqdisī al-Dimašqī
Abū Šāmaŧ
Šahāb al-dīn Abū al-Qāsim ʿAbd al-Raḥmãn b. Ismāʿīl b. Ibrāhīm al-Maqdisī al-Dimašqī
Abū Šāmaŧ
Šahāb al-dīn Abū al-Qāsim ʿAbd al-Raḥmãn b. Ismāʿīl b. Ibrāhīm al-Maqdisī al-Dimašqī
Abū Šāmaŧ
Šahāb al-dīn Abū al-Qāsim ʿAbd al-Raḥmãn b. Ismāʿīl b. Ibrāhīm al-Maqdisī al-Dimašqī
Abū Šāmaŧ
Šahāb al-dīn Abū al-Qāsim ʿAbd al-Raḥmãn b. Ismāʿīl b. Ibrāhīm al-Maqdisī al-Dimašqī
Abū Šāmaŧ
Šahāb al-dīn Abū al-Qāsim ʿAbd al-Raḥmãn b. Ismāʿīl b. Ibrāhīm al-Maqdisī al-Dimašqī
Abū Šāmaŧ
Šahāb al-dīn Abū al-Qāsim ʿAbd al-Raḥmãn b. Ismāʿīl b. Ibrāhīm al-Maqdisī al-Dimašqī
Abū Šāmaŧ
Šahāb al-dīn Abū al-Qāsim ʿAbd al-Raḥmãn b. Ismāʿīl b. Ibrāhīm al-Maqdisī al-Dimašqī
al-Rawḍatayn fī aḫbār al-dawlatayn al-Nūriyyaŧ wa al-Ṣalāḥiyyaŧ
Abū Šāmaŧ
Šahāb al-dīn Abū al-Qāsim ʿAbd al-Raḥmãn b. Ismāʿīl b. Ibrāhīm al-Maqdisī al-Dimašqī
al-Rawḍatayn fī aḫbār al-dawlatayn al-Nūriyyaŧ wa al-Ṣalāḥiyyaŧ
Abū Šāmaŧ
Šahāb al-dīn Abū al-Qāsim ʿAbd al-Raḥmãn b. Ismāʿīl b. Ibrāhīm al-Maqdisī al-Dimašqī
Abū Šāmaŧ
Šahāb al-dīn Abū al-Qāsim ʿAbd al-Raḥmãn b. Ismāʿīl b. Ibrāhīm al-Maqdisī al-Dimašqī
Abū Šāmaŧ
Šahāb al-dīn Abū al-Qāsim ʿAbd al-Raḥmãn b. Ismāʿīl b. Ibrāhīm al-Maqdisī al-Dimašqī
Aḥmad al-Darǧīnī
 Abū al-ʿAbbās Aḥmad b. Saʿīd b. Sulaymān b. ʿAlī b. Iḫlāf al-Darǧīnī
Ǧamāl al-Dīn Abī ʿAbd Allāh Muḥammad b. ʿAbd Allāh b. Muḥammad b. ʿAbd Allāh b. Mālik al-Ṭāʿī al-Ǧayyānī
Ǧamāl al-Dīn Abī ʿAbd Allāh Muḥammad b. ʿAbd Allāh b. Muḥammad b. ʿAbd Allāh b. Mālik al-Ṭāʿī al-Ǧayyānī
Ǧamāl al-Dīn Abī ʿAbd Allāh Muḥammad b. ʿAbd Allāh b. Muḥammad b. ʿAbd Allāh b. Mālik al-Ṭāʿī al-Ǧayyānī
Ǧamāl al-Dīn Abī ʿAbd Allāh Muḥammad b. ʿAbd Allāh b. Muḥammad b. ʿAbd Allāh b. Mālik al-Ṭāʿī al-Ǧayyānī
Ǧamāl al-Dīn Abī ʿAbd Allāh Muḥammad b. ʿAbd Allāh b. Muḥammad b. ʿAbd Allāh b. Mālik al-Ṭāʿī al-Ǧayyānī
Ǧamāl al-Dīn Abī ʿAbd Allāh Muḥammad b. ʿAbd Allāh b. Muḥammad b. ʿAbd Allāh b. Mālik al-Ṭāʿī al-Ǧayyānī
Ǧamāl al-Dīn Abī ʿAbd Allāh Muḥammad b. ʿAbd Allāh b. Muḥammad b. ʿAbd Allāh b. Mālik al-Ṭāʿī al-Ǧayyānī
Ǧamāl al-Dīn Abī ʿAbd Allāh Muḥammad b. ʿAbd Allāh b. Muḥammad b. ʿAbd Allāh b. Mālik al-Ṭāʿī al-Ǧayyānī
Ǧamāl al-Dīn Abī ʿAbd Allāh Muḥammad b. ʿAbd Allāh b. Muḥammad b. ʿAbd Allāh b. Mālik al-Ṭāʿī al-Ǧayyānī
Ǧamāl al-Dīn Abī ʿAbd Allāh Muḥammad b. ʿAbd Allāh b. Muḥammad b. ʿAbd Allāh b. Mālik al-Ṭāʿī al-Ǧayyānī
Ǧamāl al-Dīn Abī ʿAbd Allāh Muḥammad b. ʿAbd Allāh b. Muḥammad b. ʿAbd Allāh b. Mālik al-Ṭāʿī al-Ǧayyānī
Ǧamāl al-Dīn Abī ʿAbd Allāh Muḥammad b. ʿAbd Allāh b. Muḥammad b. ʿAbd Allāh b. Mālik al-Ṭāʿī al-Ǧayyānī
Ǧamāl al-Dīn Abī ʿAbd Allāh Muḥammad b. ʿAbd Allāh b. Muḥammad b. ʿAbd Allāh b. Mālik al-Ṭāʿī al-Ǧayyānī
Ǧamāl al-Dīn Abī ʿAbd Allāh Muḥammad b. ʿAbd Allāh b. Muḥammad b. ʿAbd Allāh b. Mālik al-Ṭāʿī al-Ǧayyānī
Ǧamāl al-Dīn Abī ʿAbd Allāh Muḥammad b. ʿAbd Allāh b. Muḥammad b. ʿAbd Allāh b. Mālik al-Ṭāʿī al-Ǧayyānī
Ǧamāl al-Dīn Abī ʿAbd Allāh Muḥammad b. ʿAbd Allāh b. Muḥammad b. ʿAbd Allāh b. Mālik al-Ṭāʿī al-Ǧayyānī
al-Nawawī
Muḥyī al-dīn Abū Zakariyyā Yaḥyá b. Šaraf b. Murī b. Ḥasan b. Ḥusayn b. Muḥammad b. Ǧumʿaŧ b. Ḥizām al-Ḥizāmī, al-Dimašqī
al-Nawawī
Muḥyī al-dīn Abū Zakariyyā Yaḥyá b. Šaraf b. Murī b. Ḥasan b. Ḥusayn b. Muḥammad b. Ǧumʿaŧ b. Ḥizām al-Ḥizāmī, al-Dimašqī
al-Nawawī
Muḥyī al-dīn Abū Zakariyyā Yaḥyá b. Šaraf b. Murī b. Ḥasan b. Ḥusayn b. Muḥammad b. Ǧumʿaŧ b. Ḥizām al-Ḥizāmī, al-Dimašqī
al-Nawawī
Muḥyī al-dīn Abū Zakariyyā Yaḥyá b. Šaraf b. Murī b. Ḥasan b. Ḥusayn b. Muḥammad b. Ǧumʿaŧ b. Ḥizām al-Ḥizāmī, al-Dimašqī
al-Nawawī
Muḥyī al-dīn Abū Zakariyyā Yaḥyá b. Šaraf b. Murī b. Ḥasan b. Ḥusayn b. Muḥammad b. Ǧumʿaŧ b. Ḥizām al-Ḥizāmī, al-Dimašqī
al-Nawawī
Muḥyī al-dīn Abū Zakariyyā Yaḥyá b. Šaraf b. Murī b. Ḥasan b. Ḥusayn b. Muḥammad b. Ǧumʿaŧ b. Ḥizām al-Ḥizāmī, al-Dimašqī
al-Nawawī
Muḥyī al-dīn Abū Zakariyyā Yaḥyá b. Šaraf b. Murī b. Ḥasan b. Ḥusayn b. Muḥammad b. Ǧumʿaŧ b. Ḥizām al-Ḥizāmī, al-Dimašqī
al-Nawawī
Muḥyī al-dīn Abū Zakariyyā Yaḥyá b. Šaraf b. Murī b. Ḥasan b. Ḥusayn b. Muḥammad b. Ǧumʿaŧ b. Ḥizām al-Ḥizāmī, al-Dimašqī
al-Arbaʿūn al-nawawiyyaŧ
al-Nawawī
Muḥyī al-dīn Abū Zakariyyā Yaḥyá b. Šaraf b. Murī b. Ḥasan b. Ḥusayn b. Muḥammad b. Ǧumʿaŧ b. Ḥizām al-Ḥizāmī, al-Dimašqī
al-Arbaʿūn al-nawawiyyaŧ
al-Nawawī
Muḥyī al-dīn Abū Zakariyyā Yaḥyá b. Šaraf b. Murī b. Ḥasan b. Ḥusayn b. Muḥammad b. Ǧumʿaŧ b. Ḥizām al-Ḥizāmī, al-Dimašqī
al-Nawawī
Muḥyī al-dīn Abū Zakariyyā Yaḥyá b. Šaraf b. Murī b. Ḥasan b. Ḥusayn b. Muḥammad b. Ǧumʿaŧ b. Ḥizām al-Ḥizāmī, al-Dimašqī
al-Nawawī
Muḥyī al-dīn Abū Zakariyyā Yaḥyá b. Šaraf b. Murī b. Ḥasan b. Ḥusayn b. Muḥammad b. Ǧumʿaŧ b. Ḥizām al-Ḥizāmī, al-Dimašqī
al-Nawawī
Muḥyī al-dīn Abū Zakariyyā Yaḥyá b. Šaraf b. Murī b. Ḥasan b. Ḥusayn b. Muḥammad b. Ǧumʿaŧ b. Ḥizām al-Ḥizāmī, al-Dimašqī
al-Nawawī
Muḥyī al-dīn Abū Zakariyyā Yaḥyá b. Šaraf b. Murī b. Ḥasan b. Ḥusayn b. Muḥammad b. Ǧumʿaŧ b. Ḥizām al-Ḥizāmī, al-Dimašqī
al-Nawawī
Muḥyī al-dīn Abū Zakariyyā Yaḥyá b. Šaraf b. Murī b. Ḥasan b. Ḥusayn b. Muḥammad b. Ǧumʿaŧ b. Ḥizām al-Ḥizāmī, al-Dimašqī
al-Nawawī
Muḥyī al-dīn Abū Zakariyyā Yaḥyá b. Šaraf b. Murī b. Ḥasan b. Ḥusayn b. Muḥammad b. Ǧumʿaŧ b. Ḥizām al-Ḥizāmī, al-Dimašqī
al-Nawawī
Muḥyī al-dīn Abū Zakariyyā Yaḥyá b. Šaraf b. Murī b. Ḥasan b. Ḥusayn b. Muḥammad b. Ǧumʿaŧ b. Ḥizām al-Ḥizāmī, al-Dimašqī
al-Nawawī
Muḥyī al-dīn Abū Zakariyyā Yaḥyá b. Šaraf b. Murī b. Ḥasan b. Ḥusayn b. Muḥammad b. Ǧumʿaŧ b. Ḥizām al-Ḥizāmī, al-Dimašqī
al-Nawawī
Muḥyī al-dīn Abū Zakariyyā Yaḥyá b. Šaraf b. Murī b. Ḥasan b. Ḥusayn b. Muḥammad b. Ǧumʿaŧ b. Ḥizām al-Ḥizāmī, al-Dimašqī
al-Nawawī
Muḥyī al-dīn Abū Zakariyyā Yaḥyá b. Šaraf b. Murī b. Ḥasan b. Ḥusayn b. Muḥammad b. Ǧumʿaŧ b. Ḥizām al-Ḥizāmī, al-Dimašqī
al-Nawawī
Muḥyī al-dīn Abū Zakariyyā Yaḥyá b. Šaraf b. Murī b. Ḥasan b. Ḥusayn b. Muḥammad b. Ǧumʿaŧ b. Ḥizām al-Ḥizāmī, al-Dimašqī
al-Nawawī
Muḥyī al-dīn Abū Zakariyyā Yaḥyá b. Šaraf b. Murī b. Ḥasan b. Ḥusayn b. Muḥammad b. Ǧumʿaŧ b. Ḥizām al-Ḥizāmī, al-Dimašqī
al-Nawawī
Muḥyī al-dīn Abū Zakariyyā Yaḥyá b. Šaraf b. Murī b. Ḥasan b. Ḥusayn b. Muḥammad b. Ǧumʿaŧ b. Ḥizām al-Ḥizāmī, al-Dimašqī
al-Nawawī
Muḥyī al-dīn Abū Zakariyyā Yaḥyá b. Šaraf b. Murī b. Ḥasan b. Ḥusayn b. Muḥammad b. Ǧumʿaŧ b. Ḥizām al-Ḥizāmī, al-Dimašqī
al-Nawawī
Muḥyī al-dīn Abū Zakariyyā Yaḥyá b. Šaraf b. Murī b. Ḥasan b. Ḥusayn b. Muḥammad b. Ǧumʿaŧ b. Ḥizām al-Ḥizāmī, al-Dimašqī
al-Nawawī
Muḥyī al-dīn Abū Zakariyyā Yaḥyá b. Šaraf b. Murī b. Ḥasan b. Ḥusayn b. Muḥammad b. Ǧumʿaŧ b. Ḥizām al-Ḥizāmī, al-Dimašqī
al-Nawawī
Muḥyī al-dīn Abū Zakariyyā Yaḥyá b. Šaraf b. Murī b. Ḥasan b. Ḥusayn b. Muḥammad b. Ǧumʿaŧ b. Ḥizām al-Ḥizāmī, al-Dimašqī
al-Nawawī
Muḥyī al-dīn Abū Zakariyyā Yaḥyá b. Šaraf b. Murī b. Ḥasan b. Ḥusayn b. Muḥammad b. Ǧumʿaŧ b. Ḥizām al-Ḥizāmī, al-Dimašqī
al-Nawawī
Muḥyī al-dīn Abū Zakariyyā Yaḥyá b. Šaraf b. Murī b. Ḥasan b. Ḥusayn b. Muḥammad b. Ǧumʿaŧ b. Ḥizām al-Ḥizāmī, al-Dimašqī
al-Nawawī
Muḥyī al-dīn Abū Zakariyyā Yaḥyá b. Šaraf b. Murī b. Ḥasan b. Ḥusayn b. Muḥammad b. Ǧumʿaŧ b. Ḥizām al-Ḥizāmī, al-Dimašqī
al-Nawawī
Muḥyī al-dīn Abū Zakariyyā Yaḥyá b. Šaraf b. Murī b. Ḥasan b. Ḥusayn b. Muḥammad b. Ǧumʿaŧ b. Ḥizām al-Ḥizāmī, al-Dimašqī
al-Nawawī
Muḥyī al-dīn Abū Zakariyyā Yaḥyá b. Šaraf b. Murī b. Ḥasan b. Ḥusayn b. Muḥammad b. Ǧumʿaŧ b. Ḥizām al-Ḥizāmī, al-Dimašqī
al-Nawawī
Muḥyī al-dīn Abū Zakariyyā Yaḥyá b. Šaraf b. Murī b. Ḥasan b. Ḥusayn b. Muḥammad b. Ǧumʿaŧ b. Ḥizām al-Ḥizāmī, al-Dimašqī
al-Nawawī
Muḥyī al-dīn Abū Zakariyyā Yaḥyá b. Šaraf b. Murī b. Ḥasan b. Ḥusayn b. Muḥammad b. Ǧumʿaŧ b. Ḥizām al-Ḥizāmī, al-Dimašqī
al-Nawawī
Muḥyī al-dīn Abū Zakariyyā Yaḥyá b. Šaraf b. Murī b. Ḥasan b. Ḥusayn b. Muḥammad b. Ǧumʿaŧ b. Ḥizām al-Ḥizāmī, al-Dimašqī
Riyāḍ al-ṣāliḥīn
al-Nawawī
Muḥyī al-dīn Abū Zakariyyā Yaḥyá b. Šaraf b. Murī b. Ḥasan b. Ḥusayn b. Muḥammad b. Ǧumʿaŧ b. Ḥizām al-Ḥizāmī, al-Dimašqī
Riyāḍ al-ṣāliḥīn
al-Nawawī
Muḥyī al-dīn Abū Zakariyyā Yaḥyá b. Šaraf b. Murī b. Ḥasan b. Ḥusayn b. Muḥammad b. Ǧumʿaŧ b. Ḥizām al-Ḥizāmī, al-Dimašqī
Riyāḍ al-ṣāliḥīn
al-Nawawī
Muḥyī al-dīn Abū Zakariyyā Yaḥyá b. Šaraf b. Murī b. Ḥasan b. Ḥusayn b. Muḥammad b. Ǧumʿaŧ b. Ḥizām al-Ḥizāmī, al-Dimašqī
Riyāḍ al-ṣāliḥīn
al-Nawawī
Muḥyī al-dīn Abū Zakariyyā Yaḥyá b. Šaraf b. Murī b. Ḥasan b. Ḥusayn b. Muḥammad b. Ǧumʿaŧ b. Ḥizām al-Ḥizāmī, al-Dimašqī
Riyāḍ al-ṣāliḥīn
al-Nawawī
Muḥyī al-dīn Abū Zakariyyā Yaḥyá b. Šaraf b. Murī b. Ḥasan b. Ḥusayn b. Muḥammad b. Ǧumʿaŧ b. Ḥizām al-Ḥizāmī, al-Dimašqī
Riyāḍ al-ṣāliḥīn
al-Nawawī
Muḥyī al-dīn Abū Zakariyyā Yaḥyá b. Šaraf b. Murī b. Ḥasan b. Ḥusayn b. Muḥammad b. Ǧumʿaŧ b. Ḥizām al-Ḥizāmī, al-Dimašqī
al-Nawawī
Muḥyī al-dīn Abū Zakariyyā Yaḥyá b. Šaraf b. Murī b. Ḥasan b. Ḥusayn b. Muḥammad b. Ǧumʿaŧ b. Ḥizām al-Ḥizāmī, al-Dimašqī
al-Nawawī
Muḥyī al-dīn Abū Zakariyyā Yaḥyá b. Šaraf b. Murī b. Ḥasan b. Ḥusayn b. Muḥammad b. Ǧumʿaŧ b. Ḥizām al-Ḥizāmī, al-Dimašqī
al-Nawawī
Muḥyī al-dīn Abū Zakariyyā Yaḥyá b. Šaraf b. Murī b. Ḥasan b. Ḥusayn b. Muḥammad b. Ǧumʿaŧ b. Ḥizām al-Ḥizāmī, al-Dimašqī
al-Nawawī
Muḥyī al-dīn Abū Zakariyyā Yaḥyá b. Šaraf b. Murī b. Ḥasan b. Ḥusayn b. Muḥammad b. Ǧumʿaŧ b. Ḥizām al-Ḥizāmī, al-Dimašqī
al-Nawawī
Muḥyī al-dīn Abū Zakariyyā Yaḥyá b. Šaraf b. Murī b. Ḥasan b. Ḥusayn b. Muḥammad b. Ǧumʿaŧ b. Ḥizām al-Ḥizāmī, al-Dimašqī
al-Nawawī
Muḥyī al-dīn Abū Zakariyyā Yaḥyá b. Šaraf b. Murī b. Ḥasan b. Ḥusayn b. Muḥammad b. Ǧumʿaŧ b. Ḥizām al-Ḥizāmī, al-Dimašqī
al-Nawawī
Muḥyī al-dīn Abū Zakariyyā Yaḥyá b. Šaraf b. Murī b. Ḥasan b. Ḥusayn b. Muḥammad b. Ǧumʿaŧ b. Ḥizām al-Ḥizāmī, al-Dimašqī
al-Nawawī
Muḥyī al-dīn Abū Zakariyyā Yaḥyá b. Šaraf b. Murī b. Ḥasan b. Ḥusayn b. Muḥammad b. Ǧumʿaŧ b. Ḥizām al-Ḥizāmī, al-Dimašqī
al-Nawawī
Muḥyī al-dīn Abū Zakariyyā Yaḥyá b. Šaraf b. Murī b. Ḥasan b. Ḥusayn b. Muḥammad b. Ǧumʿaŧ b. Ḥizām al-Ḥizāmī, al-Dimašqī
al-Nawawī
Muḥyī al-dīn Abū Zakariyyā Yaḥyá b. Šaraf b. Murī b. Ḥasan b. Ḥusayn b. Muḥammad b. Ǧumʿaŧ b. Ḥizām al-Ḥizāmī, al-Dimašqī
al-Nawawī
Muḥyī al-dīn Abū Zakariyyā Yaḥyá b. Šaraf b. Murī b. Ḥasan b. Ḥusayn b. Muḥammad b. Ǧumʿaŧ b. Ḥizām al-Ḥizāmī, al-Dimašqī
al-Nawawī
Muḥyī al-dīn Abū Zakariyyā Yaḥyá b. Šaraf b. Murī b. Ḥasan b. Ḥusayn b. Muḥammad b. Ǧumʿaŧ b. Ḥizām al-Ḥizāmī, al-Dimašqī
al-Nawawī
Muḥyī al-dīn Abū Zakariyyā Yaḥyá b. Šaraf b. Murī b. Ḥasan b. Ḥusayn b. Muḥammad b. Ǧumʿaŧ b. Ḥizām al-Ḥizāmī, al-Dimašqī
al-Nawawī
Muḥyī al-dīn Abū Zakariyyā Yaḥyá b. Šaraf b. Murī b. Ḥasan b. Ḥusayn b. Muḥammad b. Ǧumʿaŧ b. Ḥizām al-Ḥizāmī, al-Dimašqī
al-Ṣābūnī
Ǧamāl al-dīn Abū Ḥāmid Muḥammad b. ʿAlī al-Ṣābūnī
Takmilaŧ Ikmāl al-Ikmāl fī- al-ansāb wa-l-asmāʾ  wa-l-alqāb
al-Ṣābūnī
Ǧamāl al-dīn Abū Ḥāmid Muḥammad b. ʿAlī al-Ṣābūnī
Takmilaŧ Ikmāl al-Ikmāl fī- al-ansāb wa-l-asmāʾ  wa-l-alqāb
al-Ṣābūnī
Ǧamāl al-dīn Abū Ḥāmid Muḥammad b. ʿAlī al-Ṣābūnī
Wafayāt al-aʿyān wa anbāʾ abnāʾ al-zamān
Ibn Ḫallikān
Šams al-dīn Abū al-ʿAbbās Aḥmad b. Muḥammad b. Ibrāhīm b. Abī Bakr b. Ḫallikān al-Barmakī al-Irbīlī al-Šāfiʿī
Wafayāt al-aʿyān wa anbāʾ abnāʾ al-zamān
Ibn Ḫallikān
Šams al-dīn Abū al-ʿAbbās Aḥmad b. Muḥammad b. Ibrāhīm b. Abī Bakr b. Ḫallikān al-Barmakī al-Irbīlī al-Šāfiʿī
Wafayāt al-aʿyān wa anbāʾ abnāʾ al-zamān
Ibn Ḫallikān
Šams al-dīn Abū al-ʿAbbās Aḥmad b. Muḥammad b. Ibrāhīm b. Abī Bakr b. Ḫallikān al-Barmakī al-Irbīlī al-Šāfiʿī
al-Aʿlāq al-ḫaṭīraŧ fī ḏikr umarāʾ al-Šām wa al-Ǧazīraŧ
Ibn Šaddād
ʿIzz al-dīn Abū ʿAbd Allāh Muḥammad b. ʿAlī b. Ibrāhīm al-Anṣārī, al-Ḥalabī
al-Aʿlāq al-ḫaṭīraŧ fī ḏikr umarāʾ al-Šām wa al-Ǧazīraŧ
Ibn Šaddād
ʿIzz al-dīn Abū ʿAbd Allāh Muḥammad b. ʿAlī b. Ibrāhīm al-Anṣārī, al-Ḥalabī
Tārīḫ al-Malik al-Ẓāhir
Ibn Šaddād
ʿIzz al-dīn Abū ʿAbd Allāh Muḥammad b. ʿAlī b. Ibrāhīm al-Anṣārī, al-Ḥalabī
Tārīḫ muḫtaṣar al-duwal

Ibn al-ʿIbrī
 Abū al-Faraǧ Yūḥannān/Ġirīġūriyūs b. Ahrūn al-Malaṭī
Tārīḫ muḫtaṣar al-duwal

Ibn al-ʿIbrī
 Abū al-Faraǧ Yūḥannān/Ġirīġūriyūs b. Ahrūn al-Malaṭī
Muḥyī al-Dīn Ibn ʿAbd al-Ẓāhir
Muḥyī al-Dīn Abū al-Faḍl ʿAbdallāh b. Rašīd al-Dīn b. ʿAbd al-Ẓāhir b. Našwān b. ʿAbd al-Ẓāhir b. Naǧdaŧ al-Saʿdī, al-Rawḥī, al-Ǧuḏāmī
al-Rawḍ al-zāhir fī sīraŧ al-malik al-Ẓāhir
Muḥyī al-Dīn Ibn ʿAbd al-Ẓāhir
Muḥyī al-Dīn Abū al-Faḍl ʿAbdallāh b. Rašīd al-Dīn b. ʿAbd al-Ẓāhir b. Našwān b. ʿAbd al-Ẓāhir b. Naǧdaŧ al-Saʿdī, al-Rawḥī, al-Ǧuḏāmī
Muḥyī al-Dīn Ibn ʿAbd al-Ẓāhir
Muḥyī al-Dīn Abū al-Faḍl ʿAbdallāh b. Rašīd al-Dīn b. ʿAbd al-Ẓāhir b. Našwān b. ʿAbd al-Ẓāhir b. Naǧdaŧ al-Saʿdī, al-Rawḥī, al-Ǧuḏāmī
Tašrīf al-ayyām wa-l-ʿuṣūr bi-sīraŧ al-sulṭān al-¶    Malik al-Manṣūr
al-Sīraŧ al-sulṭāniyyaŧ al-Malikiyyaŧ al-Manṣūriyyaŧ
Muḥyī al-Dīn Ibn ʿAbd al-Ẓāhir
Muḥyī al-Dīn Abū al-Faḍl ʿAbdallāh b. Rašīd al-Dīn b. ʿAbd al-Ẓāhir b. Našwān b. ʿAbd al-Ẓāhir b. Naǧdaŧ al-Saʿdī, al-Rawḥī, al-Ǧuḏāmī
Ibn al-Ḥalabī
ʿIzz al-Dīn Abū al-Qāsim Aḥmad b. Abī ʿAbd Allāh Muḥammad b. Abī al-Qāsim ʿAbd al-Raḥman b. Abī al-Ḥasan ʿAlī b. Muḥammad b. Muḥammad b. Qāsim b. Muḥammad b. Ibrāhīm b. Muḥammad b. ʿAlī b. ʿUbayd Allāh b. ʿAlī b. ʿUbayd Allāh b. al-Ḥusayn b. ʿAlī b. al-Ḥusayn b. ʿAlī b. Abī Ṭālib al-ʿAlawī al-Ḥusaynī al-Miṣrī
Mufarriǧ al-kurūb fī aḫbār Banī Ayyūb
Ǧamāl al-Dīn Muḥammad Ibn Wāṣil
Ǧamāl al-Dīn Abū ʿAbdallāh Muḥammad b. Sālim b. Naṣrallāh b. Sālim b. Wāṣil al-Māzinī al-Tamīmī al-Ḥamawī al-Šāfiʿī
Ǧamāl al-Dīn Muḥammad Ibn Wāṣil
Ǧamāl al-Dīn Abū ʿAbdallāh Muḥammad b. Sālim b. Naṣrallāh b. Sālim b. Wāṣil al-Māzinī al-Tamīmī al-Ḥamawī al-Šāfiʿī
Ǧamāl al-Dīn Muḥammad Ibn Wāṣil
Ǧamāl al-Dīn Abū ʿAbdallāh Muḥammad b. Sālim b. Naṣrallāh b. Sālim b. Wāṣil al-Māzinī al-Tamīmī al-Ḥamawī al-Šāfiʿī
Kifāyaŧ al-nabīh šarḥ al-Tanbīh fī fiqh al-Imām al-¶    Šāfiʿī
Kifāyaŧ al-nabīh šarḥ al-Tanbīh fī fiqh al-Imām al-¶    Šāfiʿī
Ibn al-Rifʿaŧ
Naǧm al-dīn Abū al-ʿAbbās Aḥmad b. Muḥammad b. ʿAlī b. Ḥāzim b. Ibrāhīm b. al-ʿAbbās
al-Nafāʾis fī adillaŧ hadm al-kanāʾis
Ibn al-Rifʿaŧ
Naǧm al-dīn Abū al-ʿAbbās Aḥmad b. Muḥammad b. ʿAlī b. Ḥāzim b. Ibrāhīm b. al-ʿAbbās
al-Nafāʾis fī adillaŧ hadm al-kanāʾis
Ibn al-Rifʿaŧ
Naǧm al-dīn Abū al-ʿAbbās Aḥmad b. Muḥammad b. ʿAlī b. Ḥāzim b. Ibrāhīm b. al-ʿAbbās
Hatk astār al-fuṣūṣ
Ašiʿʿaŧ al-nuṣūṣ fī hatk astār al-fuṣūṣ
al-Wāsiṭī, Ibn Šayḫ al-Ḥazzāmiyyaŧ, Ibn Šayḫ al-Ḥazzāmīn
ʿImād al-dīn Abū al-ʿAbbās Aḥmad b. Ibrāhim b. ʿAbd al-Raḥmān b. Masʿūd b. ʿUmar al-Wāsiṭī al-Ḥazzāmī
Miftāḥ al-maʿrifaŧ wa-l-ʿibadaŧ li-ahl al-ṭalab wa-l-¶    irādaŧ
al-Wāsiṭī, Ibn Šayḫ al-Ḥazzāmiyyaŧ, Ibn Šayḫ al-Ḥazzāmīn
ʿImād al-dīn Abū al-ʿAbbās Aḥmad b. Ibrāhim b. ʿAbd al-Raḥmān b. Masʿūd b. ʿUmar al-Wāsiṭī al-Ḥazzāmī
al-Wāsiṭī, Ibn Šayḫ al-Ḥazzāmiyyaŧ, Ibn Šayḫ al-Ḥazzāmīn
ʿImād al-dīn Abū al-ʿAbbās Aḥmad b. Ibrāhim b. ʿAbd al-Raḥmān b. Masʿūd b. ʿUmar al-Wāsiṭī al-Ḥazzāmī
Miftāḥ al-ṭarīq ilá sulūk al-taḥqīq
al-Wāsiṭī, Ibn Šayḫ al-Ḥazzāmiyyaŧ, Ibn Šayḫ al-Ḥazzāmīn
ʿImād al-dīn Abū al-ʿAbbās Aḥmad b. Ibrāhim b. ʿAbd al-Raḥmān b. Masʿūd b. ʿUmar al-Wāsiṭī al-Ḥazzāmī
Miftāḥ ṭarīq al-muḥibbīn wa-bāb al-uns li-rabb al-¶    ʿālamīn
al-Wāsiṭī, Ibn Šayḫ al-Ḥazzāmiyyaŧ, Ibn Šayḫ al-Ḥazzāmīn
ʿImād al-dīn Abū al-ʿAbbās Aḥmad b. Ibrāhim b. ʿAbd al-Raḥmān b. Masʿūd b. ʿUmar al-Wāsiṭī al-Ḥazzāmī
Mīzān al-šuyūḫ
al-Wāsiṭī, Ibn Šayḫ al-Ḥazzāmiyyaŧ, Ibn Šayḫ al-Ḥazzāmīn
ʿImād al-dīn Abū al-ʿAbbās Aḥmad b. Ibrāhim b. ʿAbd al-Raḥmān b. Masʿūd b. ʿUmar al-Wāsiṭī al-Ḥazzāmī
al-Wāsiṭī, Ibn Šayḫ al-Ḥazzāmiyyaŧ, Ibn Šayḫ al-Ḥazzāmīn
ʿImād al-dīn Abū al-ʿAbbās Aḥmad b. Ibrāhim b. ʿAbd al-Raḥmān b. Masʿūd b. ʿUmar al-Wāsiṭī al-Ḥazzāmī
al-Wāsiṭī, Ibn Šayḫ al-Ḥazzāmiyyaŧ, Ibn Šayḫ al-Ḥazzāmīn
ʿImād al-dīn Abū al-ʿAbbās Aḥmad b. Ibrāhim b. ʿAbd al-Raḥmān b. Masʿūd b. ʿUmar al-Wāsiṭī al-Ḥazzāmī
al-Wāsiṭī, Ibn Šayḫ al-Ḥazzāmiyyaŧ, Ibn Šayḫ al-Ḥazzāmīn
ʿImād al-dīn Abū al-ʿAbbās Aḥmad b. Ibrāhim b. ʿAbd al-Raḥmān b. Masʿūd b. ʿUmar al-Wāsiṭī al-Ḥazzāmī
Qawāʿid fī al-sulūk ilá Al-lãh taʿālá
al-sayr ʿalá al-minhāǧ
al-Wāsiṭī, Ibn Šayḫ al-Ḥazzāmiyyaŧ, Ibn Šayḫ al-Ḥazzāmīn
ʿImād al-dīn Abū al-ʿAbbās Aḥmad b. Ibrāhim b. ʿAbd al-Raḥmān b. Masʿūd b. ʿUmar al-Wāsiṭī al-Ḥazzāmī
Riḥlaŧ ʿImād al-dīn Aḥmad b. Ibrāhīm al-Wāsiṭī wa-¶    šarḥ taqallubātihi fī ʿumrihi
Riḥlaŧ al-imām ibn šayḫ al-ḥazzāmiyyīn min al-¶    taṣawwuf al-munḥarif ilá taṣawwuf ahl al-ḥadīṯ wa-l-aṯar
al-Wāsiṭī, Ibn Šayḫ al-Ḥazzāmiyyaŧ, Ibn Šayḫ al-Ḥazzāmīn
ʿImād al-dīn Abū al-ʿAbbās Aḥmad b. Ibrāhim b. ʿAbd al-Raḥmān b. Masʿūd b. ʿUmar al-Wāsiṭī al-Ḥazzāmī
al-Taḏkiraŧ wa-l-iʿtibār wa-l-intiṣār li-l-abrār
Difāʿảȵ ʿan Ibn Taymiyyaŧ
al-Wāsiṭī, Ibn Šayḫ al-Ḥazzāmiyyaŧ, Ibn Šayḫ al-Ḥazzāmīn
ʿImād al-dīn Abū al-ʿAbbās Aḥmad b. Ibrāhim b. ʿAbd al-Raḥmān b. Masʿūd b. ʿUmar al-Wāsiṭī al-Ḥazzāmī
Ibn Manẓūr
Ǧamāl al-dīn Abū al-Faḍl Muḥammad b. Mukarram b. ʿAlī b. Aḥmad al-Anṣārī al-Ifrīqī al-Miṣrī
Lisān al-ʿarab

Ibn Manẓūr
Ǧamāl al-dīn Abū al-Faḍl Muḥammad b. Mukarram b. ʿAlī b. Aḥmad al-Anṣārī al-Ifrīqī al-Miṣrī
Lisān al-ʿarab

Ibn Manẓūr
Ǧamāl al-dīn Abū al-Faḍl Muḥammad b. Mukarram b. ʿAlī b. Aḥmad al-Anṣārī al-Ifrīqī al-Miṣrī
Lisān al-ʿarab

Ibn Manẓūr
Ǧamāl al-dīn Abū al-Faḍl Muḥammad b. Mukarram b. ʿAlī b. Aḥmad al-Anṣārī al-Ifrīqī al-Miṣrī
Lisān al-ʿarab

Ibn Manẓūr
Ǧamāl al-dīn Abū al-Faḍl Muḥammad b. Mukarram b. ʿAlī b. Aḥmad al-Anṣārī al-Ifrīqī al-Miṣrī
Muḫtaṣar Tārīḫ Dimašq li-Ibn ʿAsākir

Ibn Manẓūr
Ǧamāl al-dīn Abū al-Faḍl Muḥammad b. Mukarram b. ʿAlī b. Aḥmad al-Anṣārī al-Ifrīqī al-Miṣrī
Muḫtaṣar Tārīḫ Dimašq li-Ibn ʿAsākir

Ibn Manẓūr
Ǧamāl al-dīn Abū al-Faḍl Muḥammad b. Mukarram b. ʿAlī b. Aḥmad al-Anṣārī al-Ifrīqī al-Miṣrī
Muḫtaṣar Tārīḫ Dimašq li-Ibn ʿAsākir

Ibn Manẓūr
Ǧamāl al-dīn Abū al-Faḍl Muḥammad b. Mukarram b. ʿAlī b. Aḥmad al-Anṣārī al-Ifrīqī al-Miṣrī
Muḫtaṣar Tārīḫ Dimašq li-Ibn ʿAsākir

Ibn Manẓūr
Ǧamāl al-dīn Abū al-Faḍl Muḥammad b. Mukarram b. ʿAlī b. Aḥmad al-Anṣārī al-Ifrīqī al-Miṣrī
Muḫtaṣar Tārīḫ Dimašq li-Ibn ʿAsākir

Ibn Manẓūr
Ǧamāl al-dīn Abū al-Faḍl Muḥammad b. Mukarram b. ʿAlī b. Aḥmad al-Anṣārī al-Ifrīqī al-Miṣrī
Muḫtaṣar Tārīḫ Dimašq li-Ibn ʿAsākir

Ibn Manẓūr
Ǧamāl al-dīn Abū al-Faḍl Muḥammad b. Mukarram b. ʿAlī b. Aḥmad al-Anṣārī al-Ifrīqī al-Miṣrī
Ibn Manẓūr
Ǧamāl al-dīn Abū al-Faḍl Muḥammad b. Mukarram b. ʿAlī b. Aḥmad al-Anṣārī al-Ifrīqī al-Miṣrī
Ibn Manẓūr
Ǧamāl al-dīn Abū al-Faḍl Muḥammad b. Mukarram b. ʿAlī b. Aḥmad al-Anṣārī al-Ifrīqī al-Miṣrī
Ibn Manẓūr
Ǧamāl al-dīn Abū al-Faḍl Muḥammad b. Mukarram b. ʿAlī b. Aḥmad al-Anṣārī al-Ifrīqī al-Miṣrī
Ibn Manẓūr
Ǧamāl al-dīn Abū al-Faḍl Muḥammad b. Mukarram b. ʿAlī b. Aḥmad al-Anṣārī al-Ifrīqī al-Miṣrī
Ibn Manẓūr
Ǧamāl al-dīn Abū al-Faḍl Muḥammad b. Mukarram b. ʿAlī b. Aḥmad al-Anṣārī al-Ifrīqī al-Miṣrī
Ibn Manẓūr
Ǧamāl al-dīn Abū al-Faḍl Muḥammad b. Mukarram b. ʿAlī b. Aḥmad al-Anṣārī al-Ifrīqī al-Miṣrī
al-Rawḍ al-ẓāhir fī ġazwaŧ al-malik al-Nāṣir
ʿAlāʾ al-dīn Ibn ʿAbd al-Ẓāhir
ʿAlāʾ al-dīn  ʿAlī b. Muḥammad b. ʿAbd Allāh b. ʿAbd al-Ẓāhir b. Naǧwān al-Ǧuḏāmī, al-Miṣrī
Ġurar al-ḫaṣāʾiṣ al-wāḍiḥaŧ wa ʿurar al-naqāʾiṣ al-fāḍiḥaŧ
al-Waṭwāṭ
Burhān al-dīn, Ǧamāl al-dīn Abū Isḥāq Muḥammad b. Ibrāhīm b. Yaḥyá b. ʿAlī al-Kutubī
Ġurar al-ḫaṣāʾiṣ al-wāḍiḥaŧ wa ʿurar al-naqāʾiṣ al-fāḍiḥaŧ
al-Waṭwāṭ
Burhān al-dīn, Ǧamāl al-dīn Abū Isḥāq Muḥammad b. Ibrāhīm b. Yaḥyá b. ʿAlī al-Kutubī
Mabāhiǧ al-fikar wa manāhiǧ al-ʿibar fī ibrāz wadāʾiʿ al-ṣuwar min iḥrāz badāʾiʿ al-fiṭar

al-Waṭwāṭ
Burhān al-dīn, Ǧamāl al-dīn Abū Isḥāq Muḥammad b. Ibrāhīm b. Yaḥyá b. ʿAlī al-Kutubī
Mabāhiǧ al-fikar wa manāhiǧ al-ʿibar fī ibrāz wadāʾiʿ al-ṣuwar min iḥrāz badāʾiʿ al-fiṭar

al-Waṭwāṭ
Burhān al-dīn, Ǧamāl al-dīn Abū Isḥāq Muḥammad b. Ibrāhīm b. Yaḥyá b. ʿAlī al-Kutubī
Mabāhiǧ al-fikar wa manāhiǧ al-ʿibar fī ibrāz wadāʾiʿ al-ṣuwar min iḥrāz badāʾiʿ al-fiṭar

al-Waṭwāṭ
Burhān al-dīn, Ǧamāl al-dīn Abū Isḥāq Muḥammad b. Ibrāhīm b. Yaḥyá b. ʿAlī al-Kutubī
Maǧmaʿ al-ādāb fī muʿǧam al-alqāb
Ibn al-Fuwaṭī
Kamāl al-dīn Abū al-Faḍl ʿAbd al-Razzāq b. Aḥmad al-Ṣābūnī, al-Šaybānī
Baybars al-Manṣūrī al-amīr al-dawādār
Rukn al-Dīn  Baybars  al-Manṣūrī
Muḫtār al-aḫbār
Baybars al-Manṣūrī al-amīr al-dawādār
Rukn al-Dīn  Baybars  al-Manṣūrī
Baybars al-Manṣūrī al-amīr al-dawādār
Rukn al-Dīn  Baybars  al-Manṣūrī
Zubdaŧ al-fikraŧ fī tārīḫ al-hiǧraŧ
Baybars al-Manṣūrī al-amīr al-dawādār
Rukn al-Dīn  Baybars  al-Manṣūrī
Ibn Taymiyyaŧ
Taqī al-dīn Abū al-ʿAbbās Aḥmad b. ʿAbd al-Ḥalīm b. ʿAbd al-Salām b. ʿAbd Allãh b. al-Ḫiḍr b. Muḥammad b. al-Ḫiḍr b. Ibrāhīm b. ʿAlī b. ʿAbd Allãh al-Numayrī, al-Ḥarrānī
Ibn Taymiyyaŧ
Taqī al-dīn Abū al-ʿAbbās Aḥmad b. ʿAbd al-Ḥalīm b. ʿAbd al-Salām b. ʿAbd Allãh b. al-Ḫiḍr b. Muḥammad b. al-Ḫiḍr b. Ibrāhīm b. ʿAlī b. ʿAbd Allãh al-Numayrī, al-Ḥarrānī
Ibn Taymiyyaŧ
Taqī al-dīn Abū al-ʿAbbās Aḥmad b. ʿAbd al-Ḥalīm b. ʿAbd al-Salām b. ʿAbd Allãh b. al-Ḫiḍr b. Muḥammad b. al-Ḫiḍr b. Ibrāhīm b. ʿAlī b. ʿAbd Allãh al-Numayrī, al-Ḥarrānī
Ibn Taymiyyaŧ
Taqī al-dīn Abū al-ʿAbbās Aḥmad b. ʿAbd al-Ḥalīm b. ʿAbd al-Salām b. ʿAbd Allãh b. al-Ḫiḍr b. Muḥammad b. al-Ḫiḍr b. Ibrāhīm b. ʿAlī b. ʿAbd Allãh al-Numayrī, al-Ḥarrānī
Ibn Taymiyyaŧ
Taqī al-dīn Abū al-ʿAbbās Aḥmad b. ʿAbd al-Ḥalīm b. ʿAbd al-Salām b. ʿAbd Allãh b. al-Ḫiḍr b. Muḥammad b. al-Ḫiḍr b. Ibrāhīm b. ʿAlī b. ʿAbd Allãh al-Numayrī, al-Ḥarrānī
Ibn Taymiyyaŧ
Taqī al-dīn Abū al-ʿAbbās Aḥmad b. ʿAbd al-Ḥalīm b. ʿAbd al-Salām b. ʿAbd Allãh b. al-Ḫiḍr b. Muḥammad b. al-Ḫiḍr b. Ibrāhīm b. ʿAlī b. ʿAbd Allãh al-Numayrī, al-Ḥarrānī
Ibn Taymiyyaŧ
Taqī al-dīn Abū al-ʿAbbās Aḥmad b. ʿAbd al-Ḥalīm b. ʿAbd al-Salām b. ʿAbd Allãh b. al-Ḫiḍr b. Muḥammad b. al-Ḫiḍr b. Ibrāhīm b. ʿAlī b. ʿAbd Allãh al-Numayrī, al-Ḥarrānī
Ibn Taymiyyaŧ
Taqī al-dīn Abū al-ʿAbbās Aḥmad b. ʿAbd al-Ḥalīm b. ʿAbd al-Salām b. ʿAbd Allãh b. al-Ḫiḍr b. Muḥammad b. al-Ḫiḍr b. Ibrāhīm b. ʿAlī b. ʿAbd Allãh al-Numayrī, al-Ḥarrānī
Ibn Taymiyyaŧ
Taqī al-dīn Abū al-ʿAbbās Aḥmad b. ʿAbd al-Ḥalīm b. ʿAbd al-Salām b. ʿAbd Allãh b. al-Ḫiḍr b. Muḥammad b. al-Ḫiḍr b. Ibrāhīm b. ʿAlī b. ʿAbd Allãh al-Numayrī, al-Ḥarrānī
Ibn Taymiyyaŧ
Taqī al-dīn Abū al-ʿAbbās Aḥmad b. ʿAbd al-Ḥalīm b. ʿAbd al-Salām b. ʿAbd Allãh b. al-Ḫiḍr b. Muḥammad b. al-Ḫiḍr b. Ibrāhīm b. ʿAlī b. ʿAbd Allãh al-Numayrī, al-Ḥarrānī
Ibn Taymiyyaŧ
Taqī al-dīn Abū al-ʿAbbās Aḥmad b. ʿAbd al-Ḥalīm b. ʿAbd al-Salām b. ʿAbd Allãh b. al-Ḫiḍr b. Muḥammad b. al-Ḫiḍr b. Ibrāhīm b. ʿAlī b. ʿAbd Allãh al-Numayrī, al-Ḥarrānī
Ibn Taymiyyaŧ
Taqī al-dīn Abū al-ʿAbbās Aḥmad b. ʿAbd al-Ḥalīm b. ʿAbd al-Salām b. ʿAbd Allãh b. al-Ḫiḍr b. Muḥammad b. al-Ḫiḍr b. Ibrāhīm b. ʿAlī b. ʿAbd Allãh al-Numayrī, al-Ḥarrānī
Ibn Taymiyyaŧ
Taqī al-dīn Abū al-ʿAbbās Aḥmad b. ʿAbd al-Ḥalīm b. ʿAbd al-Salām b. ʿAbd Allãh b. al-Ḫiḍr b. Muḥammad b. al-Ḫiḍr b. Ibrāhīm b. ʿAlī b. ʿAbd Allãh al-Numayrī, al-Ḥarrānī
Ibn Taymiyyaŧ
Taqī al-dīn Abū al-ʿAbbās Aḥmad b. ʿAbd al-Ḥalīm b. ʿAbd al-Salām b. ʿAbd Allãh b. al-Ḫiḍr b. Muḥammad b. al-Ḫiḍr b. Ibrāhīm b. ʿAlī b. ʿAbd Allãh al-Numayrī, al-Ḥarrānī
Ibn Taymiyyaŧ
Taqī al-dīn Abū al-ʿAbbās Aḥmad b. ʿAbd al-Ḥalīm b. ʿAbd al-Salām b. ʿAbd Allãh b. al-Ḫiḍr b. Muḥammad b. al-Ḫiḍr b. Ibrāhīm b. ʿAlī b. ʿAbd Allãh al-Numayrī, al-Ḥarrānī
Ibn Taymiyyaŧ
Taqī al-dīn Abū al-ʿAbbās Aḥmad b. ʿAbd al-Ḥalīm b. ʿAbd al-Salām b. ʿAbd Allãh b. al-Ḫiḍr b. Muḥammad b. al-Ḫiḍr b. Ibrāhīm b. ʿAlī b. ʿAbd Allãh al-Numayrī, al-Ḥarrānī
Ibn Taymiyyaŧ
Taqī al-dīn Abū al-ʿAbbās Aḥmad b. ʿAbd al-Ḥalīm b. ʿAbd al-Salām b. ʿAbd Allãh b. al-Ḫiḍr b. Muḥammad b. al-Ḫiḍr b. Ibrāhīm b. ʿAlī b. ʿAbd Allãh al-Numayrī, al-Ḥarrānī
Ibn Taymiyyaŧ
Taqī al-dīn Abū al-ʿAbbās Aḥmad b. ʿAbd al-Ḥalīm b. ʿAbd al-Salām b. ʿAbd Allãh b. al-Ḫiḍr b. Muḥammad b. al-Ḫiḍr b. Ibrāhīm b. ʿAlī b. ʿAbd Allãh al-Numayrī, al-Ḥarrānī
Ibn Taymiyyaŧ
Taqī al-dīn Abū al-ʿAbbās Aḥmad b. ʿAbd al-Ḥalīm b. ʿAbd al-Salām b. ʿAbd Allãh b. al-Ḫiḍr b. Muḥammad b. al-Ḫiḍr b. Ibrāhīm b. ʿAlī b. ʿAbd Allãh al-Numayrī, al-Ḥarrānī
Ibn Taymiyyaŧ
Taqī al-dīn Abū al-ʿAbbās Aḥmad b. ʿAbd al-Ḥalīm b. ʿAbd al-Salām b. ʿAbd Allãh b. al-Ḫiḍr b. Muḥammad b. al-Ḫiḍr b. Ibrāhīm b. ʿAlī b. ʿAbd Allãh al-Numayrī, al-Ḥarrānī
Ibn Taymiyyaŧ
Taqī al-dīn Abū al-ʿAbbās Aḥmad b. ʿAbd al-Ḥalīm b. ʿAbd al-Salām b. ʿAbd Allãh b. al-Ḫiḍr b. Muḥammad b. al-Ḫiḍr b. Ibrāhīm b. ʿAlī b. ʿAbd Allãh al-Numayrī, al-Ḥarrānī
Ibn Taymiyyaŧ
Taqī al-dīn Abū al-ʿAbbās Aḥmad b. ʿAbd al-Ḥalīm b. ʿAbd al-Salām b. ʿAbd Allãh b. al-Ḫiḍr b. Muḥammad b. al-Ḫiḍr b. Ibrāhīm b. ʿAlī b. ʿAbd Allãh al-Numayrī, al-Ḥarrānī
Ibn Taymiyyaŧ
Taqī al-dīn Abū al-ʿAbbās Aḥmad b. ʿAbd al-Ḥalīm b. ʿAbd al-Salām b. ʿAbd Allãh b. al-Ḫiḍr b. Muḥammad b. al-Ḫiḍr b. Ibrāhīm b. ʿAlī b. ʿAbd Allãh al-Numayrī, al-Ḥarrānī
Ibn Taymiyyaŧ
Taqī al-dīn Abū al-ʿAbbās Aḥmad b. ʿAbd al-Ḥalīm b. ʿAbd al-Salām b. ʿAbd Allãh b. al-Ḫiḍr b. Muḥammad b. al-Ḫiḍr b. Ibrāhīm b. ʿAlī b. ʿAbd Allãh al-Numayrī, al-Ḥarrānī
Ibn Taymiyyaŧ
Taqī al-dīn Abū al-ʿAbbās Aḥmad b. ʿAbd al-Ḥalīm b. ʿAbd al-Salām b. ʿAbd Allãh b. al-Ḫiḍr b. Muḥammad b. al-Ḫiḍr b. Ibrāhīm b. ʿAlī b. ʿAbd Allãh al-Numayrī, al-Ḥarrānī
Ibn Taymiyyaŧ
Taqī al-dīn Abū al-ʿAbbās Aḥmad b. ʿAbd al-Ḥalīm b. ʿAbd al-Salām b. ʿAbd Allãh b. al-Ḫiḍr b. Muḥammad b. al-Ḫiḍr b. Ibrāhīm b. ʿAlī b. ʿAbd Allãh al-Numayrī, al-Ḥarrānī
Ibn Taymiyyaŧ
Taqī al-dīn Abū al-ʿAbbās Aḥmad b. ʿAbd al-Ḥalīm b. ʿAbd al-Salām b. ʿAbd Allãh b. al-Ḫiḍr b. Muḥammad b. al-Ḫiḍr b. Ibrāhīm b. ʿAlī b. ʿAbd Allãh al-Numayrī, al-Ḥarrānī
Ibn Taymiyyaŧ
Taqī al-dīn Abū al-ʿAbbās Aḥmad b. ʿAbd al-Ḥalīm b. ʿAbd al-Salām b. ʿAbd Allãh b. al-Ḫiḍr b. Muḥammad b. al-Ḫiḍr b. Ibrāhīm b. ʿAlī b. ʿAbd Allãh al-Numayrī, al-Ḥarrānī
Ibn Taymiyyaŧ
Taqī al-dīn Abū al-ʿAbbās Aḥmad b. ʿAbd al-Ḥalīm b. ʿAbd al-Salām b. ʿAbd Allãh b. al-Ḫiḍr b. Muḥammad b. al-Ḫiḍr b. Ibrāhīm b. ʿAlī b. ʿAbd Allãh al-Numayrī, al-Ḥarrānī
Ibn Taymiyyaŧ
Taqī al-dīn Abū al-ʿAbbās Aḥmad b. ʿAbd al-Ḥalīm b. ʿAbd al-Salām b. ʿAbd Allãh b. al-Ḫiḍr b. Muḥammad b. al-Ḫiḍr b. Ibrāhīm b. ʿAlī b. ʿAbd Allãh al-Numayrī, al-Ḥarrānī
Ibn Taymiyyaŧ
Taqī al-dīn Abū al-ʿAbbās Aḥmad b. ʿAbd al-Ḥalīm b. ʿAbd al-Salām b. ʿAbd Allãh b. al-Ḫiḍr b. Muḥammad b. al-Ḫiḍr b. Ibrāhīm b. ʿAlī b. ʿAbd Allãh al-Numayrī, al-Ḥarrānī
Ibn Taymiyyaŧ
Taqī al-dīn Abū al-ʿAbbās Aḥmad b. ʿAbd al-Ḥalīm b. ʿAbd al-Salām b. ʿAbd Allãh b. al-Ḫiḍr b. Muḥammad b. al-Ḫiḍr b. Ibrāhīm b. ʿAlī b. ʿAbd Allãh al-Numayrī, al-Ḥarrānī
Ibn Taymiyyaŧ
Taqī al-dīn Abū al-ʿAbbās Aḥmad b. ʿAbd al-Ḥalīm b. ʿAbd al-Salām b. ʿAbd Allãh b. al-Ḫiḍr b. Muḥammad b. al-Ḫiḍr b. Ibrāhīm b. ʿAlī b. ʿAbd Allãh al-Numayrī, al-Ḥarrānī
Ibn Taymiyyaŧ
Taqī al-dīn Abū al-ʿAbbās Aḥmad b. ʿAbd al-Ḥalīm b. ʿAbd al-Salām b. ʿAbd Allãh b. al-Ḫiḍr b. Muḥammad b. al-Ḫiḍr b. Ibrāhīm b. ʿAlī b. ʿAbd Allãh al-Numayrī, al-Ḥarrānī
Ibn Taymiyyaŧ
Taqī al-dīn Abū al-ʿAbbās Aḥmad b. ʿAbd al-Ḥalīm b. ʿAbd al-Salām b. ʿAbd Allãh b. al-Ḫiḍr b. Muḥammad b. al-Ḫiḍr b. Ibrāhīm b. ʿAlī b. ʿAbd Allãh al-Numayrī, al-Ḥarrānī
Ibn Taymiyyaŧ
Taqī al-dīn Abū al-ʿAbbās Aḥmad b. ʿAbd al-Ḥalīm b. ʿAbd al-Salām b. ʿAbd Allãh b. al-Ḫiḍr b. Muḥammad b. al-Ḫiḍr b. Ibrāhīm b. ʿAlī b. ʿAbd Allãh al-Numayrī, al-Ḥarrānī
Ibn Taymiyyaŧ
Taqī al-dīn Abū al-ʿAbbās Aḥmad b. ʿAbd al-Ḥalīm b. ʿAbd al-Salām b. ʿAbd Allãh b. al-Ḫiḍr b. Muḥammad b. al-Ḫiḍr b. Ibrāhīm b. ʿAlī b. ʿAbd Allãh al-Numayrī, al-Ḥarrānī
Ibn Taymiyyaŧ
Taqī al-dīn Abū al-ʿAbbās Aḥmad b. ʿAbd al-Ḥalīm b. ʿAbd al-Salām b. ʿAbd Allãh b. al-Ḫiḍr b. Muḥammad b. al-Ḫiḍr b. Ibrāhīm b. ʿAlī b. ʿAbd Allãh al-Numayrī, al-Ḥarrānī
Ibn Taymiyyaŧ
Taqī al-dīn Abū al-ʿAbbās Aḥmad b. ʿAbd al-Ḥalīm b. ʿAbd al-Salām b. ʿAbd Allãh b. al-Ḫiḍr b. Muḥammad b. al-Ḫiḍr b. Ibrāhīm b. ʿAlī b. ʿAbd Allãh al-Numayrī, al-Ḥarrānī
Ibn Taymiyyaŧ
Taqī al-dīn Abū al-ʿAbbās Aḥmad b. ʿAbd al-Ḥalīm b. ʿAbd al-Salām b. ʿAbd Allãh b. al-Ḫiḍr b. Muḥammad b. al-Ḫiḍr b. Ibrāhīm b. ʿAlī b. ʿAbd Allãh al-Numayrī, al-Ḥarrānī
Ibn Taymiyyaŧ
Taqī al-dīn Abū al-ʿAbbās Aḥmad b. ʿAbd al-Ḥalīm b. ʿAbd al-Salām b. ʿAbd Allãh b. al-Ḫiḍr b. Muḥammad b. al-Ḫiḍr b. Ibrāhīm b. ʿAlī b. ʿAbd Allãh al-Numayrī, al-Ḥarrānī
Ibn Taymiyyaŧ
Taqī al-dīn Abū al-ʿAbbās Aḥmad b. ʿAbd al-Ḥalīm b. ʿAbd al-Salām b. ʿAbd Allãh b. al-Ḫiḍr b. Muḥammad b. al-Ḫiḍr b. Ibrāhīm b. ʿAlī b. ʿAbd Allãh al-Numayrī, al-Ḥarrānī
Ibn Taymiyyaŧ
Taqī al-dīn Abū al-ʿAbbās Aḥmad b. ʿAbd al-Ḥalīm b. ʿAbd al-Salām b. ʿAbd Allãh b. al-Ḫiḍr b. Muḥammad b. al-Ḫiḍr b. Ibrāhīm b. ʿAlī b. ʿAbd Allãh al-Numayrī, al-Ḥarrānī
Ibn Taymiyyaŧ
Taqī al-dīn Abū al-ʿAbbās Aḥmad b. ʿAbd al-Ḥalīm b. ʿAbd al-Salām b. ʿAbd Allãh b. al-Ḫiḍr b. Muḥammad b. al-Ḫiḍr b. Ibrāhīm b. ʿAlī b. ʿAbd Allãh al-Numayrī, al-Ḥarrānī
Ibn Taymiyyaŧ
Taqī al-dīn Abū al-ʿAbbās Aḥmad b. ʿAbd al-Ḥalīm b. ʿAbd al-Salām b. ʿAbd Allãh b. al-Ḫiḍr b. Muḥammad b. al-Ḫiḍr b. Ibrāhīm b. ʿAlī b. ʿAbd Allãh al-Numayrī, al-Ḥarrānī
Ibn Taymiyyaŧ
Taqī al-dīn Abū al-ʿAbbās Aḥmad b. ʿAbd al-Ḥalīm b. ʿAbd al-Salām b. ʿAbd Allãh b. al-Ḫiḍr b. Muḥammad b. al-Ḫiḍr b. Ibrāhīm b. ʿAlī b. ʿAbd Allãh al-Numayrī, al-Ḥarrānī
Ibn Taymiyyaŧ
Taqī al-dīn Abū al-ʿAbbās Aḥmad b. ʿAbd al-Ḥalīm b. ʿAbd al-Salām b. ʿAbd Allãh b. al-Ḫiḍr b. Muḥammad b. al-Ḫiḍr b. Ibrāhīm b. ʿAlī b. ʿAbd Allãh al-Numayrī, al-Ḥarrānī
Ibn Taymiyyaŧ
Taqī al-dīn Abū al-ʿAbbās Aḥmad b. ʿAbd al-Ḥalīm b. ʿAbd al-Salām b. ʿAbd Allãh b. al-Ḫiḍr b. Muḥammad b. al-Ḫiḍr b. Ibrāhīm b. ʿAlī b. ʿAbd Allãh al-Numayrī, al-Ḥarrānī
Ibn Taymiyyaŧ
Taqī al-dīn Abū al-ʿAbbās Aḥmad b. ʿAbd al-Ḥalīm b. ʿAbd al-Salām b. ʿAbd Allãh b. al-Ḫiḍr b. Muḥammad b. al-Ḫiḍr b. Ibrāhīm b. ʿAlī b. ʿAbd Allãh al-Numayrī, al-Ḥarrānī
Ibn Taymiyyaŧ
Taqī al-dīn Abū al-ʿAbbās Aḥmad b. ʿAbd al-Ḥalīm b. ʿAbd al-Salām b. ʿAbd Allãh b. al-Ḫiḍr b. Muḥammad b. al-Ḫiḍr b. Ibrāhīm b. ʿAlī b. ʿAbd Allãh al-Numayrī, al-Ḥarrānī
Ibn Taymiyyaŧ
Taqī al-dīn Abū al-ʿAbbās Aḥmad b. ʿAbd al-Ḥalīm b. ʿAbd al-Salām b. ʿAbd Allãh b. al-Ḫiḍr b. Muḥammad b. al-Ḫiḍr b. Ibrāhīm b. ʿAlī b. ʿAbd Allãh al-Numayrī, al-Ḥarrānī
Ibn Taymiyyaŧ
Taqī al-dīn Abū al-ʿAbbās Aḥmad b. ʿAbd al-Ḥalīm b. ʿAbd al-Salām b. ʿAbd Allãh b. al-Ḫiḍr b. Muḥammad b. al-Ḫiḍr b. Ibrāhīm b. ʿAlī b. ʿAbd Allãh al-Numayrī, al-Ḥarrānī
Ibn Taymiyyaŧ
Taqī al-dīn Abū al-ʿAbbās Aḥmad b. ʿAbd al-Ḥalīm b. ʿAbd al-Salām b. ʿAbd Allãh b. al-Ḫiḍr b. Muḥammad b. al-Ḫiḍr b. Ibrāhīm b. ʿAlī b. ʿAbd Allãh al-Numayrī, al-Ḥarrānī
Ibn Taymiyyaŧ
Taqī al-dīn Abū al-ʿAbbās Aḥmad b. ʿAbd al-Ḥalīm b. ʿAbd al-Salām b. ʿAbd Allãh b. al-Ḫiḍr b. Muḥammad b. al-Ḫiḍr b. Ibrāhīm b. ʿAlī b. ʿAbd Allãh al-Numayrī, al-Ḥarrānī
Ibn Taymiyyaŧ
Taqī al-dīn Abū al-ʿAbbās Aḥmad b. ʿAbd al-Ḥalīm b. ʿAbd al-Salām b. ʿAbd Allãh b. al-Ḫiḍr b. Muḥammad b. al-Ḫiḍr b. Ibrāhīm b. ʿAlī b. ʿAbd Allãh al-Numayrī, al-Ḥarrānī
Ibn Taymiyyaŧ
Taqī al-dīn Abū al-ʿAbbās Aḥmad b. ʿAbd al-Ḥalīm b. ʿAbd al-Salām b. ʿAbd Allãh b. al-Ḫiḍr b. Muḥammad b. al-Ḫiḍr b. Ibrāhīm b. ʿAlī b. ʿAbd Allãh al-Numayrī, al-Ḥarrānī
Ibn Taymiyyaŧ
Taqī al-dīn Abū al-ʿAbbās Aḥmad b. ʿAbd al-Ḥalīm b. ʿAbd al-Salām b. ʿAbd Allãh b. al-Ḫiḍr b. Muḥammad b. al-Ḫiḍr b. Ibrāhīm b. ʿAlī b. ʿAbd Allãh al-Numayrī, al-Ḥarrānī
Ibn Taymiyyaŧ
Taqī al-dīn Abū al-ʿAbbās Aḥmad b. ʿAbd al-Ḥalīm b. ʿAbd al-Salām b. ʿAbd Allãh b. al-Ḫiḍr b. Muḥammad b. al-Ḫiḍr b. Ibrāhīm b. ʿAlī b. ʿAbd Allãh al-Numayrī, al-Ḥarrānī
Ibn Taymiyyaŧ
Taqī al-dīn Abū al-ʿAbbās Aḥmad b. ʿAbd al-Ḥalīm b. ʿAbd al-Salām b. ʿAbd Allãh b. al-Ḫiḍr b. Muḥammad b. al-Ḫiḍr b. Ibrāhīm b. ʿAlī b. ʿAbd Allãh al-Numayrī, al-Ḥarrānī
Ibn Taymiyyaŧ
Taqī al-dīn Abū al-ʿAbbās Aḥmad b. ʿAbd al-Ḥalīm b. ʿAbd al-Salām b. ʿAbd Allãh b. al-Ḫiḍr b. Muḥammad b. al-Ḫiḍr b. Ibrāhīm b. ʿAlī b. ʿAbd Allãh al-Numayrī, al-Ḥarrānī
Ibn Taymiyyaŧ
Taqī al-dīn Abū al-ʿAbbās Aḥmad b. ʿAbd al-Ḥalīm b. ʿAbd al-Salām b. ʿAbd Allãh b. al-Ḫiḍr b. Muḥammad b. al-Ḫiḍr b. Ibrāhīm b. ʿAlī b. ʿAbd Allãh al-Numayrī, al-Ḥarrānī
Ibn Taymiyyaŧ
Taqī al-dīn Abū al-ʿAbbās Aḥmad b. ʿAbd al-Ḥalīm b. ʿAbd al-Salām b. ʿAbd Allãh b. al-Ḫiḍr b. Muḥammad b. al-Ḫiḍr b. Ibrāhīm b. ʿAlī b. ʿAbd Allãh al-Numayrī, al-Ḥarrānī
Ibn Taymiyyaŧ
Taqī al-dīn Abū al-ʿAbbās Aḥmad b. ʿAbd al-Ḥalīm b. ʿAbd al-Salām b. ʿAbd Allãh b. al-Ḫiḍr b. Muḥammad b. al-Ḫiḍr b. Ibrāhīm b. ʿAlī b. ʿAbd Allãh al-Numayrī, al-Ḥarrānī
Ibn Taymiyyaŧ
Taqī al-dīn Abū al-ʿAbbās Aḥmad b. ʿAbd al-Ḥalīm b. ʿAbd al-Salām b. ʿAbd Allãh b. al-Ḫiḍr b. Muḥammad b. al-Ḫiḍr b. Ibrāhīm b. ʿAlī b. ʿAbd Allãh al-Numayrī, al-Ḥarrānī
Ibn Taymiyyaŧ
Taqī al-dīn Abū al-ʿAbbās Aḥmad b. ʿAbd al-Ḥalīm b. ʿAbd al-Salām b. ʿAbd Allãh b. al-Ḫiḍr b. Muḥammad b. al-Ḫiḍr b. Ibrāhīm b. ʿAlī b. ʿAbd Allãh al-Numayrī, al-Ḥarrānī
Ibn Taymiyyaŧ
Taqī al-dīn Abū al-ʿAbbās Aḥmad b. ʿAbd al-Ḥalīm b. ʿAbd al-Salām b. ʿAbd Allãh b. al-Ḫiḍr b. Muḥammad b. al-Ḫiḍr b. Ibrāhīm b. ʿAlī b. ʿAbd Allãh al-Numayrī, al-Ḥarrānī
Ibn Taymiyyaŧ
Taqī al-dīn Abū al-ʿAbbās Aḥmad b. ʿAbd al-Ḥalīm b. ʿAbd al-Salām b. ʿAbd Allãh b. al-Ḫiḍr b. Muḥammad b. al-Ḫiḍr b. Ibrāhīm b. ʿAlī b. ʿAbd Allãh al-Numayrī, al-Ḥarrānī
Ibn Taymiyyaŧ
Taqī al-dīn Abū al-ʿAbbās Aḥmad b. ʿAbd al-Ḥalīm b. ʿAbd al-Salām b. ʿAbd Allãh b. al-Ḫiḍr b. Muḥammad b. al-Ḫiḍr b. Ibrāhīm b. ʿAlī b. ʿAbd Allãh al-Numayrī, al-Ḥarrānī
Ibn Taymiyyaŧ
Taqī al-dīn Abū al-ʿAbbās Aḥmad b. ʿAbd al-Ḥalīm b. ʿAbd al-Salām b. ʿAbd Allãh b. al-Ḫiḍr b. Muḥammad b. al-Ḫiḍr b. Ibrāhīm b. ʿAlī b. ʿAbd Allãh al-Numayrī, al-Ḥarrānī
Ibn Taymiyyaŧ
Taqī al-dīn Abū al-ʿAbbās Aḥmad b. ʿAbd al-Ḥalīm b. ʿAbd al-Salām b. ʿAbd Allãh b. al-Ḫiḍr b. Muḥammad b. al-Ḫiḍr b. Ibrāhīm b. ʿAlī b. ʿAbd Allãh al-Numayrī, al-Ḥarrānī
Ibn Taymiyyaŧ
Taqī al-dīn Abū al-ʿAbbās Aḥmad b. ʿAbd al-Ḥalīm b. ʿAbd al-Salām b. ʿAbd Allãh b. al-Ḫiḍr b. Muḥammad b. al-Ḫiḍr b. Ibrāhīm b. ʿAlī b. ʿAbd Allãh al-Numayrī, al-Ḥarrānī
Ibn Taymiyyaŧ
Taqī al-dīn Abū al-ʿAbbās Aḥmad b. ʿAbd al-Ḥalīm b. ʿAbd al-Salām b. ʿAbd Allãh b. al-Ḫiḍr b. Muḥammad b. al-Ḫiḍr b. Ibrāhīm b. ʿAlī b. ʿAbd Allãh al-Numayrī, al-Ḥarrānī
Ibn Taymiyyaŧ
Taqī al-dīn Abū al-ʿAbbās Aḥmad b. ʿAbd al-Ḥalīm b. ʿAbd al-Salām b. ʿAbd Allãh b. al-Ḫiḍr b. Muḥammad b. al-Ḫiḍr b. Ibrāhīm b. ʿAlī b. ʿAbd Allãh al-Numayrī, al-Ḥarrānī
Ibn Taymiyyaŧ
Taqī al-dīn Abū al-ʿAbbās Aḥmad b. ʿAbd al-Ḥalīm b. ʿAbd al-Salām b. ʿAbd Allãh b. al-Ḫiḍr b. Muḥammad b. al-Ḫiḍr b. Ibrāhīm b. ʿAlī b. ʿAbd Allãh al-Numayrī, al-Ḥarrānī
Ibn Taymiyyaŧ
Taqī al-dīn Abū al-ʿAbbās Aḥmad b. ʿAbd al-Ḥalīm b. ʿAbd al-Salām b. ʿAbd Allãh b. al-Ḫiḍr b. Muḥammad b. al-Ḫiḍr b. Ibrāhīm b. ʿAlī b. ʿAbd Allãh al-Numayrī, al-Ḥarrānī
Ibn Taymiyyaŧ
Taqī al-dīn Abū al-ʿAbbās Aḥmad b. ʿAbd al-Ḥalīm b. ʿAbd al-Salām b. ʿAbd Allãh b. al-Ḫiḍr b. Muḥammad b. al-Ḫiḍr b. Ibrāhīm b. ʿAlī b. ʿAbd Allãh al-Numayrī, al-Ḥarrānī
Ibn Taymiyyaŧ
Taqī al-dīn Abū al-ʿAbbās Aḥmad b. ʿAbd al-Ḥalīm b. ʿAbd al-Salām b. ʿAbd Allãh b. al-Ḫiḍr b. Muḥammad b. al-Ḫiḍr b. Ibrāhīm b. ʿAlī b. ʿAbd Allãh al-Numayrī, al-Ḥarrānī
Ibn Taymiyyaŧ
Taqī al-dīn Abū al-ʿAbbās Aḥmad b. ʿAbd al-Ḥalīm b. ʿAbd al-Salām b. ʿAbd Allãh b. al-Ḫiḍr b. Muḥammad b. al-Ḫiḍr b. Ibrāhīm b. ʿAlī b. ʿAbd Allãh al-Numayrī, al-Ḥarrānī
Ibn Taymiyyaŧ
Taqī al-dīn Abū al-ʿAbbās Aḥmad b. ʿAbd al-Ḥalīm b. ʿAbd al-Salām b. ʿAbd Allãh b. al-Ḫiḍr b. Muḥammad b. al-Ḫiḍr b. Ibrāhīm b. ʿAlī b. ʿAbd Allãh al-Numayrī, al-Ḥarrānī
Ibn Taymiyyaŧ
Taqī al-dīn Abū al-ʿAbbās Aḥmad b. ʿAbd al-Ḥalīm b. ʿAbd al-Salām b. ʿAbd Allãh b. al-Ḫiḍr b. Muḥammad b. al-Ḫiḍr b. Ibrāhīm b. ʿAlī b. ʿAbd Allãh al-Numayrī, al-Ḥarrānī
Ibn Taymiyyaŧ
Taqī al-dīn Abū al-ʿAbbās Aḥmad b. ʿAbd al-Ḥalīm b. ʿAbd al-Salām b. ʿAbd Allãh b. al-Ḫiḍr b. Muḥammad b. al-Ḫiḍr b. Ibrāhīm b. ʿAlī b. ʿAbd Allãh al-Numayrī, al-Ḥarrānī
Ibn Taymiyyaŧ
Taqī al-dīn Abū al-ʿAbbās Aḥmad b. ʿAbd al-Ḥalīm b. ʿAbd al-Salām b. ʿAbd Allãh b. al-Ḫiḍr b. Muḥammad b. al-Ḫiḍr b. Ibrāhīm b. ʿAlī b. ʿAbd Allãh al-Numayrī, al-Ḥarrānī
Ibn Taymiyyaŧ
Taqī al-dīn Abū al-ʿAbbās Aḥmad b. ʿAbd al-Ḥalīm b. ʿAbd al-Salām b. ʿAbd Allãh b. al-Ḫiḍr b. Muḥammad b. al-Ḫiḍr b. Ibrāhīm b. ʿAlī b. ʿAbd Allãh al-Numayrī, al-Ḥarrānī
Ibn Taymiyyaŧ
Taqī al-dīn Abū al-ʿAbbās Aḥmad b. ʿAbd al-Ḥalīm b. ʿAbd al-Salām b. ʿAbd Allãh b. al-Ḫiḍr b. Muḥammad b. al-Ḫiḍr b. Ibrāhīm b. ʿAlī b. ʿAbd Allãh al-Numayrī, al-Ḥarrānī
Ibn Taymiyyaŧ
Taqī al-dīn Abū al-ʿAbbās Aḥmad b. ʿAbd al-Ḥalīm b. ʿAbd al-Salām b. ʿAbd Allãh b. al-Ḫiḍr b. Muḥammad b. al-Ḫiḍr b. Ibrāhīm b. ʿAlī b. ʿAbd Allãh al-Numayrī, al-Ḥarrānī
Ibn Taymiyyaŧ
Taqī al-dīn Abū al-ʿAbbās Aḥmad b. ʿAbd al-Ḥalīm b. ʿAbd al-Salām b. ʿAbd Allãh b. al-Ḫiḍr b. Muḥammad b. al-Ḫiḍr b. Ibrāhīm b. ʿAlī b. ʿAbd Allãh al-Numayrī, al-Ḥarrānī
Ibn Taymiyyaŧ
Taqī al-dīn Abū al-ʿAbbās Aḥmad b. ʿAbd al-Ḥalīm b. ʿAbd al-Salām b. ʿAbd Allãh b. al-Ḫiḍr b. Muḥammad b. al-Ḫiḍr b. Ibrāhīm b. ʿAlī b. ʿAbd Allãh al-Numayrī, al-Ḥarrānī
Ibn Taymiyyaŧ
Taqī al-dīn Abū al-ʿAbbās Aḥmad b. ʿAbd al-Ḥalīm b. ʿAbd al-Salām b. ʿAbd Allãh b. al-Ḫiḍr b. Muḥammad b. al-Ḫiḍr b. Ibrāhīm b. ʿAlī b. ʿAbd Allãh al-Numayrī, al-Ḥarrānī
Ibn Taymiyyaŧ
Taqī al-dīn Abū al-ʿAbbās Aḥmad b. ʿAbd al-Ḥalīm b. ʿAbd al-Salām b. ʿAbd Allãh b. al-Ḫiḍr b. Muḥammad b. al-Ḫiḍr b. Ibrāhīm b. ʿAlī b. ʿAbd Allãh al-Numayrī, al-Ḥarrānī
Ibn Taymiyyaŧ
Taqī al-dīn Abū al-ʿAbbās Aḥmad b. ʿAbd al-Ḥalīm b. ʿAbd al-Salām b. ʿAbd Allãh b. al-Ḫiḍr b. Muḥammad b. al-Ḫiḍr b. Ibrāhīm b. ʿAlī b. ʿAbd Allãh al-Numayrī, al-Ḥarrānī
Ibn Taymiyyaŧ
Taqī al-dīn Abū al-ʿAbbās Aḥmad b. ʿAbd al-Ḥalīm b. ʿAbd al-Salām b. ʿAbd Allãh b. al-Ḫiḍr b. Muḥammad b. al-Ḫiḍr b. Ibrāhīm b. ʿAlī b. ʿAbd Allãh al-Numayrī, al-Ḥarrānī
Ibn Taymiyyaŧ
Taqī al-dīn Abū al-ʿAbbās Aḥmad b. ʿAbd al-Ḥalīm b. ʿAbd al-Salām b. ʿAbd Allãh b. al-Ḫiḍr b. Muḥammad b. al-Ḫiḍr b. Ibrāhīm b. ʿAlī b. ʿAbd Allãh al-Numayrī, al-Ḥarrānī
Ibn Taymiyyaŧ
Taqī al-dīn Abū al-ʿAbbās Aḥmad b. ʿAbd al-Ḥalīm b. ʿAbd al-Salām b. ʿAbd Allãh b. al-Ḫiḍr b. Muḥammad b. al-Ḫiḍr b. Ibrāhīm b. ʿAlī b. ʿAbd Allãh al-Numayrī, al-Ḥarrānī
Ibn Taymiyyaŧ
Taqī al-dīn Abū al-ʿAbbās Aḥmad b. ʿAbd al-Ḥalīm b. ʿAbd al-Salām b. ʿAbd Allãh b. al-Ḫiḍr b. Muḥammad b. al-Ḫiḍr b. Ibrāhīm b. ʿAlī b. ʿAbd Allãh al-Numayrī, al-Ḥarrānī
Ibn Taymiyyaŧ
Taqī al-dīn Abū al-ʿAbbās Aḥmad b. ʿAbd al-Ḥalīm b. ʿAbd al-Salām b. ʿAbd Allãh b. al-Ḫiḍr b. Muḥammad b. al-Ḫiḍr b. Ibrāhīm b. ʿAlī b. ʿAbd Allãh al-Numayrī, al-Ḥarrānī
Ibn Taymiyyaŧ
Taqī al-dīn Abū al-ʿAbbās Aḥmad b. ʿAbd al-Ḥalīm b. ʿAbd al-Salām b. ʿAbd Allãh b. al-Ḫiḍr b. Muḥammad b. al-Ḫiḍr b. Ibrāhīm b. ʿAlī b. ʿAbd Allãh al-Numayrī, al-Ḥarrānī
Ibn Taymiyyaŧ
Taqī al-dīn Abū al-ʿAbbās Aḥmad b. ʿAbd al-Ḥalīm b. ʿAbd al-Salām b. ʿAbd Allãh b. al-Ḫiḍr b. Muḥammad b. al-Ḫiḍr b. Ibrāhīm b. ʿAlī b. ʿAbd Allãh al-Numayrī, al-Ḥarrānī
Ibn Taymiyyaŧ
Taqī al-dīn Abū al-ʿAbbās Aḥmad b. ʿAbd al-Ḥalīm b. ʿAbd al-Salām b. ʿAbd Allãh b. al-Ḫiḍr b. Muḥammad b. al-Ḫiḍr b. Ibrāhīm b. ʿAlī b. ʿAbd Allãh al-Numayrī, al-Ḥarrānī
Ibn Taymiyyaŧ
Taqī al-dīn Abū al-ʿAbbās Aḥmad b. ʿAbd al-Ḥalīm b. ʿAbd al-Salām b. ʿAbd Allãh b. al-Ḫiḍr b. Muḥammad b. al-Ḫiḍr b. Ibrāhīm b. ʿAlī b. ʿAbd Allãh al-Numayrī, al-Ḥarrānī
Ibn Taymiyyaŧ
Taqī al-dīn Abū al-ʿAbbās Aḥmad b. ʿAbd al-Ḥalīm b. ʿAbd al-Salām b. ʿAbd Allãh b. al-Ḫiḍr b. Muḥammad b. al-Ḫiḍr b. Ibrāhīm b. ʿAlī b. ʿAbd Allãh al-Numayrī, al-Ḥarrānī
Ibn Taymiyyaŧ
Taqī al-dīn Abū al-ʿAbbās Aḥmad b. ʿAbd al-Ḥalīm b. ʿAbd al-Salām b. ʿAbd Allãh b. al-Ḫiḍr b. Muḥammad b. al-Ḫiḍr b. Ibrāhīm b. ʿAlī b. ʿAbd Allãh al-Numayrī, al-Ḥarrānī
Ibn Taymiyyaŧ
Taqī al-dīn Abū al-ʿAbbās Aḥmad b. ʿAbd al-Ḥalīm b. ʿAbd al-Salām b. ʿAbd Allãh b. al-Ḫiḍr b. Muḥammad b. al-Ḫiḍr b. Ibrāhīm b. ʿAlī b. ʿAbd Allãh al-Numayrī, al-Ḥarrānī
Ibn Taymiyyaŧ
Taqī al-dīn Abū al-ʿAbbās Aḥmad b. ʿAbd al-Ḥalīm b. ʿAbd al-Salām b. ʿAbd Allãh b. al-Ḫiḍr b. Muḥammad b. al-Ḫiḍr b. Ibrāhīm b. ʿAlī b. ʿAbd Allãh al-Numayrī, al-Ḥarrānī
Ibn Taymiyyaŧ
Taqī al-dīn Abū al-ʿAbbās Aḥmad b. ʿAbd al-Ḥalīm b. ʿAbd al-Salām b. ʿAbd Allãh b. al-Ḫiḍr b. Muḥammad b. al-Ḫiḍr b. Ibrāhīm b. ʿAlī b. ʿAbd Allãh al-Numayrī, al-Ḥarrānī
Minhāǧ al-sunnaŧ, Minhāǧ al-sunnaŧ al-nabawiyyaŧ, Minhāǧ al-sunnaŧ al-nabawiyyaŧ fī naqḍ kalām al-šīʿaŧ al-qadariyyaŧ
Minhāǧ al-iʿtidāl, Minhāǧ al-iʿtidāl fī naqḍ ahl al-rafḍ wa-l-iʿtizāl
Ibn Taymiyyaŧ
Taqī al-dīn Abū al-ʿAbbās Aḥmad b. ʿAbd al-Ḥalīm b. ʿAbd al-Salām b. ʿAbd Allãh b. al-Ḫiḍr b. Muḥammad b. al-Ḫiḍr b. Ibrāhīm b. ʿAlī b. ʿAbd Allãh al-Numayrī, al-Ḥarrānī
Minhāǧ al-sunnaŧ, Minhāǧ al-sunnaŧ al-nabawiyyaŧ, Minhāǧ al-sunnaŧ al-nabawiyyaŧ fī naqḍ kalām al-šīʿaŧ al-qadariyyaŧ
Minhāǧ al-iʿtidāl, Minhāǧ al-iʿtidāl fī naqḍ ahl al-rafḍ wa-l-iʿtizāl
Ibn Taymiyyaŧ
Taqī al-dīn Abū al-ʿAbbās Aḥmad b. ʿAbd al-Ḥalīm b. ʿAbd al-Salām b. ʿAbd Allãh b. al-Ḫiḍr b. Muḥammad b. al-Ḫiḍr b. Ibrāhīm b. ʿAlī b. ʿAbd Allãh al-Numayrī, al-Ḥarrānī
Minhāǧ al-sunnaŧ, Minhāǧ al-sunnaŧ al-nabawiyyaŧ, Minhāǧ al-sunnaŧ al-nabawiyyaŧ fī naqḍ kalām al-šīʿaŧ al-qadariyyaŧ
Minhāǧ al-iʿtidāl, Minhāǧ al-iʿtidāl fī naqḍ ahl al-rafḍ wa-l-iʿtizāl
Ibn Taymiyyaŧ
Taqī al-dīn Abū al-ʿAbbās Aḥmad b. ʿAbd al-Ḥalīm b. ʿAbd al-Salām b. ʿAbd Allãh b. al-Ḫiḍr b. Muḥammad b. al-Ḫiḍr b. Ibrāhīm b. ʿAlī b. ʿAbd Allãh al-Numayrī, al-Ḥarrānī
Minhāǧ al-sunnaŧ, Minhāǧ al-sunnaŧ al-nabawiyyaŧ, Minhāǧ al-sunnaŧ al-nabawiyyaŧ fī naqḍ kalām al-šīʿaŧ al-qadariyyaŧ
Minhāǧ al-iʿtidāl, Minhāǧ al-iʿtidāl fī naqḍ ahl al-rafḍ wa-l-iʿtizāl
Ibn Taymiyyaŧ
Taqī al-dīn Abū al-ʿAbbās Aḥmad b. ʿAbd al-Ḥalīm b. ʿAbd al-Salām b. ʿAbd Allãh b. al-Ḫiḍr b. Muḥammad b. al-Ḫiḍr b. Ibrāhīm b. ʿAlī b. ʿAbd Allãh al-Numayrī, al-Ḥarrānī
Ibn Taymiyyaŧ
Taqī al-dīn Abū al-ʿAbbās Aḥmad b. ʿAbd al-Ḥalīm b. ʿAbd al-Salām b. ʿAbd Allãh b. al-Ḫiḍr b. Muḥammad b. al-Ḫiḍr b. Ibrāhīm b. ʿAlī b. ʿAbd Allãh al-Numayrī, al-Ḥarrānī
Ibn Taymiyyaŧ
Taqī al-dīn Abū al-ʿAbbās Aḥmad b. ʿAbd al-Ḥalīm b. ʿAbd al-Salām b. ʿAbd Allãh b. al-Ḫiḍr b. Muḥammad b. al-Ḫiḍr b. Ibrāhīm b. ʿAlī b. ʿAbd Allãh al-Numayrī, al-Ḥarrānī
Ibn Taymiyyaŧ
Taqī al-dīn Abū al-ʿAbbās Aḥmad b. ʿAbd al-Ḥalīm b. ʿAbd al-Salām b. ʿAbd Allãh b. al-Ḫiḍr b. Muḥammad b. al-Ḫiḍr b. Ibrāhīm b. ʿAlī b. ʿAbd Allãh al-Numayrī, al-Ḥarrānī
Ibn Taymiyyaŧ
Taqī al-dīn Abū al-ʿAbbās Aḥmad b. ʿAbd al-Ḥalīm b. ʿAbd al-Salām b. ʿAbd Allãh b. al-Ḫiḍr b. Muḥammad b. al-Ḫiḍr b. Ibrāhīm b. ʿAlī b. ʿAbd Allãh al-Numayrī, al-Ḥarrānī
Ibn Taymiyyaŧ
Taqī al-dīn Abū al-ʿAbbās Aḥmad b. ʿAbd al-Ḥalīm b. ʿAbd al-Salām b. ʿAbd Allãh b. al-Ḫiḍr b. Muḥammad b. al-Ḫiḍr b. Ibrāhīm b. ʿAlī b. ʿAbd Allãh al-Numayrī, al-Ḥarrānī
Ibn Taymiyyaŧ
Taqī al-dīn Abū al-ʿAbbās Aḥmad b. ʿAbd al-Ḥalīm b. ʿAbd al-Salām b. ʿAbd Allãh b. al-Ḫiḍr b. Muḥammad b. al-Ḫiḍr b. Ibrāhīm b. ʿAlī b. ʿAbd Allãh al-Numayrī, al-Ḥarrānī
Ibn Taymiyyaŧ
Taqī al-dīn Abū al-ʿAbbās Aḥmad b. ʿAbd al-Ḥalīm b. ʿAbd al-Salām b. ʿAbd Allãh b. al-Ḫiḍr b. Muḥammad b. al-Ḫiḍr b. Ibrāhīm b. ʿAlī b. ʿAbd Allãh al-Numayrī, al-Ḥarrānī
Ibn Taymiyyaŧ
Taqī al-dīn Abū al-ʿAbbās Aḥmad b. ʿAbd al-Ḥalīm b. ʿAbd al-Salām b. ʿAbd Allãh b. al-Ḫiḍr b. Muḥammad b. al-Ḫiḍr b. Ibrāhīm b. ʿAlī b. ʿAbd Allãh al-Numayrī, al-Ḥarrānī
Ibn Taymiyyaŧ
Taqī al-dīn Abū al-ʿAbbās Aḥmad b. ʿAbd al-Ḥalīm b. ʿAbd al-Salām b. ʿAbd Allãh b. al-Ḫiḍr b. Muḥammad b. al-Ḫiḍr b. Ibrāhīm b. ʿAlī b. ʿAbd Allãh al-Numayrī, al-Ḥarrānī
Ibn Taymiyyaŧ
Taqī al-dīn Abū al-ʿAbbās Aḥmad b. ʿAbd al-Ḥalīm b. ʿAbd al-Salām b. ʿAbd Allãh b. al-Ḫiḍr b. Muḥammad b. al-Ḫiḍr b. Ibrāhīm b. ʿAlī b. ʿAbd Allãh al-Numayrī, al-Ḥarrānī
Ibn Taymiyyaŧ
Taqī al-dīn Abū al-ʿAbbās Aḥmad b. ʿAbd al-Ḥalīm b. ʿAbd al-Salām b. ʿAbd Allãh b. al-Ḫiḍr b. Muḥammad b. al-Ḫiḍr b. Ibrāhīm b. ʿAlī b. ʿAbd Allãh al-Numayrī, al-Ḥarrānī
Ibn Taymiyyaŧ
Taqī al-dīn Abū al-ʿAbbās Aḥmad b. ʿAbd al-Ḥalīm b. ʿAbd al-Salām b. ʿAbd Allãh b. al-Ḫiḍr b. Muḥammad b. al-Ḫiḍr b. Ibrāhīm b. ʿAlī b. ʿAbd Allãh al-Numayrī, al-Ḥarrānī
Ibn Taymiyyaŧ
Taqī al-dīn Abū al-ʿAbbās Aḥmad b. ʿAbd al-Ḥalīm b. ʿAbd al-Salām b. ʿAbd Allãh b. al-Ḫiḍr b. Muḥammad b. al-Ḫiḍr b. Ibrāhīm b. ʿAlī b. ʿAbd Allãh al-Numayrī, al-Ḥarrānī
Ibn Taymiyyaŧ
Taqī al-dīn Abū al-ʿAbbās Aḥmad b. ʿAbd al-Ḥalīm b. ʿAbd al-Salām b. ʿAbd Allãh b. al-Ḫiḍr b. Muḥammad b. al-Ḫiḍr b. Ibrāhīm b. ʿAlī b. ʿAbd Allãh al-Numayrī, al-Ḥarrānī
Ibn Taymiyyaŧ
Taqī al-dīn Abū al-ʿAbbās Aḥmad b. ʿAbd al-Ḥalīm b. ʿAbd al-Salām b. ʿAbd Allãh b. al-Ḫiḍr b. Muḥammad b. al-Ḫiḍr b. Ibrāhīm b. ʿAlī b. ʿAbd Allãh al-Numayrī, al-Ḥarrānī
Ibn Taymiyyaŧ
Taqī al-dīn Abū al-ʿAbbās Aḥmad b. ʿAbd al-Ḥalīm b. ʿAbd al-Salām b. ʿAbd Allãh b. al-Ḫiḍr b. Muḥammad b. al-Ḫiḍr b. Ibrāhīm b. ʿAlī b. ʿAbd Allãh al-Numayrī, al-Ḥarrānī
Ibn Taymiyyaŧ
Taqī al-dīn Abū al-ʿAbbās Aḥmad b. ʿAbd al-Ḥalīm b. ʿAbd al-Salām b. ʿAbd Allãh b. al-Ḫiḍr b. Muḥammad b. al-Ḫiḍr b. Ibrāhīm b. ʿAlī b. ʿAbd Allãh al-Numayrī, al-Ḥarrānī
Ibn Taymiyyaŧ
Taqī al-dīn Abū al-ʿAbbās Aḥmad b. ʿAbd al-Ḥalīm b. ʿAbd al-Salām b. ʿAbd Allãh b. al-Ḫiḍr b. Muḥammad b. al-Ḫiḍr b. Ibrāhīm b. ʿAlī b. ʿAbd Allãh al-Numayrī, al-Ḥarrānī
Ibn Taymiyyaŧ
Taqī al-dīn Abū al-ʿAbbās Aḥmad b. ʿAbd al-Ḥalīm b. ʿAbd al-Salām b. ʿAbd Allãh b. al-Ḫiḍr b. Muḥammad b. al-Ḫiḍr b. Ibrāhīm b. ʿAlī b. ʿAbd Allãh al-Numayrī, al-Ḥarrānī
Ibn Taymiyyaŧ
Taqī al-dīn Abū al-ʿAbbās Aḥmad b. ʿAbd al-Ḥalīm b. ʿAbd al-Salām b. ʿAbd Allãh b. al-Ḫiḍr b. Muḥammad b. al-Ḫiḍr b. Ibrāhīm b. ʿAlī b. ʿAbd Allãh al-Numayrī, al-Ḥarrānī
Ibn Taymiyyaŧ
Taqī al-dīn Abū al-ʿAbbās Aḥmad b. ʿAbd al-Ḥalīm b. ʿAbd al-Salām b. ʿAbd Allãh b. al-Ḫiḍr b. Muḥammad b. al-Ḫiḍr b. Ibrāhīm b. ʿAlī b. ʿAbd Allãh al-Numayrī, al-Ḥarrānī
Ibn Taymiyyaŧ
Taqī al-dīn Abū al-ʿAbbās Aḥmad b. ʿAbd al-Ḥalīm b. ʿAbd al-Salām b. ʿAbd Allãh b. al-Ḫiḍr b. Muḥammad b. al-Ḫiḍr b. Ibrāhīm b. ʿAlī b. ʿAbd Allãh al-Numayrī, al-Ḥarrānī
Ibn Taymiyyaŧ
Taqī al-dīn Abū al-ʿAbbās Aḥmad b. ʿAbd al-Ḥalīm b. ʿAbd al-Salām b. ʿAbd Allãh b. al-Ḫiḍr b. Muḥammad b. al-Ḫiḍr b. Ibrāhīm b. ʿAlī b. ʿAbd Allãh al-Numayrī, al-Ḥarrānī
Ibn Taymiyyaŧ
Taqī al-dīn Abū al-ʿAbbās Aḥmad b. ʿAbd al-Ḥalīm b. ʿAbd al-Salām b. ʿAbd Allãh b. al-Ḫiḍr b. Muḥammad b. al-Ḫiḍr b. Ibrāhīm b. ʿAlī b. ʿAbd Allãh al-Numayrī, al-Ḥarrānī
Ibn Taymiyyaŧ
Taqī al-dīn Abū al-ʿAbbās Aḥmad b. ʿAbd al-Ḥalīm b. ʿAbd al-Salām b. ʿAbd Allãh b. al-Ḫiḍr b. Muḥammad b. al-Ḫiḍr b. Ibrāhīm b. ʿAlī b. ʿAbd Allãh al-Numayrī, al-Ḥarrānī
Ibn Taymiyyaŧ
Taqī al-dīn Abū al-ʿAbbās Aḥmad b. ʿAbd al-Ḥalīm b. ʿAbd al-Salām b. ʿAbd Allãh b. al-Ḫiḍr b. Muḥammad b. al-Ḫiḍr b. Ibrāhīm b. ʿAlī b. ʿAbd Allãh al-Numayrī, al-Ḥarrānī
Ibn Taymiyyaŧ
Taqī al-dīn Abū al-ʿAbbās Aḥmad b. ʿAbd al-Ḥalīm b. ʿAbd al-Salām b. ʿAbd Allãh b. al-Ḫiḍr b. Muḥammad b. al-Ḫiḍr b. Ibrāhīm b. ʿAlī b. ʿAbd Allãh al-Numayrī, al-Ḥarrānī
Ibn Taymiyyaŧ
Taqī al-dīn Abū al-ʿAbbās Aḥmad b. ʿAbd al-Ḥalīm b. ʿAbd al-Salām b. ʿAbd Allãh b. al-Ḫiḍr b. Muḥammad b. al-Ḫiḍr b. Ibrāhīm b. ʿAlī b. ʿAbd Allãh al-Numayrī, al-Ḥarrānī
Ibn Taymiyyaŧ
Taqī al-dīn Abū al-ʿAbbās Aḥmad b. ʿAbd al-Ḥalīm b. ʿAbd al-Salām b. ʿAbd Allãh b. al-Ḫiḍr b. Muḥammad b. al-Ḫiḍr b. Ibrāhīm b. ʿAlī b. ʿAbd Allãh al-Numayrī, al-Ḥarrānī
Ibn Taymiyyaŧ
Taqī al-dīn Abū al-ʿAbbās Aḥmad b. ʿAbd al-Ḥalīm b. ʿAbd al-Salām b. ʿAbd Allãh b. al-Ḫiḍr b. Muḥammad b. al-Ḫiḍr b. Ibrāhīm b. ʿAlī b. ʿAbd Allãh al-Numayrī, al-Ḥarrānī
Ibn Taymiyyaŧ
Taqī al-dīn Abū al-ʿAbbās Aḥmad b. ʿAbd al-Ḥalīm b. ʿAbd al-Salām b. ʿAbd Allãh b. al-Ḫiḍr b. Muḥammad b. al-Ḫiḍr b. Ibrāhīm b. ʿAlī b. ʿAbd Allãh al-Numayrī, al-Ḥarrānī
Ibn Taymiyyaŧ
Taqī al-dīn Abū al-ʿAbbās Aḥmad b. ʿAbd al-Ḥalīm b. ʿAbd al-Salām b. ʿAbd Allãh b. al-Ḫiḍr b. Muḥammad b. al-Ḫiḍr b. Ibrāhīm b. ʿAlī b. ʿAbd Allãh al-Numayrī, al-Ḥarrānī
Ibn Taymiyyaŧ
Taqī al-dīn Abū al-ʿAbbās Aḥmad b. ʿAbd al-Ḥalīm b. ʿAbd al-Salām b. ʿAbd Allãh b. al-Ḫiḍr b. Muḥammad b. al-Ḫiḍr b. Ibrāhīm b. ʿAlī b. ʿAbd Allãh al-Numayrī, al-Ḥarrānī
Ibn Taymiyyaŧ
Taqī al-dīn Abū al-ʿAbbās Aḥmad b. ʿAbd al-Ḥalīm b. ʿAbd al-Salām b. ʿAbd Allãh b. al-Ḫiḍr b. Muḥammad b. al-Ḫiḍr b. Ibrāhīm b. ʿAlī b. ʿAbd Allãh al-Numayrī, al-Ḥarrānī
Ibn Taymiyyaŧ
Taqī al-dīn Abū al-ʿAbbās Aḥmad b. ʿAbd al-Ḥalīm b. ʿAbd al-Salām b. ʿAbd Allãh b. al-Ḫiḍr b. Muḥammad b. al-Ḫiḍr b. Ibrāhīm b. ʿAlī b. ʿAbd Allãh al-Numayrī, al-Ḥarrānī
Ibn Taymiyyaŧ
Taqī al-dīn Abū al-ʿAbbās Aḥmad b. ʿAbd al-Ḥalīm b. ʿAbd al-Salām b. ʿAbd Allãh b. al-Ḫiḍr b. Muḥammad b. al-Ḫiḍr b. Ibrāhīm b. ʿAlī b. ʿAbd Allãh al-Numayrī, al-Ḥarrānī
Ibn Taymiyyaŧ
Taqī al-dīn Abū al-ʿAbbās Aḥmad b. ʿAbd al-Ḥalīm b. ʿAbd al-Salām b. ʿAbd Allãh b. al-Ḫiḍr b. Muḥammad b. al-Ḫiḍr b. Ibrāhīm b. ʿAlī b. ʿAbd Allãh al-Numayrī, al-Ḥarrānī
Ibn Taymiyyaŧ
Taqī al-dīn Abū al-ʿAbbās Aḥmad b. ʿAbd al-Ḥalīm b. ʿAbd al-Salām b. ʿAbd Allãh b. al-Ḫiḍr b. Muḥammad b. al-Ḫiḍr b. Ibrāhīm b. ʿAlī b. ʿAbd Allãh al-Numayrī, al-Ḥarrānī
Ibn Taymiyyaŧ
Taqī al-dīn Abū al-ʿAbbās Aḥmad b. ʿAbd al-Ḥalīm b. ʿAbd al-Salām b. ʿAbd Allãh b. al-Ḫiḍr b. Muḥammad b. al-Ḫiḍr b. Ibrāhīm b. ʿAlī b. ʿAbd Allãh al-Numayrī, al-Ḥarrānī
Ibn Taymiyyaŧ
Taqī al-dīn Abū al-ʿAbbās Aḥmad b. ʿAbd al-Ḥalīm b. ʿAbd al-Salām b. ʿAbd Allãh b. al-Ḫiḍr b. Muḥammad b. al-Ḫiḍr b. Ibrāhīm b. ʿAlī b. ʿAbd Allãh al-Numayrī, al-Ḥarrānī
Ibn Taymiyyaŧ
Taqī al-dīn Abū al-ʿAbbās Aḥmad b. ʿAbd al-Ḥalīm b. ʿAbd al-Salām b. ʿAbd Allãh b. al-Ḫiḍr b. Muḥammad b. al-Ḫiḍr b. Ibrāhīm b. ʿAlī b. ʿAbd Allãh al-Numayrī, al-Ḥarrānī
Ibn Taymiyyaŧ
Taqī al-dīn Abū al-ʿAbbās Aḥmad b. ʿAbd al-Ḥalīm b. ʿAbd al-Salām b. ʿAbd Allãh b. al-Ḫiḍr b. Muḥammad b. al-Ḫiḍr b. Ibrāhīm b. ʿAlī b. ʿAbd Allãh al-Numayrī, al-Ḥarrānī
Ibn Taymiyyaŧ
Taqī al-dīn Abū al-ʿAbbās Aḥmad b. ʿAbd al-Ḥalīm b. ʿAbd al-Salām b. ʿAbd Allãh b. al-Ḫiḍr b. Muḥammad b. al-Ḫiḍr b. Ibrāhīm b. ʿAlī b. ʿAbd Allãh al-Numayrī, al-Ḥarrānī
Ibn Taymiyyaŧ
Taqī al-dīn Abū al-ʿAbbās Aḥmad b. ʿAbd al-Ḥalīm b. ʿAbd al-Salām b. ʿAbd Allãh b. al-Ḫiḍr b. Muḥammad b. al-Ḫiḍr b. Ibrāhīm b. ʿAlī b. ʿAbd Allãh al-Numayrī, al-Ḥarrānī
Ibn Taymiyyaŧ
Taqī al-dīn Abū al-ʿAbbās Aḥmad b. ʿAbd al-Ḥalīm b. ʿAbd al-Salām b. ʿAbd Allãh b. al-Ḫiḍr b. Muḥammad b. al-Ḫiḍr b. Ibrāhīm b. ʿAlī b. ʿAbd Allãh al-Numayrī, al-Ḥarrānī
Ibn Taymiyyaŧ
Taqī al-dīn Abū al-ʿAbbās Aḥmad b. ʿAbd al-Ḥalīm b. ʿAbd al-Salām b. ʿAbd Allãh b. al-Ḫiḍr b. Muḥammad b. al-Ḫiḍr b. Ibrāhīm b. ʿAlī b. ʿAbd Allãh al-Numayrī, al-Ḥarrānī
Ibn Taymiyyaŧ
Taqī al-dīn Abū al-ʿAbbās Aḥmad b. ʿAbd al-Ḥalīm b. ʿAbd al-Salām b. ʿAbd Allãh b. al-Ḫiḍr b. Muḥammad b. al-Ḫiḍr b. Ibrāhīm b. ʿAlī b. ʿAbd Allãh al-Numayrī, al-Ḥarrānī
Ibn Taymiyyaŧ
Taqī al-dīn Abū al-ʿAbbās Aḥmad b. ʿAbd al-Ḥalīm b. ʿAbd al-Salām b. ʿAbd Allãh b. al-Ḫiḍr b. Muḥammad b. al-Ḫiḍr b. Ibrāhīm b. ʿAlī b. ʿAbd Allãh al-Numayrī, al-Ḥarrānī
Ibn Taymiyyaŧ
Taqī al-dīn Abū al-ʿAbbās Aḥmad b. ʿAbd al-Ḥalīm b. ʿAbd al-Salām b. ʿAbd Allãh b. al-Ḫiḍr b. Muḥammad b. al-Ḫiḍr b. Ibrāhīm b. ʿAlī b. ʿAbd Allãh al-Numayrī, al-Ḥarrānī
Ibn Taymiyyaŧ
Taqī al-dīn Abū al-ʿAbbās Aḥmad b. ʿAbd al-Ḥalīm b. ʿAbd al-Salām b. ʿAbd Allãh b. al-Ḫiḍr b. Muḥammad b. al-Ḫiḍr b. Ibrāhīm b. ʿAlī b. ʿAbd Allãh al-Numayrī, al-Ḥarrānī
Ibn Taymiyyaŧ
Taqī al-dīn Abū al-ʿAbbās Aḥmad b. ʿAbd al-Ḥalīm b. ʿAbd al-Salām b. ʿAbd Allãh b. al-Ḫiḍr b. Muḥammad b. al-Ḫiḍr b. Ibrāhīm b. ʿAlī b. ʿAbd Allãh al-Numayrī, al-Ḥarrānī
Ibn Taymiyyaŧ
Taqī al-dīn Abū al-ʿAbbās Aḥmad b. ʿAbd al-Ḥalīm b. ʿAbd al-Salām b. ʿAbd Allãh b. al-Ḫiḍr b. Muḥammad b. al-Ḫiḍr b. Ibrāhīm b. ʿAlī b. ʿAbd Allãh al-Numayrī, al-Ḥarrānī
Ibn Taymiyyaŧ
Taqī al-dīn Abū al-ʿAbbās Aḥmad b. ʿAbd al-Ḥalīm b. ʿAbd al-Salām b. ʿAbd Allãh b. al-Ḫiḍr b. Muḥammad b. al-Ḫiḍr b. Ibrāhīm b. ʿAlī b. ʿAbd Allãh al-Numayrī, al-Ḥarrānī
Ibn Taymiyyaŧ
Taqī al-dīn Abū al-ʿAbbās Aḥmad b. ʿAbd al-Ḥalīm b. ʿAbd al-Salām b. ʿAbd Allãh b. al-Ḫiḍr b. Muḥammad b. al-Ḫiḍr b. Ibrāhīm b. ʿAlī b. ʿAbd Allãh al-Numayrī, al-Ḥarrānī
Ibn Taymiyyaŧ
Taqī al-dīn Abū al-ʿAbbās Aḥmad b. ʿAbd al-Ḥalīm b. ʿAbd al-Salām b. ʿAbd Allãh b. al-Ḫiḍr b. Muḥammad b. al-Ḫiḍr b. Ibrāhīm b. ʿAlī b. ʿAbd Allãh al-Numayrī, al-Ḥarrānī
Ibn Taymiyyaŧ
Taqī al-dīn Abū al-ʿAbbās Aḥmad b. ʿAbd al-Ḥalīm b. ʿAbd al-Salām b. ʿAbd Allãh b. al-Ḫiḍr b. Muḥammad b. al-Ḫiḍr b. Ibrāhīm b. ʿAlī b. ʿAbd Allãh al-Numayrī, al-Ḥarrānī
Ibn Taymiyyaŧ
Taqī al-dīn Abū al-ʿAbbās Aḥmad b. ʿAbd al-Ḥalīm b. ʿAbd al-Salām b. ʿAbd Allãh b. al-Ḫiḍr b. Muḥammad b. al-Ḫiḍr b. Ibrāhīm b. ʿAlī b. ʿAbd Allãh al-Numayrī, al-Ḥarrānī
Ibn Taymiyyaŧ
Taqī al-dīn Abū al-ʿAbbās Aḥmad b. ʿAbd al-Ḥalīm b. ʿAbd al-Salām b. ʿAbd Allãh b. al-Ḫiḍr b. Muḥammad b. al-Ḫiḍr b. Ibrāhīm b. ʿAlī b. ʿAbd Allãh al-Numayrī, al-Ḥarrānī
Ibn Taymiyyaŧ
Taqī al-dīn Abū al-ʿAbbās Aḥmad b. ʿAbd al-Ḥalīm b. ʿAbd al-Salām b. ʿAbd Allãh b. al-Ḫiḍr b. Muḥammad b. al-Ḫiḍr b. Ibrāhīm b. ʿAlī b. ʿAbd Allãh al-Numayrī, al-Ḥarrānī
Ibn Taymiyyaŧ
Taqī al-dīn Abū al-ʿAbbās Aḥmad b. ʿAbd al-Ḥalīm b. ʿAbd al-Salām b. ʿAbd Allãh b. al-Ḫiḍr b. Muḥammad b. al-Ḫiḍr b. Ibrāhīm b. ʿAlī b. ʿAbd Allãh al-Numayrī, al-Ḥarrānī
Ibn Taymiyyaŧ
Taqī al-dīn Abū al-ʿAbbās Aḥmad b. ʿAbd al-Ḥalīm b. ʿAbd al-Salām b. ʿAbd Allãh b. al-Ḫiḍr b. Muḥammad b. al-Ḫiḍr b. Ibrāhīm b. ʿAlī b. ʿAbd Allãh al-Numayrī, al-Ḥarrānī
Ibn Taymiyyaŧ
Taqī al-dīn Abū al-ʿAbbās Aḥmad b. ʿAbd al-Ḥalīm b. ʿAbd al-Salām b. ʿAbd Allãh b. al-Ḫiḍr b. Muḥammad b. al-Ḫiḍr b. Ibrāhīm b. ʿAlī b. ʿAbd Allãh al-Numayrī, al-Ḥarrānī
Ibn Taymiyyaŧ
Taqī al-dīn Abū al-ʿAbbās Aḥmad b. ʿAbd al-Ḥalīm b. ʿAbd al-Salām b. ʿAbd Allãh b. al-Ḫiḍr b. Muḥammad b. al-Ḫiḍr b. Ibrāhīm b. ʿAlī b. ʿAbd Allãh al-Numayrī, al-Ḥarrānī
Ibn Taymiyyaŧ
Taqī al-dīn Abū al-ʿAbbās Aḥmad b. ʿAbd al-Ḥalīm b. ʿAbd al-Salām b. ʿAbd Allãh b. al-Ḫiḍr b. Muḥammad b. al-Ḫiḍr b. Ibrāhīm b. ʿAlī b. ʿAbd Allãh al-Numayrī, al-Ḥarrānī
Ibn Taymiyyaŧ
Taqī al-dīn Abū al-ʿAbbās Aḥmad b. ʿAbd al-Ḥalīm b. ʿAbd al-Salām b. ʿAbd Allãh b. al-Ḫiḍr b. Muḥammad b. al-Ḫiḍr b. Ibrāhīm b. ʿAlī b. ʿAbd Allãh al-Numayrī, al-Ḥarrānī
Ibn Taymiyyaŧ
Taqī al-dīn Abū al-ʿAbbās Aḥmad b. ʿAbd al-Ḥalīm b. ʿAbd al-Salām b. ʿAbd Allãh b. al-Ḫiḍr b. Muḥammad b. al-Ḫiḍr b. Ibrāhīm b. ʿAlī b. ʿAbd Allãh al-Numayrī, al-Ḥarrānī
Ibn Taymiyyaŧ
Taqī al-dīn Abū al-ʿAbbās Aḥmad b. ʿAbd al-Ḥalīm b. ʿAbd al-Salām b. ʿAbd Allãh b. al-Ḫiḍr b. Muḥammad b. al-Ḫiḍr b. Ibrāhīm b. ʿAlī b. ʿAbd Allãh al-Numayrī, al-Ḥarrānī
Ibn Taymiyyaŧ
Taqī al-dīn Abū al-ʿAbbās Aḥmad b. ʿAbd al-Ḥalīm b. ʿAbd al-Salām b. ʿAbd Allãh b. al-Ḫiḍr b. Muḥammad b. al-Ḫiḍr b. Ibrāhīm b. ʿAlī b. ʿAbd Allãh al-Numayrī, al-Ḥarrānī
Ibn Taymiyyaŧ
Taqī al-dīn Abū al-ʿAbbās Aḥmad b. ʿAbd al-Ḥalīm b. ʿAbd al-Salām b. ʿAbd Allãh b. al-Ḫiḍr b. Muḥammad b. al-Ḫiḍr b. Ibrāhīm b. ʿAlī b. ʿAbd Allãh al-Numayrī, al-Ḥarrānī
Ibn Taymiyyaŧ
Taqī al-dīn Abū al-ʿAbbās Aḥmad b. ʿAbd al-Ḥalīm b. ʿAbd al-Salām b. ʿAbd Allãh b. al-Ḫiḍr b. Muḥammad b. al-Ḫiḍr b. Ibrāhīm b. ʿAlī b. ʿAbd Allãh al-Numayrī, al-Ḥarrānī
Ibn Taymiyyaŧ
Taqī al-dīn Abū al-ʿAbbās Aḥmad b. ʿAbd al-Ḥalīm b. ʿAbd al-Salām b. ʿAbd Allãh b. al-Ḫiḍr b. Muḥammad b. al-Ḫiḍr b. Ibrāhīm b. ʿAlī b. ʿAbd Allãh al-Numayrī, al-Ḥarrānī
Ibn Taymiyyaŧ
Taqī al-dīn Abū al-ʿAbbās Aḥmad b. ʿAbd al-Ḥalīm b. ʿAbd al-Salām b. ʿAbd Allãh b. al-Ḫiḍr b. Muḥammad b. al-Ḫiḍr b. Ibrāhīm b. ʿAlī b. ʿAbd Allãh al-Numayrī, al-Ḥarrānī
Ibn Taymiyyaŧ
Taqī al-dīn Abū al-ʿAbbās Aḥmad b. ʿAbd al-Ḥalīm b. ʿAbd al-Salām b. ʿAbd Allãh b. al-Ḫiḍr b. Muḥammad b. al-Ḫiḍr b. Ibrāhīm b. ʿAlī b. ʿAbd Allãh al-Numayrī, al-Ḥarrānī
Ibn Taymiyyaŧ
Taqī al-dīn Abū al-ʿAbbās Aḥmad b. ʿAbd al-Ḥalīm b. ʿAbd al-Salām b. ʿAbd Allãh b. al-Ḫiḍr b. Muḥammad b. al-Ḫiḍr b. Ibrāhīm b. ʿAlī b. ʿAbd Allãh al-Numayrī, al-Ḥarrānī
Ibn Taymiyyaŧ
Taqī al-dīn Abū al-ʿAbbās Aḥmad b. ʿAbd al-Ḥalīm b. ʿAbd al-Salām b. ʿAbd Allãh b. al-Ḫiḍr b. Muḥammad b. al-Ḫiḍr b. Ibrāhīm b. ʿAlī b. ʿAbd Allãh al-Numayrī, al-Ḥarrānī
Ibn Taymiyyaŧ
Taqī al-dīn Abū al-ʿAbbās Aḥmad b. ʿAbd al-Ḥalīm b. ʿAbd al-Salām b. ʿAbd Allãh b. al-Ḫiḍr b. Muḥammad b. al-Ḫiḍr b. Ibrāhīm b. ʿAlī b. ʿAbd Allãh al-Numayrī, al-Ḥarrānī
Ibn Taymiyyaŧ
Taqī al-dīn Abū al-ʿAbbās Aḥmad b. ʿAbd al-Ḥalīm b. ʿAbd al-Salām b. ʿAbd Allãh b. al-Ḫiḍr b. Muḥammad b. al-Ḫiḍr b. Ibrāhīm b. ʿAlī b. ʿAbd Allãh al-Numayrī, al-Ḥarrānī
Ibn Taymiyyaŧ
Taqī al-dīn Abū al-ʿAbbās Aḥmad b. ʿAbd al-Ḥalīm b. ʿAbd al-Salām b. ʿAbd Allãh b. al-Ḫiḍr b. Muḥammad b. al-Ḫiḍr b. Ibrāhīm b. ʿAlī b. ʿAbd Allãh al-Numayrī, al-Ḥarrānī
Ibn Taymiyyaŧ
Taqī al-dīn Abū al-ʿAbbās Aḥmad b. ʿAbd al-Ḥalīm b. ʿAbd al-Salām b. ʿAbd Allãh b. al-Ḫiḍr b. Muḥammad b. al-Ḫiḍr b. Ibrāhīm b. ʿAlī b. ʿAbd Allãh al-Numayrī, al-Ḥarrānī
Ibn Taymiyyaŧ
Taqī al-dīn Abū al-ʿAbbās Aḥmad b. ʿAbd al-Ḥalīm b. ʿAbd al-Salām b. ʿAbd Allãh b. al-Ḫiḍr b. Muḥammad b. al-Ḫiḍr b. Ibrāhīm b. ʿAlī b. ʿAbd Allãh al-Numayrī, al-Ḥarrānī
Ibn Taymiyyaŧ
Taqī al-dīn Abū al-ʿAbbās Aḥmad b. ʿAbd al-Ḥalīm b. ʿAbd al-Salām b. ʿAbd Allãh b. al-Ḫiḍr b. Muḥammad b. al-Ḫiḍr b. Ibrāhīm b. ʿAlī b. ʿAbd Allãh al-Numayrī, al-Ḥarrānī
Ibn Taymiyyaŧ
Taqī al-dīn Abū al-ʿAbbās Aḥmad b. ʿAbd al-Ḥalīm b. ʿAbd al-Salām b. ʿAbd Allãh b. al-Ḫiḍr b. Muḥammad b. al-Ḫiḍr b. Ibrāhīm b. ʿAlī b. ʿAbd Allãh al-Numayrī, al-Ḥarrānī
Ibn Taymiyyaŧ
Taqī al-dīn Abū al-ʿAbbās Aḥmad b. ʿAbd al-Ḥalīm b. ʿAbd al-Salām b. ʿAbd Allãh b. al-Ḫiḍr b. Muḥammad b. al-Ḫiḍr b. Ibrāhīm b. ʿAlī b. ʿAbd Allãh al-Numayrī, al-Ḥarrānī
Ibn Taymiyyaŧ
Taqī al-dīn Abū al-ʿAbbās Aḥmad b. ʿAbd al-Ḥalīm b. ʿAbd al-Salām b. ʿAbd Allãh b. al-Ḫiḍr b. Muḥammad b. al-Ḫiḍr b. Ibrāhīm b. ʿAlī b. ʿAbd Allãh al-Numayrī, al-Ḥarrānī
Ibn Taymiyyaŧ
Taqī al-dīn Abū al-ʿAbbās Aḥmad b. ʿAbd al-Ḥalīm b. ʿAbd al-Salām b. ʿAbd Allãh b. al-Ḫiḍr b. Muḥammad b. al-Ḫiḍr b. Ibrāhīm b. ʿAlī b. ʿAbd Allãh al-Numayrī, al-Ḥarrānī
Ibn Taymiyyaŧ
Taqī al-dīn Abū al-ʿAbbās Aḥmad b. ʿAbd al-Ḥalīm b. ʿAbd al-Salām b. ʿAbd Allãh b. al-Ḫiḍr b. Muḥammad b. al-Ḫiḍr b. Ibrāhīm b. ʿAlī b. ʿAbd Allãh al-Numayrī, al-Ḥarrānī
Ibn Taymiyyaŧ
Taqī al-dīn Abū al-ʿAbbās Aḥmad b. ʿAbd al-Ḥalīm b. ʿAbd al-Salām b. ʿAbd Allãh b. al-Ḫiḍr b. Muḥammad b. al-Ḫiḍr b. Ibrāhīm b. ʿAlī b. ʿAbd Allãh al-Numayrī, al-Ḥarrānī
Ibn Taymiyyaŧ
Taqī al-dīn Abū al-ʿAbbās Aḥmad b. ʿAbd al-Ḥalīm b. ʿAbd al-Salām b. ʿAbd Allãh b. al-Ḫiḍr b. Muḥammad b. al-Ḫiḍr b. Ibrāhīm b. ʿAlī b. ʿAbd Allãh al-Numayrī, al-Ḥarrānī
Ibn Taymiyyaŧ
Taqī al-dīn Abū al-ʿAbbās Aḥmad b. ʿAbd al-Ḥalīm b. ʿAbd al-Salām b. ʿAbd Allãh b. al-Ḫiḍr b. Muḥammad b. al-Ḫiḍr b. Ibrāhīm b. ʿAlī b. ʿAbd Allãh al-Numayrī, al-Ḥarrānī
Ibn Taymiyyaŧ
Taqī al-dīn Abū al-ʿAbbās Aḥmad b. ʿAbd al-Ḥalīm b. ʿAbd al-Salām b. ʿAbd Allãh b. al-Ḫiḍr b. Muḥammad b. al-Ḫiḍr b. Ibrāhīm b. ʿAlī b. ʿAbd Allãh al-Numayrī, al-Ḥarrānī
Ibn Taymiyyaŧ
Taqī al-dīn Abū al-ʿAbbās Aḥmad b. ʿAbd al-Ḥalīm b. ʿAbd al-Salām b. ʿAbd Allãh b. al-Ḫiḍr b. Muḥammad b. al-Ḫiḍr b. Ibrāhīm b. ʿAlī b. ʿAbd Allãh al-Numayrī, al-Ḥarrānī
Ibn Taymiyyaŧ
Taqī al-dīn Abū al-ʿAbbās Aḥmad b. ʿAbd al-Ḥalīm b. ʿAbd al-Salām b. ʿAbd Allãh b. al-Ḫiḍr b. Muḥammad b. al-Ḫiḍr b. Ibrāhīm b. ʿAlī b. ʿAbd Allãh al-Numayrī, al-Ḥarrānī
Ibn Taymiyyaŧ
Taqī al-dīn Abū al-ʿAbbās Aḥmad b. ʿAbd al-Ḥalīm b. ʿAbd al-Salām b. ʿAbd Allãh b. al-Ḫiḍr b. Muḥammad b. al-Ḫiḍr b. Ibrāhīm b. ʿAlī b. ʿAbd Allãh al-Numayrī, al-Ḥarrānī
Ibn Taymiyyaŧ
Taqī al-dīn Abū al-ʿAbbās Aḥmad b. ʿAbd al-Ḥalīm b. ʿAbd al-Salām b. ʿAbd Allãh b. al-Ḫiḍr b. Muḥammad b. al-Ḫiḍr b. Ibrāhīm b. ʿAlī b. ʿAbd Allãh al-Numayrī, al-Ḥarrānī
Ibn Taymiyyaŧ
Taqī al-dīn Abū al-ʿAbbās Aḥmad b. ʿAbd al-Ḥalīm b. ʿAbd al-Salām b. ʿAbd Allãh b. al-Ḫiḍr b. Muḥammad b. al-Ḫiḍr b. Ibrāhīm b. ʿAlī b. ʿAbd Allãh al-Numayrī, al-Ḥarrānī
Ibn Taymiyyaŧ
Taqī al-dīn Abū al-ʿAbbās Aḥmad b. ʿAbd al-Ḥalīm b. ʿAbd al-Salām b. ʿAbd Allãh b. al-Ḫiḍr b. Muḥammad b. al-Ḫiḍr b. Ibrāhīm b. ʿAlī b. ʿAbd Allãh al-Numayrī, al-Ḥarrānī
Ibn Taymiyyaŧ
Taqī al-dīn Abū al-ʿAbbās Aḥmad b. ʿAbd al-Ḥalīm b. ʿAbd al-Salām b. ʿAbd Allãh b. al-Ḫiḍr b. Muḥammad b. al-Ḫiḍr b. Ibrāhīm b. ʿAlī b. ʿAbd Allãh al-Numayrī, al-Ḥarrānī
Ibn Taymiyyaŧ
Taqī al-dīn Abū al-ʿAbbās Aḥmad b. ʿAbd al-Ḥalīm b. ʿAbd al-Salām b. ʿAbd Allãh b. al-Ḫiḍr b. Muḥammad b. al-Ḫiḍr b. Ibrāhīm b. ʿAlī b. ʿAbd Allãh al-Numayrī, al-Ḥarrānī
Ibn Taymiyyaŧ
Taqī al-dīn Abū al-ʿAbbās Aḥmad b. ʿAbd al-Ḥalīm b. ʿAbd al-Salām b. ʿAbd Allãh b. al-Ḫiḍr b. Muḥammad b. al-Ḫiḍr b. Ibrāhīm b. ʿAlī b. ʿAbd Allãh al-Numayrī, al-Ḥarrānī
Ibn Taymiyyaŧ
Taqī al-dīn Abū al-ʿAbbās Aḥmad b. ʿAbd al-Ḥalīm b. ʿAbd al-Salām b. ʿAbd Allãh b. al-Ḫiḍr b. Muḥammad b. al-Ḫiḍr b. Ibrāhīm b. ʿAlī b. ʿAbd Allãh al-Numayrī, al-Ḥarrānī
Ibn Taymiyyaŧ
Taqī al-dīn Abū al-ʿAbbās Aḥmad b. ʿAbd al-Ḥalīm b. ʿAbd al-Salām b. ʿAbd Allãh b. al-Ḫiḍr b. Muḥammad b. al-Ḫiḍr b. Ibrāhīm b. ʿAlī b. ʿAbd Allãh al-Numayrī, al-Ḥarrānī
Ibn Taymiyyaŧ
Taqī al-dīn Abū al-ʿAbbās Aḥmad b. ʿAbd al-Ḥalīm b. ʿAbd al-Salām b. ʿAbd Allãh b. al-Ḫiḍr b. Muḥammad b. al-Ḫiḍr b. Ibrāhīm b. ʿAlī b. ʿAbd Allãh al-Numayrī, al-Ḥarrānī
Ibn Taymiyyaŧ
Taqī al-dīn Abū al-ʿAbbās Aḥmad b. ʿAbd al-Ḥalīm b. ʿAbd al-Salām b. ʿAbd Allãh b. al-Ḫiḍr b. Muḥammad b. al-Ḫiḍr b. Ibrāhīm b. ʿAlī b. ʿAbd Allãh al-Numayrī, al-Ḥarrānī
Ibn Taymiyyaŧ
Taqī al-dīn Abū al-ʿAbbās Aḥmad b. ʿAbd al-Ḥalīm b. ʿAbd al-Salām b. ʿAbd Allãh b. al-Ḫiḍr b. Muḥammad b. al-Ḫiḍr b. Ibrāhīm b. ʿAlī b. ʿAbd Allãh al-Numayrī, al-Ḥarrānī
Ibn Taymiyyaŧ
Taqī al-dīn Abū al-ʿAbbās Aḥmad b. ʿAbd al-Ḥalīm b. ʿAbd al-Salām b. ʿAbd Allãh b. al-Ḫiḍr b. Muḥammad b. al-Ḫiḍr b. Ibrāhīm b. ʿAlī b. ʿAbd Allãh al-Numayrī, al-Ḥarrānī
Ibn Taymiyyaŧ
Taqī al-dīn Abū al-ʿAbbās Aḥmad b. ʿAbd al-Ḥalīm b. ʿAbd al-Salām b. ʿAbd Allãh b. al-Ḫiḍr b. Muḥammad b. al-Ḫiḍr b. Ibrāhīm b. ʿAlī b. ʿAbd Allãh al-Numayrī, al-Ḥarrānī
Ibn Taymiyyaŧ
Taqī al-dīn Abū al-ʿAbbās Aḥmad b. ʿAbd al-Ḥalīm b. ʿAbd al-Salām b. ʿAbd Allãh b. al-Ḫiḍr b. Muḥammad b. al-Ḫiḍr b. Ibrāhīm b. ʿAlī b. ʿAbd Allãh al-Numayrī, al-Ḥarrānī
Ibn Taymiyyaŧ
Taqī al-dīn Abū al-ʿAbbās Aḥmad b. ʿAbd al-Ḥalīm b. ʿAbd al-Salām b. ʿAbd Allãh b. al-Ḫiḍr b. Muḥammad b. al-Ḫiḍr b. Ibrāhīm b. ʿAlī b. ʿAbd Allãh al-Numayrī, al-Ḥarrānī
Ibn Taymiyyaŧ
Taqī al-dīn Abū al-ʿAbbās Aḥmad b. ʿAbd al-Ḥalīm b. ʿAbd al-Salām b. ʿAbd Allãh b. al-Ḫiḍr b. Muḥammad b. al-Ḫiḍr b. Ibrāhīm b. ʿAlī b. ʿAbd Allãh al-Numayrī, al-Ḥarrānī
Ibn Taymiyyaŧ
Taqī al-dīn Abū al-ʿAbbās Aḥmad b. ʿAbd al-Ḥalīm b. ʿAbd al-Salām b. ʿAbd Allãh b. al-Ḫiḍr b. Muḥammad b. al-Ḫiḍr b. Ibrāhīm b. ʿAlī b. ʿAbd Allãh al-Numayrī, al-Ḥarrānī
Ibn Taymiyyaŧ
Taqī al-dīn Abū al-ʿAbbās Aḥmad b. ʿAbd al-Ḥalīm b. ʿAbd al-Salām b. ʿAbd Allãh b. al-Ḫiḍr b. Muḥammad b. al-Ḫiḍr b. Ibrāhīm b. ʿAlī b. ʿAbd Allãh al-Numayrī, al-Ḥarrānī
Ibn Taymiyyaŧ
Taqī al-dīn Abū al-ʿAbbās Aḥmad b. ʿAbd al-Ḥalīm b. ʿAbd al-Salām b. ʿAbd Allãh b. al-Ḫiḍr b. Muḥammad b. al-Ḫiḍr b. Ibrāhīm b. ʿAlī b. ʿAbd Allãh al-Numayrī, al-Ḥarrānī
Ibn Taymiyyaŧ
Taqī al-dīn Abū al-ʿAbbās Aḥmad b. ʿAbd al-Ḥalīm b. ʿAbd al-Salām b. ʿAbd Allãh b. al-Ḫiḍr b. Muḥammad b. al-Ḫiḍr b. Ibrāhīm b. ʿAlī b. ʿAbd Allãh al-Numayrī, al-Ḥarrānī
Ibn Taymiyyaŧ
Taqī al-dīn Abū al-ʿAbbās Aḥmad b. ʿAbd al-Ḥalīm b. ʿAbd al-Salām b. ʿAbd Allãh b. al-Ḫiḍr b. Muḥammad b. al-Ḫiḍr b. Ibrāhīm b. ʿAlī b. ʿAbd Allãh al-Numayrī, al-Ḥarrānī
Barnāmaǧ
al-Tuǧībī
  al-Qāsim b. Yūsuf b. Muḥammad b. ʿAlī al-Tuǧībī al-Sabtī al-Balansī
al-Faḍl al-maʾṯūr min sīraŧ al-sulṭān al-malik al-Manṣūr
Šāfiʿ b. ʿAlī
Nāṣir al-Dīn  Šāfiʿ b. ʿAlī b. ʿAbbās b. Ismāʿīl b. ʿAsākir al-Kinānī al-ʿAsqalānī al-Miṣrī
Ḥusn al-manāqib al-sirriyyaŧ al-muntazaʿaŧ min al-sīraŧ al-ẓāhiriyyaŧ
al-Manāqib al-sirriyyaŧ al-muntazaʿaŧ min al-sīraŧ al-ẓāhiriyyaŧ
Šāfiʿ b. ʿAlī
Nāṣir al-Dīn  Šāfiʿ b. ʿAlī b. ʿAbbās b. Ismāʿīl b. ʿAsākir al-Kinānī al-ʿAsqalānī al-Miṣrī
Abū l-Fidāʾ
al-Malik al-Muʾayyad ʿImād al-Dīn Abū l-Fidāʾ Ismāʿīl b. al-Malik al-Afḍal Nūr al-Dīn Abī l-Ḥasan ʿAlī b. al-Sulṭān al-Malik al-Muẓaffar Taqī al-Dīn Abū al-Fatḥ Maḥmūd b. al-sulṭān al-Malik al-Manṣūr Nāṣir al-Dīn Abū al-Maʿallā Muḥammad b. al-sulṭān al-Malik al-Muẓaffar Taqī al-Dīn Abū al-Ḫaṭṭāb ʿUmar b. Šāhanšāh b. Ayyūb 
al-Muḫtaṣar fī aḫbār al-bašar

Abū l-Fidāʾ
al-Malik al-Muʾayyad ʿImād al-Dīn Abū l-Fidāʾ Ismāʿīl b. al-Malik al-Afḍal Nūr al-Dīn Abī l-Ḥasan ʿAlī b. al-Sulṭān al-Malik al-Muẓaffar Taqī al-Dīn Abū al-Fatḥ Maḥmūd b. al-sulṭān al-Malik al-Manṣūr Nāṣir al-Dīn Abū al-Maʿallā Muḥammad b. al-sulṭān al-Malik al-Muẓaffar Taqī al-Dīn Abū al-Ḫaṭṭāb ʿUmar b. Šāhanšāh b. Ayyūb 
al-Muḫtaṣar fī aḫbār al-bašar

Abū l-Fidāʾ
al-Malik al-Muʾayyad ʿImād al-Dīn Abū l-Fidāʾ Ismāʿīl b. al-Malik al-Afḍal Nūr al-Dīn Abī l-Ḥasan ʿAlī b. al-Sulṭān al-Malik al-Muẓaffar Taqī al-Dīn Abū al-Fatḥ Maḥmūd b. al-sulṭān al-Malik al-Manṣūr Nāṣir al-Dīn Abū al-Maʿallā Muḥammad b. al-sulṭān al-Malik al-Muẓaffar Taqī al-Dīn Abū al-Ḫaṭṭāb ʿUmar b. Šāhanšāh b. Ayyūb 
Abū l-Fidāʾ
al-Malik al-Muʾayyad ʿImād al-Dīn Abū l-Fidāʾ Ismāʿīl b. al-Malik al-Afḍal Nūr al-Dīn Abī l-Ḥasan ʿAlī b. al-Sulṭān al-Malik al-Muẓaffar Taqī al-Dīn Abū al-Fatḥ Maḥmūd b. al-sulṭān al-Malik al-Manṣūr Nāṣir al-Dīn Abū al-Maʿallā Muḥammad b. al-sulṭān al-Malik al-Muẓaffar Taqī al-Dīn Abū al-Ḫaṭṭāb ʿUmar b. Šāhanšāh b. Ayyūb 
Abū l-Fidāʾ
al-Malik al-Muʾayyad ʿImād al-Dīn Abū l-Fidāʾ Ismāʿīl b. al-Malik al-Afḍal Nūr al-Dīn Abī l-Ḥasan ʿAlī b. al-Sulṭān al-Malik al-Muẓaffar Taqī al-Dīn Abū al-Fatḥ Maḥmūd b. al-sulṭān al-Malik al-Manṣūr Nāṣir al-Dīn Abū al-Maʿallā Muḥammad b. al-sulṭān al-Malik al-Muẓaffar Taqī al-Dīn Abū al-Ḫaṭṭāb ʿUmar b. Šāhanšāh b. Ayyūb 
Abū l-Fidāʾ
al-Malik al-Muʾayyad ʿImād al-Dīn Abū l-Fidāʾ Ismāʿīl b. al-Malik al-Afḍal Nūr al-Dīn Abī l-Ḥasan ʿAlī b. al-Sulṭān al-Malik al-Muẓaffar Taqī al-Dīn Abū al-Fatḥ Maḥmūd b. al-sulṭān al-Malik al-Manṣūr Nāṣir al-Dīn Abū al-Maʿallā Muḥammad b. al-sulṭān al-Malik al-Muẓaffar Taqī al-Dīn Abū al-Ḫaṭṭāb ʿUmar b. Šāhanšāh b. Ayyūb 
Abū l-Fidāʾ
al-Malik al-Muʾayyad ʿImād al-Dīn Abū l-Fidāʾ Ismāʿīl b. al-Malik al-Afḍal Nūr al-Dīn Abī l-Ḥasan ʿAlī b. al-Sulṭān al-Malik al-Muẓaffar Taqī al-Dīn Abū al-Fatḥ Maḥmūd b. al-sulṭān al-Malik al-Manṣūr Nāṣir al-Dīn Abū al-Maʿallā Muḥammad b. al-sulṭān al-Malik al-Muẓaffar Taqī al-Dīn Abū al-Ḫaṭṭāb ʿUmar b. Šāhanšāh b. Ayyūb 
Abū l-Fidāʾ
al-Malik al-Muʾayyad ʿImād al-Dīn Abū l-Fidāʾ Ismāʿīl b. al-Malik al-Afḍal Nūr al-Dīn Abī l-Ḥasan ʿAlī b. al-Sulṭān al-Malik al-Muẓaffar Taqī al-Dīn Abū al-Fatḥ Maḥmūd b. al-sulṭān al-Malik al-Manṣūr Nāṣir al-Dīn Abū al-Maʿallā Muḥammad b. al-sulṭān al-Malik al-Muẓaffar Taqī al-Dīn Abū al-Ḫaṭṭāb ʿUmar b. Šāhanšāh b. Ayyūb 
Abū l-Fidāʾ
al-Malik al-Muʾayyad ʿImād al-Dīn Abū l-Fidāʾ Ismāʿīl b. al-Malik al-Afḍal Nūr al-Dīn Abī l-Ḥasan ʿAlī b. al-Sulṭān al-Malik al-Muẓaffar Taqī al-Dīn Abū al-Fatḥ Maḥmūd b. al-sulṭān al-Malik al-Manṣūr Nāṣir al-Dīn Abū al-Maʿallā Muḥammad b. al-sulṭān al-Malik al-Muẓaffar Taqī al-Dīn Abū al-Ḫaṭṭāb ʿUmar b. Šāhanšāh b. Ayyūb 
al-Sulūk fī ṭabaqāt al-ʿulamāʾ wa-l-mulūk

al-Ǧanadī
Bahāʾ al-dīn Abū ʿAbd al-lãh Muḥammad b. Yaʿqūb b. Yūsuf al-Ǧanadī al-Saksakī al-Kindī
al-Sulūk fī ṭabaqāt al-ʿulamāʾ wa-l-mulūk

al-Ǧanadī
Bahāʾ al-dīn Abū ʿAbd al-lãh Muḥammad b. Yaʿqūb b. Yūsuf al-Ǧanadī al-Saksakī al-Kindī
Nihāyaŧ al-arab fī funūn al-adab

Šihāb al-Dīn al-Nuwayrī
Šihāb al-Dīn  Aḥmad b. ʿAbd al-Wahhāb b. Muḥammad b. ʿAbd al-Dāʾim al-Qurašī al-Tīmī al-Bakrī al-Nuwayrī
Nihāyaŧ al-arab fī funūn al-adab

Šihāb al-Dīn al-Nuwayrī
Šihāb al-Dīn  Aḥmad b. ʿAbd al-Wahhāb b. Muḥammad b. ʿAbd al-Dāʾim al-Qurašī al-Tīmī al-Bakrī al-Nuwayrī
Nihāyaŧ al-arab fī funūn al-adab

Šihāb al-Dīn al-Nuwayrī
Šihāb al-Dīn  Aḥmad b. ʿAbd al-Wahhāb b. Muḥammad b. ʿAbd al-Dāʾim al-Qurašī al-Tīmī al-Bakrī al-Nuwayrī
Nihāyaŧ al-arab fī funūn al-adab

Šihāb al-Dīn al-Nuwayrī
Šihāb al-Dīn  Aḥmad b. ʿAbd al-Wahhāb b. Muḥammad b. ʿAbd al-Dāʾim al-Qurašī al-Tīmī al-Bakrī al-Nuwayrī
Nihāyaŧ al-arab fī funūn al-adab

Šihāb al-Dīn al-Nuwayrī
Šihāb al-Dīn  Aḥmad b. ʿAbd al-Wahhāb b. Muḥammad b. ʿAbd al-Dāʾim al-Qurašī al-Tīmī al-Bakrī al-Nuwayrī
Nihāyaŧ al-arab fī funūn al-adab

Šihāb al-Dīn al-Nuwayrī
Šihāb al-Dīn  Aḥmad b. ʿAbd al-Wahhāb b. Muḥammad b. ʿAbd al-Dāʾim al-Qurašī al-Tīmī al-Bakrī al-Nuwayrī
Nihāyaŧ al-arab fī funūn al-adab

Šihāb al-Dīn al-Nuwayrī
Šihāb al-Dīn  Aḥmad b. ʿAbd al-Wahhāb b. Muḥammad b. ʿAbd al-Dāʾim al-Qurašī al-Tīmī al-Bakrī al-Nuwayrī
Kanz al-durar wa ǧāmiʿ al-ġurar
Ibn al-Dawādārī
Sayf al-Dīn Abū Bakr  b. ʿAbd Allāh b. Aybak al-Dawādārī
Kanz al-durar wa ǧāmiʿ al-ġurar
Ibn al-Dawādārī
Sayf al-Dīn Abū Bakr  b. ʿAbd Allāh b. Aybak al-Dawādārī
al-Mizzī
Ǧamāl al-dīn Abū al-Ḥaǧǧāǧ Yūsuf b. al-Zakī ʿAbd al-Raḥmán b. Yūsuf al-Kalbī al-Quḍāʿī al-Mizzī
Tahḏīb al-kamāl fī asmāʾ al-riǧāl

al-Mizzī
Ǧamāl al-dīn Abū al-Ḥaǧǧāǧ Yūsuf b. al-Zakī ʿAbd al-Raḥmán b. Yūsuf al-Kalbī al-Quḍāʿī al-Mizzī
Tahḏīb al-kamāl fī asmāʾ al-riǧāl

al-Mizzī
Ǧamāl al-dīn Abū al-Ḥaǧǧāǧ Yūsuf b. al-Zakī ʿAbd al-Raḥmán b. Yūsuf al-Kalbī al-Quḍāʿī al-Mizzī
Tahḏīb al-kamāl fī asmāʾ al-riǧāl

al-Mizzī
Ǧamāl al-dīn Abū al-Ḥaǧǧāǧ Yūsuf b. al-Zakī ʿAbd al-Raḥmán b. Yūsuf al-Kalbī al-Quḍāʿī al-Mizzī
Tahḏīb al-kamāl fī asmāʾ al-riǧāl

al-Mizzī
Ǧamāl al-dīn Abū al-Ḥaǧǧāǧ Yūsuf b. al-Zakī ʿAbd al-Raḥmán b. Yūsuf al-Kalbī al-Quḍāʿī al-Mizzī
Tahḏīb al-kamāl fī asmāʾ al-riǧāl

al-Mizzī
Ǧamāl al-dīn Abū al-Ḥaǧǧāǧ Yūsuf b. al-Zakī ʿAbd al-Raḥmán b. Yūsuf al-Kalbī al-Quḍāʿī al-Mizzī
Tahḏīb al-kamāl fī asmāʾ al-riǧāl

al-Mizzī
Ǧamāl al-dīn Abū al-Ḥaǧǧāǧ Yūsuf b. al-Zakī ʿAbd al-Raḥmán b. Yūsuf al-Kalbī al-Quḍāʿī al-Mizzī
al-Mizzī
Ǧamāl al-dīn Abū al-Ḥaǧǧāǧ Yūsuf b. al-Zakī ʿAbd al-Raḥmán b. Yūsuf al-Kalbī al-Quḍāʿī al-Mizzī
al-Mizzī
Ǧamāl al-dīn Abū al-Ḥaǧǧāǧ Yūsuf b. al-Zakī ʿAbd al-Raḥmán b. Yūsuf al-Kalbī al-Quḍāʿī al-Mizzī
al-Mizzī
Ǧamāl al-dīn Abū al-Ḥaǧǧāǧ Yūsuf b. al-Zakī ʿAbd al-Raḥmán b. Yūsuf al-Kalbī al-Quḍāʿī al-Mizzī
Mašyaḫaŧ
al-Yūnīnī
Muḥyī al-dīn Abū Muḥammad ʿAbd al-Qādir b. ʿAlī b. Muḥammad al-Yūnīnī al-Baʿlbakkī
al-Ṭāliʿ al-saʿīd al-ǧāmiʿ li-asmāʾ nuǧabāʾ al-ṣaʿīd

Abū al-faḍl al-Adfuwīál-Udfuwī
Kamāl -al-Dīn Abū al-faḍl Ǧaʿfar b. Ṯaʿlab al-Adfuwīál-Udfuwī
al-Ḏahabī
Šams al-dīn Abū ʿAbd Allãh Muḥammad b. Aḥmad b. ʿUṯmān b. Qāymāẓ b. ʿAbd Allãh al-Turkumānī, al-Fāriqī, al-Dimašqī, al-Šāfiʿī, al-Muʾarriḫ, al-Ḥāfiẓ, al-Ḏahabī
al-Ḏahabī
Šams al-dīn Abū ʿAbd Allãh Muḥammad b. Aḥmad b. ʿUṯmān b. Qāymāẓ b. ʿAbd Allãh al-Turkumānī, al-Fāriqī, al-Dimašqī, al-Šāfiʿī, al-Muʾarriḫ, al-Ḥāfiẓ, al-Ḏahabī
al-Ḏahabī
Šams al-dīn Abū ʿAbd Allãh Muḥammad b. Aḥmad b. ʿUṯmān b. Qāymāẓ b. ʿAbd Allãh al-Turkumānī, al-Fāriqī, al-Dimašqī, al-Šāfiʿī, al-Muʾarriḫ, al-Ḥāfiẓ, al-Ḏahabī
al-Ḏahabī
Šams al-dīn Abū ʿAbd Allãh Muḥammad b. Aḥmad b. ʿUṯmān b. Qāymāẓ b. ʿAbd Allãh al-Turkumānī, al-Fāriqī, al-Dimašqī, al-Šāfiʿī, al-Muʾarriḫ, al-Ḥāfiẓ, al-Ḏahabī
al-Ḏahabī
Šams al-dīn Abū ʿAbd Allãh Muḥammad b. Aḥmad b. ʿUṯmān b. Qāymāẓ b. ʿAbd Allãh al-Turkumānī, al-Fāriqī, al-Dimašqī, al-Šāfiʿī, al-Muʾarriḫ, al-Ḥāfiẓ, al-Ḏahabī
al-Ḏahabī
Šams al-dīn Abū ʿAbd Allãh Muḥammad b. Aḥmad b. ʿUṯmān b. Qāymāẓ b. ʿAbd Allãh al-Turkumānī, al-Fāriqī, al-Dimašqī, al-Šāfiʿī, al-Muʾarriḫ, al-Ḥāfiẓ, al-Ḏahabī
al-Ibar fī ḫabar man ġabar
al-Ḏahabī
Šams al-dīn Abū ʿAbd Allãh Muḥammad b. Aḥmad b. ʿUṯmān b. Qāymāẓ b. ʿAbd Allãh al-Turkumānī, al-Fāriqī, al-Dimašqī, al-Šāfiʿī, al-Muʾarriḫ, al-Ḥāfiẓ, al-Ḏahabī
al-Ibar fī ḫabar man ġabar
al-Ḏahabī
Šams al-dīn Abū ʿAbd Allãh Muḥammad b. Aḥmad b. ʿUṯmān b. Qāymāẓ b. ʿAbd Allãh al-Turkumānī, al-Fāriqī, al-Dimašqī, al-Šāfiʿī, al-Muʾarriḫ, al-Ḥāfiẓ, al-Ḏahabī
al-Ibar fī ḫabar man ġabar
al-Ḏahabī
Šams al-dīn Abū ʿAbd Allãh Muḥammad b. Aḥmad b. ʿUṯmān b. Qāymāẓ b. ʿAbd Allãh al-Turkumānī, al-Fāriqī, al-Dimašqī, al-Šāfiʿī, al-Muʾarriḫ, al-Ḥāfiẓ, al-Ḏahabī
al-Ibar fī ḫabar man ġabar
al-Ḏahabī
Šams al-dīn Abū ʿAbd Allãh Muḥammad b. Aḥmad b. ʿUṯmān b. Qāymāẓ b. ʿAbd Allãh al-Turkumānī, al-Fāriqī, al-Dimašqī, al-Šāfiʿī, al-Muʾarriḫ, al-Ḥāfiẓ, al-Ḏahabī
al-Ibar fī ḫabar man ġabar
al-Ḏahabī
Šams al-dīn Abū ʿAbd Allãh Muḥammad b. Aḥmad b. ʿUṯmān b. Qāymāẓ b. ʿAbd Allãh al-Turkumānī, al-Fāriqī, al-Dimašqī, al-Šāfiʿī, al-Muʾarriḫ, al-Ḥāfiẓ, al-Ḏahabī
al-Ibar fī ḫabar man ġabar
al-Ḏahabī
Šams al-dīn Abū ʿAbd Allãh Muḥammad b. Aḥmad b. ʿUṯmān b. Qāymāẓ b. ʿAbd Allãh al-Turkumānī, al-Fāriqī, al-Dimašqī, al-Šāfiʿī, al-Muʾarriḫ, al-Ḥāfiẓ, al-Ḏahabī
al-Ibar fī ḫabar man ġabar
al-Ḏahabī
Šams al-dīn Abū ʿAbd Allãh Muḥammad b. Aḥmad b. ʿUṯmān b. Qāymāẓ b. ʿAbd Allãh al-Turkumānī, al-Fāriqī, al-Dimašqī, al-Šāfiʿī, al-Muʾarriḫ, al-Ḥāfiẓ, al-Ḏahabī
al-ʿuluww
al-ʿuluww lil-ʿalī al-ġaffār fī īḍāḥ ṣaḥīḥ al-aḫbār¶    wa-saqīmhā
al-Ḏahabī
Šams al-dīn Abū ʿAbd Allãh Muḥammad b. Aḥmad b. ʿUṯmān b. Qāymāẓ b. ʿAbd Allãh al-Turkumānī, al-Fāriqī, al-Dimašqī, al-Šāfiʿī, al-Muʾarriḫ, al-Ḥāfiẓ, al-Ḏahabī
al-ʿuluww
al-ʿuluww lil-ʿalī al-ġaffār fī īḍāḥ ṣaḥīḥ al-aḫbār¶    wa-saqīmhā
al-Ḏahabī
Šams al-dīn Abū ʿAbd Allãh Muḥammad b. Aḥmad b. ʿUṯmān b. Qāymāẓ b. ʿAbd Allãh al-Turkumānī, al-Fāriqī, al-Dimašqī, al-Šāfiʿī, al-Muʾarriḫ, al-Ḥāfiẓ, al-Ḏahabī
Min ḏuyūl al-ʿIbar
al-Ḏahabī
Šams al-dīn Abū ʿAbd Allãh Muḥammad b. Aḥmad b. ʿUṯmān b. Qāymāẓ b. ʿAbd Allãh al-Turkumānī, al-Fāriqī, al-Dimašqī, al-Šāfiʿī, al-Muʾarriḫ, al-Ḥāfiẓ, al-Ḏahabī
Min ḏuyūl al-ʿIbar
al-Ḏahabī
Šams al-dīn Abū ʿAbd Allãh Muḥammad b. Aḥmad b. ʿUṯmān b. Qāymāẓ b. ʿAbd Allãh al-Turkumānī, al-Fāriqī, al-Dimašqī, al-Šāfiʿī, al-Muʾarriḫ, al-Ḥāfiẓ, al-Ḏahabī
al-Ḏahabī
Šams al-dīn Abū ʿAbd Allãh Muḥammad b. Aḥmad b. ʿUṯmān b. Qāymāẓ b. ʿAbd Allãh al-Turkumānī, al-Fāriqī, al-Dimašqī, al-Šāfiʿī, al-Muʾarriḫ, al-Ḥāfiẓ, al-Ḏahabī
Ḏikr asmāʾ man tukullima fīhi wa huwa muwaṯṯaq
al-Ḏahabī
Šams al-dīn Abū ʿAbd Allãh Muḥammad b. Aḥmad b. ʿUṯmān b. Qāymāẓ b. ʿAbd Allãh al-Turkumānī, al-Fāriqī, al-Dimašqī, al-Šāfiʿī, al-Muʾarriḫ, al-Ḥāfiẓ, al-Ḏahabī
Ḏikr asmāʾ man tukullima fīhi wa huwa muwaṯṯaq
al-Ḏahabī
Šams al-dīn Abū ʿAbd Allãh Muḥammad b. Aḥmad b. ʿUṯmān b. Qāymāẓ b. ʿAbd Allãh al-Turkumānī, al-Fāriqī, al-Dimašqī, al-Šāfiʿī, al-Muʾarriḫ, al-Ḥāfiẓ, al-Ḏahabī
Ḏikr asmāʾ man tukullima fīhi wa huwa muwaṯṯaq
al-Ḏahabī
Šams al-dīn Abū ʿAbd Allãh Muḥammad b. Aḥmad b. ʿUṯmān b. Qāymāẓ b. ʿAbd Allãh al-Turkumānī, al-Fāriqī, al-Dimašqī, al-Šāfiʿī, al-Muʾarriḫ, al-Ḥāfiẓ, al-Ḏahabī
al-Ḏahabī
Šams al-dīn Abū ʿAbd Allãh Muḥammad b. Aḥmad b. ʿUṯmān b. Qāymāẓ b. ʿAbd Allãh al-Turkumānī, al-Fāriqī, al-Dimašqī, al-Šāfiʿī, al-Muʾarriḫ, al-Ḥāfiẓ, al-Ḏahabī
al-Ḏahabī
Šams al-dīn Abū ʿAbd Allãh Muḥammad b. Aḥmad b. ʿUṯmān b. Qāymāẓ b. ʿAbd Allãh al-Turkumānī, al-Fāriqī, al-Dimašqī, al-Šāfiʿī, al-Muʾarriḫ, al-Ḥāfiẓ, al-Ḏahabī
al-Ḏahabī
Šams al-dīn Abū ʿAbd Allãh Muḥammad b. Aḥmad b. ʿUṯmān b. Qāymāẓ b. ʿAbd Allãh al-Turkumānī, al-Fāriqī, al-Dimašqī, al-Šāfiʿī, al-Muʾarriḫ, al-Ḥāfiẓ, al-Ḏahabī
Dīwān al-ḍuʿafāʾ wa-l-matrūkīn wa- ḫalq min al-maǧhūlīn wa¶    ṯiqāt fīhim līn
al-Ḏahabī
Šams al-dīn Abū ʿAbd Allãh Muḥammad b. Aḥmad b. ʿUṯmān b. Qāymāẓ b. ʿAbd Allãh al-Turkumānī, al-Fāriqī, al-Dimašqī, al-Šāfiʿī, al-Muʾarriḫ, al-Ḥāfiẓ, al-Ḏahabī
al-Ḏahabī
Šams al-dīn Abū ʿAbd Allãh Muḥammad b. Aḥmad b. ʿUṯmān b. Qāymāẓ b. ʿAbd Allãh al-Turkumānī, al-Fāriqī, al-Dimašqī, al-Šāfiʿī, al-Muʾarriḫ, al-Ḥāfiẓ, al-Ḏahabī
al-Ḏahabī
Šams al-dīn Abū ʿAbd Allãh Muḥammad b. Aḥmad b. ʿUṯmān b. Qāymāẓ b. ʿAbd Allãh al-Turkumānī, al-Fāriqī, al-Dimašqī, al-Šāfiʿī, al-Muʾarriḫ, al-Ḥāfiẓ, al-Ḏahabī
al-Ḏahabī
Šams al-dīn Abū ʿAbd Allãh Muḥammad b. Aḥmad b. ʿUṯmān b. Qāymāẓ b. ʿAbd Allãh al-Turkumānī, al-Fāriqī, al-Dimašqī, al-Šāfiʿī, al-Muʾarriḫ, al-Ḥāfiẓ, al-Ḏahabī
al-Ḏahabī
Šams al-dīn Abū ʿAbd Allãh Muḥammad b. Aḥmad b. ʿUṯmān b. Qāymāẓ b. ʿAbd Allãh al-Turkumānī, al-Fāriqī, al-Dimašqī, al-Šāfiʿī, al-Muʾarriḫ, al-Ḥāfiẓ, al-Ḏahabī
al-Ḏahabī
Šams al-dīn Abū ʿAbd Allãh Muḥammad b. Aḥmad b. ʿUṯmān b. Qāymāẓ b. ʿAbd Allãh al-Turkumānī, al-Fāriqī, al-Dimašqī, al-Šāfiʿī, al-Muʾarriḫ, al-Ḥāfiẓ, al-Ḏahabī
al-Ḏahabī
Šams al-dīn Abū ʿAbd Allãh Muḥammad b. Aḥmad b. ʿUṯmān b. Qāymāẓ b. ʿAbd Allãh al-Turkumānī, al-Fāriqī, al-Dimašqī, al-Šāfiʿī, al-Muʾarriḫ, al-Ḥāfiẓ, al-Ḏahabī
al-Ḏahabī
Šams al-dīn Abū ʿAbd Allãh Muḥammad b. Aḥmad b. ʿUṯmān b. Qāymāẓ b. ʿAbd Allãh al-Turkumānī, al-Fāriqī, al-Dimašqī, al-Šāfiʿī, al-Muʾarriḫ, al-Ḥāfiẓ, al-Ḏahabī
al-Kāšif fī maʿrifaŧ man lahu rawāyaŧ fī al-kutub al-sittaŧ
al-Ḏahabī
Šams al-dīn Abū ʿAbd Allãh Muḥammad b. Aḥmad b. ʿUṯmān b. Qāymāẓ b. ʿAbd Allãh al-Turkumānī, al-Fāriqī, al-Dimašqī, al-Šāfiʿī, al-Muʾarriḫ, al-Ḥāfiẓ, al-Ḏahabī
al-Kāšif fī maʿrifaŧ man lahu rawāyaŧ fī al-kutub al-sittaŧ
al-Ḏahabī
Šams al-dīn Abū ʿAbd Allãh Muḥammad b. Aḥmad b. ʿUṯmān b. Qāymāẓ b. ʿAbd Allãh al-Turkumānī, al-Fāriqī, al-Dimašqī, al-Šāfiʿī, al-Muʾarriḫ, al-Ḥāfiẓ, al-Ḏahabī
al-Kāšif fī maʿrifaŧ man lahu rawāyaŧ fī al-kutub al-sittaŧ
al-Ḏahabī
Šams al-dīn Abū ʿAbd Allãh Muḥammad b. Aḥmad b. ʿUṯmān b. Qāymāẓ b. ʿAbd Allãh al-Turkumānī, al-Fāriqī, al-Dimašqī, al-Šāfiʿī, al-Muʾarriḫ, al-Ḥāfiẓ, al-Ḏahabī
Maʿrifaŧ al-qurrāʾ al-kibār ʿalá al-ṭabaqāt wa-l-aʿṣār
al-Ḏahabī
Šams al-dīn Abū ʿAbd Allãh Muḥammad b. Aḥmad b. ʿUṯmān b. Qāymāẓ b. ʿAbd Allãh al-Turkumānī, al-Fāriqī, al-Dimašqī, al-Šāfiʿī, al-Muʾarriḫ, al-Ḥāfiẓ, al-Ḏahabī
Maʿrifaŧ al-qurrāʾ al-kibār ʿalá al-ṭabaqāt wa-l-aʿṣār
al-Ḏahabī
Šams al-dīn Abū ʿAbd Allãh Muḥammad b. Aḥmad b. ʿUṯmān b. Qāymāẓ b. ʿAbd Allãh al-Turkumānī, al-Fāriqī, al-Dimašqī, al-Šāfiʿī, al-Muʾarriḫ, al-Ḥāfiẓ, al-Ḏahabī
Maʿrifaŧ al-qurrāʾ al-kibār ʿalá al-ṭabaqāt wa-l-aʿṣār
al-Ḏahabī
Šams al-dīn Abū ʿAbd Allãh Muḥammad b. Aḥmad b. ʿUṯmān b. Qāymāẓ b. ʿAbd Allãh al-Turkumānī, al-Fāriqī, al-Dimašqī, al-Šāfiʿī, al-Muʾarriḫ, al-Ḥāfiẓ, al-Ḏahabī
Manāqib al-Imām Abī Ḥanīfaŧ wa ṣāḥibayh Abī Yūsuf wa Muḥammad bin al-Ḥasan
al-Ḏahabī
Šams al-dīn Abū ʿAbd Allãh Muḥammad b. Aḥmad b. ʿUṯmān b. Qāymāẓ b. ʿAbd Allãh al-Turkumānī, al-Fāriqī, al-Dimašqī, al-Šāfiʿī, al-Muʾarriḫ, al-Ḥāfiẓ, al-Ḏahabī
al-Ḏahabī
Šams al-dīn Abū ʿAbd Allãh Muḥammad b. Aḥmad b. ʿUṯmān b. Qāymāẓ b. ʿAbd Allãh al-Turkumānī, al-Fāriqī, al-Dimašqī, al-Šāfiʿī, al-Muʾarriḫ, al-Ḥāfiẓ, al-Ḏahabī
Mīzān al-iʿtidāl fī naqd al-riǧāl
al-Ḏahabī
Šams al-dīn Abū ʿAbd Allãh Muḥammad b. Aḥmad b. ʿUṯmān b. Qāymāẓ b. ʿAbd Allãh al-Turkumānī, al-Fāriqī, al-Dimašqī, al-Šāfiʿī, al-Muʾarriḫ, al-Ḥāfiẓ, al-Ḏahabī
Mīzān al-iʿtidāl fī naqd al-riǧāl
al-Ḏahabī
Šams al-dīn Abū ʿAbd Allãh Muḥammad b. Aḥmad b. ʿUṯmān b. Qāymāẓ b. ʿAbd Allãh al-Turkumānī, al-Fāriqī, al-Dimašqī, al-Šāfiʿī, al-Muʾarriḫ, al-Ḥāfiẓ, al-Ḏahabī
Mīzān al-iʿtidāl fī naqd al-riǧāl
al-Ḏahabī
Šams al-dīn Abū ʿAbd Allãh Muḥammad b. Aḥmad b. ʿUṯmān b. Qāymāẓ b. ʿAbd Allãh al-Turkumānī, al-Fāriqī, al-Dimašqī, al-Šāfiʿī, al-Muʾarriḫ, al-Ḥāfiẓ, al-Ḏahabī
Mīzān al-iʿtidāl fī naqd al-riǧāl
al-Ḏahabī
Šams al-dīn Abū ʿAbd Allãh Muḥammad b. Aḥmad b. ʿUṯmān b. Qāymāẓ b. ʿAbd Allãh al-Turkumānī, al-Fāriqī, al-Dimašqī, al-Šāfiʿī, al-Muʾarriḫ, al-Ḥāfiẓ, al-Ḏahabī
Mīzān al-iʿtidāl fī naqd al-riǧāl
al-Ḏahabī
Šams al-dīn Abū ʿAbd Allãh Muḥammad b. Aḥmad b. ʿUṯmān b. Qāymāẓ b. ʿAbd Allãh al-Turkumānī, al-Fāriqī, al-Dimašqī, al-Šāfiʿī, al-Muʾarriḫ, al-Ḥāfiẓ, al-Ḏahabī
al-Muʿīn fī ṭabaqāt al-muḥaddiṯīn
al-Ḏahabī
Šams al-dīn Abū ʿAbd Allãh Muḥammad b. Aḥmad b. ʿUṯmān b. Qāymāẓ b. ʿAbd Allãh al-Turkumānī, al-Fāriqī, al-Dimašqī, al-Šāfiʿī, al-Muʾarriḫ, al-Ḥāfiẓ, al-Ḏahabī
al-Muʿīn fī ṭabaqāt al-muḥaddiṯīn
al-Ḏahabī
Šams al-dīn Abū ʿAbd Allãh Muḥammad b. Aḥmad b. ʿUṯmān b. Qāymāẓ b. ʿAbd Allãh al-Turkumānī, al-Fāriqī, al-Dimašqī, al-Šāfiʿī, al-Muʾarriḫ, al-Ḥāfiẓ, al-Ḏahabī
al-Ḏahabī
Šams al-dīn Abū ʿAbd Allãh Muḥammad b. Aḥmad b. ʿUṯmān b. Qāymāẓ b. ʿAbd Allãh al-Turkumānī, al-Fāriqī, al-Dimašqī, al-Šāfiʿī, al-Muʾarriḫ, al-Ḥāfiẓ, al-Ḏahabī
al-Ḏahabī
Šams al-dīn Abū ʿAbd Allãh Muḥammad b. Aḥmad b. ʿUṯmān b. Qāymāẓ b. ʿAbd Allãh al-Turkumānī, al-Fāriqī, al-Dimašqī, al-Šāfiʿī, al-Muʾarriḫ, al-Ḥāfiẓ, al-Ḏahabī
al-Muʿǧam al-muḫtaṣṣ bi-al-muḥaddiṯīn
al-Ḏahabī
Šams al-dīn Abū ʿAbd Allãh Muḥammad b. Aḥmad b. ʿUṯmān b. Qāymāẓ b. ʿAbd Allãh al-Turkumānī, al-Fāriqī, al-Dimašqī, al-Šāfiʿī, al-Muʾarriḫ, al-Ḥāfiẓ, al-Ḏahabī
al-Muʿǧam al-muḫtaṣṣ bi-al-muḥaddiṯīn
al-Ḏahabī
Šams al-dīn Abū ʿAbd Allãh Muḥammad b. Aḥmad b. ʿUṯmān b. Qāymāẓ b. ʿAbd Allãh al-Turkumānī, al-Fāriqī, al-Dimašqī, al-Šāfiʿī, al-Muʾarriḫ, al-Ḥāfiẓ, al-Ḏahabī
al-Muʿǧam al-muḫtaṣṣ bi-al-muḥaddiṯīn
al-Ḏahabī
Šams al-dīn Abū ʿAbd Allãh Muḥammad b. Aḥmad b. ʿUṯmān b. Qāymāẓ b. ʿAbd Allãh al-Turkumānī, al-Fāriqī, al-Dimašqī, al-Šāfiʿī, al-Muʾarriḫ, al-Ḥāfiẓ, al-Ḏahabī
al-Muʿǧam al-muḫtaṣṣ bi-al-muḥaddiṯīn
al-Ḏahabī
Šams al-dīn Abū ʿAbd Allãh Muḥammad b. Aḥmad b. ʿUṯmān b. Qāymāẓ b. ʿAbd Allãh al-Turkumānī, al-Fāriqī, al-Dimašqī, al-Šāfiʿī, al-Muʾarriḫ, al-Ḥāfiẓ, al-Ḏahabī
Muʿǧam al-šuyūḫ
al-Muʿǧam al-kabīr
al-Ḏahabī
Šams al-dīn Abū ʿAbd Allãh Muḥammad b. Aḥmad b. ʿUṯmān b. Qāymāẓ b. ʿAbd Allãh al-Turkumānī, al-Fāriqī, al-Dimašqī, al-Šāfiʿī, al-Muʾarriḫ, al-Ḥāfiẓ, al-Ḏahabī
al-Muġnī fī al-ḍuʿafāʾ
al-Ḏahabī
Šams al-dīn Abū ʿAbd Allãh Muḥammad b. Aḥmad b. ʿUṯmān b. Qāymāẓ b. ʿAbd Allãh al-Turkumānī, al-Fāriqī, al-Dimašqī, al-Šāfiʿī, al-Muʾarriḫ, al-Ḥāfiẓ, al-Ḏahabī
al-Muġnī fī al-ḍuʿafāʾ
al-Ḏahabī
Šams al-dīn Abū ʿAbd Allãh Muḥammad b. Aḥmad b. ʿUṯmān b. Qāymāẓ b. ʿAbd Allãh al-Turkumānī, al-Fāriqī, al-Dimašqī, al-Šāfiʿī, al-Muʾarriḫ, al-Ḥāfiẓ, al-Ḏahabī
al-Ḏahabī
Šams al-dīn Abū ʿAbd Allãh Muḥammad b. Aḥmad b. ʿUṯmān b. Qāymāẓ b. ʿAbd Allãh al-Turkumānī, al-Fāriqī, al-Dimašqī, al-Šāfiʿī, al-Muʾarriḫ, al-Ḥāfiẓ, al-Ḏahabī
al-Ḏahabī
Šams al-dīn Abū ʿAbd Allãh Muḥammad b. Aḥmad b. ʿUṯmān b. Qāymāẓ b. ʿAbd Allãh al-Turkumānī, al-Fāriqī, al-Dimašqī, al-Šāfiʿī, al-Muʾarriḫ, al-Ḥāfiẓ, al-Ḏahabī
Muḫtaṣar al-ʿuluww li-l-ʿAlī al-ġaffār
al-Ḏahabī
Šams al-dīn Abū ʿAbd Allãh Muḥammad b. Aḥmad b. ʿUṯmān b. Qāymāẓ b. ʿAbd Allãh al-Turkumānī, al-Fāriqī, al-Dimašqī, al-Šāfiʿī, al-Muʾarriḫ, al-Ḥāfiẓ, al-Ḏahabī
al-Muḫtaṣar al-muḥtāǧ ilayh min Tāriīḫ al-Ḥāfiẓ al-Dubayṯī
al-Ḏahabī
Šams al-dīn Abū ʿAbd Allãh Muḥammad b. Aḥmad b. ʿUṯmān b. Qāymāẓ b. ʿAbd Allãh al-Turkumānī, al-Fāriqī, al-Dimašqī, al-Šāfiʿī, al-Muʾarriḫ, al-Ḥāfiẓ, al-Ḏahabī
al-Muḫtaṣar al-muḥtāǧ ilayh min Tāriīḫ al-Ḥāfiẓ al-Dubayṯī
al-Ḏahabī
Šams al-dīn Abū ʿAbd Allãh Muḥammad b. Aḥmad b. ʿUṯmān b. Qāymāẓ b. ʿAbd Allãh al-Turkumānī, al-Fāriqī, al-Dimašqī, al-Šāfiʿī, al-Muʾarriḫ, al-Ḥāfiẓ, al-Ḏahabī
al-Muḫtaṣar al-muḥtāǧ ilayh min Tāriīḫ al-Ḥāfiẓ al-Dubayṯī
al-Ḏahabī
Šams al-dīn Abū ʿAbd Allãh Muḥammad b. Aḥmad b. ʿUṯmān b. Qāymāẓ b. ʿAbd Allãh al-Turkumānī, al-Fāriqī, al-Dimašqī, al-Šāfiʿī, al-Muʾarriḫ, al-Ḥāfiẓ, al-Ḏahabī
al-Ḏahabī
Šams al-dīn Abū ʿAbd Allãh Muḥammad b. Aḥmad b. ʿUṯmān b. Qāymāẓ b. ʿAbd Allãh al-Turkumānī, al-Fāriqī, al-Dimašqī, al-Šāfiʿī, al-Muʾarriḫ, al-Ḥāfiẓ, al-Ḏahabī
al-Ḏahabī
Šams al-dīn Abū ʿAbd Allãh Muḥammad b. Aḥmad b. ʿUṯmān b. Qāymāẓ b. ʿAbd Allãh al-Turkumānī, al-Fāriqī, al-Dimašqī, al-Šāfiʿī, al-Muʾarriḫ, al-Ḥāfiẓ, al-Ḏahabī
al-Ḏahabī
Šams al-dīn Abū ʿAbd Allãh Muḥammad b. Aḥmad b. ʿUṯmān b. Qāymāẓ b. ʿAbd Allãh al-Turkumānī, al-Fāriqī, al-Dimašqī, al-Šāfiʿī, al-Muʾarriḫ, al-Ḥāfiẓ, al-Ḏahabī
al-Ḏahabī
Šams al-dīn Abū ʿAbd Allãh Muḥammad b. Aḥmad b. ʿUṯmān b. Qāymāẓ b. ʿAbd Allãh al-Turkumānī, al-Fāriqī, al-Dimašqī, al-Šāfiʿī, al-Muʾarriḫ, al-Ḥāfiẓ, al-Ḏahabī
al-Ḏahabī
Šams al-dīn Abū ʿAbd Allãh Muḥammad b. Aḥmad b. ʿUṯmān b. Qāymāẓ b. ʿAbd Allãh al-Turkumānī, al-Fāriqī, al-Dimašqī, al-Šāfiʿī, al-Muʾarriḫ, al-Ḥāfiẓ, al-Ḏahabī
al-Ḏahabī
Šams al-dīn Abū ʿAbd Allãh Muḥammad b. Aḥmad b. ʿUṯmān b. Qāymāẓ b. ʿAbd Allãh al-Turkumānī, al-Fāriqī, al-Dimašqī, al-Šāfiʿī, al-Muʾarriḫ, al-Ḥāfiẓ, al-Ḏahabī
al-Ḏahabī
Šams al-dīn Abū ʿAbd Allãh Muḥammad b. Aḥmad b. ʿUṯmān b. Qāymāẓ b. ʿAbd Allãh al-Turkumānī, al-Fāriqī, al-Dimašqī, al-Šāfiʿī, al-Muʾarriḫ, al-Ḥāfiẓ, al-Ḏahabī
Nubḏaŧ min sīraŧ šayḫ al-islām Taqī al-dīn Ibn¶    Taymiyyaŧ
al-Ḏahabī
Šams al-dīn Abū ʿAbd Allãh Muḥammad b. Aḥmad b. ʿUṯmān b. Qāymāẓ b. ʿAbd Allãh al-Turkumānī, al-Fāriqī, al-Dimašqī, al-Šāfiʿī, al-Muʾarriḫ, al-Ḥāfiẓ, al-Ḏahabī
al-Ḏahabī
Šams al-dīn Abū ʿAbd Allãh Muḥammad b. Aḥmad b. ʿUṯmān b. Qāymāẓ b. ʿAbd Allãh al-Turkumānī, al-Fāriqī, al-Dimašqī, al-Šāfiʿī, al-Muʾarriḫ, al-Ḥāfiẓ, al-Ḏahabī
al-Ḏahabī
Šams al-dīn Abū ʿAbd Allãh Muḥammad b. Aḥmad b. ʿUṯmān b. Qāymāẓ b. ʿAbd Allãh al-Turkumānī, al-Fāriqī, al-Dimašqī, al-Šāfiʿī, al-Muʾarriḫ, al-Ḥāfiẓ, al-Ḏahabī
al-Ḏahabī
Šams al-dīn Abū ʿAbd Allãh Muḥammad b. Aḥmad b. ʿUṯmān b. Qāymāẓ b. ʿAbd Allãh al-Turkumānī, al-Fāriqī, al-Dimašqī, al-Šāfiʿī, al-Muʾarriḫ, al-Ḥāfiẓ, al-Ḏahabī
al-Ḏahabī
Šams al-dīn Abū ʿAbd Allãh Muḥammad b. Aḥmad b. ʿUṯmān b. Qāymāẓ b. ʿAbd Allãh al-Turkumānī, al-Fāriqī, al-Dimašqī, al-Šāfiʿī, al-Muʾarriḫ, al-Ḥāfiẓ, al-Ḏahabī
al-Ḏahabī
Šams al-dīn Abū ʿAbd Allãh Muḥammad b. Aḥmad b. ʿUṯmān b. Qāymāẓ b. ʿAbd Allãh al-Turkumānī, al-Fāriqī, al-Dimašqī, al-Šāfiʿī, al-Muʾarriḫ, al-Ḥāfiẓ, al-Ḏahabī
al-Ḏahabī
Šams al-dīn Abū ʿAbd Allãh Muḥammad b. Aḥmad b. ʿUṯmān b. Qāymāẓ b. ʿAbd Allãh al-Turkumānī, al-Fāriqī, al-Dimašqī, al-Šāfiʿī, al-Muʾarriḫ, al-Ḥāfiẓ, al-Ḏahabī
Siyar aʿlām al-nubalāʾ
al-Ḏahabī
Šams al-dīn Abū ʿAbd Allãh Muḥammad b. Aḥmad b. ʿUṯmān b. Qāymāẓ b. ʿAbd Allãh al-Turkumānī, al-Fāriqī, al-Dimašqī, al-Šāfiʿī, al-Muʾarriḫ, al-Ḥāfiẓ, al-Ḏahabī
Siyar aʿlām al-nubalāʾ
al-Ḏahabī
Šams al-dīn Abū ʿAbd Allãh Muḥammad b. Aḥmad b. ʿUṯmān b. Qāymāẓ b. ʿAbd Allãh al-Turkumānī, al-Fāriqī, al-Dimašqī, al-Šāfiʿī, al-Muʾarriḫ, al-Ḥāfiẓ, al-Ḏahabī
Siyar aʿlām al-nubalāʾ
al-Ḏahabī
Šams al-dīn Abū ʿAbd Allãh Muḥammad b. Aḥmad b. ʿUṯmān b. Qāymāẓ b. ʿAbd Allãh al-Turkumānī, al-Fāriqī, al-Dimašqī, al-Šāfiʿī, al-Muʾarriḫ, al-Ḥāfiẓ, al-Ḏahabī
Siyar aʿlām al-nubalāʾ
al-Ḏahabī
Šams al-dīn Abū ʿAbd Allãh Muḥammad b. Aḥmad b. ʿUṯmān b. Qāymāẓ b. ʿAbd Allãh al-Turkumānī, al-Fāriqī, al-Dimašqī, al-Šāfiʿī, al-Muʾarriḫ, al-Ḥāfiẓ, al-Ḏahabī
Siyar aʿlām al-nubalāʾ
al-Ḏahabī
Šams al-dīn Abū ʿAbd Allãh Muḥammad b. Aḥmad b. ʿUṯmān b. Qāymāẓ b. ʿAbd Allãh al-Turkumānī, al-Fāriqī, al-Dimašqī, al-Šāfiʿī, al-Muʾarriḫ, al-Ḥāfiẓ, al-Ḏahabī
Siyar aʿlām al-nubalāʾ
al-Ḏahabī
Šams al-dīn Abū ʿAbd Allãh Muḥammad b. Aḥmad b. ʿUṯmān b. Qāymāẓ b. ʿAbd Allãh al-Turkumānī, al-Fāriqī, al-Dimašqī, al-Šāfiʿī, al-Muʾarriḫ, al-Ḥāfiẓ, al-Ḏahabī
Siyar aʿlām al-nubalāʾ
al-Ḏahabī
Šams al-dīn Abū ʿAbd Allãh Muḥammad b. Aḥmad b. ʿUṯmān b. Qāymāẓ b. ʿAbd Allãh al-Turkumānī, al-Fāriqī, al-Dimašqī, al-Šāfiʿī, al-Muʾarriḫ, al-Ḥāfiẓ, al-Ḏahabī
Siyar aʿlām al-nubalāʾ
al-Ḏahabī
Šams al-dīn Abū ʿAbd Allãh Muḥammad b. Aḥmad b. ʿUṯmān b. Qāymāẓ b. ʿAbd Allãh al-Turkumānī, al-Fāriqī, al-Dimašqī, al-Šāfiʿī, al-Muʾarriḫ, al-Ḥāfiẓ, al-Ḏahabī
Siyar aʿlām al-nubalāʾ
al-Ḏahabī
Šams al-dīn Abū ʿAbd Allãh Muḥammad b. Aḥmad b. ʿUṯmān b. Qāymāẓ b. ʿAbd Allãh al-Turkumānī, al-Fāriqī, al-Dimašqī, al-Šāfiʿī, al-Muʾarriḫ, al-Ḥāfiẓ, al-Ḏahabī
al-Ḏahabī
Šams al-dīn Abū ʿAbd Allãh Muḥammad b. Aḥmad b. ʿUṯmān b. Qāymāẓ b. ʿAbd Allãh al-Turkumānī, al-Fāriqī, al-Dimašqī, al-Šāfiʿī, al-Muʾarriḫ, al-Ḥāfiẓ, al-Ḏahabī
al-Ḏahabī
Šams al-dīn Abū ʿAbd Allãh Muḥammad b. Aḥmad b. ʿUṯmān b. Qāymāẓ b. ʿAbd Allãh al-Turkumānī, al-Fāriqī, al-Dimašqī, al-Šāfiʿī, al-Muʾarriḫ, al-Ḥāfiẓ, al-Ḏahabī
Taḏkiraŧ al-ḥuffāẓ
al-Ḏahabī
Šams al-dīn Abū ʿAbd Allãh Muḥammad b. Aḥmad b. ʿUṯmān b. Qāymāẓ b. ʿAbd Allãh al-Turkumānī, al-Fāriqī, al-Dimašqī, al-Šāfiʿī, al-Muʾarriḫ, al-Ḥāfiẓ, al-Ḏahabī
Taḏkiraŧ al-ḥuffāẓ
al-Ḏahabī
Šams al-dīn Abū ʿAbd Allãh Muḥammad b. Aḥmad b. ʿUṯmān b. Qāymāẓ b. ʿAbd Allãh al-Turkumānī, al-Fāriqī, al-Dimašqī, al-Šāfiʿī, al-Muʾarriḫ, al-Ḥāfiẓ, al-Ḏahabī
Taḏkiraŧ al-ḥuffāẓ
al-Ḏahabī
Šams al-dīn Abū ʿAbd Allãh Muḥammad b. Aḥmad b. ʿUṯmān b. Qāymāẓ b. ʿAbd Allãh al-Turkumānī, al-Fāriqī, al-Dimašqī, al-Šāfiʿī, al-Muʾarriḫ, al-Ḥāfiẓ, al-Ḏahabī
Taḏkiraŧ al-ḥuffāẓ
al-Ḏahabī
Šams al-dīn Abū ʿAbd Allãh Muḥammad b. Aḥmad b. ʿUṯmān b. Qāymāẓ b. ʿAbd Allãh al-Turkumānī, al-Fāriqī, al-Dimašqī, al-Šāfiʿī, al-Muʾarriḫ, al-Ḥāfiẓ, al-Ḏahabī
al-Ḏahabī
Šams al-dīn Abū ʿAbd Allãh Muḥammad b. Aḥmad b. ʿUṯmān b. Qāymāẓ b. ʿAbd Allãh al-Turkumānī, al-Fāriqī, al-Dimašqī, al-Šāfiʿī, al-Muʾarriḫ, al-Ḥāfiẓ, al-Ḏahabī
al-Ḏahabī
Šams al-dīn Abū ʿAbd Allãh Muḥammad b. Aḥmad b. ʿUṯmān b. Qāymāẓ b. ʿAbd Allãh al-Turkumānī, al-Fāriqī, al-Dimašqī, al-Šāfiʿī, al-Muʾarriḫ, al-Ḥāfiẓ, al-Ḏahabī
al-Ḏahabī
Šams al-dīn Abū ʿAbd Allãh Muḥammad b. Aḥmad b. ʿUṯmān b. Qāymāẓ b. ʿAbd Allãh al-Turkumānī, al-Fāriqī, al-Dimašqī, al-Šāfiʿī, al-Muʾarriḫ, al-Ḥāfiẓ, al-Ḏahabī
al-Ḏahabī
Šams al-dīn Abū ʿAbd Allãh Muḥammad b. Aḥmad b. ʿUṯmān b. Qāymāẓ b. ʿAbd Allãh al-Turkumānī, al-Fāriqī, al-Dimašqī, al-Šāfiʿī, al-Muʾarriḫ, al-Ḥāfiẓ, al-Ḏahabī
al-Ḏahabī
Šams al-dīn Abū ʿAbd Allãh Muḥammad b. Aḥmad b. ʿUṯmān b. Qāymāẓ b. ʿAbd Allãh al-Turkumānī, al-Fāriqī, al-Dimašqī, al-Šāfiʿī, al-Muʾarriḫ, al-Ḥāfiẓ, al-Ḏahabī
al-Ḏahabī
Šams al-dīn Abū ʿAbd Allãh Muḥammad b. Aḥmad b. ʿUṯmān b. Qāymāẓ b. ʿAbd Allãh al-Turkumānī, al-Fāriqī, al-Dimašqī, al-Šāfiʿī, al-Muʾarriḫ, al-Ḥāfiẓ, al-Ḏahabī
al-Ḏahabī
Šams al-dīn Abū ʿAbd Allãh Muḥammad b. Aḥmad b. ʿUṯmān b. Qāymāẓ b. ʿAbd Allãh al-Turkumānī, al-Fāriqī, al-Dimašqī, al-Šāfiʿī, al-Muʾarriḫ, al-Ḥāfiẓ, al-Ḏahabī
al-Ḏahabī
Šams al-dīn Abū ʿAbd Allãh Muḥammad b. Aḥmad b. ʿUṯmān b. Qāymāẓ b. ʿAbd Allãh al-Turkumānī, al-Fāriqī, al-Dimašqī, al-Šāfiʿī, al-Muʾarriḫ, al-Ḥāfiẓ, al-Ḏahabī
al-Ḏahabī
Šams al-dīn Abū ʿAbd Allãh Muḥammad b. Aḥmad b. ʿUṯmān b. Qāymāẓ b. ʿAbd Allãh al-Turkumānī, al-Fāriqī, al-Dimašqī, al-Šāfiʿī, al-Muʾarriḫ, al-Ḥāfiẓ, al-Ḏahabī
al-Ḏahabī
Šams al-dīn Abū ʿAbd Allãh Muḥammad b. Aḥmad b. ʿUṯmān b. Qāymāẓ b. ʿAbd Allãh al-Turkumānī, al-Fāriqī, al-Dimašqī, al-Šāfiʿī, al-Muʾarriḫ, al-Ḥāfiẓ, al-Ḏahabī
al-Ḏahabī
Šams al-dīn Abū ʿAbd Allãh Muḥammad b. Aḥmad b. ʿUṯmān b. Qāymāẓ b. ʿAbd Allãh al-Turkumānī, al-Fāriqī, al-Dimašqī, al-Šāfiʿī, al-Muʾarriḫ, al-Ḥāfiẓ, al-Ḏahabī
al-Ḏahabī
Šams al-dīn Abū ʿAbd Allãh Muḥammad b. Aḥmad b. ʿUṯmān b. Qāymāẓ b. ʿAbd Allãh al-Turkumānī, al-Fāriqī, al-Dimašqī, al-Šāfiʿī, al-Muʾarriḫ, al-Ḥāfiẓ, al-Ḏahabī
al-Ḏahabī
Šams al-dīn Abū ʿAbd Allãh Muḥammad b. Aḥmad b. ʿUṯmān b. Qāymāẓ b. ʿAbd Allãh al-Turkumānī, al-Fāriqī, al-Dimašqī, al-Šāfiʿī, al-Muʾarriḫ, al-Ḥāfiẓ, al-Ḏahabī
al-Ḏahabī
Šams al-dīn Abū ʿAbd Allãh Muḥammad b. Aḥmad b. ʿUṯmān b. Qāymāẓ b. ʿAbd Allãh al-Turkumānī, al-Fāriqī, al-Dimašqī, al-Šāfiʿī, al-Muʾarriḫ, al-Ḥāfiẓ, al-Ḏahabī
al-Ḏahabī
Šams al-dīn Abū ʿAbd Allãh Muḥammad b. Aḥmad b. ʿUṯmān b. Qāymāẓ b. ʿAbd Allãh al-Turkumānī, al-Fāriqī, al-Dimašqī, al-Šāfiʿī, al-Muʾarriḫ, al-Ḥāfiẓ, al-Ḏahabī
al-Ḏahabī
Šams al-dīn Abū ʿAbd Allãh Muḥammad b. Aḥmad b. ʿUṯmān b. Qāymāẓ b. ʿAbd Allãh al-Turkumānī, al-Fāriqī, al-Dimašqī, al-Šāfiʿī, al-Muʾarriḫ, al-Ḥāfiẓ, al-Ḏahabī
al-Ḏahabī
Šams al-dīn Abū ʿAbd Allãh Muḥammad b. Aḥmad b. ʿUṯmān b. Qāymāẓ b. ʿAbd Allãh al-Turkumānī, al-Fāriqī, al-Dimašqī, al-Šāfiʿī, al-Muʾarriḫ, al-Ḥāfiẓ, al-Ḏahabī
al-Ḏahabī
Šams al-dīn Abū ʿAbd Allãh Muḥammad b. Aḥmad b. ʿUṯmān b. Qāymāẓ b. ʿAbd Allãh al-Turkumānī, al-Fāriqī, al-Dimašqī, al-Šāfiʿī, al-Muʾarriḫ, al-Ḥāfiẓ, al-Ḏahabī
al-Ḏahabī
Šams al-dīn Abū ʿAbd Allãh Muḥammad b. Aḥmad b. ʿUṯmān b. Qāymāẓ b. ʿAbd Allãh al-Turkumānī, al-Fāriqī, al-Dimašqī, al-Šāfiʿī, al-Muʾarriḫ, al-Ḥāfiẓ, al-Ḏahabī
al-Ḏahabī
Šams al-dīn Abū ʿAbd Allãh Muḥammad b. Aḥmad b. ʿUṯmān b. Qāymāẓ b. ʿAbd Allãh al-Turkumānī, al-Fāriqī, al-Dimašqī, al-Šāfiʿī, al-Muʾarriḫ, al-Ḥāfiẓ, al-Ḏahabī
al-Ḏahabī
Šams al-dīn Abū ʿAbd Allãh Muḥammad b. Aḥmad b. ʿUṯmān b. Qāymāẓ b. ʿAbd Allãh al-Turkumānī, al-Fāriqī, al-Dimašqī, al-Šāfiʿī, al-Muʾarriḫ, al-Ḥāfiẓ, al-Ḏahabī
al-Ḏahabī
Šams al-dīn Abū ʿAbd Allãh Muḥammad b. Aḥmad b. ʿUṯmān b. Qāymāẓ b. ʿAbd Allãh al-Turkumānī, al-Fāriqī, al-Dimašqī, al-Šāfiʿī, al-Muʾarriḫ, al-Ḥāfiẓ, al-Ḏahabī
al-Ḏahabī
Šams al-dīn Abū ʿAbd Allãh Muḥammad b. Aḥmad b. ʿUṯmān b. Qāymāẓ b. ʿAbd Allãh al-Turkumānī, al-Fāriqī, al-Dimašqī, al-Šāfiʿī, al-Muʾarriḫ, al-Ḥāfiẓ, al-Ḏahabī
al-Ḏahabī
Šams al-dīn Abū ʿAbd Allãh Muḥammad b. Aḥmad b. ʿUṯmān b. Qāymāẓ b. ʿAbd Allãh al-Turkumānī, al-Fāriqī, al-Dimašqī, al-Šāfiʿī, al-Muʾarriḫ, al-Ḥāfiẓ, al-Ḏahabī
al-Ḏahabī
Šams al-dīn Abū ʿAbd Allãh Muḥammad b. Aḥmad b. ʿUṯmān b. Qāymāẓ b. ʿAbd Allãh al-Turkumānī, al-Fāriqī, al-Dimašqī, al-Šāfiʿī, al-Muʾarriḫ, al-Ḥāfiẓ, al-Ḏahabī
al-Ḏahabī
Šams al-dīn Abū ʿAbd Allãh Muḥammad b. Aḥmad b. ʿUṯmān b. Qāymāẓ b. ʿAbd Allãh al-Turkumānī, al-Fāriqī, al-Dimašqī, al-Šāfiʿī, al-Muʾarriḫ, al-Ḥāfiẓ, al-Ḏahabī
al-Ḏahabī
Šams al-dīn Abū ʿAbd Allãh Muḥammad b. Aḥmad b. ʿUṯmān b. Qāymāẓ b. ʿAbd Allãh al-Turkumānī, al-Fāriqī, al-Dimašqī, al-Šāfiʿī, al-Muʾarriḫ, al-Ḥāfiẓ, al-Ḏahabī
al-Ḏahabī
Šams al-dīn Abū ʿAbd Allãh Muḥammad b. Aḥmad b. ʿUṯmān b. Qāymāẓ b. ʿAbd Allãh al-Turkumānī, al-Fāriqī, al-Dimašqī, al-Šāfiʿī, al-Muʾarriḫ, al-Ḥāfiẓ, al-Ḏahabī
al-Ḏahabī
Šams al-dīn Abū ʿAbd Allãh Muḥammad b. Aḥmad b. ʿUṯmān b. Qāymāẓ b. ʿAbd Allãh al-Turkumānī, al-Fāriqī, al-Dimašqī, al-Šāfiʿī, al-Muʾarriḫ, al-Ḥāfiẓ, al-Ḏahabī
al-Ḏahabī
Šams al-dīn Abū ʿAbd Allãh Muḥammad b. Aḥmad b. ʿUṯmān b. Qāymāẓ b. ʿAbd Allãh al-Turkumānī, al-Fāriqī, al-Dimašqī, al-Šāfiʿī, al-Muʾarriḫ, al-Ḥāfiẓ, al-Ḏahabī
Ibn Faḍl Allāh al-ʿUmarī
Šihāb al-dīn Abū al-ʿAbbās Aḥmad b. Yaḥyá b. Faḍl Allāh al-Qurašī, al-ʿAdawī, al-ʿUmarī
Ibn Faḍl Allāh al-ʿUmarī
Šihāb al-dīn Abū al-ʿAbbās Aḥmad b. Yaḥyá b. Faḍl Allāh al-Qurašī, al-ʿAdawī, al-ʿUmarī
Ibn Faḍl Allāh al-ʿUmarī
Šihāb al-dīn Abū al-ʿAbbās Aḥmad b. Yaḥyá b. Faḍl Allāh al-Qurašī, al-ʿAdawī, al-ʿUmarī
al-Taʿrīf bi-al-muṣṭalaḥ al-šarīf
Ibn Faḍl Allāh al-ʿUmarī
Šihāb al-dīn Abū al-ʿAbbās Aḥmad b. Yaḥyá b. Faḍl Allāh al-Qurašī, al-ʿAdawī, al-ʿUmarī
al-Taʿrīf bi-al-muṣṭalaḥ al-šarīf
Ibn Faḍl Allāh al-ʿUmarī
Šihāb al-dīn Abū al-ʿAbbās Aḥmad b. Yaḥyá b. Faḍl Allāh al-Qurašī, al-ʿAdawī, al-ʿUmarī
Barnāmaǧ
Ibn Ǧābir al-Wādī Āšī
Šams al-dīn Abū ʿAbd Al-lãh Muḥammad b. Ǧābir b. Muḥammad b. Qāsim b. Aḥmad b. Ibrāhīm b. Ḥassān al-Qaysī al-Wādī Āšī
Barnāmaǧ
Ibn Ǧābir al-Wādī Āšī
Šams al-dīn Abū ʿAbd Al-lãh Muḥammad b. Ǧābir b. Muḥammad b. Qāsim b. Aḥmad b. Ibrāhīm b. Ḥassān al-Qaysī al-Wādī Āšī
Mašyaḫaŧ
al-Qazwīnī
Sirāǧ al-dīn Abū Ḥafṣ ʿUmar b. ʿAlī b. ʿUmar al-Qazwīnī
Sirāǧ al-ẓulmaŧ fī šarḥ ḥuqūq ahl al-ḏimmaŧ
Tawārīḫ mulūk al-islām
al-Inālaŧ al-ʿalamiyyaŧ fī l-risālaŧ al-ʿilmiyyaŧ fī¶    ṭarīq al-mutaǧarridīn min al-ṣūfiyyaŧ
al-Risālaŧ al-šuštariyyaŧ, al-Risālaŧ al-ʿalamiyyaŧ fī al-taṣawwuf
Ibn Luyūn
 Abū ʿUṯmān Saʿd, Saʿīd b. Aḥmad b. Ibrāhīm b. Aḥmad al-Tuǧībī
../../OpenITI/Github_clone/0750AH/data/0750MahmudIbnCuthman/0750MahmudIbnCuthman.FirdawsMurshidiyya/0750MahmudIbnCuthman.FirdawsMurshidiyya.yml :
    no relationship type found in  biography_of@0426AbuIshaqKazaruni,translation_of@0502KhatibAbuBakr.SiratAbiIshaqKazaruni
Firdaws al-muršidiyyaŧ fī asrār al-ṣamadiyyaŧ

Maḥmūd b. ʿUṯmān
  Maḥmūd b. ʿUṯmān 
al-Durraŧ al-muḍiyyaŧ fī al-radd ʿalá Ibn Taymiyyaŧ

Taqī al-dīn al-Subkī
Taqī al-dīn Abū al-Ḥasan ʿAlī b. ʿAbd al-Kāfī al-Subkī al-kabīr
Taqī al-dīn al-Subkī
Taqī al-dīn Abū al-Ḥasan ʿAlī b. ʿAbd al-Kāfī al-Subkī al-kabīr
Taqī al-dīn al-Subkī
Taqī al-dīn Abū al-Ḥasan ʿAlī b. ʿAbd al-Kāfī al-Subkī al-kabīr
Taqī al-dīn al-Subkī
Taqī al-dīn Abū al-Ḥasan ʿAlī b. ʿAbd al-Kāfī al-Subkī al-kabīr
Taqī al-dīn al-Subkī
Taqī al-dīn Abū al-Ḥasan ʿAlī b. ʿAbd al-Kāfī al-Subkī al-kabīr
Taqī al-dīn al-Subkī
Taqī al-dīn Abū al-Ḥasan ʿAlī b. ʿAbd al-Kāfī al-Subkī al-kabīr
Taqī al-dīn al-Subkī
Taqī al-dīn Abū al-Ḥasan ʿAlī b. ʿAbd al-Kāfī al-Subkī al-kabīr
Taqī al-dīn al-Subkī
Taqī al-dīn Abū al-Ḥasan ʿAlī b. ʿAbd al-Kāfī al-Subkī al-kabīr
Taqī al-dīn al-Subkī
Taqī al-dīn Abū al-Ḥasan ʿAlī b. ʿAbd al-Kāfī al-Subkī al-kabīr
Taqī al-dīn al-Subkī
Taqī al-dīn Abū al-Ḥasan ʿAlī b. ʿAbd al-Kāfī al-Subkī al-kabīr
Taqī al-dīn al-Subkī
Taqī al-dīn Abū al-Ḥasan ʿAlī b. ʿAbd al-Kāfī al-Subkī al-kabīr
Taqī al-dīn al-Subkī
Taqī al-dīn Abū al-Ḥasan ʿAlī b. ʿAbd al-Kāfī al-Subkī al-kabīr
Taqī al-dīn al-Subkī
Taqī al-dīn Abū al-Ḥasan ʿAlī b. ʿAbd al-Kāfī al-Subkī al-kabīr
Taqī al-dīn al-Subkī
Taqī al-dīn Abū al-Ḥasan ʿAlī b. ʿAbd al-Kāfī al-Subkī al-kabīr
Taqī al-dīn al-Subkī
Taqī al-dīn Abū al-Ḥasan ʿAlī b. ʿAbd al-Kāfī al-Subkī al-kabīr
Naǧm al-Dīn Ibrāhīm b. ʿAlī al-Ṭarasūsī
Naǧm al-Dīn Ibrāhīm b. ʿAlī b. ʿAbd al-Waḥīd al-Ṭarasūsī
Naǧm al-Dīn Ibrāhīm b. ʿAlī al-Ṭarasūsī
Naǧm al-Dīn Ibrāhīm b. ʿAlī b. ʿAbd al-Waḥīd al-Ṭarasūsī
Naǧm al-Dīn Ibrāhīm b. ʿAlī al-Ṭarasūsī
Naǧm al-Dīn Ibrāhīm b. ʿAlī b. ʿAbd al-Waḥīd al-Ṭarasūsī
ʿAlāʾ al-dīn Abū ʿAbd-Allāh Muġulṭāy b. Ḳilīǧ b. ʿAbd-Allāh al-Bakǧarī, al-Ḥikrī, al-Ḥanafī
Ikmāl Tahḏīb al-Kamāl fī asmāʾ al-riǧāl
ʿAlāʾ al-dīn Abū ʿAbd-Allāh Muġulṭāy b. Ḳilīǧ b. ʿAbd-Allāh al-Bakǧarī, al-Ḥikrī, al-Ḥanafī
Ikmāl Tahḏīb al-Kamāl fī asmāʾ al-riǧāl
ʿAlāʾ al-dīn Abū ʿAbd-Allāh Muġulṭāy b. Ḳilīǧ b. ʿAbd-Allāh al-Bakǧarī, al-Ḥikrī, al-Ḥanafī
Ikmāl Tahḏīb al-Kamāl fī asmāʾ al-riǧāl
ʿAlāʾ al-dīn Abū ʿAbd-Allāh Muġulṭāy b. Ḳilīǧ b. ʿAbd-Allāh al-Bakǧarī, al-Ḥikrī, al-Ḥanafī
Ikmāl Tahḏīb al-Kamāl fī asmāʾ al-riǧāl
ʿAlāʾ al-dīn Abū ʿAbd-Allāh Muġulṭāy b. Ḳilīǧ b. ʿAbd-Allāh al-Bakǧarī, al-Ḥikrī, al-Ḥanafī
ʿAlāʾ al-dīn Abū ʿAbd-Allāh Muġulṭāy b. Ḳilīǧ b. ʿAbd-Allāh al-Bakǧarī, al-Ḥikrī, al-Ḥanafī
ʿAlāʾ al-dīn Abū ʿAbd-Allāh Muġulṭāy b. Ḳilīǧ b. ʿAbd-Allāh al-Bakǧarī, al-Ḥikrī, al-Ḥanafī
ʿAlāʾ al-dīn Abū ʿAbd-Allāh Muġulṭāy b. Ḳilīǧ b. ʿAbd-Allāh al-Bakǧarī, al-Ḥikrī, al-Ḥanafī
ʿAlāʾ al-dīn Abū ʿAbd-Allāh Muġulṭāy b. Ḳilīǧ b. ʿAbd-Allāh al-Bakǧarī, al-Ḥikrī, al-Ḥanafī
Aʿyān alʿaṣr wa aʿwān al-naṣr
al-ṣafadī
Ṣalāḥ al-dīn Abū al-Ṣafāʾ Ḫalīl b. Aybak al-ṣafadī
al-ṣafadī
Ṣalāḥ al-dīn Abū al-Ṣafāʾ Ḫalīl b. Aybak al-ṣafadī
al-ṣafadī
Ṣalāḥ al-dīn Abū al-Ṣafāʾ Ḫalīl b. Aybak al-ṣafadī
al-ṣafadī
Ṣalāḥ al-dīn Abū al-Ṣafāʾ Ḫalīl b. Aybak al-ṣafadī
al-ṣafadī
Ṣalāḥ al-dīn Abū al-Ṣafāʾ Ḫalīl b. Aybak al-ṣafadī
al-ṣafadī
Ṣalāḥ al-dīn Abū al-Ṣafāʾ Ḫalīl b. Aybak al-ṣafadī
Nuṣraŧ al-ṯāʾir ʿalá al-maṯal al-sāʾir
al-ṣafadī
Ṣalāḥ al-dīn Abū al-Ṣafāʾ Ḫalīl b. Aybak al-ṣafadī
Nuṣraŧ al-ṯāʾir ʿalá al-maṯal al-sāʾir
al-ṣafadī
Ṣalāḥ al-dīn Abū al-Ṣafāʾ Ḫalīl b. Aybak al-ṣafadī
al-ṣafadī
Ṣalāḥ al-dīn Abū al-Ṣafāʾ Ḫalīl b. Aybak al-ṣafadī
al-ṣafadī
Ṣalāḥ al-dīn Abū al-Ṣafāʾ Ḫalīl b. Aybak al-ṣafadī
al-ṣafadī
Ṣalāḥ al-dīn Abū al-Ṣafāʾ Ḫalīl b. Aybak al-ṣafadī
al-ṣafadī
Ṣalāḥ al-dīn Abū al-Ṣafāʾ Ḫalīl b. Aybak al-ṣafadī
al-ṣafadī
Ṣalāḥ al-dīn Abū al-Ṣafāʾ Ḫalīl b. Aybak al-ṣafadī
al-Wāfī bi-al-wafayāt
al-ṣafadī
Ṣalāḥ al-dīn Abū al-Ṣafāʾ Ḫalīl b. Aybak al-ṣafadī
al-Wāfī bi-al-wafayāt
al-ṣafadī
Ṣalāḥ al-dīn Abū al-Ṣafāʾ Ḫalīl b. Aybak al-ṣafadī
al-Wāfī bi-al-wafayāt
al-ṣafadī
Ṣalāḥ al-dīn Abū al-Ṣafāʾ Ḫalīl b. Aybak al-ṣafadī
al-Wāfī bi-al-wafayāt
al-ṣafadī
Ṣalāḥ al-dīn Abū al-Ṣafāʾ Ḫalīl b. Aybak al-ṣafadī
al-Wāfī bi-al-wafayāt
al-ṣafadī
Ṣalāḥ al-dīn Abū al-Ṣafāʾ Ḫalīl b. Aybak al-ṣafadī
al-Wāfī bi-al-wafayāt
al-ṣafadī
Ṣalāḥ al-dīn Abū al-Ṣafāʾ Ḫalīl b. Aybak al-ṣafadī
al-Wāfī bi-al-wafayāt
al-ṣafadī
Ṣalāḥ al-dīn Abū al-Ṣafāʾ Ḫalīl b. Aybak al-ṣafadī
al-Wāfī bi-al-wafayāt
al-ṣafadī
Ṣalāḥ al-dīn Abū al-Ṣafāʾ Ḫalīl b. Aybak al-ṣafadī
al-Wāfī bi-al-wafayāt
al-ṣafadī
Ṣalāḥ al-dīn Abū al-Ṣafāʾ Ḫalīl b. Aybak al-ṣafadī
al-Yāfiʿī
ʿAfīf al-dīn Abū Muḥammad ʿAbd Allāh b. Asʿad b. ʿAlī b. Sulaymān al-Yāfiʿī, al-Yamanī, al-Makkī
al-Yāfiʿī
ʿAfīf al-dīn Abū Muḥammad ʿAbd Allāh b. Asʿad b. ʿAlī b. Sulaymān al-Yāfiʿī, al-Yamanī, al-Makkī
al-Yāfiʿī
ʿAfīf al-dīn Abū Muḥammad ʿAbd Allāh b. Asʿad b. ʿAlī b. Sulaymān al-Yāfiʿī, al-Yamanī, al-Makkī
al-Yāfiʿī
ʿAfīf al-dīn Abū Muḥammad ʿAbd Allāh b. Asʿad b. ʿAlī b. Sulaymān al-Yāfiʿī, al-Yamanī, al-Makkī
Mirʾāŧ al-ǧinān waʿibraŧ al-yaqẓān fī maʿrifaŧ mā yuʿtabar¶    min ḥawādiṯ al-zamān
al-Yāfiʿī
ʿAfīf al-dīn Abū Muḥammad ʿAbd Allāh b. Asʿad b. ʿAlī b. Sulaymān al-Yāfiʿī, al-Yamanī, al-Makkī
Mirʾāŧ al-ǧinān waʿibraŧ al-yaqẓān fī maʿrifaŧ mā yuʿtabar¶    min ḥawādiṯ al-zamān
al-Yāfiʿī
ʿAfīf al-dīn Abū Muḥammad ʿAbd Allāh b. Asʿad b. ʿAlī b. Sulaymān al-Yāfiʿī, al-Yamanī, al-Makkī
Mirʾāŧ al-ǧinān waʿibraŧ al-yaqẓān fī maʿrifaŧ mā yuʿtabar¶    min ḥawādiṯ al-zamān
al-Yāfiʿī
ʿAfīf al-dīn Abū Muḥammad ʿAbd Allāh b. Asʿad b. ʿAlī b. Sulaymān al-Yāfiʿī, al-Yamanī, al-Makkī
Mirʾāŧ al-ǧinān waʿibraŧ al-yaqẓān fī maʿrifaŧ mā yuʿtabar¶    min ḥawādiṯ al-zamān
al-Yāfiʿī
ʿAfīf al-dīn Abū Muḥammad ʿAbd Allāh b. Asʿad b. ʿAlī b. Sulaymān al-Yāfiʿī, al-Yamanī, al-Makkī
Mirʾāŧ al-ǧinān waʿibraŧ al-yaqẓān fī maʿrifaŧ mā yuʿtabar¶    min ḥawādiṯ al-zamān
al-Yāfiʿī
ʿAfīf al-dīn Abū Muḥammad ʿAbd Allāh b. Asʿad b. ʿAlī b. Sulaymān al-Yāfiʿī, al-Yamanī, al-Makkī
Mirʾāŧ al-ǧinān waʿibraŧ al-yaqẓān fī maʿrifaŧ mā yuʿtabar¶    min ḥawādiṯ al-zamān
al-Yāfiʿī
ʿAfīf al-dīn Abū Muḥammad ʿAbd Allāh b. Asʿad b. ʿAlī b. Sulaymān al-Yāfiʿī, al-Yamanī, al-Makkī
Mirʾāŧ al-ǧinān waʿibraŧ al-yaqẓān fī maʿrifaŧ mā yuʿtabar¶    min ḥawādiṯ al-zamān
al-Yāfiʿī
ʿAfīf al-dīn Abū Muḥammad ʿAbd Allāh b. Asʿad b. ʿAlī b. Sulaymān al-Yāfiʿī, al-Yamanī, al-Makkī
al-Yāfiʿī
ʿAfīf al-dīn Abū Muḥammad ʿAbd Allāh b. Asʿad b. ʿAlī b. Sulaymān al-Yāfiʿī, al-Yamanī, al-Makkī
al-Subkī
Tāǧ al-dīn Abū Naṣr ʿAbd al-Wahhāb b. ʿAlī b. ʿAbd al-kāfī b. ʿAlī b. Tammām b. Yūsuf b. Mūsá b. Tammām b. Ḥāmid b. ʿUmar b. ʿUṯmān b. ʿAlī al-Anṣārī alḪazraǧī al-Subkī
al-Subkī
Tāǧ al-dīn Abū Naṣr ʿAbd al-Wahhāb b. ʿAlī b. ʿAbd al-kāfī b. ʿAlī b. Tammām b. Yūsuf b. Mūsá b. Tammām b. Ḥāmid b. ʿUmar b. ʿUṯmān b. ʿAlī al-Anṣārī alḪazraǧī al-Subkī
al-Subkī
Tāǧ al-dīn Abū Naṣr ʿAbd al-Wahhāb b. ʿAlī b. ʿAbd al-kāfī b. ʿAlī b. Tammām b. Yūsuf b. Mūsá b. Tammām b. Ḥāmid b. ʿUmar b. ʿUṯmān b. ʿAlī al-Anṣārī alḪazraǧī al-Subkī
Muʿǧam al-šuyūḫ
al-Subkī
Tāǧ al-dīn Abū Naṣr ʿAbd al-Wahhāb b. ʿAlī b. ʿAbd al-kāfī b. ʿAlī b. Tammām b. Yūsuf b. Mūsá b. Tammām b. Ḥāmid b. ʿUmar b. ʿUṯmān b. ʿAlī al-Anṣārī alḪazraǧī al-Subkī
al-Subkī
Tāǧ al-dīn Abū Naṣr ʿAbd al-Wahhāb b. ʿAlī b. ʿAbd al-kāfī b. ʿAlī b. Tammām b. Yūsuf b. Mūsá b. Tammām b. Ḥāmid b. ʿUmar b. ʿUṯmān b. ʿAlī al-Anṣārī alḪazraǧī al-Subkī
al-Subkī
Tāǧ al-dīn Abū Naṣr ʿAbd al-Wahhāb b. ʿAlī b. ʿAbd al-kāfī b. ʿAlī b. Tammām b. Yūsuf b. Mūsá b. Tammām b. Ḥāmid b. ʿUmar b. ʿUṯmān b. ʿAlī al-Anṣārī alḪazraǧī al-Subkī
al-Subkī
Tāǧ al-dīn Abū Naṣr ʿAbd al-Wahhāb b. ʿAlī b. ʿAbd al-kāfī b. ʿAlī b. Tammām b. Yūsuf b. Mūsá b. Tammām b. Ḥāmid b. ʿUmar b. ʿUṯmān b. ʿAlī al-Anṣārī alḪazraǧī al-Subkī
al-Subkī
Tāǧ al-dīn Abū Naṣr ʿAbd al-Wahhāb b. ʿAlī b. ʿAbd al-kāfī b. ʿAlī b. Tammām b. Yūsuf b. Mūsá b. Tammām b. Ḥāmid b. ʿUmar b. ʿUṯmān b. ʿAlī al-Anṣārī alḪazraǧī al-Subkī
Ṭabaqāt al-šāfiʿiyyaŧ al-kubrá
al-Subkī
Tāǧ al-dīn Abū Naṣr ʿAbd al-Wahhāb b. ʿAlī b. ʿAbd al-kāfī b. ʿAlī b. Tammām b. Yūsuf b. Mūsá b. Tammām b. Ḥāmid b. ʿUmar b. ʿUṯmān b. ʿAlī al-Anṣārī alḪazraǧī al-Subkī
Ṭabaqāt al-šāfiʿiyyaŧ al-kubrá
al-Subkī
Tāǧ al-dīn Abū Naṣr ʿAbd al-Wahhāb b. ʿAlī b. ʿAbd al-kāfī b. ʿAlī b. Tammām b. Yūsuf b. Mūsá b. Tammām b. Ḥāmid b. ʿUmar b. ʿUṯmān b. ʿAlī al-Anṣārī alḪazraǧī al-Subkī
Ibn Kaṯīr
ʿImād al-dīn Abū-al-Fadāʾ Ismāʿīl b. ʿUmar b. Kaṯīr al-Qarašī, al-Baṣrī, al-Dimašqī
Ibn Kaṯīr
ʿImād al-dīn Abū-al-Fadāʾ Ismāʿīl b. ʿUmar b. Kaṯīr al-Qarašī, al-Baṣrī, al-Dimašqī
al-Bidāyaŧ wa-al-nihāyaŧ

Ibn Kaṯīr
ʿImād al-dīn Abū-al-Fadāʾ Ismāʿīl b. ʿUmar b. Kaṯīr al-Qarašī, al-Baṣrī, al-Dimašqī
al-Bidāyaŧ wa-al-nihāyaŧ

Ibn Kaṯīr
ʿImād al-dīn Abū-al-Fadāʾ Ismāʿīl b. ʿUmar b. Kaṯīr al-Qarašī, al-Baṣrī, al-Dimašqī
al-Bidāyaŧ wa-al-nihāyaŧ

Ibn Kaṯīr
ʿImād al-dīn Abū-al-Fadāʾ Ismāʿīl b. ʿUmar b. Kaṯīr al-Qarašī, al-Baṣrī, al-Dimašqī
al-Bidāyaŧ wa-al-nihāyaŧ

Ibn Kaṯīr
ʿImād al-dīn Abū-al-Fadāʾ Ismāʿīl b. ʿUmar b. Kaṯīr al-Qarašī, al-Baṣrī, al-Dimašqī
al-Bidāyaŧ wa-al-nihāyaŧ

Ibn Kaṯīr
ʿImād al-dīn Abū-al-Fadāʾ Ismāʿīl b. ʿUmar b. Kaṯīr al-Qarašī, al-Baṣrī, al-Dimašqī
al-Bidāyaŧ wa-al-nihāyaŧ

Ibn Kaṯīr
ʿImād al-dīn Abū-al-Fadāʾ Ismāʿīl b. ʿUmar b. Kaṯīr al-Qarašī, al-Baṣrī, al-Dimašqī
al-Bidāyaŧ wa-al-nihāyaŧ

Ibn Kaṯīr
ʿImād al-dīn Abū-al-Fadāʾ Ismāʿīl b. ʿUmar b. Kaṯīr al-Qarašī, al-Baṣrī, al-Dimašqī
al-Bidāyaŧ wa-al-nihāyaŧ

Ibn Kaṯīr
ʿImād al-dīn Abū-al-Fadāʾ Ismāʿīl b. ʿUmar b. Kaṯīr al-Qarašī, al-Baṣrī, al-Dimašqī
al-Bidāyaŧ wa-al-nihāyaŧ

Ibn Kaṯīr
ʿImād al-dīn Abū-al-Fadāʾ Ismāʿīl b. ʿUmar b. Kaṯīr al-Qarašī, al-Baṣrī, al-Dimašqī
al-Bidāyaŧ wa-al-nihāyaŧ

Ibn Kaṯīr
ʿImād al-dīn Abū-al-Fadāʾ Ismāʿīl b. ʿUmar b. Kaṯīr al-Qarašī, al-Baṣrī, al-Dimašqī
al-Bidāyaŧ wa-al-nihāyaŧ

Ibn Kaṯīr
ʿImād al-dīn Abū-al-Fadāʾ Ismāʿīl b. ʿUmar b. Kaṯīr al-Qarašī, al-Baṣrī, al-Dimašqī
al-Bidāyaŧ wa-al-nihāyaŧ

Ibn Kaṯīr
ʿImād al-dīn Abū-al-Fadāʾ Ismāʿīl b. ʿUmar b. Kaṯīr al-Qarašī, al-Baṣrī, al-Dimašqī
al-Bidāyaŧ wa-al-nihāyaŧ

Ibn Kaṯīr
ʿImād al-dīn Abū-al-Fadāʾ Ismāʿīl b. ʿUmar b. Kaṯīr al-Qarašī, al-Baṣrī, al-Dimašqī
al-Bidāyaŧ wa-al-nihāyaŧ

Ibn Kaṯīr
ʿImād al-dīn Abū-al-Fadāʾ Ismāʿīl b. ʿUmar b. Kaṯīr al-Qarašī, al-Baṣrī, al-Dimašqī
al-Bidāyaŧ wa-al-nihāyaŧ

Ibn Kaṯīr
ʿImād al-dīn Abū-al-Fadāʾ Ismāʿīl b. ʿUmar b. Kaṯīr al-Qarašī, al-Baṣrī, al-Dimašqī
al-Bidāyaŧ wa-al-nihāyaŧ

Ibn Kaṯīr
ʿImād al-dīn Abū-al-Fadāʾ Ismāʿīl b. ʿUmar b. Kaṯīr al-Qarašī, al-Baṣrī, al-Dimašqī
al-Bidāyaŧ wa-al-nihāyaŧ

Ibn Kaṯīr
ʿImād al-dīn Abū-al-Fadāʾ Ismāʿīl b. ʿUmar b. Kaṯīr al-Qarašī, al-Baṣrī, al-Dimašqī
Ibn Kaṯīr
ʿImād al-dīn Abū-al-Fadāʾ Ismāʿīl b. ʿUmar b. Kaṯīr al-Qarašī, al-Baṣrī, al-Dimašqī
Ibn Kaṯīr
ʿImād al-dīn Abū-al-Fadāʾ Ismāʿīl b. ʿUmar b. Kaṯīr al-Qarašī, al-Baṣrī, al-Dimašqī
Ibn Kaṯīr
ʿImād al-dīn Abū-al-Fadāʾ Ismāʿīl b. ʿUmar b. Kaṯīr al-Qarašī, al-Baṣrī, al-Dimašqī
Ibn Kaṯīr
ʿImād al-dīn Abū-al-Fadāʾ Ismāʿīl b. ʿUmar b. Kaṯīr al-Qarašī, al-Baṣrī, al-Dimašqī
Ibn Kaṯīr
ʿImād al-dīn Abū-al-Fadāʾ Ismāʿīl b. ʿUmar b. Kaṯīr al-Qarašī, al-Baṣrī, al-Dimašqī
Ibn Kaṯīr
ʿImād al-dīn Abū-al-Fadāʾ Ismāʿīl b. ʿUmar b. Kaṯīr al-Qarašī, al-Baṣrī, al-Dimašqī
Ǧāmiʿ al-masānīd wa-l-sunan al-hādī li-aqwam sanan
Ibn Kaṯīr
ʿImād al-dīn Abū-al-Fadāʾ Ismāʿīl b. ʿUmar b. Kaṯīr al-Qarašī, al-Baṣrī, al-Dimašqī
Ibn Kaṯīr
ʿImād al-dīn Abū-al-Fadāʾ Ismāʿīl b. ʿUmar b. Kaṯīr al-Qarašī, al-Baṣrī, al-Dimašqī
Ibn Kaṯīr
ʿImād al-dīn Abū-al-Fadāʾ Ismāʿīl b. ʿUmar b. Kaṯīr al-Qarašī, al-Baṣrī, al-Dimašqī
Ibn Kaṯīr
ʿImād al-dīn Abū-al-Fadāʾ Ismāʿīl b. ʿUmar b. Kaṯīr al-Qarašī, al-Baṣrī, al-Dimašqī
Ibn Kaṯīr
ʿImād al-dīn Abū-al-Fadāʾ Ismāʿīl b. ʿUmar b. Kaṯīr al-Qarašī, al-Baṣrī, al-Dimašqī
Ibn Kaṯīr
ʿImād al-dīn Abū-al-Fadāʾ Ismāʿīl b. ʿUmar b. Kaṯīr al-Qarašī, al-Baṣrī, al-Dimašqī
Ibn Kaṯīr
ʿImād al-dīn Abū-al-Fadāʾ Ismāʿīl b. ʿUmar b. Kaṯīr al-Qarašī, al-Baṣrī, al-Dimašqī
Ibn Kaṯīr
ʿImād al-dīn Abū-al-Fadāʾ Ismāʿīl b. ʿUmar b. Kaṯīr al-Qarašī, al-Baṣrī, al-Dimašqī
Ibn Kaṯīr
ʿImād al-dīn Abū-al-Fadāʾ Ismāʿīl b. ʿUmar b. Kaṯīr al-Qarašī, al-Baṣrī, al-Dimašqī
Ṭabaqāt al-fuqahāʾ al-šāfiʿīyyin
Ibn Kaṯīr
ʿImād al-dīn Abū-al-Fadāʾ Ismāʿīl b. ʿUmar b. Kaṯīr al-Qarašī, al-Baṣrī, al-Dimašqī
Tafsīr al-Qurʾān al-ʿaẓīm
Ibn Kaṯīr
ʿImād al-dīn Abū-al-Fadāʾ Ismāʿīl b. ʿUmar b. Kaṯīr al-Qarašī, al-Baṣrī, al-Dimašqī
Tafsīr al-Qurʾān al-ʿaẓīm
Ibn Kaṯīr
ʿImād al-dīn Abū-al-Fadāʾ Ismāʿīl b. ʿUmar b. Kaṯīr al-Qarašī, al-Baṣrī, al-Dimašqī
Tafsīr al-Qurʾān al-ʿaẓīm
Ibn Kaṯīr
ʿImād al-dīn Abū-al-Fadāʾ Ismāʿīl b. ʿUmar b. Kaṯīr al-Qarašī, al-Baṣrī, al-Dimašqī
Tafsīr al-Qurʾān al-ʿaẓīm
Ibn Kaṯīr
ʿImād al-dīn Abū-al-Fadāʾ Ismāʿīl b. ʿUmar b. Kaṯīr al-Qarašī, al-Baṣrī, al-Dimašqī
Tafsīr al-Qurʾān al-ʿaẓīm
Ibn Kaṯīr
ʿImād al-dīn Abū-al-Fadāʾ Ismāʿīl b. ʿUmar b. Kaṯīr al-Qarašī, al-Baṣrī, al-Dimašqī
Tafsīr al-Qurʾān al-ʿaẓīm
Ibn Kaṯīr
ʿImād al-dīn Abū-al-Fadāʾ Ismāʿīl b. ʿUmar b. Kaṯīr al-Qarašī, al-Baṣrī, al-Dimašqī
Tafsīr al-Qurʾān al-ʿaẓīm
Ibn Kaṯīr
ʿImād al-dīn Abū-al-Fadāʾ Ismāʿīl b. ʿUmar b. Kaṯīr al-Qarašī, al-Baṣrī, al-Dimašqī
al-Takmīl fī al-ǧarḥ wa-al-taʿdīl wa maʿrifaŧ al-ṯiqāt wa-al-¶    ḍuʿafāʾ wa-l-maǧāhīl
Ibn Kaṯīr
ʿImād al-dīn Abū-al-Fadāʾ Ismāʿīl b. ʿUmar b. Kaṯīr al-Qarašī, al-Baṣrī, al-Dimašqī
Ibn Kaṯīr
ʿImād al-dīn Abū-al-Fadāʾ Ismāʿīl b. ʿUmar b. Kaṯīr al-Qarašī, al-Baṣrī, al-Dimašqī
Ibn Kaṯīr
ʿImād al-dīn Abū-al-Fadāʾ Ismāʿīl b. ʿUmar b. Kaṯīr al-Qarašī, al-Baṣrī, al-Dimašqī
Ibn Kaṯīr
ʿImād al-dīn Abū-al-Fadāʾ Ismāʿīl b. ʿUmar b. Kaṯīr al-Qarašī, al-Baṣrī, al-Dimašqī
Ibn Kaṯīr
ʿImād al-dīn Abū-al-Fadāʾ Ismāʿīl b. ʿUmar b. Kaṯīr al-Qarašī, al-Baṣrī, al-Dimašqī
Al-Inṣāf fī al-intiṣāf li-ahl al-ḥaqq min ahl al-isrāf
Al-Inṣāf fī al-intiṣāf li-ahl al-ḥaqq min ahl al-isrāf
Dīwān al-ṣabābaŧ

Dīwān al-ṣabābaŧ

al-Ḥamiyyaŧ al-islāmiyyaŧ fī al-intiṣār al-maḏhab Ibn Taymiyyaŧ

Ǧamāl al-dīn al-Surramarrī
Ǧamāl al-dīn Abū al-Muẓaffar Yūsuf b. Muḥammad b. Masʿūd al-ʿIbādī al-Ḥanbalī al-Surramarrī
Ǧamāl al-dīn al-Surramarrī
Ǧamāl al-dīn Abū al-Muẓaffar Yūsuf b. Muḥammad b. Masʿūd al-ʿIbādī al-Ḥanbalī al-Surramarrī
Ǧamāl al-dīn al-Surramarrī
Ǧamāl al-dīn Abū al-Muẓaffar Yūsuf b. Muḥammad b. Masʿūd al-ʿIbādī al-Ḥanbalī al-Surramarrī
Ǧamāl al-dīn al-Surramarrī
Ǧamāl al-dīn Abū al-Muẓaffar Yūsuf b. Muḥammad b. Masʿūd al-ʿIbādī al-Ḥanbalī al-Surramarrī
al-Talwīḥ ʿalá al-tawḍīḥ li-matn al-tanqīḥ fī uṣūl¶    al-fiqh
al-Talwīḥ ʿalá al-tawḍīḥ li-matn al-tanqīḥ fī uṣūl¶    al-fiqh
Zayn al-Dīn Abū al-Faraǧ ʿAbd al-Raḥmān b. Aḥmad b. Raǧab ʿAbd al-Raḥmān b. al-Ḥasan b. Muḥammad b. Abī al-Barakāt Masʿūd al-Baġdādī al-Salāmī al-Dimašqī
Zayn al-Dīn Abū al-Faraǧ ʿAbd al-Raḥmān b. Aḥmad b. Raǧab ʿAbd al-Raḥmān b. al-Ḥasan b. Muḥammad b. Abī al-Barakāt Masʿūd al-Baġdādī al-Salāmī al-Dimašqī
Zayn al-Dīn Abū al-Faraǧ ʿAbd al-Raḥmān b. Aḥmad b. Raǧab ʿAbd al-Raḥmān b. al-Ḥasan b. Muḥammad b. Abī al-Barakāt Masʿūd al-Baġdādī al-Salāmī al-Dimašqī
Zayn al-Dīn Abū al-Faraǧ ʿAbd al-Raḥmān b. Aḥmad b. Raǧab ʿAbd al-Raḥmān b. al-Ḥasan b. Muḥammad b. Abī al-Barakāt Masʿūd al-Baġdādī al-Salāmī al-Dimašqī
Zayn al-Dīn Abū al-Faraǧ ʿAbd al-Raḥmān b. Aḥmad b. Raǧab ʿAbd al-Raḥmān b. al-Ḥasan b. Muḥammad b. Abī al-Barakāt Masʿūd al-Baġdādī al-Salāmī al-Dimašqī
Zayn al-Dīn Abū al-Faraǧ ʿAbd al-Raḥmān b. Aḥmad b. Raǧab ʿAbd al-Raḥmān b. al-Ḥasan b. Muḥammad b. Abī al-Barakāt Masʿūd al-Baġdādī al-Salāmī al-Dimašqī
Zayn al-Dīn Abū al-Faraǧ ʿAbd al-Raḥmān b. Aḥmad b. Raǧab ʿAbd al-Raḥmān b. al-Ḥasan b. Muḥammad b. Abī al-Barakāt Masʿūd al-Baġdādī al-Salāmī al-Dimašqī
al-Ḏayl ʿalā ṭabaqāt al-ḥanābila

Zayn al-Dīn Abū al-Faraǧ ʿAbd al-Raḥmān b. Aḥmad b. Raǧab ʿAbd al-Raḥmān b. al-Ḥasan b. Muḥammad b. Abī al-Barakāt Masʿūd al-Baġdādī al-Salāmī al-Dimašqī
al-Ḏayl ʿalā ṭabaqāt al-ḥanābila

Zayn al-Dīn Abū al-Faraǧ ʿAbd al-Raḥmān b. Aḥmad b. Raǧab ʿAbd al-Raḥmān b. al-Ḥasan b. Muḥammad b. Abī al-Barakāt Masʿūd al-Baġdādī al-Salāmī al-Dimašqī
Zayn al-Dīn Abū al-Faraǧ ʿAbd al-Raḥmān b. Aḥmad b. Raǧab ʿAbd al-Raḥmān b. al-Ḥasan b. Muḥammad b. Abī al-Barakāt Masʿūd al-Baġdādī al-Salāmī al-Dimašqī
Zayn al-Dīn Abū al-Faraǧ ʿAbd al-Raḥmān b. Aḥmad b. Raǧab ʿAbd al-Raḥmān b. al-Ḥasan b. Muḥammad b. Abī al-Barakāt Masʿūd al-Baġdādī al-Salāmī al-Dimašqī
Zayn al-Dīn Abū al-Faraǧ ʿAbd al-Raḥmān b. Aḥmad b. Raǧab ʿAbd al-Raḥmān b. al-Ḥasan b. Muḥammad b. Abī al-Barakāt Masʿūd al-Baġdādī al-Salāmī al-Dimašqī
Zayn al-Dīn Abū al-Faraǧ ʿAbd al-Raḥmān b. Aḥmad b. Raǧab ʿAbd al-Raḥmān b. al-Ḥasan b. Muḥammad b. Abī al-Barakāt Masʿūd al-Baġdādī al-Salāmī al-Dimašqī
Zayn al-Dīn Abū al-Faraǧ ʿAbd al-Raḥmān b. Aḥmad b. Raǧab ʿAbd al-Raḥmān b. al-Ḥasan b. Muḥammad b. Abī al-Barakāt Masʿūd al-Baġdādī al-Salāmī al-Dimašqī
Zayn al-Dīn Abū al-Faraǧ ʿAbd al-Raḥmān b. Aḥmad b. Raǧab ʿAbd al-Raḥmān b. al-Ḥasan b. Muḥammad b. Abī al-Barakāt Masʿūd al-Baġdādī al-Salāmī al-Dimašqī
Zayn al-Dīn Abū al-Faraǧ ʿAbd al-Raḥmān b. Aḥmad b. Raǧab ʿAbd al-Raḥmān b. al-Ḥasan b. Muḥammad b. Abī al-Barakāt Masʿūd al-Baġdādī al-Salāmī al-Dimašqī
Zayn al-Dīn Abū al-Faraǧ ʿAbd al-Raḥmān b. Aḥmad b. Raǧab ʿAbd al-Raḥmān b. al-Ḥasan b. Muḥammad b. Abī al-Barakāt Masʿūd al-Baġdādī al-Salāmī al-Dimašqī
Zayn al-Dīn Abū al-Faraǧ ʿAbd al-Raḥmān b. Aḥmad b. Raǧab ʿAbd al-Raḥmān b. al-Ḥasan b. Muḥammad b. Abī al-Barakāt Masʿūd al-Baġdādī al-Salāmī al-Dimašqī
Zayn al-Dīn Abū al-Faraǧ ʿAbd al-Raḥmān b. Aḥmad b. Raǧab ʿAbd al-Raḥmān b. al-Ḥasan b. Muḥammad b. Abī al-Barakāt Masʿūd al-Baġdādī al-Salāmī al-Dimašqī
Zayn al-Dīn Abū al-Faraǧ ʿAbd al-Raḥmān b. Aḥmad b. Raǧab ʿAbd al-Raḥmān b. al-Ḥasan b. Muḥammad b. Abī al-Barakāt Masʿūd al-Baġdādī al-Salāmī al-Dimašqī
Zayn al-Dīn Abū al-Faraǧ ʿAbd al-Raḥmān b. Aḥmad b. Raǧab ʿAbd al-Raḥmān b. al-Ḥasan b. Muḥammad b. Abī al-Barakāt Masʿūd al-Baġdādī al-Salāmī al-Dimašqī
Zayn al-Dīn Abū al-Faraǧ ʿAbd al-Raḥmān b. Aḥmad b. Raǧab ʿAbd al-Raḥmān b. al-Ḥasan b. Muḥammad b. Abī al-Barakāt Masʿūd al-Baġdādī al-Salāmī al-Dimašqī
Zayn al-Dīn Abū al-Faraǧ ʿAbd al-Raḥmān b. Aḥmad b. Raǧab ʿAbd al-Raḥmān b. al-Ḥasan b. Muḥammad b. Abī al-Barakāt Masʿūd al-Baġdādī al-Salāmī al-Dimašqī
Zayn al-Dīn Abū al-Faraǧ ʿAbd al-Raḥmān b. Aḥmad b. Raǧab ʿAbd al-Raḥmān b. al-Ḥasan b. Muḥammad b. Abī al-Barakāt Masʿūd al-Baġdādī al-Salāmī al-Dimašqī
Zayn al-Dīn Abū al-Faraǧ ʿAbd al-Raḥmān b. Aḥmad b. Raǧab ʿAbd al-Raḥmān b. al-Ḥasan b. Muḥammad b. Abī al-Barakāt Masʿūd al-Baġdādī al-Salāmī al-Dimašqī
Zayn al-Dīn Abū al-Faraǧ ʿAbd al-Raḥmān b. Aḥmad b. Raǧab ʿAbd al-Raḥmān b. al-Ḥasan b. Muḥammad b. Abī al-Barakāt Masʿūd al-Baġdādī al-Salāmī al-Dimašqī
Zayn al-Dīn Abū al-Faraǧ ʿAbd al-Raḥmān b. Aḥmad b. Raǧab ʿAbd al-Raḥmān b. al-Ḥasan b. Muḥammad b. Abī al-Barakāt Masʿūd al-Baġdādī al-Salāmī al-Dimašqī
Zayn al-Dīn Abū al-Faraǧ ʿAbd al-Raḥmān b. Aḥmad b. Raǧab ʿAbd al-Raḥmān b. al-Ḥasan b. Muḥammad b. Abī al-Barakāt Masʿūd al-Baġdādī al-Salāmī al-Dimašqī
Zayn al-Dīn Abū al-Faraǧ ʿAbd al-Raḥmān b. Aḥmad b. Raǧab ʿAbd al-Raḥmān b. al-Ḥasan b. Muḥammad b. Abī al-Barakāt Masʿūd al-Baġdādī al-Salāmī al-Dimašqī
Zayn al-Dīn Abū al-Faraǧ ʿAbd al-Raḥmān b. Aḥmad b. Raǧab ʿAbd al-Raḥmān b. al-Ḥasan b. Muḥammad b. Abī al-Barakāt Masʿūd al-Baġdādī al-Salāmī al-Dimašqī
Zayn al-Dīn Abū al-Faraǧ ʿAbd al-Raḥmān b. Aḥmad b. Raǧab ʿAbd al-Raḥmān b. al-Ḥasan b. Muḥammad b. Abī al-Barakāt Masʿūd al-Baġdādī al-Salāmī al-Dimašqī
Zayn al-Dīn Abū al-Faraǧ ʿAbd al-Raḥmān b. Aḥmad b. Raǧab ʿAbd al-Raḥmān b. al-Ḥasan b. Muḥammad b. Abī al-Barakāt Masʿūd al-Baġdādī al-Salāmī al-Dimašqī
Zayn al-Dīn Abū al-Faraǧ ʿAbd al-Raḥmān b. Aḥmad b. Raǧab ʿAbd al-Raḥmān b. al-Ḥasan b. Muḥammad b. Abī al-Barakāt Masʿūd al-Baġdādī al-Salāmī al-Dimašqī
Zayn al-Dīn Abū al-Faraǧ ʿAbd al-Raḥmān b. Aḥmad b. Raǧab ʿAbd al-Raḥmān b. al-Ḥasan b. Muḥammad b. Abī al-Barakāt Masʿūd al-Baġdādī al-Salāmī al-Dimašqī
Zayn al-Dīn Abū al-Faraǧ ʿAbd al-Raḥmān b. Aḥmad b. Raǧab ʿAbd al-Raḥmān b. al-Ḥasan b. Muḥammad b. Abī al-Barakāt Masʿūd al-Baġdādī al-Salāmī al-Dimašqī
Zayn al-Dīn Abū al-Faraǧ ʿAbd al-Raḥmān b. Aḥmad b. Raǧab ʿAbd al-Raḥmān b. al-Ḥasan b. Muḥammad b. Abī al-Barakāt Masʿūd al-Baġdādī al-Salāmī al-Dimašqī
Zayn al-Dīn Abū al-Faraǧ ʿAbd al-Raḥmān b. Aḥmad b. Raǧab ʿAbd al-Raḥmān b. al-Ḥasan b. Muḥammad b. Abī al-Barakāt Masʿūd al-Baġdādī al-Salāmī al-Dimašqī
Zayn al-Dīn Abū al-Faraǧ ʿAbd al-Raḥmān b. Aḥmad b. Raǧab ʿAbd al-Raḥmān b. al-Ḥasan b. Muḥammad b. Abī al-Barakāt Masʿūd al-Baġdādī al-Salāmī al-Dimašqī
Zayn al-Dīn Abū al-Faraǧ ʿAbd al-Raḥmān b. Aḥmad b. Raǧab ʿAbd al-Raḥmān b. al-Ḥasan b. Muḥammad b. Abī al-Barakāt Masʿūd al-Baġdādī al-Salāmī al-Dimašqī
Zayn al-Dīn Abū al-Faraǧ ʿAbd al-Raḥmān b. Aḥmad b. Raǧab ʿAbd al-Raḥmān b. al-Ḥasan b. Muḥammad b. Abī al-Barakāt Masʿūd al-Baġdādī al-Salāmī al-Dimašqī
Zayn al-Dīn Abū al-Faraǧ ʿAbd al-Raḥmān b. Aḥmad b. Raǧab ʿAbd al-Raḥmān b. al-Ḥasan b. Muḥammad b. Abī al-Barakāt Masʿūd al-Baġdādī al-Salāmī al-Dimašqī
Zayn al-Dīn Abū al-Faraǧ ʿAbd al-Raḥmān b. Aḥmad b. Raǧab ʿAbd al-Raḥmān b. al-Ḥasan b. Muḥammad b. Abī al-Barakāt Masʿūd al-Baġdādī al-Salāmī al-Dimašqī
Zayn al-Dīn Abū al-Faraǧ ʿAbd al-Raḥmān b. Aḥmad b. Raǧab ʿAbd al-Raḥmān b. al-Ḥasan b. Muḥammad b. Abī al-Barakāt Masʿūd al-Baġdādī al-Salāmī al-Dimašqī
Zayn al-Dīn Abū al-Faraǧ ʿAbd al-Raḥmān b. Aḥmad b. Raǧab ʿAbd al-Raḥmān b. al-Ḥasan b. Muḥammad b. Abī al-Barakāt Masʿūd al-Baġdādī al-Salāmī al-Dimašqī
Zayn al-Dīn Abū al-Faraǧ ʿAbd al-Raḥmān b. Aḥmad b. Raǧab ʿAbd al-Raḥmān b. al-Ḥasan b. Muḥammad b. Abī al-Barakāt Masʿūd al-Baġdādī al-Salāmī al-Dimašqī
Zayn al-Dīn Abū al-Faraǧ ʿAbd al-Raḥmān b. Aḥmad b. Raǧab ʿAbd al-Raḥmān b. al-Ḥasan b. Muḥammad b. Abī al-Barakāt Masʿūd al-Baġdādī al-Salāmī al-Dimašqī
Zayn al-Dīn Abū al-Faraǧ ʿAbd al-Raḥmān b. Aḥmad b. Raǧab ʿAbd al-Raḥmān b. al-Ḥasan b. Muḥammad b. Abī al-Barakāt Masʿūd al-Baġdādī al-Salāmī al-Dimašqī
Zayn al-Dīn Abū al-Faraǧ ʿAbd al-Raḥmān b. Aḥmad b. Raǧab ʿAbd al-Raḥmān b. al-Ḥasan b. Muḥammad b. Abī al-Barakāt Masʿūd al-Baġdādī al-Salāmī al-Dimašqī
Zayn al-Dīn Abū al-Faraǧ ʿAbd al-Raḥmān b. Aḥmad b. Raǧab ʿAbd al-Raḥmān b. al-Ḥasan b. Muḥammad b. Abī al-Barakāt Masʿūd al-Baġdādī al-Salāmī al-Dimašqī
Zayn al-Dīn Abū al-Faraǧ ʿAbd al-Raḥmān b. Aḥmad b. Raǧab ʿAbd al-Raḥmān b. al-Ḥasan b. Muḥammad b. Abī al-Barakāt Masʿūd al-Baġdādī al-Salāmī al-Dimašqī
Zayn al-Dīn Abū al-Faraǧ ʿAbd al-Raḥmān b. Aḥmad b. Raǧab ʿAbd al-Raḥmān b. al-Ḥasan b. Muḥammad b. Abī al-Barakāt Masʿūd al-Baġdādī al-Salāmī al-Dimašqī
al-Dībāǧ al-muḏahhab fī maʿrifaŧ aʿyān ʿulamāʾ al-maḏhab
Ibn Farḥūn
Burhān al-dīn, Nūr al-dīn  Ibrāhīm b. ʿAlī b. Muḥammad b. Farḥūn al-Yaʿmarī al-Mālikī
al-Dībāǧ al-muḏahhab fī maʿrifaŧ aʿyān ʿulamāʾ al-maḏhab
Ibn Farḥūn
Burhān al-dīn, Nūr al-dīn  Ibrāhīm b. ʿAlī b. Muḥammad b. Farḥūn al-Yaʿmarī al-Mālikī
al-Dībāǧ al-muḏahhab fī maʿrifaŧ aʿyān ʿulamāʾ al-maḏhab
Ibn Farḥūn
Burhān al-dīn, Nūr al-dīn  Ibrāhīm b. ʿAlī b. Muḥammad b. Farḥūn al-Yaʿmarī al-Mālikī
Ibn Farḥūn
Burhān al-dīn, Nūr al-dīn  Ibrāhīm b. ʿAlī b. Muḥammad b. Farḥūn al-Yaʿmarī al-Mālikī
Ibn Farḥūn
Burhān al-dīn, Nūr al-dīn  Ibrāhīm b. ʿAlī b. Muḥammad b. Farḥūn al-Yaʿmarī al-Mālikī
Ibn Farḥūn
Burhān al-dīn, Nūr al-dīn  Ibrāhīm b. ʿAlī b. Muḥammad b. Farḥūn al-Yaʿmarī al-Mālikī
Ibn al-Furāt
Nāṣir al-Dīn  Muḥammad b. ʿAbd al-Raḥīm b. ʿAlī al-Miṣrī al-Ḥanafī
Riḥlaŧ
Ibn Ḫaldūn
Wālī al-dīn Abū Zayd ʿAbd al-Raḥmān b. Muḥammad b. Muḥammad b. Abī Bakr Muḥammad b. al-Ḥasan b. Ḫaldūn al-Ḥaḍramī al-Išbīlī
Riḥlaŧ
Ibn Ḫaldūn
Wālī al-dīn Abū Zayd ʿAbd al-Raḥmān b. Muḥammad b. Muḥammad b. Abī Bakr Muḥammad b. al-Ḥasan b. Ḫaldūn al-Ḥaḍramī al-Išbīlī
Ibn Ḫaldūn
Wālī al-dīn Abū Zayd ʿAbd al-Raḥmān b. Muḥammad b. Muḥammad b. Abī Bakr Muḥammad b. al-Ḥasan b. Ḫaldūn al-Ḥaḍramī al-Išbīlī
Tārīḫ
Dīwān al-mubtadā wa-l-ḫabar fī tārīḫ al-ʿArab wa al-barbar wa man ʿāṣarahum min ḏawī al-šaʾn al-akbar
Ibn Ḫaldūn
Wālī al-dīn Abū Zayd ʿAbd al-Raḥmān b. Muḥammad b. Muḥammad b. Abī Bakr Muḥammad b. al-Ḥasan b. Ḫaldūn al-Ḥaḍramī al-Išbīlī
Tārīḫ
Dīwān al-mubtadā wa-l-ḫabar fī tārīḫ al-ʿArab wa al-barbar wa man ʿāṣarahum min ḏawī al-šaʾn al-akbar
Ibn Ḫaldūn
Wālī al-dīn Abū Zayd ʿAbd al-Raḥmān b. Muḥammad b. Muḥammad b. Abī Bakr Muḥammad b. al-Ḥasan b. Ḫaldūn al-Ḥaḍramī al-Išbīlī
Tārīḫ
Dīwān al-mubtadā wa-l-ḫabar fī tārīḫ al-ʿArab wa al-barbar wa man ʿāṣarahum min ḏawī al-šaʾn al-akbar
Ibn Ḫaldūn
Wālī al-dīn Abū Zayd ʿAbd al-Raḥmān b. Muḥammad b. Muḥammad b. Abī Bakr Muḥammad b. al-Ḥasan b. Ḫaldūn al-Ḥaḍramī al-Išbīlī
Tārīḫ
Dīwān al-mubtadā wa-l-ḫabar fī tārīḫ al-ʿArab wa al-barbar wa man ʿāṣarahum min ḏawī al-šaʾn al-akbar
Ibn Ḫaldūn
Wālī al-dīn Abū Zayd ʿAbd al-Raḥmān b. Muḥammad b. Muḥammad b. Abī Bakr Muḥammad b. al-Ḥasan b. Ḫaldūn al-Ḥaḍramī al-Išbīlī
Tārīḫ
Dīwān al-mubtadā wa-l-ḫabar fī tārīḫ al-ʿArab wa al-barbar wa man ʿāṣarahum min ḏawī al-šaʾn al-akbar
Ibn Ḫaldūn
Wālī al-dīn Abū Zayd ʿAbd al-Raḥmān b. Muḥammad b. Muḥammad b. Abī Bakr Muḥammad b. al-Ḥasan b. Ḫaldūn al-Ḥaḍramī al-Išbīlī
Tārīḫ
Dīwān al-mubtadā wa-l-ḫabar fī tārīḫ al-ʿArab wa al-barbar wa man ʿāṣarahum min ḏawī al-šaʾn al-akbar
Ibn Ḫaldūn
Wālī al-dīn Abū Zayd ʿAbd al-Raḥmān b. Muḥammad b. Muḥammad b. Abī Bakr Muḥammad b. al-Ḥasan b. Ḫaldūn al-Ḥaḍramī al-Išbīlī
al-Ġuzulī
ʿAlāʾ al-Dīn  ʿAlī b. ʿAbd Allāh al-Bahāʾī al-Dimašqī al-Ġuzulī
Ibn al-Šiḥnaŧ
Muḥibb al-Dīn Abū al-Walīd Muḥammad b. Muḥammad  b. Muḥammad b. Maḥmūd b. Ġāzī b. Ayyūb b. Maḥmūd b. al-Ḫatlū b. al-Šiḥnaŧ al-Ḥalabī al-Ḥanafī
Ibn al-Šiḥnaŧ
Muḥibb al-Dīn Abū al-Walīd Muḥammad b. Muḥammad  b. Muḥammad b. Maḥmūd b. Ġāzī b. Ayyūb b. Maḥmūd b. al-Ḫatlū b. al-Šiḥnaŧ al-Ḥalabī al-Ḥanafī
Ibn al-Šiḥnaŧ
Muḥibb al-Dīn Abū al-Walīd Muḥammad b. Muḥammad  b. Muḥammad b. Maḥmūd b. Ġāzī b. Ayyūb b. Maḥmūd b. al-Ḫatlū b. al-Šiḥnaŧ al-Ḥalabī al-Ḥanafī
al-Qalqašandī, al-Fazārīو al-Šāfiʿī
Šihāb al-dīn Abū al-ʿAbbās Aḥmad b. ʿAlī b. Aḥmad b. ʿAbd Allāh al-Qalqašandī
al-Qalqašandī, al-Fazārīو al-Šāfiʿī
Šihāb al-dīn Abū al-ʿAbbās Aḥmad b. ʿAlī b. Aḥmad b. ʿAbd Allāh al-Qalqašandī
al-Qalqašandī, al-Fazārīو al-Šāfiʿī
Šihāb al-dīn Abū al-ʿAbbās Aḥmad b. ʿAlī b. Aḥmad b. ʿAbd Allāh al-Qalqašandī
Nihāyaŧ al-arab fī maʿrifaŧ ansāb al-ʿarab
al-Qalqašandī, al-Fazārīو al-Šāfiʿī
Šihāb al-dīn Abū al-ʿAbbās Aḥmad b. ʿAlī b. Aḥmad b. ʿAbd Allāh al-Qalqašandī
Qalāʾid al-ǧumān fī al-taʿrīf bi-qabāʾil ʿarab al-zamān
al-Qalqašandī, al-Fazārīو al-Šāfiʿī
Šihāb al-dīn Abū al-ʿAbbās Aḥmad b. ʿAlī b. Aḥmad b. ʿAbd Allāh al-Qalqašandī
Qalāʾid al-ǧumān fī al-taʿrīf bi-qabāʾil ʿarab al-zamān
al-Qalqašandī, al-Fazārīو al-Šāfiʿī
Šihāb al-dīn Abū al-ʿAbbās Aḥmad b. ʿAlī b. Aḥmad b. ʿAbd Allāh al-Qalqašandī
Ṣubḥ al-aʿšá fī ṣināʿaŧ al-inšāʾ
al-Qalqašandī, al-Fazārīو al-Šāfiʿī
Šihāb al-dīn Abū al-ʿAbbās Aḥmad b. ʿAlī b. Aḥmad b. ʿAbd Allāh al-Qalqašandī
Ṣubḥ al-aʿšá fī ṣināʿaŧ al-inšāʾ
al-Qalqašandī, al-Fazārīو al-Šāfiʿī
Šihāb al-dīn Abū al-ʿAbbās Aḥmad b. ʿAlī b. Aḥmad b. ʿAbd Allāh al-Qalqašandī
Ibn Nāṣir al-dīn
Šams al-dīn  Muḥammad b. Abī Bakr ʿAbd Al-lảh b. Muḥammad b. Aḥmad b. Muǧāhid al-Qaysī al-Dimašqī al-Šāfiʿī
Ibn Nāṣir al-dīn
Šams al-dīn  Muḥammad b. Abī Bakr ʿAbd Al-lảh b. Muḥammad b. Aḥmad b. Muǧāhid al-Qaysī al-Dimašqī al-Šāfiʿī
Ibn Nāṣir al-dīn
Šams al-dīn  Muḥammad b. Abī Bakr ʿAbd Al-lảh b. Muḥammad b. Aḥmad b. Muǧāhid al-Qaysī al-Dimašqī al-Šāfiʿī
Ibn Nāṣir al-dīn
Šams al-dīn  Muḥammad b. Abī Bakr ʿAbd Al-lảh b. Muḥammad b. Aḥmad b. Muǧāhid al-Qaysī al-Dimašqī al-Šāfiʿī
Ibn Nāṣir al-dīn
Šams al-dīn  Muḥammad b. Abī Bakr ʿAbd Al-lảh b. Muḥammad b. Aḥmad b. Muǧāhid al-Qaysī al-Dimašqī al-Šāfiʿī
Ibn Nāṣir al-dīn
Šams al-dīn  Muḥammad b. Abī Bakr ʿAbd Al-lảh b. Muḥammad b. Aḥmad b. Muǧāhid al-Qaysī al-Dimašqī al-Šāfiʿī
Ibn Nāṣir al-dīn
Šams al-dīn  Muḥammad b. Abī Bakr ʿAbd Al-lảh b. Muḥammad b. Aḥmad b. Muǧāhid al-Qaysī al-Dimašqī al-Šāfiʿī
Ibn Nāṣir al-dīn
Šams al-dīn  Muḥammad b. Abī Bakr ʿAbd Al-lảh b. Muḥammad b. Aḥmad b. Muǧāhid al-Qaysī al-Dimašqī al-Šāfiʿī
Ibn Nāṣir al-dīn
Šams al-dīn  Muḥammad b. Abī Bakr ʿAbd Al-lảh b. Muḥammad b. Aḥmad b. Muǧāhid al-Qaysī al-Dimašqī al-Šāfiʿī
Ibn Nāṣir al-dīn
Šams al-dīn  Muḥammad b. Abī Bakr ʿAbd Al-lảh b. Muḥammad b. Aḥmad b. Muǧāhid al-Qaysī al-Dimašqī al-Šāfiʿī
Ibn Nāṣir al-dīn
Šams al-dīn  Muḥammad b. Abī Bakr ʿAbd Al-lảh b. Muḥammad b. Aḥmad b. Muǧāhid al-Qaysī al-Dimašqī al-Šāfiʿī
Ibn Nāṣir al-dīn
Šams al-dīn  Muḥammad b. Abī Bakr ʿAbd Al-lảh b. Muḥammad b. Aḥmad b. Muǧāhid al-Qaysī al-Dimašqī al-Šāfiʿī
Ibn Nāṣir al-dīn
Šams al-dīn  Muḥammad b. Abī Bakr ʿAbd Al-lảh b. Muḥammad b. Aḥmad b. Muǧāhid al-Qaysī al-Dimašqī al-Šāfiʿī
Ibn Nāṣir al-dīn
Šams al-dīn  Muḥammad b. Abī Bakr ʿAbd Al-lảh b. Muḥammad b. Aḥmad b. Muǧāhid al-Qaysī al-Dimašqī al-Šāfiʿī
Ibn Nāṣir al-dīn
Šams al-dīn  Muḥammad b. Abī Bakr ʿAbd Al-lảh b. Muḥammad b. Aḥmad b. Muǧāhid al-Qaysī al-Dimašqī al-Šāfiʿī
Ibn Nāṣir al-dīn
Šams al-dīn  Muḥammad b. Abī Bakr ʿAbd Al-lảh b. Muḥammad b. Aḥmad b. Muǧāhid al-Qaysī al-Dimašqī al-Šāfiʿī
Ibn Nāṣir al-dīn
Šams al-dīn  Muḥammad b. Abī Bakr ʿAbd Al-lảh b. Muḥammad b. Aḥmad b. Muǧāhid al-Qaysī al-Dimašqī al-Šāfiʿī
Ibn Nāṣir al-dīn
Šams al-dīn  Muḥammad b. Abī Bakr ʿAbd Al-lảh b. Muḥammad b. Aḥmad b. Muǧāhid al-Qaysī al-Dimašqī al-Šāfiʿī
Ibn Nāṣir al-dīn
Šams al-dīn  Muḥammad b. Abī Bakr ʿAbd Al-lảh b. Muḥammad b. Aḥmad b. Muǧāhid al-Qaysī al-Dimašqī al-Šāfiʿī
Ibn Nāṣir al-dīn
Šams al-dīn  Muḥammad b. Abī Bakr ʿAbd Al-lảh b. Muḥammad b. Aḥmad b. Muǧāhid al-Qaysī al-Dimašqī al-Šāfiʿī
al-Radd al-wāfir ʿalá man zaʿama bi-anna man sammá Ibn Taymiyyaŧ šayḫ al-Islām kāfir
Ibn Nāṣir al-dīn
Šams al-dīn  Muḥammad b. Abī Bakr ʿAbd Al-lảh b. Muḥammad b. Aḥmad b. Muǧāhid al-Qaysī al-Dimašqī al-Šāfiʿī
al-Radd al-wāfir ʿalá man zaʿama bi-anna man sammá Ibn Taymiyyaŧ šayḫ al-Islām kāfir
Ibn Nāṣir al-dīn
Šams al-dīn  Muḥammad b. Abī Bakr ʿAbd Al-lảh b. Muḥammad b. Aḥmad b. Muǧāhid al-Qaysī al-Dimašqī al-Šāfiʿī
Ibn Nāṣir al-dīn
Šams al-dīn  Muḥammad b. Abī Bakr ʿAbd Al-lảh b. Muḥammad b. Aḥmad b. Muǧāhid al-Qaysī al-Dimašqī al-Šāfiʿī
Ibn Nāṣir al-dīn
Šams al-dīn  Muḥammad b. Abī Bakr ʿAbd Al-lảh b. Muḥammad b. Aḥmad b. Muǧāhid al-Qaysī al-Dimašqī al-Šāfiʿī
Ibn Nāṣir al-dīn
Šams al-dīn  Muḥammad b. Abī Bakr ʿAbd Al-lảh b. Muḥammad b. Aḥmad b. Muǧāhid al-Qaysī al-Dimašqī al-Šāfiʿī
Ibn Nāṣir al-dīn
Šams al-dīn  Muḥammad b. Abī Bakr ʿAbd Al-lảh b. Muḥammad b. Aḥmad b. Muǧāhid al-Qaysī al-Dimašqī al-Šāfiʿī
Ibn Nāṣir al-dīn
Šams al-dīn  Muḥammad b. Abī Bakr ʿAbd Al-lảh b. Muḥammad b. Aḥmad b. Muǧāhid al-Qaysī al-Dimašqī al-Šāfiʿī
Ibn Nāṣir al-dīn
Šams al-dīn  Muḥammad b. Abī Bakr ʿAbd Al-lảh b. Muḥammad b. Aḥmad b. Muǧāhid al-Qaysī al-Dimašqī al-Šāfiʿī
Ibn Nāṣir al-dīn
Šams al-dīn  Muḥammad b. Abī Bakr ʿAbd Al-lảh b. Muḥammad b. Aḥmad b. Muǧāhid al-Qaysī al-Dimašqī al-Šāfiʿī
Ibn Nāṣir al-dīn
Šams al-dīn  Muḥammad b. Abī Bakr ʿAbd Al-lảh b. Muḥammad b. Aḥmad b. Muǧāhid al-Qaysī al-Dimašqī al-Šāfiʿī
al-Maqrīzī
Taqī al-dīn Abū al-ʿAbbās Aḥmad b. ʿAlī b. ʿAbd al-Qādir al-ʿUbaydī, al-Maqrīzī
al-Maqrīzī
Taqī al-dīn Abū al-ʿAbbās Aḥmad b. ʿAlī b. ʿAbd al-Qādir al-ʿUbaydī, al-Maqrīzī
al-Maqrīzī
Taqī al-dīn Abū al-ʿAbbās Aḥmad b. ʿAlī b. ʿAbd al-Qādir al-ʿUbaydī, al-Maqrīzī
al-Maqrīzī
Taqī al-dīn Abū al-ʿAbbās Aḥmad b. ʿAlī b. ʿAbd al-Qādir al-ʿUbaydī, al-Maqrīzī
al-Maqrīzī
Taqī al-dīn Abū al-ʿAbbās Aḥmad b. ʿAlī b. ʿAbd al-Qādir al-ʿUbaydī, al-Maqrīzī
al-Maqrīzī
Taqī al-dīn Abū al-ʿAbbās Aḥmad b. ʿAlī b. ʿAbd al-Qādir al-ʿUbaydī, al-Maqrīzī
al-Maqrīzī
Taqī al-dīn Abū al-ʿAbbās Aḥmad b. ʿAlī b. ʿAbd al-Qādir al-ʿUbaydī, al-Maqrīzī
al-Maqrīzī
Taqī al-dīn Abū al-ʿAbbās Aḥmad b. ʿAlī b. ʿAbd al-Qādir al-ʿUbaydī, al-Maqrīzī
al-Maqrīzī
Taqī al-dīn Abū al-ʿAbbās Aḥmad b. ʿAlī b. ʿAbd al-Qādir al-ʿUbaydī, al-Maqrīzī
al-Maqrīzī
Taqī al-dīn Abū al-ʿAbbās Aḥmad b. ʿAlī b. ʿAbd al-Qādir al-ʿUbaydī, al-Maqrīzī
al-Maqrīzī
Taqī al-dīn Abū al-ʿAbbās Aḥmad b. ʿAlī b. ʿAbd al-Qādir al-ʿUbaydī, al-Maqrīzī
al-Maqrīzī
Taqī al-dīn Abū al-ʿAbbās Aḥmad b. ʿAlī b. ʿAbd al-Qādir al-ʿUbaydī, al-Maqrīzī
al-Maqrīzī
Taqī al-dīn Abū al-ʿAbbās Aḥmad b. ʿAlī b. ʿAbd al-Qādir al-ʿUbaydī, al-Maqrīzī
al-Maqrīzī
Taqī al-dīn Abū al-ʿAbbās Aḥmad b. ʿAlī b. ʿAbd al-Qādir al-ʿUbaydī, al-Maqrīzī
al-Maqrīzī
Taqī al-dīn Abū al-ʿAbbās Aḥmad b. ʿAlī b. ʿAbd al-Qādir al-ʿUbaydī, al-Maqrīzī
al-Maqrīzī
Taqī al-dīn Abū al-ʿAbbās Aḥmad b. ʿAlī b. ʿAbd al-Qādir al-ʿUbaydī, al-Maqrīzī
al-Maqrīzī
Taqī al-dīn Abū al-ʿAbbās Aḥmad b. ʿAlī b. ʿAbd al-Qādir al-ʿUbaydī, al-Maqrīzī
al-Maqrīzī
Taqī al-dīn Abū al-ʿAbbās Aḥmad b. ʿAlī b. ʿAbd al-Qādir al-ʿUbaydī, al-Maqrīzī
al-Maqrīzī
Taqī al-dīn Abū al-ʿAbbās Aḥmad b. ʿAlī b. ʿAbd al-Qādir al-ʿUbaydī, al-Maqrīzī
al-Maqrīzī
Taqī al-dīn Abū al-ʿAbbās Aḥmad b. ʿAlī b. ʿAbd al-Qādir al-ʿUbaydī, al-Maqrīzī
al-Maqrīzī
Taqī al-dīn Abū al-ʿAbbās Aḥmad b. ʿAlī b. ʿAbd al-Qādir al-ʿUbaydī, al-Maqrīzī
al-Maqrīzī
Taqī al-dīn Abū al-ʿAbbās Aḥmad b. ʿAlī b. ʿAbd al-Qādir al-ʿUbaydī, al-Maqrīzī
al-Maqrīzī
Taqī al-dīn Abū al-ʿAbbās Aḥmad b. ʿAlī b. ʿAbd al-Qādir al-ʿUbaydī, al-Maqrīzī
al-Maqrīzī
Taqī al-dīn Abū al-ʿAbbās Aḥmad b. ʿAlī b. ʿAbd al-Qādir al-ʿUbaydī, al-Maqrīzī
al-Maqrīzī
Taqī al-dīn Abū al-ʿAbbās Aḥmad b. ʿAlī b. ʿAbd al-Qādir al-ʿUbaydī, al-Maqrīzī
al-Maqrīzī
Taqī al-dīn Abū al-ʿAbbās Aḥmad b. ʿAlī b. ʿAbd al-Qādir al-ʿUbaydī, al-Maqrīzī
al-Maqrīzī
Taqī al-dīn Abū al-ʿAbbās Aḥmad b. ʿAlī b. ʿAbd al-Qādir al-ʿUbaydī, al-Maqrīzī
al-Maqrīzī
Taqī al-dīn Abū al-ʿAbbās Aḥmad b. ʿAlī b. ʿAbd al-Qādir al-ʿUbaydī, al-Maqrīzī
al-Maqrīzī
Taqī al-dīn Abū al-ʿAbbās Aḥmad b. ʿAlī b. ʿAbd al-Qādir al-ʿUbaydī, al-Maqrīzī
al-Maqrīzī
Taqī al-dīn Abū al-ʿAbbās Aḥmad b. ʿAlī b. ʿAbd al-Qādir al-ʿUbaydī, al-Maqrīzī
al-Maqrīzī
Taqī al-dīn Abū al-ʿAbbās Aḥmad b. ʿAlī b. ʿAbd al-Qādir al-ʿUbaydī, al-Maqrīzī
al-Sulūk li-maʿrifaŧ duwal al-mulūk
al-Maqrīzī
Taqī al-dīn Abū al-ʿAbbās Aḥmad b. ʿAlī b. ʿAbd al-Qādir al-ʿUbaydī, al-Maqrīzī
al-Sulūk li-maʿrifaŧ duwal al-mulūk
al-Maqrīzī
Taqī al-dīn Abū al-ʿAbbās Aḥmad b. ʿAlī b. ʿAbd al-Qādir al-ʿUbaydī, al-Maqrīzī
al-Sulūk li-maʿrifaŧ duwal al-mulūk
al-Maqrīzī
Taqī al-dīn Abū al-ʿAbbās Aḥmad b. ʿAlī b. ʿAbd al-Qādir al-ʿUbaydī, al-Maqrīzī
al-Maqrīzī
Taqī al-dīn Abū al-ʿAbbās Aḥmad b. ʿAlī b. ʿAbd al-Qādir al-ʿUbaydī, al-Maqrīzī
Ibn ḥaǧar al-ʿAsqalānī
Šihāb al-dīn Abū al-faḍl Aḥmad b. ʿAlī b. Muḥammad b. ḥaǧar al-ʿAsqalānī, al-Šāfiʿī
Ibn ḥaǧar al-ʿAsqalānī
Šihāb al-dīn Abū al-faḍl Aḥmad b. ʿAlī b. Muḥammad b. ḥaǧar al-ʿAsqalānī, al-Šāfiʿī
Ibn ḥaǧar al-ʿAsqalānī
Šihāb al-dīn Abū al-faḍl Aḥmad b. ʿAlī b. Muḥammad b. ḥaǧar al-ʿAsqalānī, al-Šāfiʿī
Ibn ḥaǧar al-ʿAsqalānī
Šihāb al-dīn Abū al-faḍl Aḥmad b. ʿAlī b. Muḥammad b. ḥaǧar al-ʿAsqalānī, al-Šāfiʿī
Ibn ḥaǧar al-ʿAsqalānī
Šihāb al-dīn Abū al-faḍl Aḥmad b. ʿAlī b. Muḥammad b. ḥaǧar al-ʿAsqalānī, al-Šāfiʿī
Ibn ḥaǧar al-ʿAsqalānī
Šihāb al-dīn Abū al-faḍl Aḥmad b. ʿAlī b. Muḥammad b. ḥaǧar al-ʿAsqalānī, al-Šāfiʿī
Ibn ḥaǧar al-ʿAsqalānī
Šihāb al-dīn Abū al-faḍl Aḥmad b. ʿAlī b. Muḥammad b. ḥaǧar al-ʿAsqalānī, al-Šāfiʿī
Ibn ḥaǧar al-ʿAsqalānī
Šihāb al-dīn Abū al-faḍl Aḥmad b. ʿAlī b. Muḥammad b. ḥaǧar al-ʿAsqalānī, al-Šāfiʿī
Ibn ḥaǧar al-ʿAsqalānī
Šihāb al-dīn Abū al-faḍl Aḥmad b. ʿAlī b. Muḥammad b. ḥaǧar al-ʿAsqalānī, al-Šāfiʿī
Ibn ḥaǧar al-ʿAsqalānī
Šihāb al-dīn Abū al-faḍl Aḥmad b. ʿAlī b. Muḥammad b. ḥaǧar al-ʿAsqalānī, al-Šāfiʿī
Ibn ḥaǧar al-ʿAsqalānī
Šihāb al-dīn Abū al-faḍl Aḥmad b. ʿAlī b. Muḥammad b. ḥaǧar al-ʿAsqalānī, al-Šāfiʿī
Ibn ḥaǧar al-ʿAsqalānī
Šihāb al-dīn Abū al-faḍl Aḥmad b. ʿAlī b. Muḥammad b. ḥaǧar al-ʿAsqalānī, al-Šāfiʿī
Ibn ḥaǧar al-ʿAsqalānī
Šihāb al-dīn Abū al-faḍl Aḥmad b. ʿAlī b. Muḥammad b. ḥaǧar al-ʿAsqalānī, al-Šāfiʿī
Ibn ḥaǧar al-ʿAsqalānī
Šihāb al-dīn Abū al-faḍl Aḥmad b. ʿAlī b. Muḥammad b. ḥaǧar al-ʿAsqalānī, al-Šāfiʿī
Ibn ḥaǧar al-ʿAsqalānī
Šihāb al-dīn Abū al-faḍl Aḥmad b. ʿAlī b. Muḥammad b. ḥaǧar al-ʿAsqalānī, al-Šāfiʿī
Ibn ḥaǧar al-ʿAsqalānī
Šihāb al-dīn Abū al-faḍl Aḥmad b. ʿAlī b. Muḥammad b. ḥaǧar al-ʿAsqalānī, al-Šāfiʿī
Ibn ḥaǧar al-ʿAsqalānī
Šihāb al-dīn Abū al-faḍl Aḥmad b. ʿAlī b. Muḥammad b. ḥaǧar al-ʿAsqalānī, al-Šāfiʿī
Ibn ḥaǧar al-ʿAsqalānī
Šihāb al-dīn Abū al-faḍl Aḥmad b. ʿAlī b. Muḥammad b. ḥaǧar al-ʿAsqalānī, al-Šāfiʿī
Ibn ḥaǧar al-ʿAsqalānī
Šihāb al-dīn Abū al-faḍl Aḥmad b. ʿAlī b. Muḥammad b. ḥaǧar al-ʿAsqalānī, al-Šāfiʿī
Ibn ḥaǧar al-ʿAsqalānī
Šihāb al-dīn Abū al-faḍl Aḥmad b. ʿAlī b. Muḥammad b. ḥaǧar al-ʿAsqalānī, al-Šāfiʿī
Ibn ḥaǧar al-ʿAsqalānī
Šihāb al-dīn Abū al-faḍl Aḥmad b. ʿAlī b. Muḥammad b. ḥaǧar al-ʿAsqalānī, al-Šāfiʿī
Ibn ḥaǧar al-ʿAsqalānī
Šihāb al-dīn Abū al-faḍl Aḥmad b. ʿAlī b. Muḥammad b. ḥaǧar al-ʿAsqalānī, al-Šāfiʿī
Ibn ḥaǧar al-ʿAsqalānī
Šihāb al-dīn Abū al-faḍl Aḥmad b. ʿAlī b. Muḥammad b. ḥaǧar al-ʿAsqalānī, al-Šāfiʿī
Ibn ḥaǧar al-ʿAsqalānī
Šihāb al-dīn Abū al-faḍl Aḥmad b. ʿAlī b. Muḥammad b. ḥaǧar al-ʿAsqalānī, al-Šāfiʿī
Ibn ḥaǧar al-ʿAsqalānī
Šihāb al-dīn Abū al-faḍl Aḥmad b. ʿAlī b. Muḥammad b. ḥaǧar al-ʿAsqalānī, al-Šāfiʿī
al-Durar al-kāminaŧ fī aʿyān al-māʾaŧ al-ṯāminaŧ
Ibn ḥaǧar al-ʿAsqalānī
Šihāb al-dīn Abū al-faḍl Aḥmad b. ʿAlī b. Muḥammad b. ḥaǧar al-ʿAsqalānī, al-Šāfiʿī
al-Durar al-kāminaŧ fī aʿyān al-māʾaŧ al-ṯāminaŧ
Ibn ḥaǧar al-ʿAsqalānī
Šihāb al-dīn Abū al-faḍl Aḥmad b. ʿAlī b. Muḥammad b. ḥaǧar al-ʿAsqalānī, al-Šāfiʿī
al-Durar al-kāminaŧ fī aʿyān al-māʾaŧ al-ṯāminaŧ
Ibn ḥaǧar al-ʿAsqalānī
Šihāb al-dīn Abū al-faḍl Aḥmad b. ʿAlī b. Muḥammad b. ḥaǧar al-ʿAsqalānī, al-Šāfiʿī
Ibn ḥaǧar al-ʿAsqalānī
Šihāb al-dīn Abū al-faḍl Aḥmad b. ʿAlī b. Muḥammad b. ḥaǧar al-ʿAsqalānī, al-Šāfiʿī
Ibn ḥaǧar al-ʿAsqalānī
Šihāb al-dīn Abū al-faḍl Aḥmad b. ʿAlī b. Muḥammad b. ḥaǧar al-ʿAsqalānī, al-Šāfiʿī
Ibn ḥaǧar al-ʿAsqalānī
Šihāb al-dīn Abū al-faḍl Aḥmad b. ʿAlī b. Muḥammad b. ḥaǧar al-ʿAsqalānī, al-Šāfiʿī
Ibn ḥaǧar al-ʿAsqalānī
Šihāb al-dīn Abū al-faḍl Aḥmad b. ʿAlī b. Muḥammad b. ḥaǧar al-ʿAsqalānī, al-Šāfiʿī
Ibn ḥaǧar al-ʿAsqalānī
Šihāb al-dīn Abū al-faḍl Aḥmad b. ʿAlī b. Muḥammad b. ḥaǧar al-ʿAsqalānī, al-Šāfiʿī
Ibn ḥaǧar al-ʿAsqalānī
Šihāb al-dīn Abū al-faḍl Aḥmad b. ʿAlī b. Muḥammad b. ḥaǧar al-ʿAsqalānī, al-Šāfiʿī
Ibn ḥaǧar al-ʿAsqalānī
Šihāb al-dīn Abū al-faḍl Aḥmad b. ʿAlī b. Muḥammad b. ḥaǧar al-ʿAsqalānī, al-Šāfiʿī
Ibn ḥaǧar al-ʿAsqalānī
Šihāb al-dīn Abū al-faḍl Aḥmad b. ʿAlī b. Muḥammad b. ḥaǧar al-ʿAsqalānī, al-Šāfiʿī
Ibn ḥaǧar al-ʿAsqalānī
Šihāb al-dīn Abū al-faḍl Aḥmad b. ʿAlī b. Muḥammad b. ḥaǧar al-ʿAsqalānī, al-Šāfiʿī
Ibn ḥaǧar al-ʿAsqalānī
Šihāb al-dīn Abū al-faḍl Aḥmad b. ʿAlī b. Muḥammad b. ḥaǧar al-ʿAsqalānī, al-Šāfiʿī
Ibn ḥaǧar al-ʿAsqalānī
Šihāb al-dīn Abū al-faḍl Aḥmad b. ʿAlī b. Muḥammad b. ḥaǧar al-ʿAsqalānī, al-Šāfiʿī
al-Iṣābaŧ fī tamyīz al-ṣaḥābaŧ
Ibn ḥaǧar al-ʿAsqalānī
Šihāb al-dīn Abū al-faḍl Aḥmad b. ʿAlī b. Muḥammad b. ḥaǧar al-ʿAsqalānī, al-Šāfiʿī
al-Iṣābaŧ fī tamyīz al-ṣaḥābaŧ
Ibn ḥaǧar al-ʿAsqalānī
Šihāb al-dīn Abū al-faḍl Aḥmad b. ʿAlī b. Muḥammad b. ḥaǧar al-ʿAsqalānī, al-Šāfiʿī
al-Iṣābaŧ fī tamyīz al-ṣaḥābaŧ
Ibn ḥaǧar al-ʿAsqalānī
Šihāb al-dīn Abū al-faḍl Aḥmad b. ʿAlī b. Muḥammad b. ḥaǧar al-ʿAsqalānī, al-Šāfiʿī
al-Iṣābaŧ fī tamyīz al-ṣaḥābaŧ
Ibn ḥaǧar al-ʿAsqalānī
Šihāb al-dīn Abū al-faḍl Aḥmad b. ʿAlī b. Muḥammad b. ḥaǧar al-ʿAsqalānī, al-Šāfiʿī
al-Iṣābaŧ fī tamyīz al-ṣaḥābaŧ
Ibn ḥaǧar al-ʿAsqalānī
Šihāb al-dīn Abū al-faḍl Aḥmad b. ʿAlī b. Muḥammad b. ḥaǧar al-ʿAsqalānī, al-Šāfiʿī
al-Iṣābaŧ fī tamyīz al-ṣaḥābaŧ
Ibn ḥaǧar al-ʿAsqalānī
Šihāb al-dīn Abū al-faḍl Aḥmad b. ʿAlī b. Muḥammad b. ḥaǧar al-ʿAsqalānī, al-Šāfiʿī
Ibn ḥaǧar al-ʿAsqalānī
Šihāb al-dīn Abū al-faḍl Aḥmad b. ʿAlī b. Muḥammad b. ḥaǧar al-ʿAsqalānī, al-Šāfiʿī
al-Īṯār bi-maʿrifaŧ ruwāŧ al-āṯār
Ibn ḥaǧar al-ʿAsqalānī
Šihāb al-dīn Abū al-faḍl Aḥmad b. ʿAlī b. Muḥammad b. ḥaǧar al-ʿAsqalānī, al-Šāfiʿī
al-Īṯār bi-maʿrifaŧ ruwāŧ al-āṯār
Ibn ḥaǧar al-ʿAsqalānī
Šihāb al-dīn Abū al-faḍl Aḥmad b. ʿAlī b. Muḥammad b. ḥaǧar al-ʿAsqalānī, al-Šāfiʿī
Ibn ḥaǧar al-ʿAsqalānī
Šihāb al-dīn Abū al-faḍl Aḥmad b. ʿAlī b. Muḥammad b. ḥaǧar al-ʿAsqalānī, al-Šāfiʿī
Ibn ḥaǧar al-ʿAsqalānī
Šihāb al-dīn Abū al-faḍl Aḥmad b. ʿAlī b. Muḥammad b. ḥaǧar al-ʿAsqalānī, al-Šāfiʿī
Ibn ḥaǧar al-ʿAsqalānī
Šihāb al-dīn Abū al-faḍl Aḥmad b. ʿAlī b. Muḥammad b. ḥaǧar al-ʿAsqalānī, al-Šāfiʿī
Ibn ḥaǧar al-ʿAsqalānī
Šihāb al-dīn Abū al-faḍl Aḥmad b. ʿAlī b. Muḥammad b. ḥaǧar al-ʿAsqalānī, al-Šāfiʿī
Ibn ḥaǧar al-ʿAsqalānī
Šihāb al-dīn Abū al-faḍl Aḥmad b. ʿAlī b. Muḥammad b. ḥaǧar al-ʿAsqalānī, al-Šāfiʿī
Ibn ḥaǧar al-ʿAsqalānī
Šihāb al-dīn Abū al-faḍl Aḥmad b. ʿAlī b. Muḥammad b. ḥaǧar al-ʿAsqalānī, al-Šāfiʿī
Ibn ḥaǧar al-ʿAsqalānī
Šihāb al-dīn Abū al-faḍl Aḥmad b. ʿAlī b. Muḥammad b. ḥaǧar al-ʿAsqalānī, al-Šāfiʿī
Ibn ḥaǧar al-ʿAsqalānī
Šihāb al-dīn Abū al-faḍl Aḥmad b. ʿAlī b. Muḥammad b. ḥaǧar al-ʿAsqalānī, al-Šāfiʿī
Ibn ḥaǧar al-ʿAsqalānī
Šihāb al-dīn Abū al-faḍl Aḥmad b. ʿAlī b. Muḥammad b. ḥaǧar al-ʿAsqalānī, al-Šāfiʿī
Ibn ḥaǧar al-ʿAsqalānī
Šihāb al-dīn Abū al-faḍl Aḥmad b. ʿAlī b. Muḥammad b. ḥaǧar al-ʿAsqalānī, al-Šāfiʿī
Ibn ḥaǧar al-ʿAsqalānī
Šihāb al-dīn Abū al-faḍl Aḥmad b. ʿAlī b. Muḥammad b. ḥaǧar al-ʿAsqalānī, al-Šāfiʿī
Ibn ḥaǧar al-ʿAsqalānī
Šihāb al-dīn Abū al-faḍl Aḥmad b. ʿAlī b. Muḥammad b. ḥaǧar al-ʿAsqalānī, al-Šāfiʿī
Ibn ḥaǧar al-ʿAsqalānī
Šihāb al-dīn Abū al-faḍl Aḥmad b. ʿAlī b. Muḥammad b. ḥaǧar al-ʿAsqalānī, al-Šāfiʿī
Ibn ḥaǧar al-ʿAsqalānī
Šihāb al-dīn Abū al-faḍl Aḥmad b. ʿAlī b. Muḥammad b. ḥaǧar al-ʿAsqalānī, al-Šāfiʿī
Lisān al-mīzān
Ibn ḥaǧar al-ʿAsqalānī
Šihāb al-dīn Abū al-faḍl Aḥmad b. ʿAlī b. Muḥammad b. ḥaǧar al-ʿAsqalānī, al-Šāfiʿī
Lisān al-mīzān
Ibn ḥaǧar al-ʿAsqalānī
Šihāb al-dīn Abū al-faḍl Aḥmad b. ʿAlī b. Muḥammad b. ḥaǧar al-ʿAsqalānī, al-Šāfiʿī
Lisān al-mīzān
Ibn ḥaǧar al-ʿAsqalānī
Šihāb al-dīn Abū al-faḍl Aḥmad b. ʿAlī b. Muḥammad b. ḥaǧar al-ʿAsqalānī, al-Šāfiʿī
Lisān al-mīzān
Ibn ḥaǧar al-ʿAsqalānī
Šihāb al-dīn Abū al-faḍl Aḥmad b. ʿAlī b. Muḥammad b. ḥaǧar al-ʿAsqalānī, al-Šāfiʿī
Ibn ḥaǧar al-ʿAsqalānī
Šihāb al-dīn Abū al-faḍl Aḥmad b. ʿAlī b. Muḥammad b. ḥaǧar al-ʿAsqalānī, al-Šāfiʿī
Ibn ḥaǧar al-ʿAsqalānī
Šihāb al-dīn Abū al-faḍl Aḥmad b. ʿAlī b. Muḥammad b. ḥaǧar al-ʿAsqalānī, al-Šāfiʿī
Ibn ḥaǧar al-ʿAsqalānī
Šihāb al-dīn Abū al-faḍl Aḥmad b. ʿAlī b. Muḥammad b. ḥaǧar al-ʿAsqalānī, al-Šāfiʿī
Ibn ḥaǧar al-ʿAsqalānī
Šihāb al-dīn Abū al-faḍl Aḥmad b. ʿAlī b. Muḥammad b. ḥaǧar al-ʿAsqalānī, al-Šāfiʿī
Ibn ḥaǧar al-ʿAsqalānī
Šihāb al-dīn Abū al-faḍl Aḥmad b. ʿAlī b. Muḥammad b. ḥaǧar al-ʿAsqalānī, al-Šāfiʿī
Ibn ḥaǧar al-ʿAsqalānī
Šihāb al-dīn Abū al-faḍl Aḥmad b. ʿAlī b. Muḥammad b. ḥaǧar al-ʿAsqalānī, al-Šāfiʿī
Ibn ḥaǧar al-ʿAsqalānī
Šihāb al-dīn Abū al-faḍl Aḥmad b. ʿAlī b. Muḥammad b. ḥaǧar al-ʿAsqalānī, al-Šāfiʿī
al-Muʿǧam al-mufahras
Taǧrīd asānīd al-kutub al-mašhūraŧ wa-l-aǧzāʾ al-manṯūraŧ
Ibn ḥaǧar al-ʿAsqalānī
Šihāb al-dīn Abū al-faḍl Aḥmad b. ʿAlī b. Muḥammad b. ḥaǧar al-ʿAsqalānī, al-Šāfiʿī
al-Muʿǧam al-mufahras
Taǧrīd asānīd al-kutub al-mašhūraŧ wa-l-aǧzāʾ al-manṯūraŧ
Ibn ḥaǧar al-ʿAsqalānī
Šihāb al-dīn Abū al-faḍl Aḥmad b. ʿAlī b. Muḥammad b. ḥaǧar al-ʿAsqalānī, al-Šāfiʿī
Ibn ḥaǧar al-ʿAsqalānī
Šihāb al-dīn Abū al-faḍl Aḥmad b. ʿAlī b. Muḥammad b. ḥaǧar al-ʿAsqalānī, al-Šāfiʿī
Ibn ḥaǧar al-ʿAsqalānī
Šihāb al-dīn Abū al-faḍl Aḥmad b. ʿAlī b. Muḥammad b. ḥaǧar al-ʿAsqalānī, al-Šāfiʿī
Ibn ḥaǧar al-ʿAsqalānī
Šihāb al-dīn Abū al-faḍl Aḥmad b. ʿAlī b. Muḥammad b. ḥaǧar al-ʿAsqalānī, al-Šāfiʿī
Ibn ḥaǧar al-ʿAsqalānī
Šihāb al-dīn Abū al-faḍl Aḥmad b. ʿAlī b. Muḥammad b. ḥaǧar al-ʿAsqalānī, al-Šāfiʿī
Ibn ḥaǧar al-ʿAsqalānī
Šihāb al-dīn Abū al-faḍl Aḥmad b. ʿAlī b. Muḥammad b. ḥaǧar al-ʿAsqalānī, al-Šāfiʿī
Ibn ḥaǧar al-ʿAsqalānī
Šihāb al-dīn Abū al-faḍl Aḥmad b. ʿAlī b. Muḥammad b. ḥaǧar al-ʿAsqalānī, al-Šāfiʿī
Ibn ḥaǧar al-ʿAsqalānī
Šihāb al-dīn Abū al-faḍl Aḥmad b. ʿAlī b. Muḥammad b. ḥaǧar al-ʿAsqalānī, al-Šāfiʿī
Ibn ḥaǧar al-ʿAsqalānī
Šihāb al-dīn Abū al-faḍl Aḥmad b. ʿAlī b. Muḥammad b. ḥaǧar al-ʿAsqalānī, al-Šāfiʿī
Ibn ḥaǧar al-ʿAsqalānī
Šihāb al-dīn Abū al-faḍl Aḥmad b. ʿAlī b. Muḥammad b. ḥaǧar al-ʿAsqalānī, al-Šāfiʿī
Ibn ḥaǧar al-ʿAsqalānī
Šihāb al-dīn Abū al-faḍl Aḥmad b. ʿAlī b. Muḥammad b. ḥaǧar al-ʿAsqalānī, al-Šāfiʿī
Ibn ḥaǧar al-ʿAsqalānī
Šihāb al-dīn Abū al-faḍl Aḥmad b. ʿAlī b. Muḥammad b. ḥaǧar al-ʿAsqalānī, al-Šāfiʿī
Ibn ḥaǧar al-ʿAsqalānī
Šihāb al-dīn Abū al-faḍl Aḥmad b. ʿAlī b. Muḥammad b. ḥaǧar al-ʿAsqalānī, al-Šāfiʿī
Ibn ḥaǧar al-ʿAsqalānī
Šihāb al-dīn Abū al-faḍl Aḥmad b. ʿAlī b. Muḥammad b. ḥaǧar al-ʿAsqalānī, al-Šāfiʿī
Ibn ḥaǧar al-ʿAsqalānī
Šihāb al-dīn Abū al-faḍl Aḥmad b. ʿAlī b. Muḥammad b. ḥaǧar al-ʿAsqalānī, al-Šāfiʿī
Ibn ḥaǧar al-ʿAsqalānī
Šihāb al-dīn Abū al-faḍl Aḥmad b. ʿAlī b. Muḥammad b. ḥaǧar al-ʿAsqalānī, al-Šāfiʿī
Ibn ḥaǧar al-ʿAsqalānī
Šihāb al-dīn Abū al-faḍl Aḥmad b. ʿAlī b. Muḥammad b. ḥaǧar al-ʿAsqalānī, al-Šāfiʿī
Nuzhaŧ al-albāb fī al-alqāb
Ibn ḥaǧar al-ʿAsqalānī
Šihāb al-dīn Abū al-faḍl Aḥmad b. ʿAlī b. Muḥammad b. ḥaǧar al-ʿAsqalānī, al-Šāfiʿī
Nuzhaŧ al-albāb fī al-alqāb
Ibn ḥaǧar al-ʿAsqalānī
Šihāb al-dīn Abū al-faḍl Aḥmad b. ʿAlī b. Muḥammad b. ḥaǧar al-ʿAsqalānī, al-Šāfiʿī
Ibn ḥaǧar al-ʿAsqalānī
Šihāb al-dīn Abū al-faḍl Aḥmad b. ʿAlī b. Muḥammad b. ḥaǧar al-ʿAsqalānī, al-Šāfiʿī
Ibn ḥaǧar al-ʿAsqalānī
Šihāb al-dīn Abū al-faḍl Aḥmad b. ʿAlī b. Muḥammad b. ḥaǧar al-ʿAsqalānī, al-Šāfiʿī
Ibn ḥaǧar al-ʿAsqalānī
Šihāb al-dīn Abū al-faḍl Aḥmad b. ʿAlī b. Muḥammad b. ḥaǧar al-ʿAsqalānī, al-Šāfiʿī
Ibn ḥaǧar al-ʿAsqalānī
Šihāb al-dīn Abū al-faḍl Aḥmad b. ʿAlī b. Muḥammad b. ḥaǧar al-ʿAsqalānī, al-Šāfiʿī
Ibn ḥaǧar al-ʿAsqalānī
Šihāb al-dīn Abū al-faḍl Aḥmad b. ʿAlī b. Muḥammad b. ḥaǧar al-ʿAsqalānī, al-Šāfiʿī
Ibn ḥaǧar al-ʿAsqalānī
Šihāb al-dīn Abū al-faḍl Aḥmad b. ʿAlī b. Muḥammad b. ḥaǧar al-ʿAsqalānī, al-Šāfiʿī
Ibn ḥaǧar al-ʿAsqalānī
Šihāb al-dīn Abū al-faḍl Aḥmad b. ʿAlī b. Muḥammad b. ḥaǧar al-ʿAsqalānī, al-Šāfiʿī
Ibn ḥaǧar al-ʿAsqalānī
Šihāb al-dīn Abū al-faḍl Aḥmad b. ʿAlī b. Muḥammad b. ḥaǧar al-ʿAsqalānī, al-Šāfiʿī
Ibn ḥaǧar al-ʿAsqalānī
Šihāb al-dīn Abū al-faḍl Aḥmad b. ʿAlī b. Muḥammad b. ḥaǧar al-ʿAsqalānī, al-Šāfiʿī
Ibn ḥaǧar al-ʿAsqalānī
Šihāb al-dīn Abū al-faḍl Aḥmad b. ʿAlī b. Muḥammad b. ḥaǧar al-ʿAsqalānī, al-Šāfiʿī
Rafʿ al-iṣr ʿan quḍāŧ Miṣr
Ibn ḥaǧar al-ʿAsqalānī
Šihāb al-dīn Abū al-faḍl Aḥmad b. ʿAlī b. Muḥammad b. ḥaǧar al-ʿAsqalānī, al-Šāfiʿī
Rafʿ al-iṣr ʿan quḍāŧ Miṣr
Ibn ḥaǧar al-ʿAsqalānī
Šihāb al-dīn Abū al-faḍl Aḥmad b. ʿAlī b. Muḥammad b. ḥaǧar al-ʿAsqalānī, al-Šāfiʿī
Ibn ḥaǧar al-ʿAsqalānī
Šihāb al-dīn Abū al-faḍl Aḥmad b. ʿAlī b. Muḥammad b. ḥaǧar al-ʿAsqalānī, al-Šāfiʿī
Ibn ḥaǧar al-ʿAsqalānī
Šihāb al-dīn Abū al-faḍl Aḥmad b. ʿAlī b. Muḥammad b. ḥaǧar al-ʿAsqalānī, al-Šāfiʿī
Ibn ḥaǧar al-ʿAsqalānī
Šihāb al-dīn Abū al-faḍl Aḥmad b. ʿAlī b. Muḥammad b. ḥaǧar al-ʿAsqalānī, al-Šāfiʿī
Ibn ḥaǧar al-ʿAsqalānī
Šihāb al-dīn Abū al-faḍl Aḥmad b. ʿAlī b. Muḥammad b. ḥaǧar al-ʿAsqalānī, al-Šāfiʿī
Ibn ḥaǧar al-ʿAsqalānī
Šihāb al-dīn Abū al-faḍl Aḥmad b. ʿAlī b. Muḥammad b. ḥaǧar al-ʿAsqalānī, al-Šāfiʿī
Ibn ḥaǧar al-ʿAsqalānī
Šihāb al-dīn Abū al-faḍl Aḥmad b. ʿAlī b. Muḥammad b. ḥaǧar al-ʿAsqalānī, al-Šāfiʿī
Ibn ḥaǧar al-ʿAsqalānī
Šihāb al-dīn Abū al-faḍl Aḥmad b. ʿAlī b. Muḥammad b. ḥaǧar al-ʿAsqalānī, al-Šāfiʿī
Taʿǧīl al-manfaʿaŧ bi-zawāʾid riǧāl al-aʾimmaŧ al-arbaʿaŧ
Ibn ḥaǧar al-ʿAsqalānī
Šihāb al-dīn Abū al-faḍl Aḥmad b. ʿAlī b. Muḥammad b. ḥaǧar al-ʿAsqalānī, al-Šāfiʿī
Taʿǧīl al-manfaʿaŧ bi-zawāʾid riǧāl al-aʾimmaŧ al-arbaʿaŧ
Ibn ḥaǧar al-ʿAsqalānī
Šihāb al-dīn Abū al-faḍl Aḥmad b. ʿAlī b. Muḥammad b. ḥaǧar al-ʿAsqalānī, al-Šāfiʿī
Taʿǧīl al-manfaʿaŧ bi-zawāʾid riǧāl al-aʾimmaŧ al-arbaʿaŧ
Ibn ḥaǧar al-ʿAsqalānī
Šihāb al-dīn Abū al-faḍl Aḥmad b. ʿAlī b. Muḥammad b. ḥaǧar al-ʿAsqalānī, al-Šāfiʿī
Taʿǧīl al-manfaʿaŧ bi-zawāʾid riǧāl al-aʾimmaŧ al-arbaʿaŧ
Ibn ḥaǧar al-ʿAsqalānī
Šihāb al-dīn Abū al-faḍl Aḥmad b. ʿAlī b. Muḥammad b. ḥaǧar al-ʿAsqalānī, al-Šāfiʿī
Taʿrīf ahl al-taqdīs bi-marātib al-mawṣūfīn bi-ål-tadlīs
Ibn ḥaǧar al-ʿAsqalānī
Šihāb al-dīn Abū al-faḍl Aḥmad b. ʿAlī b. Muḥammad b. ḥaǧar al-ʿAsqalānī, al-Šāfiʿī
Taʿrīf ahl al-taqdīs bi-marātib al-mawṣūfīn bi-ål-tadlīs
Ibn ḥaǧar al-ʿAsqalānī
Šihāb al-dīn Abū al-faḍl Aḥmad b. ʿAlī b. Muḥammad b. ḥaǧar al-ʿAsqalānī, al-Šāfiʿī
Taʿrīf ahl al-taqdīs bi-marātib al-mawṣūfīn bi-ål-tadlīs
Ibn ḥaǧar al-ʿAsqalānī
Šihāb al-dīn Abū al-faḍl Aḥmad b. ʿAlī b. Muḥammad b. ḥaǧar al-ʿAsqalānī, al-Šāfiʿī
Taʿrīf ahl al-taqdīs bi-marātib al-mawṣūfīn bi-ål-tadlīs
Ibn ḥaǧar al-ʿAsqalānī
Šihāb al-dīn Abū al-faḍl Aḥmad b. ʿAlī b. Muḥammad b. ḥaǧar al-ʿAsqalānī, al-Šāfiʿī
Taġlīq al-taʿlīq ʿalá Ṣaḥīḥ al-Buḫārī
Ibn ḥaǧar al-ʿAsqalānī
Šihāb al-dīn Abū al-faḍl Aḥmad b. ʿAlī b. Muḥammad b. ḥaǧar al-ʿAsqalānī, al-Šāfiʿī
Taġlīq al-taʿlīq ʿalá Ṣaḥīḥ al-Buḫārī
Ibn ḥaǧar al-ʿAsqalānī
Šihāb al-dīn Abū al-faḍl Aḥmad b. ʿAlī b. Muḥammad b. ḥaǧar al-ʿAsqalānī, al-Šāfiʿī
Tahḏīb al-tahḏīb
Ibn ḥaǧar al-ʿAsqalānī
Šihāb al-dīn Abū al-faḍl Aḥmad b. ʿAlī b. Muḥammad b. ḥaǧar al-ʿAsqalānī, al-Šāfiʿī
Tahḏīb al-tahḏīb
Ibn ḥaǧar al-ʿAsqalānī
Šihāb al-dīn Abū al-faḍl Aḥmad b. ʿAlī b. Muḥammad b. ḥaǧar al-ʿAsqalānī, al-Šāfiʿī
Tahḏīb al-tahḏīb
Ibn ḥaǧar al-ʿAsqalānī
Šihāb al-dīn Abū al-faḍl Aḥmad b. ʿAlī b. Muḥammad b. ḥaǧar al-ʿAsqalānī, al-Šāfiʿī
Tahḏīb al-tahḏīb
Ibn ḥaǧar al-ʿAsqalānī
Šihāb al-dīn Abū al-faḍl Aḥmad b. ʿAlī b. Muḥammad b. ḥaǧar al-ʿAsqalānī, al-Šāfiʿī
Ibn ḥaǧar al-ʿAsqalānī
Šihāb al-dīn Abū al-faḍl Aḥmad b. ʿAlī b. Muḥammad b. ḥaǧar al-ʿAsqalānī, al-Šāfiʿī
Ibn ḥaǧar al-ʿAsqalānī
Šihāb al-dīn Abū al-faḍl Aḥmad b. ʿAlī b. Muḥammad b. ḥaǧar al-ʿAsqalānī, al-Šāfiʿī
Ibn ḥaǧar al-ʿAsqalānī
Šihāb al-dīn Abū al-faḍl Aḥmad b. ʿAlī b. Muḥammad b. ḥaǧar al-ʿAsqalānī, al-Šāfiʿī
Ibn ḥaǧar al-ʿAsqalānī
Šihāb al-dīn Abū al-faḍl Aḥmad b. ʿAlī b. Muḥammad b. ḥaǧar al-ʿAsqalānī, al-Šāfiʿī
Ibn ḥaǧar al-ʿAsqalānī
Šihāb al-dīn Abū al-faḍl Aḥmad b. ʿAlī b. Muḥammad b. ḥaǧar al-ʿAsqalānī, al-Šāfiʿī
Ibn ḥaǧar al-ʿAsqalānī
Šihāb al-dīn Abū al-faḍl Aḥmad b. ʿAlī b. Muḥammad b. ḥaǧar al-ʿAsqalānī, al-Šāfiʿī
Ibn ḥaǧar al-ʿAsqalānī
Šihāb al-dīn Abū al-faḍl Aḥmad b. ʿAlī b. Muḥammad b. ḥaǧar al-ʿAsqalānī, al-Šāfiʿī
Ibn ḥaǧar al-ʿAsqalānī
Šihāb al-dīn Abū al-faḍl Aḥmad b. ʿAlī b. Muḥammad b. ḥaǧar al-ʿAsqalānī, al-Šāfiʿī
Ibn ḥaǧar al-ʿAsqalānī
Šihāb al-dīn Abū al-faḍl Aḥmad b. ʿAlī b. Muḥammad b. ḥaǧar al-ʿAsqalānī, al-Šāfiʿī
Ibn ḥaǧar al-ʿAsqalānī
Šihāb al-dīn Abū al-faḍl Aḥmad b. ʿAlī b. Muḥammad b. ḥaǧar al-ʿAsqalānī, al-Šāfiʿī
Ibn ḥaǧar al-ʿAsqalānī
Šihāb al-dīn Abū al-faḍl Aḥmad b. ʿAlī b. Muḥammad b. ḥaǧar al-ʿAsqalānī, al-Šāfiʿī
Ibn ḥaǧar al-ʿAsqalānī
Šihāb al-dīn Abū al-faḍl Aḥmad b. ʿAlī b. Muḥammad b. ḥaǧar al-ʿAsqalānī, al-Šāfiʿī
Ibn ḥaǧar al-ʿAsqalānī
Šihāb al-dīn Abū al-faḍl Aḥmad b. ʿAlī b. Muḥammad b. ḥaǧar al-ʿAsqalānī, al-Šāfiʿī
Ibn ḥaǧar al-ʿAsqalānī
Šihāb al-dīn Abū al-faḍl Aḥmad b. ʿAlī b. Muḥammad b. ḥaǧar al-ʿAsqalānī, al-Šāfiʿī
Ibn ḥaǧar al-ʿAsqalānī
Šihāb al-dīn Abū al-faḍl Aḥmad b. ʿAlī b. Muḥammad b. ḥaǧar al-ʿAsqalānī, al-Šāfiʿī
Ibn ḥaǧar al-ʿAsqalānī
Šihāb al-dīn Abū al-faḍl Aḥmad b. ʿAlī b. Muḥammad b. ḥaǧar al-ʿAsqalānī, al-Šāfiʿī
Ibn ḥaǧar al-ʿAsqalānī
Šihāb al-dīn Abū al-faḍl Aḥmad b. ʿAlī b. Muḥammad b. ḥaǧar al-ʿAsqalānī, al-Šāfiʿī
Ibn ḥaǧar al-ʿAsqalānī
Šihāb al-dīn Abū al-faḍl Aḥmad b. ʿAlī b. Muḥammad b. ḥaǧar al-ʿAsqalānī, al-Šāfiʿī
al-Šifāʾ fī badīʿ al-iktifāʾ
Šams al-Dīn al-Nawāǧī
Šams al-Dīn Abū ʿAbdallāh Muḥammad b. Ḥasan b. ʿAlī b. ʿUṯmān al-Nawāǧī al-Qāhirī al-Šāfiʿī al-Miṣrī
Ibn Taġrī birdī,al-Atābakī
Ǧamāl al-dīn, Abū al-maḥāsin  Yūsuf b. Taġrī birdī 
Ibn Taġrī birdī,al-Atābakī
Ǧamāl al-dīn, Abū al-maḥāsin  Yūsuf b. Taġrī birdī 
Ibn Taġrī birdī,al-Atābakī
Ǧamāl al-dīn, Abū al-maḥāsin  Yūsuf b. Taġrī birdī 
Ibn Taġrī birdī,al-Atābakī
Ǧamāl al-dīn, Abū al-maḥāsin  Yūsuf b. Taġrī birdī 
Ibn Taġrī birdī,al-Atābakī
Ǧamāl al-dīn, Abū al-maḥāsin  Yūsuf b. Taġrī birdī 
Ibn Taġrī birdī,al-Atābakī
Ǧamāl al-dīn, Abū al-maḥāsin  Yūsuf b. Taġrī birdī 
al-Nuǧūm al-zāhiraŧ fī mulūk Miṣr wa-l-Qāhiraŧ
Ibn Taġrī birdī,al-Atābakī
Ǧamāl al-dīn, Abū al-maḥāsin  Yūsuf b. Taġrī birdī 
al-Nuǧūm al-zāhiraŧ fī mulūk Miṣr wa-l-Qāhiraŧ
Ibn Taġrī birdī,al-Atābakī
Ǧamāl al-dīn, Abū al-maḥāsin  Yūsuf b. Taġrī birdī 
al-Nuǧūm al-zāhiraŧ fī mulūk Miṣr wa-l-Qāhiraŧ
Ibn Taġrī birdī,al-Atābakī
Ǧamāl al-dīn, Abū al-maḥāsin  Yūsuf b. Taġrī birdī 
al-Nuǧūm al-zāhiraŧ fī mulūk Miṣr wa-l-Qāhiraŧ
Ibn Taġrī birdī,al-Atābakī
Ǧamāl al-dīn, Abū al-maḥāsin  Yūsuf b. Taġrī birdī 
al-Nuǧūm al-zāhiraŧ fī mulūk Miṣr wa-l-Qāhiraŧ
Ibn Taġrī birdī,al-Atābakī
Ǧamāl al-dīn, Abū al-maḥāsin  Yūsuf b. Taġrī birdī 
al-Nuǧūm al-zāhiraŧ fī mulūk Miṣr wa-l-Qāhiraŧ
Ibn Taġrī birdī,al-Atābakī
Ǧamāl al-dīn, Abū al-maḥāsin  Yūsuf b. Taġrī birdī 
al-Taḏkiraŧ
al-Ǧīzī
Šarḥ al-Azhār
Ibn Miftāḥ
 Abū al-Ḥasan ʿAbd Allāh b. Abī al-Qāsim b. Miftāḥ 
Šarḥ al-Azhār
Ibn Miftāḥ
 Abū al-Ḥasan ʿAbd Allāh b. Abī al-Qāsim b. Miftāḥ 
Šarḥ al-Azhār
Ibn Miftāḥ
 Abū al-Ḥasan ʿAbd Allāh b. Abī al-Qāsim b. Miftāḥ 
Ibn Quṭlūbuġā
Zayn al-dīn Abū al-Fadāʾ Qāsim b. Quṭlūbuġā al-Sūdūnī, al-Ǧamālī, al_Ḥanafī
Ibn Quṭlūbuġā
Zayn al-dīn Abū al-Fadāʾ Qāsim b. Quṭlūbuġā al-Sūdūnī, al-Ǧamālī, al_Ḥanafī
Ibn Quṭlūbuġā
Zayn al-dīn Abū al-Fadāʾ Qāsim b. Quṭlūbuġā al-Sūdūnī, al-Ǧamālī, al_Ḥanafī
Ibn Quṭlūbuġā
Zayn al-dīn Abū al-Fadāʾ Qāsim b. Quṭlūbuġā al-Sūdūnī, al-Ǧamālī, al_Ḥanafī
Ibn Quṭlūbuġā
Zayn al-dīn Abū al-Fadāʾ Qāsim b. Quṭlūbuġā al-Sūdūnī, al-Ǧamālī, al_Ḥanafī
Ibn Quṭlūbuġā
Zayn al-dīn Abū al-Fadāʾ Qāsim b. Quṭlūbuġā al-Sūdūnī, al-Ǧamālī, al_Ḥanafī
Ibn Quṭlūbuġā
Zayn al-dīn Abū al-Fadāʾ Qāsim b. Quṭlūbuġā al-Sūdūnī, al-Ǧamālī, al_Ḥanafī
Ibn Quṭlūbuġā
Zayn al-dīn Abū al-Fadāʾ Qāsim b. Quṭlūbuġā al-Sūdūnī, al-Ǧamālī, al_Ḥanafī
Ibn Quṭlūbuġā
Zayn al-dīn Abū al-Fadāʾ Qāsim b. Quṭlūbuġā al-Sūdūnī, al-Ǧamālī, al_Ḥanafī
Tāǧ al-tarāǧim
Ibn Quṭlūbuġā
Zayn al-dīn Abū al-Fadāʾ Qāsim b. Quṭlūbuġā al-Sūdūnī, al-Ǧamālī, al_Ḥanafī
Tāǧ al-tarāǧim
Ibn Quṭlūbuġā
Zayn al-dīn Abū al-Fadāʾ Qāsim b. Quṭlūbuġā al-Sūdūnī, al-Ǧamālī, al_Ḥanafī
Ibn Quṭlūbuġā
Zayn al-dīn Abū al-Fadāʾ Qāsim b. Quṭlūbuġā al-Sūdūnī, al-Ǧamālī, al_Ḥanafī
al-Ṯiqāt min man lam yaqaʿ fī al-kutub al-sittaŧ
Ibn Quṭlūbuġā
Zayn al-dīn Abū al-Fadāʾ Qāsim b. Quṭlūbuġā al-Sūdūnī, al-Ǧamālī, al_Ḥanafī
Ibn al-Mabrid, Ibn ʿAbd al-Hādī
Ibn al-Mabrid, Ibn ʿAbd al-Hādī
Ibn al-Mabrid, Ibn ʿAbd al-Hādī
Ibn al-Mabrid, Ibn ʿAbd al-Hādī
Ibn al-Mabrid, Ibn ʿAbd al-Hādī
Ibn al-Mabrid, Ibn ʿAbd al-Hādī
Ibn al-Mabrid, Ibn ʿAbd al-Hādī
Ibn al-Mabrid, Ibn ʿAbd al-Hādī
Ibn al-Mabrid, Ibn ʿAbd al-Hādī
Ibn al-Mabrid, Ibn ʿAbd al-Hādī
Ibn al-Mabrid, Ibn ʿAbd al-Hādī
Ibn al-Mabrid, Ibn ʿAbd al-Hādī
Ibn al-Mabrid, Ibn ʿAbd al-Hādī
Ibn al-Mabrid, Ibn ʿAbd al-Hādī
Ibn al-Mabrid, Ibn ʿAbd al-Hādī
Ibn al-Mabrid, Ibn ʿAbd al-Hādī
Ibn al-Mabrid, Ibn ʿAbd al-Hādī
Ibn al-Mabrid, Ibn ʿAbd al-Hādī
Ibn al-Mabrid, Ibn ʿAbd al-Hādī
Ibn al-Mabrid, Ibn ʿAbd al-Hādī
Ibn al-Mabrid, Ibn ʿAbd al-Hādī
Ibn al-Mabrid, Ibn ʿAbd al-Hādī
Ibn al-Mabrid, Ibn ʿAbd al-Hādī
Ibn al-Mabrid, Ibn ʿAbd al-Hādī
Ibn al-Mabrid, Ibn ʿAbd al-Hādī
Ibn al-Mabrid, Ibn ʿAbd al-Hādī
Ibn al-Mabrid, Ibn ʿAbd al-Hādī
Ibn al-Mabrid, Ibn ʿAbd al-Hādī
Ibn al-Mabrid, Ibn ʿAbd al-Hādī
Ibn al-Mabrid, Ibn ʿAbd al-Hādī
Ibn al-Mabrid, Ibn ʿAbd al-Hādī
Ibn al-Mabrid, Ibn ʿAbd al-Hādī
Ibn al-Mabrid, Ibn ʿAbd al-Hādī
Ibn al-Mabrid, Ibn ʿAbd al-Hādī
Ibn al-Mabrid, Ibn ʿAbd al-Hādī
Ibn al-Mabrid, Ibn ʿAbd al-Hādī
Ibn al-Mabrid, Ibn ʿAbd al-Hādī
Ibn al-Mabrid, Ibn ʿAbd al-Hādī
Alfiyyaŧ fī ʿilm al-ḥadīṯ
Ǧalāl al-Dīn al-Suyūṭī
Ǧalāl al-dīn, Abū al-faḍl  ʿAbd al-Raḥmān b. Abī Bakr b. Muḥammad Ǧalāl al-dīn al-Ḫuḍayrī al-Asyūṭī
Ǧalāl al-Dīn al-Suyūṭī
Ǧalāl al-dīn, Abū al-faḍl  ʿAbd al-Raḥmān b. Abī Bakr b. Muḥammad Ǧalāl al-dīn al-Ḫuḍayrī al-Asyūṭī
Ǧalāl al-Dīn al-Suyūṭī
Ǧalāl al-dīn, Abū al-faḍl  ʿAbd al-Raḥmān b. Abī Bakr b. Muḥammad Ǧalāl al-dīn al-Ḫuḍayrī al-Asyūṭī
Ǧalāl al-Dīn al-Suyūṭī
Ǧalāl al-dīn, Abū al-faḍl  ʿAbd al-Raḥmān b. Abī Bakr b. Muḥammad Ǧalāl al-dīn al-Ḫuḍayrī al-Asyūṭī
Ǧalāl al-Dīn al-Suyūṭī
Ǧalāl al-dīn, Abū al-faḍl  ʿAbd al-Raḥmān b. Abī Bakr b. Muḥammad Ǧalāl al-dīn al-Ḫuḍayrī al-Asyūṭī
Ǧalāl al-Dīn al-Suyūṭī
Ǧalāl al-dīn, Abū al-faḍl  ʿAbd al-Raḥmān b. Abī Bakr b. Muḥammad Ǧalāl al-dīn al-Ḫuḍayrī al-Asyūṭī
Ǧalāl al-Dīn al-Suyūṭī
Ǧalāl al-dīn, Abū al-faḍl  ʿAbd al-Raḥmān b. Abī Bakr b. Muḥammad Ǧalāl al-dīn al-Ḫuḍayrī al-Asyūṭī
Ǧalāl al-Dīn al-Suyūṭī
Ǧalāl al-dīn, Abū al-faḍl  ʿAbd al-Raḥmān b. Abī Bakr b. Muḥammad Ǧalāl al-dīn al-Ḫuḍayrī al-Asyūṭī
Ǧalāl al-Dīn al-Suyūṭī
Ǧalāl al-dīn, Abū al-faḍl  ʿAbd al-Raḥmān b. Abī Bakr b. Muḥammad Ǧalāl al-dīn al-Ḫuḍayrī al-Asyūṭī
Ǧalāl al-Dīn al-Suyūṭī
Ǧalāl al-dīn, Abū al-faḍl  ʿAbd al-Raḥmān b. Abī Bakr b. Muḥammad Ǧalāl al-dīn al-Ḫuḍayrī al-Asyūṭī
Ǧalāl al-Dīn al-Suyūṭī
Ǧalāl al-dīn, Abū al-faḍl  ʿAbd al-Raḥmān b. Abī Bakr b. Muḥammad Ǧalāl al-dīn al-Ḫuḍayrī al-Asyūṭī
Ǧalāl al-Dīn al-Suyūṭī
Ǧalāl al-dīn, Abū al-faḍl  ʿAbd al-Raḥmān b. Abī Bakr b. Muḥammad Ǧalāl al-dīn al-Ḫuḍayrī al-Asyūṭī
Ǧalāl al-Dīn al-Suyūṭī
Ǧalāl al-dīn, Abū al-faḍl  ʿAbd al-Raḥmān b. Abī Bakr b. Muḥammad Ǧalāl al-dīn al-Ḫuḍayrī al-Asyūṭī
Ǧalāl al-Dīn al-Suyūṭī
Ǧalāl al-dīn, Abū al-faḍl  ʿAbd al-Raḥmān b. Abī Bakr b. Muḥammad Ǧalāl al-dīn al-Ḫuḍayrī al-Asyūṭī
Ǧalāl al-Dīn al-Suyūṭī
Ǧalāl al-dīn, Abū al-faḍl  ʿAbd al-Raḥmān b. Abī Bakr b. Muḥammad Ǧalāl al-dīn al-Ḫuḍayrī al-Asyūṭī
Ǧalāl al-Dīn al-Suyūṭī
Ǧalāl al-dīn, Abū al-faḍl  ʿAbd al-Raḥmān b. Abī Bakr b. Muḥammad Ǧalāl al-dīn al-Ḫuḍayrī al-Asyūṭī
Ǧalāl al-Dīn al-Suyūṭī
Ǧalāl al-dīn, Abū al-faḍl  ʿAbd al-Raḥmān b. Abī Bakr b. Muḥammad Ǧalāl al-dīn al-Ḫuḍayrī al-Asyūṭī
Ǧalāl al-Dīn al-Suyūṭī
Ǧalāl al-dīn, Abū al-faḍl  ʿAbd al-Raḥmān b. Abī Bakr b. Muḥammad Ǧalāl al-dīn al-Ḫuḍayrī al-Asyūṭī
Ǧalāl al-Dīn al-Suyūṭī
Ǧalāl al-dīn, Abū al-faḍl  ʿAbd al-Raḥmān b. Abī Bakr b. Muḥammad Ǧalāl al-dīn al-Ḫuḍayrī al-Asyūṭī
Ǧalāl al-Dīn al-Suyūṭī
Ǧalāl al-dīn, Abū al-faḍl  ʿAbd al-Raḥmān b. Abī Bakr b. Muḥammad Ǧalāl al-dīn al-Ḫuḍayrī al-Asyūṭī
Ǧalāl al-Dīn al-Suyūṭī
Ǧalāl al-dīn, Abū al-faḍl  ʿAbd al-Raḥmān b. Abī Bakr b. Muḥammad Ǧalāl al-dīn al-Ḫuḍayrī al-Asyūṭī
Ǧalāl al-Dīn al-Suyūṭī
Ǧalāl al-dīn, Abū al-faḍl  ʿAbd al-Raḥmān b. Abī Bakr b. Muḥammad Ǧalāl al-dīn al-Ḫuḍayrī al-Asyūṭī
Buġyaŧ al=wuʿāŧ fī ṭabaqāt al-luġawiyyīn wa-l-nuḥāŧ
Buġyaŧ al=wuʿāŧ fī ṭabaqāt al-luġawiyyīn wa-l-nuḥāŧ
Ǧalāl al-Dīn al-Suyūṭī
Ǧalāl al-dīn, Abū al-faḍl  ʿAbd al-Raḥmān b. Abī Bakr b. Muḥammad Ǧalāl al-dīn al-Ḫuḍayrī al-Asyūṭī
Buġyaŧ al=wuʿāŧ fī ṭabaqāt al-luġawiyyīn wa-l-nuḥāŧ
Buġyaŧ al=wuʿāŧ fī ṭabaqāt al-luġawiyyīn wa-l-nuḥāŧ
Ǧalāl al-Dīn al-Suyūṭī
Ǧalāl al-dīn, Abū al-faḍl  ʿAbd al-Raḥmān b. Abī Bakr b. Muḥammad Ǧalāl al-dīn al-Ḫuḍayrī al-Asyūṭī
Buġyaŧ al=wuʿāŧ fī ṭabaqāt al-luġawiyyīn wa-l-nuḥāŧ
Buġyaŧ al=wuʿāŧ fī ṭabaqāt al-luġawiyyīn wa-l-nuḥāŧ
Ǧalāl al-Dīn al-Suyūṭī
Ǧalāl al-dīn, Abū al-faḍl  ʿAbd al-Raḥmān b. Abī Bakr b. Muḥammad Ǧalāl al-dīn al-Ḫuḍayrī al-Asyūṭī
Ǧalāl al-Dīn al-Suyūṭī
Ǧalāl al-dīn, Abū al-faḍl  ʿAbd al-Raḥmān b. Abī Bakr b. Muḥammad Ǧalāl al-dīn al-Ḫuḍayrī al-Asyūṭī
Ǧalāl al-Dīn al-Suyūṭī
Ǧalāl al-dīn, Abū al-faḍl  ʿAbd al-Raḥmān b. Abī Bakr b. Muḥammad Ǧalāl al-dīn al-Ḫuḍayrī al-Asyūṭī
Ǧalāl al-Dīn al-Suyūṭī
Ǧalāl al-dīn, Abū al-faḍl  ʿAbd al-Raḥmān b. Abī Bakr b. Muḥammad Ǧalāl al-dīn al-Ḫuḍayrī al-Asyūṭī
Ǧalāl al-Dīn al-Suyūṭī
Ǧalāl al-dīn, Abū al-faḍl  ʿAbd al-Raḥmān b. Abī Bakr b. Muḥammad Ǧalāl al-dīn al-Ḫuḍayrī al-Asyūṭī
Ǧalāl al-Dīn al-Suyūṭī
Ǧalāl al-dīn, Abū al-faḍl  ʿAbd al-Raḥmān b. Abī Bakr b. Muḥammad Ǧalāl al-dīn al-Ḫuḍayrī al-Asyūṭī
Ǧalāl al-Dīn al-Suyūṭī
Ǧalāl al-dīn, Abū al-faḍl  ʿAbd al-Raḥmān b. Abī Bakr b. Muḥammad Ǧalāl al-dīn al-Ḫuḍayrī al-Asyūṭī
Ǧalāl al-Dīn al-Suyūṭī
Ǧalāl al-dīn, Abū al-faḍl  ʿAbd al-Raḥmān b. Abī Bakr b. Muḥammad Ǧalāl al-dīn al-Ḫuḍayrī al-Asyūṭī
Ǧalāl al-Dīn al-Suyūṭī
Ǧalāl al-dīn, Abū al-faḍl  ʿAbd al-Raḥmān b. Abī Bakr b. Muḥammad Ǧalāl al-dīn al-Ḫuḍayrī al-Asyūṭī
Ǧalāl al-Dīn al-Suyūṭī
Ǧalāl al-dīn, Abū al-faḍl  ʿAbd al-Raḥmān b. Abī Bakr b. Muḥammad Ǧalāl al-dīn al-Ḫuḍayrī al-Asyūṭī
Ǧalāl al-Dīn al-Suyūṭī
Ǧalāl al-dīn, Abū al-faḍl  ʿAbd al-Raḥmān b. Abī Bakr b. Muḥammad Ǧalāl al-dīn al-Ḫuḍayrī al-Asyūṭī
Ǧalāl al-Dīn al-Suyūṭī
Ǧalāl al-dīn, Abū al-faḍl  ʿAbd al-Raḥmān b. Abī Bakr b. Muḥammad Ǧalāl al-dīn al-Ḫuḍayrī al-Asyūṭī
Ǧalāl al-Dīn al-Suyūṭī
Ǧalāl al-dīn, Abū al-faḍl  ʿAbd al-Raḥmān b. Abī Bakr b. Muḥammad Ǧalāl al-dīn al-Ḫuḍayrī al-Asyūṭī
Ǧalāl al-Dīn al-Suyūṭī
Ǧalāl al-dīn, Abū al-faḍl  ʿAbd al-Raḥmān b. Abī Bakr b. Muḥammad Ǧalāl al-dīn al-Ḫuḍayrī al-Asyūṭī
Ǧalāl al-Dīn al-Suyūṭī
Ǧalāl al-dīn, Abū al-faḍl  ʿAbd al-Raḥmān b. Abī Bakr b. Muḥammad Ǧalāl al-dīn al-Ḫuḍayrī al-Asyūṭī
Ǧalāl al-Dīn al-Suyūṭī
Ǧalāl al-dīn, Abū al-faḍl  ʿAbd al-Raḥmān b. Abī Bakr b. Muḥammad Ǧalāl al-dīn al-Ḫuḍayrī al-Asyūṭī
Ǧalāl al-Dīn al-Suyūṭī
Ǧalāl al-dīn, Abū al-faḍl  ʿAbd al-Raḥmān b. Abī Bakr b. Muḥammad Ǧalāl al-dīn al-Ḫuḍayrī al-Asyūṭī
Ǧalāl al-Dīn al-Suyūṭī
Ǧalāl al-dīn, Abū al-faḍl  ʿAbd al-Raḥmān b. Abī Bakr b. Muḥammad Ǧalāl al-dīn al-Ḫuḍayrī al-Asyūṭī
Ǧalāl al-Dīn al-Suyūṭī
Ǧalāl al-dīn, Abū al-faḍl  ʿAbd al-Raḥmān b. Abī Bakr b. Muḥammad Ǧalāl al-dīn al-Ḫuḍayrī al-Asyūṭī
Ǧalāl al-Dīn al-Suyūṭī
Ǧalāl al-dīn, Abū al-faḍl  ʿAbd al-Raḥmān b. Abī Bakr b. Muḥammad Ǧalāl al-dīn al-Ḫuḍayrī al-Asyūṭī
Ǧalāl al-Dīn al-Suyūṭī
Ǧalāl al-dīn, Abū al-faḍl  ʿAbd al-Raḥmān b. Abī Bakr b. Muḥammad Ǧalāl al-dīn al-Ḫuḍayrī al-Asyūṭī
Ǧalāl al-Dīn al-Suyūṭī
Ǧalāl al-dīn, Abū al-faḍl  ʿAbd al-Raḥmān b. Abī Bakr b. Muḥammad Ǧalāl al-dīn al-Ḫuḍayrī al-Asyūṭī
Ǧalāl al-Dīn al-Suyūṭī
Ǧalāl al-dīn, Abū al-faḍl  ʿAbd al-Raḥmān b. Abī Bakr b. Muḥammad Ǧalāl al-dīn al-Ḫuḍayrī al-Asyūṭī
Ǧalāl al-Dīn al-Suyūṭī
Ǧalāl al-dīn, Abū al-faḍl  ʿAbd al-Raḥmān b. Abī Bakr b. Muḥammad Ǧalāl al-dīn al-Ḫuḍayrī al-Asyūṭī
Ǧalāl al-Dīn al-Suyūṭī
Ǧalāl al-dīn, Abū al-faḍl  ʿAbd al-Raḥmān b. Abī Bakr b. Muḥammad Ǧalāl al-dīn al-Ḫuḍayrī al-Asyūṭī
Ǧalāl al-Dīn al-Suyūṭī
Ǧalāl al-dīn, Abū al-faḍl  ʿAbd al-Raḥmān b. Abī Bakr b. Muḥammad Ǧalāl al-dīn al-Ḫuḍayrī al-Asyūṭī
Ǧalāl al-Dīn al-Suyūṭī
Ǧalāl al-dīn, Abū al-faḍl  ʿAbd al-Raḥmān b. Abī Bakr b. Muḥammad Ǧalāl al-dīn al-Ḫuḍayrī al-Asyūṭī
Ǧalāl al-Dīn al-Suyūṭī
Ǧalāl al-dīn, Abū al-faḍl  ʿAbd al-Raḥmān b. Abī Bakr b. Muḥammad Ǧalāl al-dīn al-Ḫuḍayrī al-Asyūṭī
Ǧalāl al-Dīn al-Suyūṭī
Ǧalāl al-dīn, Abū al-faḍl  ʿAbd al-Raḥmān b. Abī Bakr b. Muḥammad Ǧalāl al-dīn al-Ḫuḍayrī al-Asyūṭī
Ǧalāl al-Dīn al-Suyūṭī
Ǧalāl al-dīn, Abū al-faḍl  ʿAbd al-Raḥmān b. Abī Bakr b. Muḥammad Ǧalāl al-dīn al-Ḫuḍayrī al-Asyūṭī
Ǧalāl al-Dīn al-Suyūṭī
Ǧalāl al-dīn, Abū al-faḍl  ʿAbd al-Raḥmān b. Abī Bakr b. Muḥammad Ǧalāl al-dīn al-Ḫuḍayrī al-Asyūṭī
Ǧalāl al-Dīn al-Suyūṭī
Ǧalāl al-dīn, Abū al-faḍl  ʿAbd al-Raḥmān b. Abī Bakr b. Muḥammad Ǧalāl al-dīn al-Ḫuḍayrī al-Asyūṭī
Ǧalāl al-Dīn al-Suyūṭī
Ǧalāl al-dīn, Abū al-faḍl  ʿAbd al-Raḥmān b. Abī Bakr b. Muḥammad Ǧalāl al-dīn al-Ḫuḍayrī al-Asyūṭī
Ǧalāl al-Dīn al-Suyūṭī
Ǧalāl al-dīn, Abū al-faḍl  ʿAbd al-Raḥmān b. Abī Bakr b. Muḥammad Ǧalāl al-dīn al-Ḫuḍayrī al-Asyūṭī
Ǧalāl al-Dīn al-Suyūṭī
Ǧalāl al-dīn, Abū al-faḍl  ʿAbd al-Raḥmān b. Abī Bakr b. Muḥammad Ǧalāl al-dīn al-Ḫuḍayrī al-Asyūṭī
Ǧalāl al-Dīn al-Suyūṭī
Ǧalāl al-dīn, Abū al-faḍl  ʿAbd al-Raḥmān b. Abī Bakr b. Muḥammad Ǧalāl al-dīn al-Ḫuḍayrī al-Asyūṭī
Ǧalāl al-Dīn al-Suyūṭī
Ǧalāl al-dīn, Abū al-faḍl  ʿAbd al-Raḥmān b. Abī Bakr b. Muḥammad Ǧalāl al-dīn al-Ḫuḍayrī al-Asyūṭī
Ǧalāl al-Dīn al-Suyūṭī
Ǧalāl al-dīn, Abū al-faḍl  ʿAbd al-Raḥmān b. Abī Bakr b. Muḥammad Ǧalāl al-dīn al-Ḫuḍayrī al-Asyūṭī
Ǧalāl al-Dīn al-Suyūṭī
Ǧalāl al-dīn, Abū al-faḍl  ʿAbd al-Raḥmān b. Abī Bakr b. Muḥammad Ǧalāl al-dīn al-Ḫuḍayrī al-Asyūṭī
Ǧalāl al-Dīn al-Suyūṭī
Ǧalāl al-dīn, Abū al-faḍl  ʿAbd al-Raḥmān b. Abī Bakr b. Muḥammad Ǧalāl al-dīn al-Ḫuḍayrī al-Asyūṭī
Ǧalāl al-Dīn al-Suyūṭī
Ǧalāl al-dīn, Abū al-faḍl  ʿAbd al-Raḥmān b. Abī Bakr b. Muḥammad Ǧalāl al-dīn al-Ḫuḍayrī al-Asyūṭī
Ǧalāl al-Dīn al-Suyūṭī
Ǧalāl al-dīn, Abū al-faḍl  ʿAbd al-Raḥmān b. Abī Bakr b. Muḥammad Ǧalāl al-dīn al-Ḫuḍayrī al-Asyūṭī
Ǧalāl al-Dīn al-Suyūṭī
Ǧalāl al-dīn, Abū al-faḍl  ʿAbd al-Raḥmān b. Abī Bakr b. Muḥammad Ǧalāl al-dīn al-Ḫuḍayrī al-Asyūṭī
Ǧalāl al-Dīn al-Suyūṭī
Ǧalāl al-dīn, Abū al-faḍl  ʿAbd al-Raḥmān b. Abī Bakr b. Muḥammad Ǧalāl al-dīn al-Ḫuḍayrī al-Asyūṭī
Ǧalāl al-Dīn al-Suyūṭī
Ǧalāl al-dīn, Abū al-faḍl  ʿAbd al-Raḥmān b. Abī Bakr b. Muḥammad Ǧalāl al-dīn al-Ḫuḍayrī al-Asyūṭī
Ǧalāl al-Dīn al-Suyūṭī
Ǧalāl al-dīn, Abū al-faḍl  ʿAbd al-Raḥmān b. Abī Bakr b. Muḥammad Ǧalāl al-dīn al-Ḫuḍayrī al-Asyūṭī
Ǧalāl al-Dīn al-Suyūṭī
Ǧalāl al-dīn, Abū al-faḍl  ʿAbd al-Raḥmān b. Abī Bakr b. Muḥammad Ǧalāl al-dīn al-Ḫuḍayrī al-Asyūṭī
Ǧalāl al-Dīn al-Suyūṭī
Ǧalāl al-dīn, Abū al-faḍl  ʿAbd al-Raḥmān b. Abī Bakr b. Muḥammad Ǧalāl al-dīn al-Ḫuḍayrī al-Asyūṭī
Ǧalāl al-Dīn al-Suyūṭī
Ǧalāl al-dīn, Abū al-faḍl  ʿAbd al-Raḥmān b. Abī Bakr b. Muḥammad Ǧalāl al-dīn al-Ḫuḍayrī al-Asyūṭī
Ǧalāl al-Dīn al-Suyūṭī
Ǧalāl al-dīn, Abū al-faḍl  ʿAbd al-Raḥmān b. Abī Bakr b. Muḥammad Ǧalāl al-dīn al-Ḫuḍayrī al-Asyūṭī
Ǧalāl al-Dīn al-Suyūṭī
Ǧalāl al-dīn, Abū al-faḍl  ʿAbd al-Raḥmān b. Abī Bakr b. Muḥammad Ǧalāl al-dīn al-Ḫuḍayrī al-Asyūṭī
Ǧalāl al-Dīn al-Suyūṭī
Ǧalāl al-dīn, Abū al-faḍl  ʿAbd al-Raḥmān b. Abī Bakr b. Muḥammad Ǧalāl al-dīn al-Ḫuḍayrī al-Asyūṭī
Ǧalāl al-Dīn al-Suyūṭī
Ǧalāl al-dīn, Abū al-faḍl  ʿAbd al-Raḥmān b. Abī Bakr b. Muḥammad Ǧalāl al-dīn al-Ḫuḍayrī al-Asyūṭī
Ǧalāl al-Dīn al-Suyūṭī
Ǧalāl al-dīn, Abū al-faḍl  ʿAbd al-Raḥmān b. Abī Bakr b. Muḥammad Ǧalāl al-dīn al-Ḫuḍayrī al-Asyūṭī
Ǧalāl al-Dīn al-Suyūṭī
Ǧalāl al-dīn, Abū al-faḍl  ʿAbd al-Raḥmān b. Abī Bakr b. Muḥammad Ǧalāl al-dīn al-Ḫuḍayrī al-Asyūṭī
Ǧalāl al-Dīn al-Suyūṭī
Ǧalāl al-dīn, Abū al-faḍl  ʿAbd al-Raḥmān b. Abī Bakr b. Muḥammad Ǧalāl al-dīn al-Ḫuḍayrī al-Asyūṭī
Ǧalāl al-Dīn al-Suyūṭī
Ǧalāl al-dīn, Abū al-faḍl  ʿAbd al-Raḥmān b. Abī Bakr b. Muḥammad Ǧalāl al-dīn al-Ḫuḍayrī al-Asyūṭī
Ǧalāl al-Dīn al-Suyūṭī
Ǧalāl al-dīn, Abū al-faḍl  ʿAbd al-Raḥmān b. Abī Bakr b. Muḥammad Ǧalāl al-dīn al-Ḫuḍayrī al-Asyūṭī
Ǧalāl al-Dīn al-Suyūṭī
Ǧalāl al-dīn, Abū al-faḍl  ʿAbd al-Raḥmān b. Abī Bakr b. Muḥammad Ǧalāl al-dīn al-Ḫuḍayrī al-Asyūṭī
Ǧalāl al-Dīn al-Suyūṭī
Ǧalāl al-dīn, Abū al-faḍl  ʿAbd al-Raḥmān b. Abī Bakr b. Muḥammad Ǧalāl al-dīn al-Ḫuḍayrī al-Asyūṭī
Ǧalāl al-Dīn al-Suyūṭī
Ǧalāl al-dīn, Abū al-faḍl  ʿAbd al-Raḥmān b. Abī Bakr b. Muḥammad Ǧalāl al-dīn al-Ḫuḍayrī al-Asyūṭī
Ǧalāl al-Dīn al-Suyūṭī
Ǧalāl al-dīn, Abū al-faḍl  ʿAbd al-Raḥmān b. Abī Bakr b. Muḥammad Ǧalāl al-dīn al-Ḫuḍayrī al-Asyūṭī
Ǧalāl al-Dīn al-Suyūṭī
Ǧalāl al-dīn, Abū al-faḍl  ʿAbd al-Raḥmān b. Abī Bakr b. Muḥammad Ǧalāl al-dīn al-Ḫuḍayrī al-Asyūṭī
Ǧalāl al-Dīn al-Suyūṭī
Ǧalāl al-dīn, Abū al-faḍl  ʿAbd al-Raḥmān b. Abī Bakr b. Muḥammad Ǧalāl al-dīn al-Ḫuḍayrī al-Asyūṭī
Ǧalāl al-Dīn al-Suyūṭī
Ǧalāl al-dīn, Abū al-faḍl  ʿAbd al-Raḥmān b. Abī Bakr b. Muḥammad Ǧalāl al-dīn al-Ḫuḍayrī al-Asyūṭī
Ǧalāl al-Dīn al-Suyūṭī
Ǧalāl al-dīn, Abū al-faḍl  ʿAbd al-Raḥmān b. Abī Bakr b. Muḥammad Ǧalāl al-dīn al-Ḫuḍayrī al-Asyūṭī
Ǧalāl al-Dīn al-Suyūṭī
Ǧalāl al-dīn, Abū al-faḍl  ʿAbd al-Raḥmān b. Abī Bakr b. Muḥammad Ǧalāl al-dīn al-Ḫuḍayrī al-Asyūṭī
Ǧalāl al-Dīn al-Suyūṭī
Ǧalāl al-dīn, Abū al-faḍl  ʿAbd al-Raḥmān b. Abī Bakr b. Muḥammad Ǧalāl al-dīn al-Ḫuḍayrī al-Asyūṭī
Ǧalāl al-Dīn al-Suyūṭī
Ǧalāl al-dīn, Abū al-faḍl  ʿAbd al-Raḥmān b. Abī Bakr b. Muḥammad Ǧalāl al-dīn al-Ḫuḍayrī al-Asyūṭī
Ǧalāl al-Dīn al-Suyūṭī
Ǧalāl al-dīn, Abū al-faḍl  ʿAbd al-Raḥmān b. Abī Bakr b. Muḥammad Ǧalāl al-dīn al-Ḫuḍayrī al-Asyūṭī
Ǧalāl al-Dīn al-Suyūṭī
Ǧalāl al-dīn, Abū al-faḍl  ʿAbd al-Raḥmān b. Abī Bakr b. Muḥammad Ǧalāl al-dīn al-Ḫuḍayrī al-Asyūṭī
Ǧalāl al-Dīn al-Suyūṭī
Ǧalāl al-dīn, Abū al-faḍl  ʿAbd al-Raḥmān b. Abī Bakr b. Muḥammad Ǧalāl al-dīn al-Ḫuḍayrī al-Asyūṭī
Ǧalāl al-Dīn al-Suyūṭī
Ǧalāl al-dīn, Abū al-faḍl  ʿAbd al-Raḥmān b. Abī Bakr b. Muḥammad Ǧalāl al-dīn al-Ḫuḍayrī al-Asyūṭī
Ǧalāl al-Dīn al-Suyūṭī
Ǧalāl al-dīn, Abū al-faḍl  ʿAbd al-Raḥmān b. Abī Bakr b. Muḥammad Ǧalāl al-dīn al-Ḫuḍayrī al-Asyūṭī
Ǧalāl al-Dīn al-Suyūṭī
Ǧalāl al-dīn, Abū al-faḍl  ʿAbd al-Raḥmān b. Abī Bakr b. Muḥammad Ǧalāl al-dīn al-Ḫuḍayrī al-Asyūṭī
Ǧalāl al-Dīn al-Suyūṭī
Ǧalāl al-dīn, Abū al-faḍl  ʿAbd al-Raḥmān b. Abī Bakr b. Muḥammad Ǧalāl al-dīn al-Ḫuḍayrī al-Asyūṭī
Ǧalāl al-Dīn al-Suyūṭī
Ǧalāl al-dīn, Abū al-faḍl  ʿAbd al-Raḥmān b. Abī Bakr b. Muḥammad Ǧalāl al-dīn al-Ḫuḍayrī al-Asyūṭī
Ǧalāl al-Dīn al-Suyūṭī
Ǧalāl al-dīn, Abū al-faḍl  ʿAbd al-Raḥmān b. Abī Bakr b. Muḥammad Ǧalāl al-dīn al-Ḫuḍayrī al-Asyūṭī
Ǧalāl al-Dīn al-Suyūṭī
Ǧalāl al-dīn, Abū al-faḍl  ʿAbd al-Raḥmān b. Abī Bakr b. Muḥammad Ǧalāl al-dīn al-Ḫuḍayrī al-Asyūṭī
Ǧalāl al-Dīn al-Suyūṭī
Ǧalāl al-dīn, Abū al-faḍl  ʿAbd al-Raḥmān b. Abī Bakr b. Muḥammad Ǧalāl al-dīn al-Ḫuḍayrī al-Asyūṭī
Ǧalāl al-Dīn al-Suyūṭī
Ǧalāl al-dīn, Abū al-faḍl  ʿAbd al-Raḥmān b. Abī Bakr b. Muḥammad Ǧalāl al-dīn al-Ḫuḍayrī al-Asyūṭī
Ǧalāl al-Dīn al-Suyūṭī
Ǧalāl al-dīn, Abū al-faḍl  ʿAbd al-Raḥmān b. Abī Bakr b. Muḥammad Ǧalāl al-dīn al-Ḫuḍayrī al-Asyūṭī
Ǧalāl al-Dīn al-Suyūṭī
Ǧalāl al-dīn, Abū al-faḍl  ʿAbd al-Raḥmān b. Abī Bakr b. Muḥammad Ǧalāl al-dīn al-Ḫuḍayrī al-Asyūṭī
Ǧalāl al-Dīn al-Suyūṭī
Ǧalāl al-dīn, Abū al-faḍl  ʿAbd al-Raḥmān b. Abī Bakr b. Muḥammad Ǧalāl al-dīn al-Ḫuḍayrī al-Asyūṭī
Ǧalāl al-Dīn al-Suyūṭī
Ǧalāl al-dīn, Abū al-faḍl  ʿAbd al-Raḥmān b. Abī Bakr b. Muḥammad Ǧalāl al-dīn al-Ḫuḍayrī al-Asyūṭī
Ǧalāl al-Dīn al-Suyūṭī
Ǧalāl al-dīn, Abū al-faḍl  ʿAbd al-Raḥmān b. Abī Bakr b. Muḥammad Ǧalāl al-dīn al-Ḫuḍayrī al-Asyūṭī
Ǧalāl al-Dīn al-Suyūṭī
Ǧalāl al-dīn, Abū al-faḍl  ʿAbd al-Raḥmān b. Abī Bakr b. Muḥammad Ǧalāl al-dīn al-Ḫuḍayrī al-Asyūṭī
Ǧalāl al-Dīn al-Suyūṭī
Ǧalāl al-dīn, Abū al-faḍl  ʿAbd al-Raḥmān b. Abī Bakr b. Muḥammad Ǧalāl al-dīn al-Ḫuḍayrī al-Asyūṭī
Ǧalāl al-Dīn al-Suyūṭī
Ǧalāl al-dīn, Abū al-faḍl  ʿAbd al-Raḥmān b. Abī Bakr b. Muḥammad Ǧalāl al-dīn al-Ḫuḍayrī al-Asyūṭī
Ǧalāl al-Dīn al-Suyūṭī
Ǧalāl al-dīn, Abū al-faḍl  ʿAbd al-Raḥmān b. Abī Bakr b. Muḥammad Ǧalāl al-dīn al-Ḫuḍayrī al-Asyūṭī
Ǧalāl al-Dīn al-Suyūṭī
Ǧalāl al-dīn, Abū al-faḍl  ʿAbd al-Raḥmān b. Abī Bakr b. Muḥammad Ǧalāl al-dīn al-Ḫuḍayrī al-Asyūṭī
Ǧalāl al-Dīn al-Suyūṭī
Ǧalāl al-dīn, Abū al-faḍl  ʿAbd al-Raḥmān b. Abī Bakr b. Muḥammad Ǧalāl al-dīn al-Ḫuḍayrī al-Asyūṭī
Ǧalāl al-Dīn al-Suyūṭī
Ǧalāl al-dīn, Abū al-faḍl  ʿAbd al-Raḥmān b. Abī Bakr b. Muḥammad Ǧalāl al-dīn al-Ḫuḍayrī al-Asyūṭī
Ǧalāl al-Dīn al-Suyūṭī
Ǧalāl al-dīn, Abū al-faḍl  ʿAbd al-Raḥmān b. Abī Bakr b. Muḥammad Ǧalāl al-dīn al-Ḫuḍayrī al-Asyūṭī
Ǧalāl al-Dīn al-Suyūṭī
Ǧalāl al-dīn, Abū al-faḍl  ʿAbd al-Raḥmān b. Abī Bakr b. Muḥammad Ǧalāl al-dīn al-Ḫuḍayrī al-Asyūṭī
Ǧalāl al-Dīn al-Suyūṭī
Ǧalāl al-dīn, Abū al-faḍl  ʿAbd al-Raḥmān b. Abī Bakr b. Muḥammad Ǧalāl al-dīn al-Ḫuḍayrī al-Asyūṭī
Ǧalāl al-Dīn al-Suyūṭī
Ǧalāl al-dīn, Abū al-faḍl  ʿAbd al-Raḥmān b. Abī Bakr b. Muḥammad Ǧalāl al-dīn al-Ḫuḍayrī al-Asyūṭī
Ǧalāl al-Dīn al-Suyūṭī
Ǧalāl al-dīn, Abū al-faḍl  ʿAbd al-Raḥmān b. Abī Bakr b. Muḥammad Ǧalāl al-dīn al-Ḫuḍayrī al-Asyūṭī
Ǧalāl al-Dīn al-Suyūṭī
Ǧalāl al-dīn, Abū al-faḍl  ʿAbd al-Raḥmān b. Abī Bakr b. Muḥammad Ǧalāl al-dīn al-Ḫuḍayrī al-Asyūṭī
Ǧalāl al-Dīn al-Suyūṭī
Ǧalāl al-dīn, Abū al-faḍl  ʿAbd al-Raḥmān b. Abī Bakr b. Muḥammad Ǧalāl al-dīn al-Ḫuḍayrī al-Asyūṭī
Ǧalāl al-Dīn al-Suyūṭī
Ǧalāl al-dīn, Abū al-faḍl  ʿAbd al-Raḥmān b. Abī Bakr b. Muḥammad Ǧalāl al-dīn al-Ḫuḍayrī al-Asyūṭī
Ǧalāl al-Dīn al-Suyūṭī
Ǧalāl al-dīn, Abū al-faḍl  ʿAbd al-Raḥmān b. Abī Bakr b. Muḥammad Ǧalāl al-dīn al-Ḫuḍayrī al-Asyūṭī
Ǧalāl al-Dīn al-Suyūṭī
Ǧalāl al-dīn, Abū al-faḍl  ʿAbd al-Raḥmān b. Abī Bakr b. Muḥammad Ǧalāl al-dīn al-Ḫuḍayrī al-Asyūṭī
Ǧalāl al-Dīn al-Suyūṭī
Ǧalāl al-dīn, Abū al-faḍl  ʿAbd al-Raḥmān b. Abī Bakr b. Muḥammad Ǧalāl al-dīn al-Ḫuḍayrī al-Asyūṭī
Ǧalāl al-Dīn al-Suyūṭī
Ǧalāl al-dīn, Abū al-faḍl  ʿAbd al-Raḥmān b. Abī Bakr b. Muḥammad Ǧalāl al-dīn al-Ḫuḍayrī al-Asyūṭī
Ǧalāl al-Dīn al-Suyūṭī
Ǧalāl al-dīn, Abū al-faḍl  ʿAbd al-Raḥmān b. Abī Bakr b. Muḥammad Ǧalāl al-dīn al-Ḫuḍayrī al-Asyūṭī
Ǧalāl al-Dīn al-Suyūṭī
Ǧalāl al-dīn, Abū al-faḍl  ʿAbd al-Raḥmān b. Abī Bakr b. Muḥammad Ǧalāl al-dīn al-Ḫuḍayrī al-Asyūṭī
Ǧalāl al-Dīn al-Suyūṭī
Ǧalāl al-dīn, Abū al-faḍl  ʿAbd al-Raḥmān b. Abī Bakr b. Muḥammad Ǧalāl al-dīn al-Ḫuḍayrī al-Asyūṭī
Ǧalāl al-Dīn al-Suyūṭī
Ǧalāl al-dīn, Abū al-faḍl  ʿAbd al-Raḥmān b. Abī Bakr b. Muḥammad Ǧalāl al-dīn al-Ḫuḍayrī al-Asyūṭī
Ǧalāl al-Dīn al-Suyūṭī
Ǧalāl al-dīn, Abū al-faḍl  ʿAbd al-Raḥmān b. Abī Bakr b. Muḥammad Ǧalāl al-dīn al-Ḫuḍayrī al-Asyūṭī
al-Minhāǧ al-sawī fī tarǧamaŧ al-imām al-Nawawī
Ǧalāl al-Dīn al-Suyūṭī
Ǧalāl al-dīn, Abū al-faḍl  ʿAbd al-Raḥmān b. Abī Bakr b. Muḥammad Ǧalāl al-dīn al-Ḫuḍayrī al-Asyūṭī
al-Minhāǧ al-sawī fī tarǧamaŧ al-imām al-Nawawī
Ǧalāl al-Dīn al-Suyūṭī
Ǧalāl al-dīn, Abū al-faḍl  ʿAbd al-Raḥmān b. Abī Bakr b. Muḥammad Ǧalāl al-dīn al-Ḫuḍayrī al-Asyūṭī
Ǧalāl al-Dīn al-Suyūṭī
Ǧalāl al-dīn, Abū al-faḍl  ʿAbd al-Raḥmān b. Abī Bakr b. Muḥammad Ǧalāl al-dīn al-Ḫuḍayrī al-Asyūṭī
Ǧalāl al-Dīn al-Suyūṭī
Ǧalāl al-dīn, Abū al-faḍl  ʿAbd al-Raḥmān b. Abī Bakr b. Muḥammad Ǧalāl al-dīn al-Ḫuḍayrī al-Asyūṭī
Ǧalāl al-Dīn al-Suyūṭī
Ǧalāl al-dīn, Abū al-faḍl  ʿAbd al-Raḥmān b. Abī Bakr b. Muḥammad Ǧalāl al-dīn al-Ḫuḍayrī al-Asyūṭī
Ǧalāl al-Dīn al-Suyūṭī
Ǧalāl al-dīn, Abū al-faḍl  ʿAbd al-Raḥmān b. Abī Bakr b. Muḥammad Ǧalāl al-dīn al-Ḫuḍayrī al-Asyūṭī
Ǧalāl al-Dīn al-Suyūṭī
Ǧalāl al-dīn, Abū al-faḍl  ʿAbd al-Raḥmān b. Abī Bakr b. Muḥammad Ǧalāl al-dīn al-Ḫuḍayrī al-Asyūṭī
Ǧalāl al-Dīn al-Suyūṭī
Ǧalāl al-dīn, Abū al-faḍl  ʿAbd al-Raḥmān b. Abī Bakr b. Muḥammad Ǧalāl al-dīn al-Ḫuḍayrī al-Asyūṭī
Ǧalāl al-Dīn al-Suyūṭī
Ǧalāl al-dīn, Abū al-faḍl  ʿAbd al-Raḥmān b. Abī Bakr b. Muḥammad Ǧalāl al-dīn al-Ḫuḍayrī al-Asyūṭī
Ǧalāl al-Dīn al-Suyūṭī
Ǧalāl al-dīn, Abū al-faḍl  ʿAbd al-Raḥmān b. Abī Bakr b. Muḥammad Ǧalāl al-dīn al-Ḫuḍayrī al-Asyūṭī
Ǧalāl al-Dīn al-Suyūṭī
Ǧalāl al-dīn, Abū al-faḍl  ʿAbd al-Raḥmān b. Abī Bakr b. Muḥammad Ǧalāl al-dīn al-Ḫuḍayrī al-Asyūṭī
Ǧalāl al-Dīn al-Suyūṭī
Ǧalāl al-dīn, Abū al-faḍl  ʿAbd al-Raḥmān b. Abī Bakr b. Muḥammad Ǧalāl al-dīn al-Ḫuḍayrī al-Asyūṭī
Ǧalāl al-Dīn al-Suyūṭī
Ǧalāl al-dīn, Abū al-faḍl  ʿAbd al-Raḥmān b. Abī Bakr b. Muḥammad Ǧalāl al-dīn al-Ḫuḍayrī al-Asyūṭī
Ǧalāl al-Dīn al-Suyūṭī
Ǧalāl al-dīn, Abū al-faḍl  ʿAbd al-Raḥmān b. Abī Bakr b. Muḥammad Ǧalāl al-dīn al-Ḫuḍayrī al-Asyūṭī
Ǧalāl al-Dīn al-Suyūṭī
Ǧalāl al-dīn, Abū al-faḍl  ʿAbd al-Raḥmān b. Abī Bakr b. Muḥammad Ǧalāl al-dīn al-Ḫuḍayrī al-Asyūṭī
Muntaqá al-yanbūʿ fīmā zāda ʿalá al-rawḍaŧ min al-furūʿ
Ǧalāl al-Dīn al-Suyūṭī
Ǧalāl al-dīn, Abū al-faḍl  ʿAbd al-Raḥmān b. Abī Bakr b. Muḥammad Ǧalāl al-dīn al-Ḫuḍayrī al-Asyūṭī
Muntaqá al-yanbūʿ fīmā zāda ʿalá al-rawḍaŧ min al-furūʿ
Ǧalāl al-Dīn al-Suyūṭī
Ǧalāl al-dīn, Abū al-faḍl  ʿAbd al-Raḥmān b. Abī Bakr b. Muḥammad Ǧalāl al-dīn al-Ḫuḍayrī al-Asyūṭī
Ǧalāl al-Dīn al-Suyūṭī
Ǧalāl al-dīn, Abū al-faḍl  ʿAbd al-Raḥmān b. Abī Bakr b. Muḥammad Ǧalāl al-dīn al-Ḫuḍayrī al-Asyūṭī
Ǧalāl al-Dīn al-Suyūṭī
Ǧalāl al-dīn, Abū al-faḍl  ʿAbd al-Raḥmān b. Abī Bakr b. Muḥammad Ǧalāl al-dīn al-Ḫuḍayrī al-Asyūṭī
Ǧalāl al-Dīn al-Suyūṭī
Ǧalāl al-dīn, Abū al-faḍl  ʿAbd al-Raḥmān b. Abī Bakr b. Muḥammad Ǧalāl al-dīn al-Ḫuḍayrī al-Asyūṭī
Ǧalāl al-Dīn al-Suyūṭī
Ǧalāl al-dīn, Abū al-faḍl  ʿAbd al-Raḥmān b. Abī Bakr b. Muḥammad Ǧalāl al-dīn al-Ḫuḍayrī al-Asyūṭī
Ǧalāl al-Dīn al-Suyūṭī
Ǧalāl al-dīn, Abū al-faḍl  ʿAbd al-Raḥmān b. Abī Bakr b. Muḥammad Ǧalāl al-dīn al-Ḫuḍayrī al-Asyūṭī
Ǧalāl al-Dīn al-Suyūṭī
Ǧalāl al-dīn, Abū al-faḍl  ʿAbd al-Raḥmān b. Abī Bakr b. Muḥammad Ǧalāl al-dīn al-Ḫuḍayrī al-Asyūṭī
Ǧalāl al-Dīn al-Suyūṭī
Ǧalāl al-dīn, Abū al-faḍl  ʿAbd al-Raḥmān b. Abī Bakr b. Muḥammad Ǧalāl al-dīn al-Ḫuḍayrī al-Asyūṭī
Ǧalāl al-Dīn al-Suyūṭī
Ǧalāl al-dīn, Abū al-faḍl  ʿAbd al-Raḥmān b. Abī Bakr b. Muḥammad Ǧalāl al-dīn al-Ḫuḍayrī al-Asyūṭī
Ǧalāl al-Dīn al-Suyūṭī
Ǧalāl al-dīn, Abū al-faḍl  ʿAbd al-Raḥmān b. Abī Bakr b. Muḥammad Ǧalāl al-dīn al-Ḫuḍayrī al-Asyūṭī
Ǧalāl al-Dīn al-Suyūṭī
Ǧalāl al-dīn, Abū al-faḍl  ʿAbd al-Raḥmān b. Abī Bakr b. Muḥammad Ǧalāl al-dīn al-Ḫuḍayrī al-Asyūṭī
Ǧalāl al-Dīn al-Suyūṭī
Ǧalāl al-dīn, Abū al-faḍl  ʿAbd al-Raḥmān b. Abī Bakr b. Muḥammad Ǧalāl al-dīn al-Ḫuḍayrī al-Asyūṭī
Ǧalāl al-Dīn al-Suyūṭī
Ǧalāl al-dīn, Abū al-faḍl  ʿAbd al-Raḥmān b. Abī Bakr b. Muḥammad Ǧalāl al-dīn al-Ḫuḍayrī al-Asyūṭī
Ǧalāl al-Dīn al-Suyūṭī
Ǧalāl al-dīn, Abū al-faḍl  ʿAbd al-Raḥmān b. Abī Bakr b. Muḥammad Ǧalāl al-dīn al-Ḫuḍayrī al-Asyūṭī
Ǧalāl al-Dīn al-Suyūṭī
Ǧalāl al-dīn, Abū al-faḍl  ʿAbd al-Raḥmān b. Abī Bakr b. Muḥammad Ǧalāl al-dīn al-Ḫuḍayrī al-Asyūṭī
Ǧalāl al-Dīn al-Suyūṭī
Ǧalāl al-dīn, Abū al-faḍl  ʿAbd al-Raḥmān b. Abī Bakr b. Muḥammad Ǧalāl al-dīn al-Ḫuḍayrī al-Asyūṭī
Ǧalāl al-Dīn al-Suyūṭī
Ǧalāl al-dīn, Abū al-faḍl  ʿAbd al-Raḥmān b. Abī Bakr b. Muḥammad Ǧalāl al-dīn al-Ḫuḍayrī al-Asyūṭī
Ǧalāl al-Dīn al-Suyūṭī
Ǧalāl al-dīn, Abū al-faḍl  ʿAbd al-Raḥmān b. Abī Bakr b. Muḥammad Ǧalāl al-dīn al-Ḫuḍayrī al-Asyūṭī
Ǧalāl al-Dīn al-Suyūṭī
Ǧalāl al-dīn, Abū al-faḍl  ʿAbd al-Raḥmān b. Abī Bakr b. Muḥammad Ǧalāl al-dīn al-Ḫuḍayrī al-Asyūṭī
Ǧalāl al-Dīn al-Suyūṭī
Ǧalāl al-dīn, Abū al-faḍl  ʿAbd al-Raḥmān b. Abī Bakr b. Muḥammad Ǧalāl al-dīn al-Ḫuḍayrī al-Asyūṭī
Ǧalāl al-Dīn al-Suyūṭī
Ǧalāl al-dīn, Abū al-faḍl  ʿAbd al-Raḥmān b. Abī Bakr b. Muḥammad Ǧalāl al-dīn al-Ḫuḍayrī al-Asyūṭī
Ǧalāl al-Dīn al-Suyūṭī
Ǧalāl al-dīn, Abū al-faḍl  ʿAbd al-Raḥmān b. Abī Bakr b. Muḥammad Ǧalāl al-dīn al-Ḫuḍayrī al-Asyūṭī
Ǧalāl al-Dīn al-Suyūṭī
Ǧalāl al-dīn, Abū al-faḍl  ʿAbd al-Raḥmān b. Abī Bakr b. Muḥammad Ǧalāl al-dīn al-Ḫuḍayrī al-Asyūṭī
Ǧalāl al-Dīn al-Suyūṭī
Ǧalāl al-dīn, Abū al-faḍl  ʿAbd al-Raḥmān b. Abī Bakr b. Muḥammad Ǧalāl al-dīn al-Ḫuḍayrī al-Asyūṭī
Ǧalāl al-Dīn al-Suyūṭī
Ǧalāl al-dīn, Abū al-faḍl  ʿAbd al-Raḥmān b. Abī Bakr b. Muḥammad Ǧalāl al-dīn al-Ḫuḍayrī al-Asyūṭī
Ǧalāl al-Dīn al-Suyūṭī
Ǧalāl al-dīn, Abū al-faḍl  ʿAbd al-Raḥmān b. Abī Bakr b. Muḥammad Ǧalāl al-dīn al-Ḫuḍayrī al-Asyūṭī
Ǧalāl al-Dīn al-Suyūṭī
Ǧalāl al-dīn, Abū al-faḍl  ʿAbd al-Raḥmān b. Abī Bakr b. Muḥammad Ǧalāl al-dīn al-Ḫuḍayrī al-Asyūṭī
Ǧalāl al-Dīn al-Suyūṭī
Ǧalāl al-dīn, Abū al-faḍl  ʿAbd al-Raḥmān b. Abī Bakr b. Muḥammad Ǧalāl al-dīn al-Ḫuḍayrī al-Asyūṭī
Ǧalāl al-Dīn al-Suyūṭī
Ǧalāl al-dīn, Abū al-faḍl  ʿAbd al-Raḥmān b. Abī Bakr b. Muḥammad Ǧalāl al-dīn al-Ḫuḍayrī al-Asyūṭī
Ǧalāl al-Dīn al-Suyūṭī
Ǧalāl al-dīn, Abū al-faḍl  ʿAbd al-Raḥmān b. Abī Bakr b. Muḥammad Ǧalāl al-dīn al-Ḫuḍayrī al-Asyūṭī
Ǧalāl al-Dīn al-Suyūṭī
Ǧalāl al-dīn, Abū al-faḍl  ʿAbd al-Raḥmān b. Abī Bakr b. Muḥammad Ǧalāl al-dīn al-Ḫuḍayrī al-Asyūṭī
Ǧalāl al-Dīn al-Suyūṭī
Ǧalāl al-dīn, Abū al-faḍl  ʿAbd al-Raḥmān b. Abī Bakr b. Muḥammad Ǧalāl al-dīn al-Ḫuḍayrī al-Asyūṭī
Ǧalāl al-Dīn al-Suyūṭī
Ǧalāl al-dīn, Abū al-faḍl  ʿAbd al-Raḥmān b. Abī Bakr b. Muḥammad Ǧalāl al-dīn al-Ḫuḍayrī al-Asyūṭī
Ǧalāl al-Dīn al-Suyūṭī
Ǧalāl al-dīn, Abū al-faḍl  ʿAbd al-Raḥmān b. Abī Bakr b. Muḥammad Ǧalāl al-dīn al-Ḫuḍayrī al-Asyūṭī
Ǧalāl al-Dīn al-Suyūṭī
Ǧalāl al-dīn, Abū al-faḍl  ʿAbd al-Raḥmān b. Abī Bakr b. Muḥammad Ǧalāl al-dīn al-Ḫuḍayrī al-Asyūṭī
Ǧalāl al-Dīn al-Suyūṭī
Ǧalāl al-dīn, Abū al-faḍl  ʿAbd al-Raḥmān b. Abī Bakr b. Muḥammad Ǧalāl al-dīn al-Ḫuḍayrī al-Asyūṭī
Ǧalāl al-Dīn al-Suyūṭī
Ǧalāl al-dīn, Abū al-faḍl  ʿAbd al-Raḥmān b. Abī Bakr b. Muḥammad Ǧalāl al-dīn al-Ḫuḍayrī al-Asyūṭī
Ǧalāl al-Dīn al-Suyūṭī
Ǧalāl al-dīn, Abū al-faḍl  ʿAbd al-Raḥmān b. Abī Bakr b. Muḥammad Ǧalāl al-dīn al-Ḫuḍayrī al-Asyūṭī
Ǧalāl al-Dīn al-Suyūṭī
Ǧalāl al-dīn, Abū al-faḍl  ʿAbd al-Raḥmān b. Abī Bakr b. Muḥammad Ǧalāl al-dīn al-Ḫuḍayrī al-Asyūṭī
Ǧalāl al-Dīn al-Suyūṭī
Ǧalāl al-dīn, Abū al-faḍl  ʿAbd al-Raḥmān b. Abī Bakr b. Muḥammad Ǧalāl al-dīn al-Ḫuḍayrī al-Asyūṭī
Ǧalāl al-Dīn al-Suyūṭī
Ǧalāl al-dīn, Abū al-faḍl  ʿAbd al-Raḥmān b. Abī Bakr b. Muḥammad Ǧalāl al-dīn al-Ḫuḍayrī al-Asyūṭī
Ǧalāl al-Dīn al-Suyūṭī
Ǧalāl al-dīn, Abū al-faḍl  ʿAbd al-Raḥmān b. Abī Bakr b. Muḥammad Ǧalāl al-dīn al-Ḫuḍayrī al-Asyūṭī
Ǧalāl al-Dīn al-Suyūṭī
Ǧalāl al-dīn, Abū al-faḍl  ʿAbd al-Raḥmān b. Abī Bakr b. Muḥammad Ǧalāl al-dīn al-Ḫuḍayrī al-Asyūṭī
Ǧalāl al-Dīn al-Suyūṭī
Ǧalāl al-dīn, Abū al-faḍl  ʿAbd al-Raḥmān b. Abī Bakr b. Muḥammad Ǧalāl al-dīn al-Ḫuḍayrī al-Asyūṭī
Ǧalāl al-Dīn al-Suyūṭī
Ǧalāl al-dīn, Abū al-faḍl  ʿAbd al-Raḥmān b. Abī Bakr b. Muḥammad Ǧalāl al-dīn al-Ḫuḍayrī al-Asyūṭī
Ǧalāl al-Dīn al-Suyūṭī
Ǧalāl al-dīn, Abū al-faḍl  ʿAbd al-Raḥmān b. Abī Bakr b. Muḥammad Ǧalāl al-dīn al-Ḫuḍayrī al-Asyūṭī
Ǧalāl al-Dīn al-Suyūṭī
Ǧalāl al-dīn, Abū al-faḍl  ʿAbd al-Raḥmān b. Abī Bakr b. Muḥammad Ǧalāl al-dīn al-Ḫuḍayrī al-Asyūṭī
Ǧalāl al-Dīn al-Suyūṭī
Ǧalāl al-dīn, Abū al-faḍl  ʿAbd al-Raḥmān b. Abī Bakr b. Muḥammad Ǧalāl al-dīn al-Ḫuḍayrī al-Asyūṭī
Ǧalāl al-Dīn al-Suyūṭī
Ǧalāl al-dīn, Abū al-faḍl  ʿAbd al-Raḥmān b. Abī Bakr b. Muḥammad Ǧalāl al-dīn al-Ḫuḍayrī al-Asyūṭī
Ǧalāl al-Dīn al-Suyūṭī
Ǧalāl al-dīn, Abū al-faḍl  ʿAbd al-Raḥmān b. Abī Bakr b. Muḥammad Ǧalāl al-dīn al-Ḫuḍayrī al-Asyūṭī
Ǧalāl al-Dīn al-Suyūṭī
Ǧalāl al-dīn, Abū al-faḍl  ʿAbd al-Raḥmān b. Abī Bakr b. Muḥammad Ǧalāl al-dīn al-Ḫuḍayrī al-Asyūṭī
Ǧalāl al-Dīn al-Suyūṭī
Ǧalāl al-dīn, Abū al-faḍl  ʿAbd al-Raḥmān b. Abī Bakr b. Muḥammad Ǧalāl al-dīn al-Ḫuḍayrī al-Asyūṭī
Ǧalāl al-Dīn al-Suyūṭī
Ǧalāl al-dīn, Abū al-faḍl  ʿAbd al-Raḥmān b. Abī Bakr b. Muḥammad Ǧalāl al-dīn al-Ḫuḍayrī al-Asyūṭī
Ǧalāl al-Dīn al-Suyūṭī
Ǧalāl al-dīn, Abū al-faḍl  ʿAbd al-Raḥmān b. Abī Bakr b. Muḥammad Ǧalāl al-dīn al-Ḫuḍayrī al-Asyūṭī
Ǧalāl al-Dīn al-Suyūṭī
Ǧalāl al-dīn, Abū al-faḍl  ʿAbd al-Raḥmān b. Abī Bakr b. Muḥammad Ǧalāl al-dīn al-Ḫuḍayrī al-Asyūṭī
Ǧalāl al-Dīn al-Suyūṭī
Ǧalāl al-dīn, Abū al-faḍl  ʿAbd al-Raḥmān b. Abī Bakr b. Muḥammad Ǧalāl al-dīn al-Ḫuḍayrī al-Asyūṭī
Ǧalāl al-Dīn al-Suyūṭī
Ǧalāl al-dīn, Abū al-faḍl  ʿAbd al-Raḥmān b. Abī Bakr b. Muḥammad Ǧalāl al-dīn al-Ḫuḍayrī al-Asyūṭī
Ǧalāl al-Dīn al-Suyūṭī
Ǧalāl al-dīn, Abū al-faḍl  ʿAbd al-Raḥmān b. Abī Bakr b. Muḥammad Ǧalāl al-dīn al-Ḫuḍayrī al-Asyūṭī
Ǧalāl al-Dīn al-Suyūṭī
Ǧalāl al-dīn, Abū al-faḍl  ʿAbd al-Raḥmān b. Abī Bakr b. Muḥammad Ǧalāl al-dīn al-Ḫuḍayrī al-Asyūṭī
Ǧalāl al-Dīn al-Suyūṭī
Ǧalāl al-dīn, Abū al-faḍl  ʿAbd al-Raḥmān b. Abī Bakr b. Muḥammad Ǧalāl al-dīn al-Ḫuḍayrī al-Asyūṭī
Ǧalāl al-Dīn al-Suyūṭī
Ǧalāl al-dīn, Abū al-faḍl  ʿAbd al-Raḥmān b. Abī Bakr b. Muḥammad Ǧalāl al-dīn al-Ḫuḍayrī al-Asyūṭī
Ǧalāl al-Dīn al-Suyūṭī
Ǧalāl al-dīn, Abū al-faḍl  ʿAbd al-Raḥmān b. Abī Bakr b. Muḥammad Ǧalāl al-dīn al-Ḫuḍayrī al-Asyūṭī
Ǧalāl al-Dīn al-Suyūṭī
Ǧalāl al-dīn, Abū al-faḍl  ʿAbd al-Raḥmān b. Abī Bakr b. Muḥammad Ǧalāl al-dīn al-Ḫuḍayrī al-Asyūṭī
Ǧalāl al-Dīn al-Suyūṭī
Ǧalāl al-dīn, Abū al-faḍl  ʿAbd al-Raḥmān b. Abī Bakr b. Muḥammad Ǧalāl al-dīn al-Ḫuḍayrī al-Asyūṭī
Ǧalāl al-Dīn al-Suyūṭī
Ǧalāl al-dīn, Abū al-faḍl  ʿAbd al-Raḥmān b. Abī Bakr b. Muḥammad Ǧalāl al-dīn al-Ḫuḍayrī al-Asyūṭī
Ǧalāl al-Dīn al-Suyūṭī
Ǧalāl al-dīn, Abū al-faḍl  ʿAbd al-Raḥmān b. Abī Bakr b. Muḥammad Ǧalāl al-dīn al-Ḫuḍayrī al-Asyūṭī
Ǧalāl al-Dīn al-Suyūṭī
Ǧalāl al-dīn, Abū al-faḍl  ʿAbd al-Raḥmān b. Abī Bakr b. Muḥammad Ǧalāl al-dīn al-Ḫuḍayrī al-Asyūṭī
Ǧalāl al-Dīn al-Suyūṭī
Ǧalāl al-dīn, Abū al-faḍl  ʿAbd al-Raḥmān b. Abī Bakr b. Muḥammad Ǧalāl al-dīn al-Ḫuḍayrī al-Asyūṭī
Ǧalāl al-Dīn al-Suyūṭī
Ǧalāl al-dīn, Abū al-faḍl  ʿAbd al-Raḥmān b. Abī Bakr b. Muḥammad Ǧalāl al-dīn al-Ḫuḍayrī al-Asyūṭī
Ǧalāl al-Dīn al-Suyūṭī
Ǧalāl al-dīn, Abū al-faḍl  ʿAbd al-Raḥmān b. Abī Bakr b. Muḥammad Ǧalāl al-dīn al-Ḫuḍayrī al-Asyūṭī
Ǧalāl al-Dīn al-Suyūṭī
Ǧalāl al-dīn, Abū al-faḍl  ʿAbd al-Raḥmān b. Abī Bakr b. Muḥammad Ǧalāl al-dīn al-Ḫuḍayrī al-Asyūṭī
Ǧalāl al-Dīn al-Suyūṭī
Ǧalāl al-dīn, Abū al-faḍl  ʿAbd al-Raḥmān b. Abī Bakr b. Muḥammad Ǧalāl al-dīn al-Ḫuḍayrī al-Asyūṭī
Ǧalāl al-Dīn al-Suyūṭī
Ǧalāl al-dīn, Abū al-faḍl  ʿAbd al-Raḥmān b. Abī Bakr b. Muḥammad Ǧalāl al-dīn al-Ḫuḍayrī al-Asyūṭī
Ǧalāl al-Dīn al-Suyūṭī
Ǧalāl al-dīn, Abū al-faḍl  ʿAbd al-Raḥmān b. Abī Bakr b. Muḥammad Ǧalāl al-dīn al-Ḫuḍayrī al-Asyūṭī
Ǧalāl al-Dīn al-Suyūṭī
Ǧalāl al-dīn, Abū al-faḍl  ʿAbd al-Raḥmān b. Abī Bakr b. Muḥammad Ǧalāl al-dīn al-Ḫuḍayrī al-Asyūṭī
Ǧalāl al-Dīn al-Suyūṭī
Ǧalāl al-dīn, Abū al-faḍl  ʿAbd al-Raḥmān b. Abī Bakr b. Muḥammad Ǧalāl al-dīn al-Ḫuḍayrī al-Asyūṭī
Ǧalāl al-Dīn al-Suyūṭī
Ǧalāl al-dīn, Abū al-faḍl  ʿAbd al-Raḥmān b. Abī Bakr b. Muḥammad Ǧalāl al-dīn al-Ḫuḍayrī al-Asyūṭī
Ǧalāl al-Dīn al-Suyūṭī
Ǧalāl al-dīn, Abū al-faḍl  ʿAbd al-Raḥmān b. Abī Bakr b. Muḥammad Ǧalāl al-dīn al-Ḫuḍayrī al-Asyūṭī
Ǧalāl al-Dīn al-Suyūṭī
Ǧalāl al-dīn, Abū al-faḍl  ʿAbd al-Raḥmān b. Abī Bakr b. Muḥammad Ǧalāl al-dīn al-Ḫuḍayrī al-Asyūṭī
Ǧalāl al-Dīn al-Suyūṭī
Ǧalāl al-dīn, Abū al-faḍl  ʿAbd al-Raḥmān b. Abī Bakr b. Muḥammad Ǧalāl al-dīn al-Ḫuḍayrī al-Asyūṭī
Ǧalāl al-Dīn al-Suyūṭī
Ǧalāl al-dīn, Abū al-faḍl  ʿAbd al-Raḥmān b. Abī Bakr b. Muḥammad Ǧalāl al-dīn al-Ḫuḍayrī al-Asyūṭī
Ǧalāl al-Dīn al-Suyūṭī
Ǧalāl al-dīn, Abū al-faḍl  ʿAbd al-Raḥmān b. Abī Bakr b. Muḥammad Ǧalāl al-dīn al-Ḫuḍayrī al-Asyūṭī
Madīḥaŧ ʿalá ǧabal Lubnān
Ibn al-Qilāʿī
Ǧibrāʾīl
Ḳiṣṣaŧ Mār Nūhrā
Ibn al-Qilāʿī
Ǧibrāʾīl
Iršād al-sārī li-šarḥ Ṣaḥīḥ al-Buḫārī
al-Qasṭallānī
Šihāb al-dīn Abū al-ʿAbbās Aḥmad b. Muḥammad b. Abī Bakr b. ʿAbd al-Malik al-Ḫaṭīb, al-Šāfiʿī
al-Qasṭallānī
Šihāb al-dīn Abū al-ʿAbbās Aḥmad b. Muḥammad b. Abī Bakr b. ʿAbd al-Malik al-Ḫaṭīb, al-Šāfiʿī
Ḫulāṣaŧ taḏhīb tahḏīb al-kamāl fī asmāʾ al-riǧāl

Ḫulāṣaŧ taḏhīb tahḏīb al-kamāl fī asmāʾ al-riǧāl

Ḫulāṣaŧ taḏhīb tahḏīb al-kamāl fī asmāʾ al-riǧāl

al-Dāris fī tārīḫ al-madāris

ʿAbd al-Qādir b. Muḥammad al-Nuʿaymī al-Dimašqī
  ʿAbd al-Qādir b. Muḥammad al-Nuʿaymī al-Dimašqī
al-Dāris fī tārīḫ al-madāris

ʿAbd al-Qādir b. Muḥammad al-Nuʿaymī al-Dimašqī
  ʿAbd al-Qādir b. Muḥammad al-Nuʿaymī al-Dimašqī
al-Dāris fī tārīḫ al-madāris

ʿAbd al-Qādir b. Muḥammad al-Nuʿaymī al-Dimašqī
  ʿAbd al-Qādir b. Muḥammad al-Nuʿaymī al-Dimašqī
ŠayḫʿAmmī Saʿīd
  Saʿīd b. ʿAlī b. Yaḥyá b. Yaddar b. Sulaymān b. ʿUṯmān al-Ḫayrī al-Ǧirbī
Ṯabat

al-Balawī
 Abū Ǧaʿfar Aḥmad b. ʿAlī al-Balawī al-Wādī  āšī
Ṯabat

al-Balawī
 Abū Ǧaʿfar Aḥmad b. ʿAlī al-Balawī al-Wādī  āšī
Ṭabaqāt al-mufassirīn

al-Dāwūdī
Šams al-dīn  Muḥammad b. ʿAlī b. Aḥmad al-Dāwūdī al-Mālikī
Masālik al-afhām ilá tanqīḥ šarāʾiʿ al-islām
Masālik al-afhām ilá tanqīḥ šarāʾiʿ al-islām
al-Šaqāʾiq al-nuʿmāniyya fī ʿulamāʾ al-dawla al-¶    ʿuṯmāniyya

Ṭāškuprī Zādah
Ṭāškuprī Zādah  Aḥmad b. Muṣṭafá b. Ḫalīl 
al-Šaqāʾiq al-nuʿmāniyya fī ʿulamāʾ al-dawla al-¶    ʿuṯmāniyya

Ṭāškuprī Zādah
Ṭāškuprī Zādah  Aḥmad b. Muṣṭafá b. Ḫalīl 
Muġnī al-Muḥtāǧ ilá maʿrifaŧ maʿānī alfāẓ al-minhāǧ
Muġnī al-Muḥtāǧ ilá maʿrifaŧ maʿānī alfāẓ al-minhāǧ
Muġnī al-Muḥtāǧ ilá maʿrifaŧ maʿānī alfāẓ al-minhāǧ
Muġnī al-Muḥtāǧ ilá maʿrifaŧ maʿānī alfāẓ al-minhāǧ
al-ʿIqd al-manẓūm fī ḏikr afāḍil al-Rūm

ʿAlī b. Bālī Manq
Manq  ʿAlī b. Bālī b. Muḥammad al-Qusṭanṭīnī, al-Āydīnī
ʿAlī b. Bālī Manq
Manq  ʿAlī b. Bālī b. Muḥammad al-Qusṭanṭīnī, al-Āydīnī
ʿAlī b. Bālī Manq
Manq  ʿAlī b. Bālī b. Muḥammad al-Qusṭanṭīnī, al-Āydīnī
Ibn Qayṣar
  ʿAbd Allāh b. Ḫalfān b. Qayṣar b. Sulaymān al-Ṣuḥārī
Ibn Qayṣar
  ʿAbd Allāh b. Ḫalfān b. Qayṣar b. Sulaymān al-Ṣuḥārī
Naǧm al-Dīn Muḥammad al-Ġazzī
Naǧm al-Dīn  Muḥammad b. Badr al-Dīn Muḥammad b. Raḍī al-Dīn Muḥammad b. Šihāb al-Dīn Aḥmad al-Ġazzī al-Qurayšī al-Dimašqī
al-Kawākib al-Sāʾiraŧ bi-aʿyān al-miʾaŧ al-ʿāširaŧ
al-Kawākib al-Sāʾiraŧ bi-aʿyān al-miʾaŧ al-ʿāširaŧ
Naǧm al-Dīn Muḥammad al-Ġazzī
Naǧm al-Dīn  Muḥammad b. Badr al-Dīn Muḥammad b. Raḍī al-Dīn Muḥammad b. Šihāb al-Dīn Aḥmad al-Ġazzī al-Qurayšī al-Dimašqī
al-Kawākib al-Sāʾiraŧ bi-aʿyān al-miʾaŧ al-ʿāširaŧ
al-Kawākib al-Sāʾiraŧ bi-aʿyān al-miʾaŧ al-ʿāširaŧ
Naǧm al-Dīn Muḥammad al-Ġazzī
Naǧm al-Dīn  Muḥammad b. Badr al-Dīn Muḥammad b. Raḍī al-Dīn Muḥammad b. Šihāb al-Dīn Aḥmad al-Ġazzī al-Qurayšī al-Dimašqī
Ḫamīs Šiqṣī
  Ḫamīs b. Saʿīd b. ʿAlī al-Šiqṣī al-Rustāqī
al-Qāḍī Saʿīd al-Qummī
  Muḥammad Saʿīd b. Muḥammad Mufīd al-Qummī
Šarḥ Tawḥīd al-Ṣadūq

al-Qāḍī Saʿīd al-Qummī
  Muḥammad Saʿīd b. Muḥammad Mufīd al-Qummī
1111Majlisi.BiharAnwar.Zaydiyya0000202A-ara1
1111Majlisi.BiharAnwar.Shia001432VolsB-ara1
1111Majlisi.BiharAnwar.Shia001432VolsC-ara1
1111Majlisi.BiharAnwar.Shia001432VolsA-ara1
1111Majlisi.BiharAnwar.Zaydiyya0000202B-ara1
1111Majlisi.BiharAnwar.Zaydiyya0000202C-ara1
Kitāb al-falāḥ al-fallāḥ

Ḫayr al-Dīn Ibn Ilyas
Ḫayr al-Dīn   b. Tāǧ al-Dīn Ilyās 
Kitāb al-Taqwīm

Yūsuf al-Maḥallī
  Yūsuf b. Yūsuf al-Maḥallī, al-Šāfiʿī, al-Ašʿarī, al-Kalārǧī
Itḥāf al-ḫāṣṣaŧ bi-taṣḥīḥ al-ḫulāṣaŧ
Itḥāf al-ḫāṣṣaŧ bi-taṣḥīḥ al-ḫulāṣaŧ
Itḥāf al-ḫāṣṣaŧ bi-taṣḥīḥ al-ḫulāṣaŧ
Ibn Abī Nabhān al-Ḫarūṣī
 Abū Muḥammad Nāṣir b. Abī Nabhān Ǧāʿid b. Ḫamīs b. Mubārak al-Ḫarūṣī
Ibn Abī Nabhān al-Ḫarūṣī
 Abū Muḥammad Nāṣir b. Abī Nabhān Ǧāʿid b. Ḫamīs b. Mubārak al-Ḫarūṣī
Manṣūr al-Ḫarūṣī
  Manṣūr b. Muḥammad b. Nāṣir b. Ḫamīs b. Mubārak al-Ḫarūṣī
al-ʿAhd al-qadīm wa-al-ǧadīd

Cornelius Van Dyck, Kurniliyūs Fān Dīk
  Cornelius Van Allen Van Dyck, Kurniliyūs Fān Ālin Fān Dīk  
Cornelius Van Dyck, Kurniliyūs Fān Dīk
  Cornelius Van Allen Van Dyck, Kurniliyūs Fān Ālin Fān Dīk  
Cornelius Van Dyck, Kurniliyūs Fān Dīk
  Cornelius Van Allen Van Dyck, Kurniliyūs Fān Ālin Fān Dīk  
al-Muḫtār min Dīwān al-ʿallāmaŧ al-adīb al-awḥad al-¶    nāẓim al-nāṯir al-faqīh ʿUmāraŧ al-Yamanī

Riǧāl al-Ḫāqānī
ʿAlī al-Ḫāqānī
Abū al-Ḥasan ʿAlī b. al-šayḫ Ḥusayn b. al-šayḫ ʿAbbās b. al-Ḥāǧǧ Muḥammad ʿAlī b. al-šayḫ Sālim al-Ḫāqānī
Fī Ẓilāl al-Qurʾān

Sayyid Quṭb
  Sayyid Quṭb Ibrāhīm Ḥusayn al-Šāḏilī
Āqā Buzurg Tihrānī
  Muḥammad Muḥsin b. ʿAlī b. Muḥammad Riḍá al-Tihrānī al-Naǧafī
Āqā Buzurg Tihrānī
  Muḥammad Muḥsin b. ʿAlī b. Muḥammad Riḍá al-Tihrānī al-Naǧafī
Āqā Buzurg Tihrānī
  Muḥammad Muḥsin b. ʿAlī b. Muḥammad Riḍá al-Tihrānī al-Naǧafī
Āqā Buzurg Tihrānī
  Muḥammad Muḥsin b. ʿAlī b. Muḥammad Riḍá al-Tihrānī al-Naǧafī
Āqā Buzurg Tihrānī
  Muḥammad Muḥsin b. ʿAlī b. Muḥammad Riḍá al-Tihrānī al-Naǧafī
Ṭabaqāt aʿlām al-šīʿaŧ
Āqā Buzurg Tihrānī
  Muḥammad Muḥsin b. ʿAlī b. Muḥammad Riḍá al-Tihrānī al-Naǧafī
Sayyid Ṭabāṭabāʾī, Callāmaŧ Ṭabāṭabāʾī
  Muḥammad Ḥusayn  Ṭabāṭabāʾī
Sayyid Ṭabāṭabāʾī, Callāmaŧ Ṭabāṭabāʾī
  Muḥammad Ḥusayn  Ṭabāṭabāʾī
Sayyid Ṭabāṭabāʾī, Callāmaŧ Ṭabāṭabāʾī
  Muḥammad Ḥusayn  Ṭabāṭabāʾī
Sayyid Ṭabāṭabāʾī, Callāmaŧ Ṭabāṭabāʾī
  Muḥammad Ḥusayn  Ṭabāṭabāʾī
Sayyid Ṭabāṭabāʾī, Callāmaŧ Ṭabāṭabāʾī
  Muḥammad Ḥusayn  Ṭabāṭabāʾī
Kitāb Arisṭūṭalis fī al-šiʿr

https://raw.githubusercontent.com/OpenITI/1125AH/master/data/1111Majlisi/1111Majlisi.BiharAnwar/1111Majlisi.BiharAnwar.Zaydiyya0000202A-ara1
https://raw.githubusercontent.com/OpenITI/1125AH/master/data/1111Majlisi/1111Majlisi.BiharAnwar/1111Majlisi.BiharAnwar.Zaydiyya0000202-ara1
---
https://raw.githubusercontent.com/OpenITI/1125AH/master/data/1111Majlisi/1111Majlisi.BiharAnwar/1111Majlisi.BiharAnwar.Shia001432VolsB-ara1
https://raw.githubusercontent.com/OpenITI/1125AH/master/data/1111Majlisi/1111Majlisi.BiharAnwar/1111Majlisi.BiharAnwar.Shia001432Vols-ara1
---
================================================================================
COLLECTING INTO A CSV FILE (11223 LINES)...
================================================================================
Processing time: 17.38 sec
================================================================================
Collecting issues from GitHub...
logged in
issue labels in this repo:
   Label(name="Development")
   Label(name="discrepancies")
   Label(name="in progress")
   Label(name="no edition found")
   Label(name="PRI & SEC Versions")
   Label(name="review finished")
   Label(name="text quality")
   Label(name="text tagged")
   Label(name="urgent")
   Label(name="URI change suggestion")
getting relevant issues from GitHub...
GitHub fetching time: 10.78 sec
================================================================================
Saving metadata...
================================================================================
7110
6261
9
4247
4729
4728
6162
6162
first_json_key['date'] 16 June 2022
Tada!
Total processing time: 28.16 sec
